[0.052s] Invoking command in '/root/AGV/build/bumperbot_localization': CMAKE_PREFIX_PATH=/opt/ros/humble /usr/bin/cmake /root/AGV/bumperbot_ws/src/bumperbot_localization -DCMAKE_INSTALL_PREFIX=/root/AGV/install/bumperbot_localization
[0.562s] -- The C compiler identification is GNU 11.4.0
[1.002s] -- The CXX compiler identification is GNU 11.4.0
[1.356s] -- Detecting C compiler ABI info
[1.551s] -- Detecting C compiler ABI info - done
[1.551s] -- Check for working C compiler: /usr/bin/cc - skipped
[1.552s] -- Detecting C compile features
[1.552s] -- Detecting C compile features - done
[1.552s] -- Detecting CXX compiler ABI info
[1.754s] -- Detecting CXX compiler ABI info - done
[1.764s] -- Check for working CXX compiler: /usr/bin/c++ - skipped
[1.765s] -- Detecting CXX compile features
[1.766s] -- Detecting CXX compile features - done
[1.769s] -- Found ament_cmake: 1.3.10 (/opt/ros/humble/share/ament_cmake/cmake)
[1.979s] -- Found Python3: /usr/bin/python3 (found version "3.10.12") found components: Interpreter 
[2.091s] -- Found rclcpp: 16.0.10 (/opt/ros/humble/share/rclcpp/cmake)
[2.287s] -- Found rosidl_generator_c: 3.1.5 (/opt/ros/humble/share/rosidl_generator_c/cmake)
[2.293s] -- Found rosidl_adapter: 3.1.5 (/opt/ros/humble/share/rosidl_adapter/cmake)
[2.304s] -- Found rosidl_generator_cpp: 3.1.5 (/opt/ros/humble/share/rosidl_generator_cpp/cmake)
[2.318s] -- Using all available rosidl_typesupport_c: rosidl_typesupport_fastrtps_c;rosidl_typesupport_introspection_c
[2.334s] -- Using all available rosidl_typesupport_cpp: rosidl_typesupport_fastrtps_cpp;rosidl_typesupport_introspection_cpp
[2.379s] -- Found rmw_implementation_cmake: 6.1.2 (/opt/ros/humble/share/rmw_implementation_cmake/cmake)
[2.385s] -- Found rmw_fastrtps_cpp: 6.2.7 (/opt/ros/humble/share/rmw_fastrtps_cpp/cmake)
[3.498s] -- Found OpenSSL: /usr/lib/x86_64-linux-gnu/libcrypto.so (found version "3.0.2")  
[3.891s] -- Found FastRTPS: /opt/ros/humble/include  
[4.567s] -- Using RMW implementation 'rmw_fastrtps_cpp' as default
[4.581s] -- Looking for pthread.h
[4.698s] -- Looking for pthread.h - found
[4.698s] -- Performing Test CMAKE_HAVE_LIBC_PTHREAD
[4.814s] -- Performing Test CMAKE_HAVE_LIBC_PTHREAD - Success
[4.815s] -- Found Threads: TRUE  
[4.888s] -- Found rclpy: 3.3.14 (/opt/ros/humble/share/rclpy/cmake)
[4.889s] -- Found nav_msgs: 4.2.4 (/opt/ros/humble/share/nav_msgs/cmake)
[4.913s] -- Found sensor_msgs: 4.2.4 (/opt/ros/humble/share/sensor_msgs/cmake)
[5.101s] -- Configuring done
[5.114s] -- Generating done
[5.115s] -- Build files have been written to: /root/AGV/build/bumperbot_localization
[5.129s] Invoked command in '/root/AGV/build/bumperbot_localization' returned '0': CMAKE_PREFIX_PATH=/opt/ros/humble /usr/bin/cmake /root/AGV/bumperbot_ws/src/bumperbot_localization -DCMAKE_INSTALL_PREFIX=/root/AGV/install/bumperbot_localization
[5.130s] Invoking command in '/root/AGV/build/bumperbot_localization': CMAKE_PREFIX_PATH=/opt/ros/humble /usr/bin/cmake --build /root/AGV/build/bumperbot_localization -- -j8 -l8
[5.173s] [ 50%] [32mBuilding CXX object CMakeFiles/imu_republisher.dir/src/imu_republisher.cpp.o[0m
[5.181s] [ 50%] Built target ament_cmake_python_copy_bumperbot_localization
[5.438s] running egg_info
[5.440s] creating bumperbot_localization.egg-info
[5.440s] writing bumperbot_localization.egg-info/PKG-INFO
[5.441s] writing dependency_links to bumperbot_localization.egg-info/dependency_links.txt
[5.441s] writing top-level names to bumperbot_localization.egg-info/top_level.txt
[5.441s] writing manifest file 'bumperbot_localization.egg-info/SOURCES.txt'
[5.446s] reading manifest file 'bumperbot_localization.egg-info/SOURCES.txt'
[5.446s] writing manifest file 'bumperbot_localization.egg-info/SOURCES.txt'
[5.493s] [ 50%] Built target ament_cmake_python_build_bumperbot_localization_egg
[14.351s] [100%] [32m[1mLinking CXX executable imu_republisher[0m
[14.884s] [100%] Built target imu_republisher
