[35m[1mConsolidate compiler generated dependencies of target imu_serial_receiver[0m
[35m[1mConsolidate compiler generated dependencies of target simple_serial_receiver[0m
[ 12%] [32mBuilding CXX object CMakeFiles/bumperbot_firmware.dir/src/bumperbot_interface.cpp.o[0m
[35m[1mConsolidate compiler generated dependencies of target simple_serial_transmitter[0m
[ 12%] Built target ament_cmake_python_copy_bumperbot_firmware
[ 37%] Built target simple_serial_receiver
[ 62%] Built target imu_serial_receiver
[ 87%] Built target simple_serial_transmitter
running egg_info
creating bumperbot_firmware.egg-info
writing bumperbot_firmware.egg-info/PKG-INFO
writing dependency_links to bumperbot_firmware.egg-info/dependency_links.txt
writing top-level names to bumperbot_firmware.egg-info/top_level.txt
writing manifest file 'bumperbot_firmware.egg-info/SOURCES.txt'
reading manifest file 'bumperbot_firmware.egg-info/SOURCES.txt'
writing manifest file 'bumperbot_firmware.egg-info/SOURCES.txt'
[ 87%] Built target ament_cmake_python_build_bumperbot_firmware_egg
[100%] [32m[1mLinking CXX shared library libbumperbot_firmware.so[0m
[100%] Built target bumperbot_firmware
-- Install configuration: ""
-- Installing: /home/wapush/AGV/bumperbot_ws/install/bumperbot_firmware/share/bumperbot_firmware/environment/pythonpath.sh
-- Installing: /home/wapush/AGV/bumperbot_ws/install/bumperbot_firmware/share/bumperbot_firmware/environment/pythonpath.dsv
-- Installing: /home/wapush/AGV/bumperbot_ws/install/bumperbot_firmware/lib/python3.10/site-packages/bumperbot_firmware-0.0.0-py3.10.egg-info
-- Installing: /home/wapush/AGV/bumperbot_ws/install/bumperbot_firmware/lib/python3.10/site-packages/bumperbot_firmware-0.0.0-py3.10.egg-info/PKG-INFO
-- Installing: /home/wapush/AGV/bumperbot_ws/install/bumperbot_firmware/lib/python3.10/site-packages/bumperbot_firmware-0.0.0-py3.10.egg-info/top_level.txt
-- Installing: /home/wapush/AGV/bumperbot_ws/install/bumperbot_firmware/lib/python3.10/site-packages/bumperbot_firmware-0.0.0-py3.10.egg-info/dependency_links.txt
-- Installing: /home/wapush/AGV/bumperbot_ws/install/bumperbot_firmware/lib/python3.10/site-packages/bumperbot_firmware-0.0.0-py3.10.egg-info/SOURCES.txt
-- Installing: /home/wapush/AGV/bumperbot_ws/install/bumperbot_firmware/lib/python3.10/site-packages/bumperbot_firmware
-- Installing: /home/wapush/AGV/bumperbot_ws/install/bumperbot_firmware/lib/python3.10/site-packages/bumperbot_firmware/simple_serial_transmitter.py
-- Installing: /home/wapush/AGV/bumperbot_ws/install/bumperbot_firmware/lib/python3.10/site-packages/bumperbot_firmware/simple_serial_receiver.py
-- Installing: /home/wapush/AGV/bumperbot_ws/install/bumperbot_firmware/lib/python3.10/site-packages/bumperbot_firmware/__init__.py
Listing '/home/wapush/AGV/bumperbot_ws/install/bumperbot_firmware/lib/python3.10/site-packages/bumperbot_firmware'...
Compiling '/home/wapush/AGV/bumperbot_ws/install/bumperbot_firmware/lib/python3.10/site-packages/bumperbot_firmware/__init__.py'...
Compiling '/home/wapush/AGV/bumperbot_ws/install/bumperbot_firmware/lib/python3.10/site-packages/bumperbot_firmware/simple_serial_receiver.py'...
Compiling '/home/wapush/AGV/bumperbot_ws/install/bumperbot_firmware/lib/python3.10/site-packages/bumperbot_firmware/simple_serial_transmitter.py'...
-- Installing: /home/wapush/AGV/bumperbot_ws/install/bumperbot_firmware/share/bumperbot_firmware/bumperbot_interface.xml
-- Installing: /home/wapush/AGV/bumperbot_ws/install/bumperbot_firmware/lib/libbumperbot_firmware.so
-- Set runtime path of "/home/wapush/AGV/bumperbot_ws/install/bumperbot_firmware/lib/libbumperbot_firmware.so" to ""
-- Installing: /home/wapush/AGV/bumperbot_ws/install/bumperbot_firmware/include/include
-- Installing: /home/wapush/AGV/bumperbot_ws/install/bumperbot_firmware/include/include/bumperbot_interface.hpp
-- Installing: /home/wapush/AGV/bumperbot_ws/install/bumperbot_firmware/include/include/bumperbot_firmware
-- Installing: /home/wapush/AGV/bumperbot_ws/install/bumperbot_firmware/lib/bumperbot_firmware/simple_serial_transmitter
-- Set runtime path of "/home/wapush/AGV/bumperbot_ws/install/bumperbot_firmware/lib/bumperbot_firmware/simple_serial_transmitter" to ""
-- Installing: /home/wapush/AGV/bumperbot_ws/install/bumperbot_firmware/lib/bumperbot_firmware/simple_serial_receiver
-- Set runtime path of "/home/wapush/AGV/bumperbot_ws/install/bumperbot_firmware/lib/bumperbot_firmware/simple_serial_receiver" to ""
-- Installing: /home/wapush/AGV/bumperbot_ws/install/bumperbot_firmware/lib/bumperbot_firmware/imu_serial_receiver
-- Set runtime path of "/home/wapush/AGV/bumperbot_ws/install/bumperbot_firmware/lib/bumperbot_firmware/imu_serial_receiver" to ""
-- Installing: /home/wapush/AGV/bumperbot_ws/install/bumperbot_firmware/lib/bumperbot_firmware/simple_serial_transmitter.py
-- Installing: /home/wapush/AGV/bumperbot_ws/install/bumperbot_firmware/lib/bumperbot_firmware/simple_serial_receiver.py
-- Installing: /home/wapush/AGV/bumperbot_ws/install/bumperbot_firmware/share/bumperbot_firmware/launch
-- Installing: /home/wapush/AGV/bumperbot_ws/install/bumperbot_firmware/share/bumperbot_firmware/launch/hardware_interface.launch.py
-- Installing: /home/wapush/AGV/bumperbot_ws/install/bumperbot_firmware/share/bumperbot_firmware/environment/library_path.sh
-- Installing: /home/wapush/AGV/bumperbot_ws/install/bumperbot_firmware/share/bumperbot_firmware/environment/library_path.dsv
-- Installing: /home/wapush/AGV/bumperbot_ws/install/bumperbot_firmware/share/ament_index/resource_index/package_run_dependencies/bumperbot_firmware
-- Installing: /home/wapush/AGV/bumperbot_ws/install/bumperbot_firmware/share/ament_index/resource_index/parent_prefix_path/bumperbot_firmware
-- Installing: /home/wapush/AGV/bumperbot_ws/install/bumperbot_firmware/share/bumperbot_firmware/environment/ament_prefix_path.sh
-- Installing: /home/wapush/AGV/bumperbot_ws/install/bumperbot_firmware/share/bumperbot_firmware/environment/ament_prefix_path.dsv
-- Installing: /home/wapush/AGV/bumperbot_ws/install/bumperbot_firmware/share/bumperbot_firmware/environment/path.sh
-- Installing: /home/wapush/AGV/bumperbot_ws/install/bumperbot_firmware/share/bumperbot_firmware/environment/path.dsv
-- Installing: /home/wapush/AGV/bumperbot_ws/install/bumperbot_firmware/share/bumperbot_firmware/local_setup.bash
-- Installing: /home/wapush/AGV/bumperbot_ws/install/bumperbot_firmware/share/bumperbot_firmware/local_setup.sh
-- Installing: /home/wapush/AGV/bumperbot_ws/install/bumperbot_firmware/share/bumperbot_firmware/local_setup.zsh
-- Installing: /home/wapush/AGV/bumperbot_ws/install/bumperbot_firmware/share/bumperbot_firmware/local_setup.dsv
-- Installing: /home/wapush/AGV/bumperbot_ws/install/bumperbot_firmware/share/bumperbot_firmware/package.dsv
-- Installing: /home/wapush/AGV/bumperbot_ws/install/bumperbot_firmware/share/ament_index/resource_index/packages/bumperbot_firmware
-- Installing: /home/wapush/AGV/bumperbot_ws/install/bumperbot_firmware/share/ament_index/resource_index/hardware_interface__pluginlib__plugin/bumperbot_firmware
-- Installing: /home/wapush/AGV/bumperbot_ws/install/bumperbot_firmware/share/bumperbot_firmware/cmake/ament_cmake_export_include_directories-extras.cmake
-- Installing: /home/wapush/AGV/bumperbot_ws/install/bumperbot_firmware/share/bumperbot_firmware/cmake/ament_cmake_export_libraries-extras.cmake
-- Installing: /home/wapush/AGV/bumperbot_ws/install/bumperbot_firmware/share/bumperbot_firmware/cmake/ament_cmake_export_dependencies-extras.cmake
-- Installing: /home/wapush/AGV/bumperbot_ws/install/bumperbot_firmware/share/bumperbot_firmware/cmake/bumperbot_firmwareConfig.cmake
-- Installing: /home/wapush/AGV/bumperbot_ws/install/bumperbot_firmware/share/bumperbot_firmware/cmake/bumperbot_firmwareConfig-version.cmake
-- Installing: /home/wapush/AGV/bumperbot_ws/install/bumperbot_firmware/share/bumperbot_firmware/package.xml
