[0.025s] Invoking command in '/home/wapush/AGV/bumperbot_ws/build/bumperbot_mapping': CMAKE_PREFIX_PATH=/opt/ros/iron:/opt/ros/humble /usr/bin/cmake /home/wapush/AGV/bumperbot_ws/src/bumperbot_mapping -DCMAKE_INSTALL_PREFIX=/home/wapush/AGV/bumperbot_ws/install/bumperbot_mapping
[0.201s] -- The C compiler identification is GNU 11.4.0
[1.250s] -- The CXX compiler identification is GNU 11.4.0
[2.049s] -- Detecting C compiler ABI info
[2.181s] -- Detecting C compiler ABI info - done
[2.185s] -- Check for working C compiler: /usr/bin/cc - skipped
[2.185s] -- Detecting C compile features
[2.185s] -- Detecting C compile features - done
[2.187s] -- Detecting CXX compiler ABI info
[2.346s] -- Detecting CXX compiler ABI info - done
[2.350s] -- Check for working CXX compiler: /usr/bin/c++ - skipped
[2.350s] -- Detecting CXX compile features
[2.351s] -- Detecting CXX compile features - done
[2.352s] -- Found ament_cmake: 2.0.7 (/opt/ros/iron/share/ament_cmake/cmake)
[2.455s] -- Found Python3: /usr/bin/python3.10 (found version "3.10.12") found components: Interpreter 
[2.506s] -- Found ament_lint_auto: 0.14.4 (/opt/ros/iron/share/ament_lint_auto/cmake)
[2.558s] -- Added test 'lint_cmake' to check CMake code style
[2.560s] -- Added test 'xmllint' to check XML markup files
[2.560s] -- Configuring done
[2.561s] -- Generating done
[2.562s] -- Build files have been written to: /home/wapush/AGV/bumperbot_ws/build/bumperbot_mapping
[2.571s] Invoked command in '/home/wapush/AGV/bumperbot_ws/build/bumperbot_mapping' returned '0': CMAKE_PREFIX_PATH=/opt/ros/iron:/opt/ros/humble /usr/bin/cmake /home/wapush/AGV/bumperbot_ws/src/bumperbot_mapping -DCMAKE_INSTALL_PREFIX=/home/wapush/AGV/bumperbot_ws/install/bumperbot_mapping
[2.573s] Invoking command in '/home/wapush/AGV/bumperbot_ws/build/bumperbot_mapping': CMAKE_PREFIX_PATH=/opt/ros/iron:/opt/ros/humble /usr/bin/cmake --build /home/wapush/AGV/bumperbot_ws/build/bumperbot_mapping -- -j20 -l20
[2.593s] Invoked command in '/home/wapush/AGV/bumperbot_ws/build/bumperbot_mapping' returned '0': CMAKE_PREFIX_PATH=/opt/ros/iron:/opt/ros/humble /usr/bin/cmake --build /home/wapush/AGV/bumperbot_ws/build/bumperbot_mapping -- -j20 -l20
[2.600s] Invoking command in '/home/wapush/AGV/bumperbot_ws/build/bumperbot_mapping': CMAKE_PREFIX_PATH=/opt/ros/iron:/opt/ros/humble /usr/bin/cmake --install /home/wapush/AGV/bumperbot_ws/build/bumperbot_mapping
[2.613s] -- Install configuration: ""
[2.613s] -- Installing: /home/wapush/AGV/bumperbot_ws/install/bumperbot_mapping/share/bumperbot_mapping/maps
[2.613s] -- Installing: /home/wapush/AGV/bumperbot_ws/install/bumperbot_mapping/share/bumperbot_mapping/maps/small_house
[2.614s] -- Installing: /home/wapush/AGV/bumperbot_ws/install/bumperbot_mapping/share/bumperbot_mapping/maps/small_house/map.pgm:Zone.Identifier
[2.614s] -- Installing: /home/wapush/AGV/bumperbot_ws/install/bumperbot_mapping/share/bumperbot_mapping/maps/small_house/map.yaml:Zone.Identifier
[2.614s] -- Installing: /home/wapush/AGV/bumperbot_ws/install/bumperbot_mapping/share/bumperbot_mapping/maps/small_house/map.yaml
[2.615s] -- Installing: /home/wapush/AGV/bumperbot_ws/install/bumperbot_mapping/share/bumperbot_mapping/maps/small_house/map.pgm
[2.624s] -- Installing: /home/wapush/AGV/bumperbot_ws/install/bumperbot_mapping/share/ament_index/resource_index/package_run_dependencies/bumperbot_mapping
[2.624s] -- Installing: /home/wapush/AGV/bumperbot_ws/install/bumperbot_mapping/share/ament_index/resource_index/parent_prefix_path/bumperbot_mapping
[2.624s] -- Installing: /home/wapush/AGV/bumperbot_ws/install/bumperbot_mapping/share/bumperbot_mapping/environment/ament_prefix_path.sh
[2.624s] -- Installing: /home/wapush/AGV/bumperbot_ws/install/bumperbot_mapping/share/bumperbot_mapping/environment/ament_prefix_path.dsv
[2.624s] -- Installing: /home/wapush/AGV/bumperbot_ws/install/bumperbot_mapping/share/bumperbot_mapping/environment/path.sh
[2.625s] -- Installing: /home/wapush/AGV/bumperbot_ws/install/bumperbot_mapping/share/bumperbot_mapping/environment/path.dsv
[2.626s] -- Installing: /home/wapush/AGV/bumperbot_ws/install/bumperbot_mapping/share/bumperbot_mapping/local_setup.bash
[2.627s] -- Installing: /home/wapush/AGV/bumperbot_ws/install/bumperbot_mapping/share/bumperbot_mapping/local_setup.sh
[2.627s] -- Installing: /home/wapush/AGV/bumperbot_ws/install/bumperbot_mapping/share/bumperbot_mapping/local_setup.zsh
[2.627s] -- Installing: /home/wapush/AGV/bumperbot_ws/install/bumperbot_mapping/share/bumperbot_mapping/local_setup.dsv
[2.627s] -- Installing: /home/wapush/AGV/bumperbot_ws/install/bumperbot_mapping/share/bumperbot_mapping/package.dsv
[2.627s] -- Installing: /home/wapush/AGV/bumperbot_ws/install/bumperbot_mapping/share/ament_index/resource_index/packages/bumperbot_mapping
[2.627s] -- Installing: /home/wapush/AGV/bumperbot_ws/install/bumperbot_mapping/share/bumperbot_mapping/cmake/bumperbot_mappingConfig.cmake
[2.627s] -- Installing: /home/wapush/AGV/bumperbot_ws/install/bumperbot_mapping/share/bumperbot_mapping/cmake/bumperbot_mappingConfig-version.cmake
[2.627s] -- Installing: /home/wapush/AGV/bumperbot_ws/install/bumperbot_mapping/share/bumperbot_mapping/package.xml
[2.632s] Invoked command in '/home/wapush/AGV/bumperbot_ws/build/bumperbot_mapping' returned '0': CMAKE_PREFIX_PATH=/opt/ros/iron:/opt/ros/humble /usr/bin/cmake --install /home/wapush/AGV/bumperbot_ws/build/bumperbot_mapping
