[0.040s] Invoking command in '/root/AGV/bumperbot_ws/build/bumperbot_mapping': CMAKE_PREFIX_PATH=/opt/ros/humble /usr/bin/cmake /root/AGV/bumperbot_ws/src/bumperbot_mapping -DCMAKE_INSTALL_PREFIX=/root/AGV/bumperbot_ws/install/bumperbot_mapping
[0.405s] -- The C compiler identification is GNU 11.4.0
[0.566s] -- The CXX compiler identification is GNU 11.4.0
[0.870s] -- Detecting C compiler ABI info
[1.027s] -- Detecting C compiler ABI info - done
[1.034s] -- Check for working C compiler: /usr/bin/cc - skipped
[1.034s] -- Detecting C compile features
[1.035s] -- Detecting C compile features - done
[1.038s] -- Detecting CXX compiler ABI info
[1.232s] -- Detecting CXX compiler ABI info - done
[1.241s] -- Check for working CXX compiler: /usr/bin/c++ - skipped
[1.243s] -- Detecting CXX compile features
[1.244s] -- Detecting CXX compile features - done
[1.246s] -- Found ament_cmake: 1.3.10 (/opt/ros/humble/share/ament_cmake/cmake)
[1.469s] -- Found Python3: /usr/bin/python3 (found version "3.10.12") found components: Interpreter 
[1.685s] -- Found ament_lint_auto: 0.12.11 (/opt/ros/humble/share/ament_lint_auto/cmake)
[1.814s] -- Added test 'lint_cmake' to check CMake code style
[1.815s] -- Added test 'xmllint' to check XML markup files
[1.819s] -- Configuring done
[1.822s] -- Generating done
[1.823s] -- Build files have been written to: /root/AGV/bumperbot_ws/build/bumperbot_mapping
[1.847s] Invoked command in '/root/AGV/bumperbot_ws/build/bumperbot_mapping' returned '0': CMAKE_PREFIX_PATH=/opt/ros/humble /usr/bin/cmake /root/AGV/bumperbot_ws/src/bumperbot_mapping -DCMAKE_INSTALL_PREFIX=/root/AGV/bumperbot_ws/install/bumperbot_mapping
[1.848s] Invoking command in '/root/AGV/bumperbot_ws/build/bumperbot_mapping': CMAKE_PREFIX_PATH=/opt/ros/humble /usr/bin/cmake --build /root/AGV/bumperbot_ws/build/bumperbot_mapping -- -j8 -l8
[1.890s] Invoked command in '/root/AGV/bumperbot_ws/build/bumperbot_mapping' returned '0': CMAKE_PREFIX_PATH=/opt/ros/humble /usr/bin/cmake --build /root/AGV/bumperbot_ws/build/bumperbot_mapping -- -j8 -l8
[1.950s] Invoking command in '/root/AGV/bumperbot_ws/build/bumperbot_mapping': CMAKE_PREFIX_PATH=/opt/ros/humble /usr/bin/cmake --install /root/AGV/bumperbot_ws/build/bumperbot_mapping
[1.956s] -- Install configuration: ""
[1.957s] -- Installing: /root/AGV/bumperbot_ws/install/bumperbot_mapping/share/ament_index/resource_index/package_run_dependencies/bumperbot_mapping
[1.963s] -- Installing: /root/AGV/bumperbot_ws/install/bumperbot_mapping/share/ament_index/resource_index/parent_prefix_path/bumperbot_mapping
[1.963s] -- Installing: /root/AGV/bumperbot_ws/install/bumperbot_mapping/share/bumperbot_mapping/environment/ament_prefix_path.sh
[1.963s] -- Installing: /root/AGV/bumperbot_ws/install/bumperbot_mapping/share/bumperbot_mapping/environment/ament_prefix_path.dsv
[1.963s] -- Installing: /root/AGV/bumperbot_ws/install/bumperbot_mapping/share/bumperbot_mapping/environment/path.sh
[1.963s] -- Installing: /root/AGV/bumperbot_ws/install/bumperbot_mapping/share/bumperbot_mapping/environment/path.dsv
[1.963s] -- Installing: /root/AGV/bumperbot_ws/install/bumperbot_mapping/share/bumperbot_mapping/local_setup.bash
[1.963s] -- Installing: /root/AGV/bumperbot_ws/install/bumperbot_mapping/share/bumperbot_mapping/local_setup.sh
[1.963s] -- Installing: /root/AGV/bumperbot_ws/install/bumperbot_mapping/share/bumperbot_mapping/local_setup.zsh
[1.963s] -- Installing: /root/AGV/bumperbot_ws/install/bumperbot_mapping/share/bumperbot_mapping/local_setup.dsv
[1.963s] -- Installing: /root/AGV/bumperbot_ws/install/bumperbot_mapping/share/bumperbot_mapping/package.dsv
[1.964s] -- Installing: /root/AGV/bumperbot_ws/install/bumperbot_mapping/share/ament_index/resource_index/packages/bumperbot_mapping
[1.964s] -- Installing: /root/AGV/bumperbot_ws/install/bumperbot_mapping/share/bumperbot_mapping/cmake/bumperbot_mappingConfig.cmake
[1.964s] -- Installing: /root/AGV/bumperbot_ws/install/bumperbot_mapping/share/bumperbot_mapping/cmake/bumperbot_mappingConfig-version.cmake
[1.964s] -- Installing: /root/AGV/bumperbot_ws/install/bumperbot_mapping/share/bumperbot_mapping/package.xml
[1.967s] Invoked command in '/root/AGV/bumperbot_ws/build/bumperbot_mapping' returned '0': CMAKE_PREFIX_PATH=/opt/ros/humble /usr/bin/cmake --install /root/AGV/bumperbot_ws/build/bumperbot_mapping
