[0.401s] DEBUG:colcon:Command line arguments: ['/usr/bin/colcon', 'build']
[0.401s] DEBUG:colcon:Parsed command line arguments: Namespace(log_base=None, log_level=None, verb_name='build', build_base='build', install_base='install', merge_install=False, symlink_install=False, test_result_base=None, continue_on_error=False, executor='parallel', parallel_workers=8, event_handlers=None, ignore_user_meta=False, metas=['./colcon.meta'], base_paths=['.'], packages_ignore=None, packages_ignore_regex=None, paths=None, packages_up_to=None, packages_up_to_regex=None, packages_above=None, packages_above_and_dependencies=None, packages_above_depth=None, packages_select_by_dep=None, packages_skip_by_dep=None, packages_skip_up_to=None, packages_select_build_failed=False, packages_skip_build_finished=False, packages_select_test_failures=False, packages_skip_test_passed=False, packages_select=None, packages_skip=None, packages_select_regex=None, packages_skip_regex=None, packages_start=None, packages_end=None, allow_overriding=[], cmake_args=None, cmake_target=None, cmake_target_skip_unavailable=False, cmake_clean_cache=False, cmake_clean_first=False, cmake_force_configure=False, ament_cmake_args=None, catkin_cmake_args=None, catkin_skip_building_tests=False, verb_parser=<colcon_defaults.argument_parser.defaults.DefaultArgumentsDecorator object at 0x7f7c895ac4c0>, verb_extension=<colcon_core.verb.build.BuildVerb object at 0x7f7c89741060>, main=<bound method BuildVerb.main of <colcon_core.verb.build.BuildVerb object at 0x7f7c89741060>>)
[0.781s] Level 1:colcon.colcon_core.package_discovery:discover_packages(colcon_meta) check parameters
[0.781s] Level 1:colcon.colcon_core.package_discovery:discover_packages(recursive) check parameters
[0.781s] Level 1:colcon.colcon_core.package_discovery:discover_packages(ignore) check parameters
[0.781s] Level 1:colcon.colcon_core.package_discovery:discover_packages(path) check parameters
[0.781s] Level 1:colcon.colcon_core.package_discovery:discover_packages(colcon_meta) discover
[0.781s] Level 1:colcon.colcon_core.package_discovery:discover_packages(recursive) discover
[0.781s] INFO:colcon.colcon_core.package_discovery:Crawling recursively for packages in '/root/AGV/bumperbot_ws'
[0.781s] Level 1:colcon.colcon_core.package_identification:_identify(.) by extensions ['ignore', 'ignore_ament_install']
[0.782s] Level 1:colcon.colcon_core.package_identification:_identify(.) by extension 'ignore'
[0.782s] Level 1:colcon.colcon_core.package_identification:_identify(.) by extension 'ignore_ament_install'
[0.782s] Level 1:colcon.colcon_core.package_identification:_identify(.) by extensions ['colcon_pkg']
[0.782s] Level 1:colcon.colcon_core.package_identification:_identify(.) by extension 'colcon_pkg'
[0.782s] Level 1:colcon.colcon_core.package_identification:_identify(.) by extensions ['colcon_meta']
[0.782s] Level 1:colcon.colcon_core.package_identification:_identify(.) by extension 'colcon_meta'
[0.782s] Level 1:colcon.colcon_core.package_identification:_identify(.) by extensions ['ros']
[0.782s] Level 1:colcon.colcon_core.package_identification:_identify(.) by extension 'ros'
[0.803s] Level 1:colcon.colcon_core.package_identification:_identify(.) by extensions ['cmake', 'python']
[0.804s] Level 1:colcon.colcon_core.package_identification:_identify(.) by extension 'cmake'
[0.804s] Level 1:colcon.colcon_core.package_identification:_identify(.) by extension 'python'
[0.804s] Level 1:colcon.colcon_core.package_identification:_identify(.) by extensions ['python_setup_py']
[0.804s] Level 1:colcon.colcon_core.package_identification:_identify(.) by extension 'python_setup_py'
[0.804s] Level 1:colcon.colcon_core.package_identification:_identify(build) by extensions ['ignore', 'ignore_ament_install']
[0.804s] Level 1:colcon.colcon_core.package_identification:_identify(build) by extension 'ignore'
[0.804s] Level 1:colcon.colcon_core.package_identification:_identify(build) ignored
[0.804s] Level 1:colcon.colcon_core.package_identification:_identify(install) by extensions ['ignore', 'ignore_ament_install']
[0.804s] Level 1:colcon.colcon_core.package_identification:_identify(install) by extension 'ignore'
[0.804s] Level 1:colcon.colcon_core.package_identification:_identify(install) ignored
[0.804s] Level 1:colcon.colcon_core.package_identification:_identify(log) by extensions ['ignore', 'ignore_ament_install']
[0.804s] Level 1:colcon.colcon_core.package_identification:_identify(log) by extension 'ignore'
[0.804s] Level 1:colcon.colcon_core.package_identification:_identify(log) ignored
[0.804s] Level 1:colcon.colcon_core.package_identification:_identify(src) by extensions ['ignore', 'ignore_ament_install']
[0.805s] Level 1:colcon.colcon_core.package_identification:_identify(src) by extension 'ignore'
[0.805s] Level 1:colcon.colcon_core.package_identification:_identify(src) by extension 'ignore_ament_install'
[0.805s] Level 1:colcon.colcon_core.package_identification:_identify(src) by extensions ['colcon_pkg']
[0.805s] Level 1:colcon.colcon_core.package_identification:_identify(src) by extension 'colcon_pkg'
[0.805s] Level 1:colcon.colcon_core.package_identification:_identify(src) by extensions ['colcon_meta']
[0.805s] Level 1:colcon.colcon_core.package_identification:_identify(src) by extension 'colcon_meta'
[0.805s] Level 1:colcon.colcon_core.package_identification:_identify(src) by extensions ['ros']
[0.805s] Level 1:colcon.colcon_core.package_identification:_identify(src) by extension 'ros'
[0.805s] Level 1:colcon.colcon_core.package_identification:_identify(src) by extensions ['cmake', 'python']
[0.805s] Level 1:colcon.colcon_core.package_identification:_identify(src) by extension 'cmake'
[0.805s] Level 1:colcon.colcon_core.package_identification:_identify(src) by extension 'python'
[0.805s] Level 1:colcon.colcon_core.package_identification:_identify(src) by extensions ['python_setup_py']
[0.805s] Level 1:colcon.colcon_core.package_identification:_identify(src) by extension 'python_setup_py'
[0.805s] Level 1:colcon.colcon_core.package_identification:_identify(src/build) by extensions ['ignore', 'ignore_ament_install']
[0.805s] Level 1:colcon.colcon_core.package_identification:_identify(src/build) by extension 'ignore'
[0.805s] Level 1:colcon.colcon_core.package_identification:_identify(src/build) ignored
[0.805s] Level 1:colcon.colcon_core.package_identification:_identify(src/bumperbot_controller) by extensions ['ignore', 'ignore_ament_install']
[0.805s] Level 1:colcon.colcon_core.package_identification:_identify(src/bumperbot_controller) by extension 'ignore'
[0.805s] Level 1:colcon.colcon_core.package_identification:_identify(src/bumperbot_controller) by extension 'ignore_ament_install'
[0.806s] Level 1:colcon.colcon_core.package_identification:_identify(src/bumperbot_controller) by extensions ['colcon_pkg']
[0.806s] Level 1:colcon.colcon_core.package_identification:_identify(src/bumperbot_controller) by extension 'colcon_pkg'
[0.806s] Level 1:colcon.colcon_core.package_identification:_identify(src/bumperbot_controller) by extensions ['colcon_meta']
[0.806s] Level 1:colcon.colcon_core.package_identification:_identify(src/bumperbot_controller) by extension 'colcon_meta'
[0.806s] Level 1:colcon.colcon_core.package_identification:_identify(src/bumperbot_controller) by extensions ['ros']
[0.806s] Level 1:colcon.colcon_core.package_identification:_identify(src/bumperbot_controller) by extension 'ros'
[0.810s] DEBUG:colcon.colcon_core.package_identification:Package 'src/bumperbot_controller' with type 'ros.ament_cmake' and name 'bumperbot_controller'
[0.810s] Level 1:colcon.colcon_core.package_identification:_identify(src/bumperbot_cpp_examples) by extensions ['ignore', 'ignore_ament_install']
[0.810s] Level 1:colcon.colcon_core.package_identification:_identify(src/bumperbot_cpp_examples) by extension 'ignore'
[0.810s] Level 1:colcon.colcon_core.package_identification:_identify(src/bumperbot_cpp_examples) by extension 'ignore_ament_install'
[0.810s] Level 1:colcon.colcon_core.package_identification:_identify(src/bumperbot_cpp_examples) by extensions ['colcon_pkg']
[0.810s] Level 1:colcon.colcon_core.package_identification:_identify(src/bumperbot_cpp_examples) by extension 'colcon_pkg'
[0.810s] Level 1:colcon.colcon_core.package_identification:_identify(src/bumperbot_cpp_examples) by extensions ['colcon_meta']
[0.810s] Level 1:colcon.colcon_core.package_identification:_identify(src/bumperbot_cpp_examples) by extension 'colcon_meta'
[0.810s] Level 1:colcon.colcon_core.package_identification:_identify(src/bumperbot_cpp_examples) by extensions ['ros']
[0.810s] Level 1:colcon.colcon_core.package_identification:_identify(src/bumperbot_cpp_examples) by extension 'ros'
[0.811s] DEBUG:colcon.colcon_core.package_identification:Package 'src/bumperbot_cpp_examples' with type 'ros.ament_cmake' and name 'bumperbot_cpp_examples'
[0.811s] Level 1:colcon.colcon_core.package_identification:_identify(src/bumperbot_description) by extensions ['ignore', 'ignore_ament_install']
[0.811s] Level 1:colcon.colcon_core.package_identification:_identify(src/bumperbot_description) by extension 'ignore'
[0.811s] Level 1:colcon.colcon_core.package_identification:_identify(src/bumperbot_description) by extension 'ignore_ament_install'
[0.811s] Level 1:colcon.colcon_core.package_identification:_identify(src/bumperbot_description) by extensions ['colcon_pkg']
[0.811s] Level 1:colcon.colcon_core.package_identification:_identify(src/bumperbot_description) by extension 'colcon_pkg'
[0.811s] Level 1:colcon.colcon_core.package_identification:_identify(src/bumperbot_description) by extensions ['colcon_meta']
[0.811s] Level 1:colcon.colcon_core.package_identification:_identify(src/bumperbot_description) by extension 'colcon_meta'
[0.811s] Level 1:colcon.colcon_core.package_identification:_identify(src/bumperbot_description) by extensions ['ros']
[0.811s] Level 1:colcon.colcon_core.package_identification:_identify(src/bumperbot_description) by extension 'ros'
[0.812s] DEBUG:colcon.colcon_core.package_identification:Package 'src/bumperbot_description' with type 'ros.ament_cmake' and name 'bumperbot_description'
[0.812s] Level 1:colcon.colcon_core.package_identification:_identify(src/bumperbot_firmware) by extensions ['ignore', 'ignore_ament_install']
[0.812s] Level 1:colcon.colcon_core.package_identification:_identify(src/bumperbot_firmware) by extension 'ignore'
[0.812s] Level 1:colcon.colcon_core.package_identification:_identify(src/bumperbot_firmware) by extension 'ignore_ament_install'
[0.812s] Level 1:colcon.colcon_core.package_identification:_identify(src/bumperbot_firmware) by extensions ['colcon_pkg']
[0.812s] Level 1:colcon.colcon_core.package_identification:_identify(src/bumperbot_firmware) by extension 'colcon_pkg'
[0.812s] Level 1:colcon.colcon_core.package_identification:_identify(src/bumperbot_firmware) by extensions ['colcon_meta']
[0.812s] Level 1:colcon.colcon_core.package_identification:_identify(src/bumperbot_firmware) by extension 'colcon_meta'
[0.812s] Level 1:colcon.colcon_core.package_identification:_identify(src/bumperbot_firmware) by extensions ['ros']
[0.812s] Level 1:colcon.colcon_core.package_identification:_identify(src/bumperbot_firmware) by extension 'ros'
[0.813s] DEBUG:colcon.colcon_core.package_identification:Package 'src/bumperbot_firmware' with type 'ros.ament_cmake' and name 'bumperbot_firmware'
[0.813s] Level 1:colcon.colcon_core.package_identification:_identify(src/bumperbot_localization) by extensions ['ignore', 'ignore_ament_install']
[0.813s] Level 1:colcon.colcon_core.package_identification:_identify(src/bumperbot_localization) by extension 'ignore'
[0.813s] Level 1:colcon.colcon_core.package_identification:_identify(src/bumperbot_localization) by extension 'ignore_ament_install'
[0.813s] Level 1:colcon.colcon_core.package_identification:_identify(src/bumperbot_localization) by extensions ['colcon_pkg']
[0.813s] Level 1:colcon.colcon_core.package_identification:_identify(src/bumperbot_localization) by extension 'colcon_pkg'
[0.813s] Level 1:colcon.colcon_core.package_identification:_identify(src/bumperbot_localization) by extensions ['colcon_meta']
[0.813s] Level 1:colcon.colcon_core.package_identification:_identify(src/bumperbot_localization) by extension 'colcon_meta'
[0.813s] Level 1:colcon.colcon_core.package_identification:_identify(src/bumperbot_localization) by extensions ['ros']
[0.813s] Level 1:colcon.colcon_core.package_identification:_identify(src/bumperbot_localization) by extension 'ros'
[0.814s] DEBUG:colcon.colcon_core.package_identification:Package 'src/bumperbot_localization' with type 'ros.ament_cmake' and name 'bumperbot_localization'
[0.814s] Level 1:colcon.colcon_core.package_identification:_identify(src/bumperbot_mapping) by extensions ['ignore', 'ignore_ament_install']
[0.814s] Level 1:colcon.colcon_core.package_identification:_identify(src/bumperbot_mapping) by extension 'ignore'
[0.814s] Level 1:colcon.colcon_core.package_identification:_identify(src/bumperbot_mapping) by extension 'ignore_ament_install'
[0.814s] Level 1:colcon.colcon_core.package_identification:_identify(src/bumperbot_mapping) by extensions ['colcon_pkg']
[0.814s] Level 1:colcon.colcon_core.package_identification:_identify(src/bumperbot_mapping) by extension 'colcon_pkg'
[0.814s] Level 1:colcon.colcon_core.package_identification:_identify(src/bumperbot_mapping) by extensions ['colcon_meta']
[0.814s] Level 1:colcon.colcon_core.package_identification:_identify(src/bumperbot_mapping) by extension 'colcon_meta'
[0.814s] Level 1:colcon.colcon_core.package_identification:_identify(src/bumperbot_mapping) by extensions ['ros']
[0.814s] Level 1:colcon.colcon_core.package_identification:_identify(src/bumperbot_mapping) by extension 'ros'
[0.814s] DEBUG:colcon.colcon_core.package_identification:Package 'src/bumperbot_mapping' with type 'ros.ament_cmake' and name 'bumperbot_mapping'
[0.814s] Level 1:colcon.colcon_core.package_identification:_identify(src/bumperbot_py_examples) by extensions ['ignore', 'ignore_ament_install']
[0.814s] Level 1:colcon.colcon_core.package_identification:_identify(src/bumperbot_py_examples) by extension 'ignore'
[0.814s] Level 1:colcon.colcon_core.package_identification:_identify(src/bumperbot_py_examples) by extension 'ignore_ament_install'
[0.814s] Level 1:colcon.colcon_core.package_identification:_identify(src/bumperbot_py_examples) by extensions ['colcon_pkg']
[0.815s] Level 1:colcon.colcon_core.package_identification:_identify(src/bumperbot_py_examples) by extension 'colcon_pkg'
[0.815s] Level 1:colcon.colcon_core.package_identification:_identify(src/bumperbot_py_examples) by extensions ['colcon_meta']
[0.815s] Level 1:colcon.colcon_core.package_identification:_identify(src/bumperbot_py_examples) by extension 'colcon_meta'
[0.815s] Level 1:colcon.colcon_core.package_identification:_identify(src/bumperbot_py_examples) by extensions ['ros']
[0.815s] Level 1:colcon.colcon_core.package_identification:_identify(src/bumperbot_py_examples) by extension 'ros'
[0.815s] DEBUG:colcon.colcon_core.package_identification:Package 'src/bumperbot_py_examples' with type 'ros.ament_python' and name 'bumperbot_py_examples'
[0.815s] Level 1:colcon.colcon_core.package_identification:_identify(src/bumperbot_utils) by extensions ['ignore', 'ignore_ament_install']
[0.815s] Level 1:colcon.colcon_core.package_identification:_identify(src/bumperbot_utils) by extension 'ignore'
[0.815s] Level 1:colcon.colcon_core.package_identification:_identify(src/bumperbot_utils) by extension 'ignore_ament_install'
[0.815s] Level 1:colcon.colcon_core.package_identification:_identify(src/bumperbot_utils) by extensions ['colcon_pkg']
[0.815s] Level 1:colcon.colcon_core.package_identification:_identify(src/bumperbot_utils) by extension 'colcon_pkg'
[0.815s] Level 1:colcon.colcon_core.package_identification:_identify(src/bumperbot_utils) by extensions ['colcon_meta']
[0.815s] Level 1:colcon.colcon_core.package_identification:_identify(src/bumperbot_utils) by extension 'colcon_meta'
[0.815s] Level 1:colcon.colcon_core.package_identification:_identify(src/bumperbot_utils) by extensions ['ros']
[0.815s] Level 1:colcon.colcon_core.package_identification:_identify(src/bumperbot_utils) by extension 'ros'
[0.816s] DEBUG:colcon.colcon_core.package_identification:Package 'src/bumperbot_utils' with type 'ros.ament_cmake' and name 'bumperbot_utils'
[0.816s] Level 1:colcon.colcon_core.package_identification:_identify(src/install) by extensions ['ignore', 'ignore_ament_install']
[0.816s] Level 1:colcon.colcon_core.package_identification:_identify(src/install) by extension 'ignore'
[0.816s] Level 1:colcon.colcon_core.package_identification:_identify(src/install) ignored
[0.816s] Level 1:colcon.colcon_core.package_identification:_identify(src/log) by extensions ['ignore', 'ignore_ament_install']
[0.816s] Level 1:colcon.colcon_core.package_identification:_identify(src/log) by extension 'ignore'
[0.816s] Level 1:colcon.colcon_core.package_identification:_identify(src/log) ignored
[0.816s] Level 1:colcon.colcon_core.package_discovery:discover_packages(recursive) using defaults
[0.816s] Level 1:colcon.colcon_core.package_discovery:discover_packages(ignore) discover
[0.816s] Level 1:colcon.colcon_core.package_discovery:discover_packages(ignore) using defaults
[0.816s] Level 1:colcon.colcon_core.package_discovery:discover_packages(path) discover
[0.816s] Level 1:colcon.colcon_core.package_discovery:discover_packages(path) using defaults
[0.857s] Level 1:colcon.colcon_core.package_discovery:discover_packages(prefix_path) check parameters
[0.857s] Level 1:colcon.colcon_core.package_discovery:discover_packages(prefix_path) discover
[0.864s] DEBUG:colcon.colcon_installed_package_information.package_discovery:Found 329 installed packages in /opt/ros/humble
[0.875s] Level 1:colcon.colcon_core.package_discovery:discover_packages(prefix_path) using defaults
[0.917s] Level 5:colcon.colcon_core.verb:set package 'bumperbot_controller' build argument 'cmake_args' from command line to 'None'
[0.918s] Level 5:colcon.colcon_core.verb:set package 'bumperbot_controller' build argument 'cmake_target' from command line to 'None'
[0.918s] Level 5:colcon.colcon_core.verb:set package 'bumperbot_controller' build argument 'cmake_target_skip_unavailable' from command line to 'False'
[0.918s] Level 5:colcon.colcon_core.verb:set package 'bumperbot_controller' build argument 'cmake_clean_cache' from command line to 'False'
[0.918s] Level 5:colcon.colcon_core.verb:set package 'bumperbot_controller' build argument 'cmake_clean_first' from command line to 'False'
[0.918s] Level 5:colcon.colcon_core.verb:set package 'bumperbot_controller' build argument 'cmake_force_configure' from command line to 'False'
[0.918s] Level 5:colcon.colcon_core.verb:set package 'bumperbot_controller' build argument 'ament_cmake_args' from command line to 'None'
[0.918s] Level 5:colcon.colcon_core.verb:set package 'bumperbot_controller' build argument 'catkin_cmake_args' from command line to 'None'
[0.918s] Level 5:colcon.colcon_core.verb:set package 'bumperbot_controller' build argument 'catkin_skip_building_tests' from command line to 'False'
[0.918s] DEBUG:colcon.colcon_core.verb:Building package 'bumperbot_controller' with the following arguments: {'ament_cmake_args': None, 'build_base': '/root/AGV/bumperbot_ws/build/bumperbot_controller', 'catkin_cmake_args': None, 'catkin_skip_building_tests': False, 'cmake_args': None, 'cmake_clean_cache': False, 'cmake_clean_first': False, 'cmake_force_configure': False, 'cmake_target': None, 'cmake_target_skip_unavailable': False, 'install_base': '/root/AGV/bumperbot_ws/install/bumperbot_controller', 'merge_install': False, 'path': '/root/AGV/bumperbot_ws/src/bumperbot_controller', 'symlink_install': False, 'test_result_base': None}
[0.918s] Level 5:colcon.colcon_core.verb:set package 'bumperbot_cpp_examples' build argument 'cmake_args' from command line to 'None'
[0.918s] Level 5:colcon.colcon_core.verb:set package 'bumperbot_cpp_examples' build argument 'cmake_target' from command line to 'None'
[0.918s] Level 5:colcon.colcon_core.verb:set package 'bumperbot_cpp_examples' build argument 'cmake_target_skip_unavailable' from command line to 'False'
[0.918s] Level 5:colcon.colcon_core.verb:set package 'bumperbot_cpp_examples' build argument 'cmake_clean_cache' from command line to 'False'
[0.918s] Level 5:colcon.colcon_core.verb:set package 'bumperbot_cpp_examples' build argument 'cmake_clean_first' from command line to 'False'
[0.918s] Level 5:colcon.colcon_core.verb:set package 'bumperbot_cpp_examples' build argument 'cmake_force_configure' from command line to 'False'
[0.918s] Level 5:colcon.colcon_core.verb:set package 'bumperbot_cpp_examples' build argument 'ament_cmake_args' from command line to 'None'
[0.918s] Level 5:colcon.colcon_core.verb:set package 'bumperbot_cpp_examples' build argument 'catkin_cmake_args' from command line to 'None'
[0.918s] Level 5:colcon.colcon_core.verb:set package 'bumperbot_cpp_examples' build argument 'catkin_skip_building_tests' from command line to 'False'
[0.918s] DEBUG:colcon.colcon_core.verb:Building package 'bumperbot_cpp_examples' with the following arguments: {'ament_cmake_args': None, 'build_base': '/root/AGV/bumperbot_ws/build/bumperbot_cpp_examples', 'catkin_cmake_args': None, 'catkin_skip_building_tests': False, 'cmake_args': None, 'cmake_clean_cache': False, 'cmake_clean_first': False, 'cmake_force_configure': False, 'cmake_target': None, 'cmake_target_skip_unavailable': False, 'install_base': '/root/AGV/bumperbot_ws/install/bumperbot_cpp_examples', 'merge_install': False, 'path': '/root/AGV/bumperbot_ws/src/bumperbot_cpp_examples', 'symlink_install': False, 'test_result_base': None}
[0.919s] Level 5:colcon.colcon_core.verb:set package 'bumperbot_description' build argument 'cmake_args' from command line to 'None'
[0.919s] Level 5:colcon.colcon_core.verb:set package 'bumperbot_description' build argument 'cmake_target' from command line to 'None'
[0.919s] Level 5:colcon.colcon_core.verb:set package 'bumperbot_description' build argument 'cmake_target_skip_unavailable' from command line to 'False'
[0.919s] Level 5:colcon.colcon_core.verb:set package 'bumperbot_description' build argument 'cmake_clean_cache' from command line to 'False'
[0.919s] Level 5:colcon.colcon_core.verb:set package 'bumperbot_description' build argument 'cmake_clean_first' from command line to 'False'
[0.919s] Level 5:colcon.colcon_core.verb:set package 'bumperbot_description' build argument 'cmake_force_configure' from command line to 'False'
[0.919s] Level 5:colcon.colcon_core.verb:set package 'bumperbot_description' build argument 'ament_cmake_args' from command line to 'None'
[0.919s] Level 5:colcon.colcon_core.verb:set package 'bumperbot_description' build argument 'catkin_cmake_args' from command line to 'None'
[0.919s] Level 5:colcon.colcon_core.verb:set package 'bumperbot_description' build argument 'catkin_skip_building_tests' from command line to 'False'
[0.919s] DEBUG:colcon.colcon_core.verb:Building package 'bumperbot_description' with the following arguments: {'ament_cmake_args': None, 'build_base': '/root/AGV/bumperbot_ws/build/bumperbot_description', 'catkin_cmake_args': None, 'catkin_skip_building_tests': False, 'cmake_args': None, 'cmake_clean_cache': False, 'cmake_clean_first': False, 'cmake_force_configure': False, 'cmake_target': None, 'cmake_target_skip_unavailable': False, 'install_base': '/root/AGV/bumperbot_ws/install/bumperbot_description', 'merge_install': False, 'path': '/root/AGV/bumperbot_ws/src/bumperbot_description', 'symlink_install': False, 'test_result_base': None}
[0.920s] Level 5:colcon.colcon_core.verb:set package 'bumperbot_firmware' build argument 'cmake_args' from command line to 'None'
[0.920s] Level 5:colcon.colcon_core.verb:set package 'bumperbot_firmware' build argument 'cmake_target' from command line to 'None'
[0.920s] Level 5:colcon.colcon_core.verb:set package 'bumperbot_firmware' build argument 'cmake_target_skip_unavailable' from command line to 'False'
[0.920s] Level 5:colcon.colcon_core.verb:set package 'bumperbot_firmware' build argument 'cmake_clean_cache' from command line to 'False'
[0.920s] Level 5:colcon.colcon_core.verb:set package 'bumperbot_firmware' build argument 'cmake_clean_first' from command line to 'False'
[0.920s] Level 5:colcon.colcon_core.verb:set package 'bumperbot_firmware' build argument 'cmake_force_configure' from command line to 'False'
[0.920s] Level 5:colcon.colcon_core.verb:set package 'bumperbot_firmware' build argument 'ament_cmake_args' from command line to 'None'
[0.920s] Level 5:colcon.colcon_core.verb:set package 'bumperbot_firmware' build argument 'catkin_cmake_args' from command line to 'None'
[0.920s] Level 5:colcon.colcon_core.verb:set package 'bumperbot_firmware' build argument 'catkin_skip_building_tests' from command line to 'False'
[0.920s] DEBUG:colcon.colcon_core.verb:Building package 'bumperbot_firmware' with the following arguments: {'ament_cmake_args': None, 'build_base': '/root/AGV/bumperbot_ws/build/bumperbot_firmware', 'catkin_cmake_args': None, 'catkin_skip_building_tests': False, 'cmake_args': None, 'cmake_clean_cache': False, 'cmake_clean_first': False, 'cmake_force_configure': False, 'cmake_target': None, 'cmake_target_skip_unavailable': False, 'install_base': '/root/AGV/bumperbot_ws/install/bumperbot_firmware', 'merge_install': False, 'path': '/root/AGV/bumperbot_ws/src/bumperbot_firmware', 'symlink_install': False, 'test_result_base': None}
[0.920s] Level 5:colcon.colcon_core.verb:set package 'bumperbot_localization' build argument 'cmake_args' from command line to 'None'
[0.920s] Level 5:colcon.colcon_core.verb:set package 'bumperbot_localization' build argument 'cmake_target' from command line to 'None'
[0.920s] Level 5:colcon.colcon_core.verb:set package 'bumperbot_localization' build argument 'cmake_target_skip_unavailable' from command line to 'False'
[0.920s] Level 5:colcon.colcon_core.verb:set package 'bumperbot_localization' build argument 'cmake_clean_cache' from command line to 'False'
[0.920s] Level 5:colcon.colcon_core.verb:set package 'bumperbot_localization' build argument 'cmake_clean_first' from command line to 'False'
[0.920s] Level 5:colcon.colcon_core.verb:set package 'bumperbot_localization' build argument 'cmake_force_configure' from command line to 'False'
[0.920s] Level 5:colcon.colcon_core.verb:set package 'bumperbot_localization' build argument 'ament_cmake_args' from command line to 'None'
[0.920s] Level 5:colcon.colcon_core.verb:set package 'bumperbot_localization' build argument 'catkin_cmake_args' from command line to 'None'
[0.920s] Level 5:colcon.colcon_core.verb:set package 'bumperbot_localization' build argument 'catkin_skip_building_tests' from command line to 'False'
[0.920s] DEBUG:colcon.colcon_core.verb:Building package 'bumperbot_localization' with the following arguments: {'ament_cmake_args': None, 'build_base': '/root/AGV/bumperbot_ws/build/bumperbot_localization', 'catkin_cmake_args': None, 'catkin_skip_building_tests': False, 'cmake_args': None, 'cmake_clean_cache': False, 'cmake_clean_first': False, 'cmake_force_configure': False, 'cmake_target': None, 'cmake_target_skip_unavailable': False, 'install_base': '/root/AGV/bumperbot_ws/install/bumperbot_localization', 'merge_install': False, 'path': '/root/AGV/bumperbot_ws/src/bumperbot_localization', 'symlink_install': False, 'test_result_base': None}
[0.921s] Level 5:colcon.colcon_core.verb:set package 'bumperbot_mapping' build argument 'cmake_args' from command line to 'None'
[0.921s] Level 5:colcon.colcon_core.verb:set package 'bumperbot_mapping' build argument 'cmake_target' from command line to 'None'
[0.921s] Level 5:colcon.colcon_core.verb:set package 'bumperbot_mapping' build argument 'cmake_target_skip_unavailable' from command line to 'False'
[0.921s] Level 5:colcon.colcon_core.verb:set package 'bumperbot_mapping' build argument 'cmake_clean_cache' from command line to 'False'
[0.921s] Level 5:colcon.colcon_core.verb:set package 'bumperbot_mapping' build argument 'cmake_clean_first' from command line to 'False'
[0.921s] Level 5:colcon.colcon_core.verb:set package 'bumperbot_mapping' build argument 'cmake_force_configure' from command line to 'False'
[0.921s] Level 5:colcon.colcon_core.verb:set package 'bumperbot_mapping' build argument 'ament_cmake_args' from command line to 'None'
[0.921s] Level 5:colcon.colcon_core.verb:set package 'bumperbot_mapping' build argument 'catkin_cmake_args' from command line to 'None'
[0.921s] Level 5:colcon.colcon_core.verb:set package 'bumperbot_mapping' build argument 'catkin_skip_building_tests' from command line to 'False'
[0.921s] DEBUG:colcon.colcon_core.verb:Building package 'bumperbot_mapping' with the following arguments: {'ament_cmake_args': None, 'build_base': '/root/AGV/bumperbot_ws/build/bumperbot_mapping', 'catkin_cmake_args': None, 'catkin_skip_building_tests': False, 'cmake_args': None, 'cmake_clean_cache': False, 'cmake_clean_first': False, 'cmake_force_configure': False, 'cmake_target': None, 'cmake_target_skip_unavailable': False, 'install_base': '/root/AGV/bumperbot_ws/install/bumperbot_mapping', 'merge_install': False, 'path': '/root/AGV/bumperbot_ws/src/bumperbot_mapping', 'symlink_install': False, 'test_result_base': None}
[0.921s] Level 5:colcon.colcon_core.verb:set package 'bumperbot_py_examples' build argument 'cmake_args' from command line to 'None'
[0.921s] Level 5:colcon.colcon_core.verb:set package 'bumperbot_py_examples' build argument 'cmake_target' from command line to 'None'
[0.921s] Level 5:colcon.colcon_core.verb:set package 'bumperbot_py_examples' build argument 'cmake_target_skip_unavailable' from command line to 'False'
[0.921s] Level 5:colcon.colcon_core.verb:set package 'bumperbot_py_examples' build argument 'cmake_clean_cache' from command line to 'False'
[0.921s] Level 5:colcon.colcon_core.verb:set package 'bumperbot_py_examples' build argument 'cmake_clean_first' from command line to 'False'
[0.921s] Level 5:colcon.colcon_core.verb:set package 'bumperbot_py_examples' build argument 'cmake_force_configure' from command line to 'False'
[0.921s] Level 5:colcon.colcon_core.verb:set package 'bumperbot_py_examples' build argument 'ament_cmake_args' from command line to 'None'
[0.921s] Level 5:colcon.colcon_core.verb:set package 'bumperbot_py_examples' build argument 'catkin_cmake_args' from command line to 'None'
[0.921s] Level 5:colcon.colcon_core.verb:set package 'bumperbot_py_examples' build argument 'catkin_skip_building_tests' from command line to 'False'
[0.921s] DEBUG:colcon.colcon_core.verb:Building package 'bumperbot_py_examples' with the following arguments: {'ament_cmake_args': None, 'build_base': '/root/AGV/bumperbot_ws/build/bumperbot_py_examples', 'catkin_cmake_args': None, 'catkin_skip_building_tests': False, 'cmake_args': None, 'cmake_clean_cache': False, 'cmake_clean_first': False, 'cmake_force_configure': False, 'cmake_target': None, 'cmake_target_skip_unavailable': False, 'install_base': '/root/AGV/bumperbot_ws/install/bumperbot_py_examples', 'merge_install': False, 'path': '/root/AGV/bumperbot_ws/src/bumperbot_py_examples', 'symlink_install': False, 'test_result_base': None}
[0.921s] Level 5:colcon.colcon_core.verb:set package 'bumperbot_utils' build argument 'cmake_args' from command line to 'None'
[0.921s] Level 5:colcon.colcon_core.verb:set package 'bumperbot_utils' build argument 'cmake_target' from command line to 'None'
[0.921s] Level 5:colcon.colcon_core.verb:set package 'bumperbot_utils' build argument 'cmake_target_skip_unavailable' from command line to 'False'
[0.921s] Level 5:colcon.colcon_core.verb:set package 'bumperbot_utils' build argument 'cmake_clean_cache' from command line to 'False'
[0.922s] Level 5:colcon.colcon_core.verb:set package 'bumperbot_utils' build argument 'cmake_clean_first' from command line to 'False'
[0.922s] Level 5:colcon.colcon_core.verb:set package 'bumperbot_utils' build argument 'cmake_force_configure' from command line to 'False'
[0.922s] Level 5:colcon.colcon_core.verb:set package 'bumperbot_utils' build argument 'ament_cmake_args' from command line to 'None'
[0.922s] Level 5:colcon.colcon_core.verb:set package 'bumperbot_utils' build argument 'catkin_cmake_args' from command line to 'None'
[0.922s] Level 5:colcon.colcon_core.verb:set package 'bumperbot_utils' build argument 'catkin_skip_building_tests' from command line to 'False'
[0.922s] DEBUG:colcon.colcon_core.verb:Building package 'bumperbot_utils' with the following arguments: {'ament_cmake_args': None, 'build_base': '/root/AGV/bumperbot_ws/build/bumperbot_utils', 'catkin_cmake_args': None, 'catkin_skip_building_tests': False, 'cmake_args': None, 'cmake_clean_cache': False, 'cmake_clean_first': False, 'cmake_force_configure': False, 'cmake_target': None, 'cmake_target_skip_unavailable': False, 'install_base': '/root/AGV/bumperbot_ws/install/bumperbot_utils', 'merge_install': False, 'path': '/root/AGV/bumperbot_ws/src/bumperbot_utils', 'symlink_install': False, 'test_result_base': None}
[0.922s] INFO:colcon.colcon_core.executor:Executing jobs using 'parallel' executor
[0.923s] DEBUG:colcon.colcon_parallel_executor.executor.parallel:run_until_complete
[0.923s] INFO:colcon.colcon_ros.task.ament_cmake.build:Building ROS package in '/root/AGV/bumperbot_ws/src/bumperbot_controller' with build type 'ament_cmake'
[0.923s] INFO:colcon.colcon_cmake.task.cmake.build:Building CMake package in '/root/AGV/bumperbot_ws/src/bumperbot_controller'
[0.932s] INFO:colcon.colcon_core.plugin_system:Skipping extension 'colcon_core.shell.bat': Not used on non-Windows systems
[0.932s] INFO:colcon.colcon_core.shell:Skip shell extension 'powershell' for command environment: Not usable outside of PowerShell
[0.932s] DEBUG:colcon.colcon_core.shell:Skip shell extension 'dsv' for command environment
[0.937s] INFO:colcon.colcon_ros.task.ament_cmake.build:Building ROS package in '/root/AGV/bumperbot_ws/src/bumperbot_cpp_examples' with build type 'ament_cmake'
[0.937s] INFO:colcon.colcon_cmake.task.cmake.build:Building CMake package in '/root/AGV/bumperbot_ws/src/bumperbot_cpp_examples'
[0.938s] INFO:colcon.colcon_core.shell:Skip shell extension 'powershell' for command environment: Not usable outside of PowerShell
[0.938s] DEBUG:colcon.colcon_core.shell:Skip shell extension 'dsv' for command environment
[0.941s] INFO:colcon.colcon_ros.task.ament_cmake.build:Building ROS package in '/root/AGV/bumperbot_ws/src/bumperbot_description' with build type 'ament_cmake'
[0.941s] INFO:colcon.colcon_cmake.task.cmake.build:Building CMake package in '/root/AGV/bumperbot_ws/src/bumperbot_description'
[0.942s] INFO:colcon.colcon_core.shell:Skip shell extension 'powershell' for command environment: Not usable outside of PowerShell
[0.942s] DEBUG:colcon.colcon_core.shell:Skip shell extension 'dsv' for command environment
[0.944s] INFO:colcon.colcon_ros.task.ament_cmake.build:Building ROS package in '/root/AGV/bumperbot_ws/src/bumperbot_firmware' with build type 'ament_cmake'
[0.944s] INFO:colcon.colcon_cmake.task.cmake.build:Building CMake package in '/root/AGV/bumperbot_ws/src/bumperbot_firmware'
[0.944s] INFO:colcon.colcon_core.shell:Skip shell extension 'powershell' for command environment: Not usable outside of PowerShell
[0.944s] DEBUG:colcon.colcon_core.shell:Skip shell extension 'dsv' for command environment
[0.947s] INFO:colcon.colcon_ros.task.ament_cmake.build:Building ROS package in '/root/AGV/bumperbot_ws/src/bumperbot_localization' with build type 'ament_cmake'
[0.948s] INFO:colcon.colcon_cmake.task.cmake.build:Building CMake package in '/root/AGV/bumperbot_ws/src/bumperbot_localization'
[0.948s] INFO:colcon.colcon_core.shell:Skip shell extension 'powershell' for command environment: Not usable outside of PowerShell
[0.948s] DEBUG:colcon.colcon_core.shell:Skip shell extension 'dsv' for command environment
[0.954s] INFO:colcon.colcon_ros.task.ament_cmake.build:Building ROS package in '/root/AGV/bumperbot_ws/src/bumperbot_mapping' with build type 'ament_cmake'
[0.955s] INFO:colcon.colcon_cmake.task.cmake.build:Building CMake package in '/root/AGV/bumperbot_ws/src/bumperbot_mapping'
[0.955s] INFO:colcon.colcon_core.shell:Skip shell extension 'powershell' for command environment: Not usable outside of PowerShell
[0.955s] DEBUG:colcon.colcon_core.shell:Skip shell extension 'dsv' for command environment
[0.959s] INFO:colcon.colcon_ros.task.ament_python.build:Building ROS package in '/root/AGV/bumperbot_ws/src/bumperbot_py_examples' with build type 'ament_python'
[0.959s] Level 1:colcon.colcon_core.shell:create_environment_hook('bumperbot_py_examples', 'ament_prefix_path')
[0.959s] INFO:colcon.colcon_core.shell:Creating environment hook '/root/AGV/bumperbot_ws/install/bumperbot_py_examples/share/bumperbot_py_examples/hook/ament_prefix_path.ps1'
[0.961s] INFO:colcon.colcon_core.shell:Creating environment descriptor '/root/AGV/bumperbot_ws/install/bumperbot_py_examples/share/bumperbot_py_examples/hook/ament_prefix_path.dsv'
[0.961s] INFO:colcon.colcon_core.shell:Creating environment hook '/root/AGV/bumperbot_ws/install/bumperbot_py_examples/share/bumperbot_py_examples/hook/ament_prefix_path.sh'
[0.962s] INFO:colcon.colcon_core.shell:Skip shell extension 'powershell' for command environment: Not usable outside of PowerShell
[0.962s] DEBUG:colcon.colcon_core.shell:Skip shell extension 'dsv' for command environment
[0.964s] INFO:colcon.colcon_ros.task.ament_cmake.build:Building ROS package in '/root/AGV/bumperbot_ws/src/bumperbot_utils' with build type 'ament_cmake'
[0.964s] INFO:colcon.colcon_cmake.task.cmake.build:Building CMake package in '/root/AGV/bumperbot_ws/src/bumperbot_utils'
[0.965s] INFO:colcon.colcon_core.shell:Skip shell extension 'powershell' for command environment: Not usable outside of PowerShell
[0.965s] DEBUG:colcon.colcon_core.shell:Skip shell extension 'dsv' for command environment
[0.974s] DEBUG:colcon.colcon_core.event_handler.log_command:Invoking command in '/root/AGV/bumperbot_ws/build/bumperbot_controller': CMAKE_PREFIX_PATH=/opt/ros/humble /usr/bin/cmake /root/AGV/bumperbot_ws/src/bumperbot_controller -DCMAKE_INSTALL_PREFIX=/root/AGV/bumperbot_ws/install/bumperbot_controller
[0.979s] DEBUG:colcon.colcon_core.event_handler.log_command:Invoking command in '/root/AGV/bumperbot_ws/build/bumperbot_cpp_examples': CMAKE_PREFIX_PATH=/opt/ros/humble /usr/bin/cmake /root/AGV/bumperbot_ws/src/bumperbot_cpp_examples -DCMAKE_INSTALL_PREFIX=/root/AGV/bumperbot_ws/install/bumperbot_cpp_examples
[0.988s] DEBUG:colcon.colcon_core.event_handler.log_command:Invoking command in '/root/AGV/bumperbot_ws/build/bumperbot_description': CMAKE_PREFIX_PATH=/opt/ros/humble /usr/bin/cmake /root/AGV/bumperbot_ws/src/bumperbot_description -DCMAKE_INSTALL_PREFIX=/root/AGV/bumperbot_ws/install/bumperbot_description
[0.991s] DEBUG:colcon.colcon_core.event_handler.log_command:Invoking command in '/root/AGV/bumperbot_ws/build/bumperbot_firmware': CMAKE_PREFIX_PATH=/opt/ros/humble /usr/bin/cmake /root/AGV/bumperbot_ws/src/bumperbot_firmware -DCMAKE_INSTALL_PREFIX=/root/AGV/bumperbot_ws/install/bumperbot_firmware
[0.994s] DEBUG:colcon.colcon_core.event_handler.log_command:Invoking command in '/root/AGV/bumperbot_ws/build/bumperbot_localization': CMAKE_PREFIX_PATH=/opt/ros/humble /usr/bin/cmake /root/AGV/bumperbot_ws/src/bumperbot_localization -DCMAKE_INSTALL_PREFIX=/root/AGV/bumperbot_ws/install/bumperbot_localization
[0.995s] DEBUG:colcon.colcon_core.event_handler.log_command:Invoking command in '/root/AGV/bumperbot_ws/build/bumperbot_mapping': CMAKE_PREFIX_PATH=/opt/ros/humble /usr/bin/cmake /root/AGV/bumperbot_ws/src/bumperbot_mapping -DCMAKE_INSTALL_PREFIX=/root/AGV/bumperbot_ws/install/bumperbot_mapping
[1.341s] INFO:colcon.colcon_core.task.python.build:Building Python package in '/root/AGV/bumperbot_ws/src/bumperbot_py_examples'
[1.341s] INFO:colcon.colcon_core.shell:Skip shell extension 'powershell' for command environment: Not usable outside of PowerShell
[1.341s] DEBUG:colcon.colcon_core.shell:Skip shell extension 'dsv' for command environment
[1.364s] DEBUG:colcon.colcon_core.event_handler.log_command:Invoking command in '/root/AGV/bumperbot_ws/build/bumperbot_utils': CMAKE_PREFIX_PATH=/opt/ros/humble /usr/bin/cmake /root/AGV/bumperbot_ws/src/bumperbot_utils -DCMAKE_INSTALL_PREFIX=/root/AGV/bumperbot_ws/install/bumperbot_utils
[2.127s] DEBUG:colcon.colcon_core.event_handler.log_command:Invoking command in '/root/AGV/bumperbot_ws/src/bumperbot_py_examples': PYTHONPATH=/root/AGV/bumperbot_ws/build/bumperbot_py_examples/prefix_override:/usr/lib/python3/dist-packages/colcon_core/task/python/colcon_distutils_commands:/root/AGV/bumperbot_ws/install/bumperbot_py_examples/lib/python3.10/site-packages:${PYTHONPATH} /usr/bin/python3 -W ignore:setup.py install is deprecated setup.py egg_info --egg-base ../../build/bumperbot_py_examples build --build-base /root/AGV/bumperbot_ws/build/bumperbot_py_examples/build install --record /root/AGV/bumperbot_ws/build/bumperbot_py_examples/install.log --single-version-externally-managed install_data
[2.802s] DEBUG:colcon.colcon_core.event_handler.log_command:Invoked command in '/root/AGV/bumperbot_ws/build/bumperbot_mapping' returned '0': CMAKE_PREFIX_PATH=/opt/ros/humble /usr/bin/cmake /root/AGV/bumperbot_ws/src/bumperbot_mapping -DCMAKE_INSTALL_PREFIX=/root/AGV/bumperbot_ws/install/bumperbot_mapping
[2.803s] DEBUG:colcon.colcon_core.event_handler.log_command:Invoking command in '/root/AGV/bumperbot_ws/build/bumperbot_mapping': CMAKE_PREFIX_PATH=/opt/ros/humble /usr/bin/cmake --build /root/AGV/bumperbot_ws/build/bumperbot_mapping -- -j8 -l8
[2.807s] DEBUG:colcon.colcon_core.event_handler.log_command:Invoked command in '/root/AGV/bumperbot_ws/build/bumperbot_cpp_examples' returned '0': CMAKE_PREFIX_PATH=/opt/ros/humble /usr/bin/cmake /root/AGV/bumperbot_ws/src/bumperbot_cpp_examples -DCMAKE_INSTALL_PREFIX=/root/AGV/bumperbot_ws/install/bumperbot_cpp_examples
[2.807s] DEBUG:colcon.colcon_core.event_handler.log_command:Invoking command in '/root/AGV/bumperbot_ws/build/bumperbot_cpp_examples': CMAKE_PREFIX_PATH=/opt/ros/humble /usr/bin/cmake --build /root/AGV/bumperbot_ws/build/bumperbot_cpp_examples -- -j8 -l8
[2.809s] DEBUG:colcon.colcon_core.event_handler.log_command:Invoked command in '/root/AGV/bumperbot_ws/src/bumperbot_py_examples' returned '0': PYTHONPATH=/root/AGV/bumperbot_ws/build/bumperbot_py_examples/prefix_override:/usr/lib/python3/dist-packages/colcon_core/task/python/colcon_distutils_commands:/root/AGV/bumperbot_ws/install/bumperbot_py_examples/lib/python3.10/site-packages:${PYTHONPATH} /usr/bin/python3 -W ignore:setup.py install is deprecated setup.py egg_info --egg-base ../../build/bumperbot_py_examples build --build-base /root/AGV/bumperbot_ws/build/bumperbot_py_examples/build install --record /root/AGV/bumperbot_ws/build/bumperbot_py_examples/install.log --single-version-externally-managed install_data
[2.821s] Level 1:colcon.colcon_core.environment:checking '/root/AGV/bumperbot_ws/install/bumperbot_py_examples' for CMake module files
[2.822s] Level 1:colcon.colcon_core.environment:checking '/root/AGV/bumperbot_ws/install/bumperbot_py_examples' for CMake config files
[2.823s] Level 1:colcon.colcon_core.environment:checking '/root/AGV/bumperbot_ws/install/bumperbot_py_examples/lib'
[2.823s] Level 1:colcon.colcon_core.environment:checking '/root/AGV/bumperbot_ws/install/bumperbot_py_examples/bin'
[2.823s] Level 1:colcon.colcon_core.environment:checking '/root/AGV/bumperbot_ws/install/bumperbot_py_examples/lib/pkgconfig/bumperbot_py_examples.pc'
[2.823s] Level 1:colcon.colcon_core.environment:checking '/root/AGV/bumperbot_ws/install/bumperbot_py_examples/lib/python3.10/site-packages'
[2.824s] Level 1:colcon.colcon_core.shell:create_environment_hook('bumperbot_py_examples', 'pythonpath')
[2.824s] INFO:colcon.colcon_core.shell:Creating environment hook '/root/AGV/bumperbot_ws/install/bumperbot_py_examples/share/bumperbot_py_examples/hook/pythonpath.ps1'
[2.825s] INFO:colcon.colcon_core.shell:Creating environment descriptor '/root/AGV/bumperbot_ws/install/bumperbot_py_examples/share/bumperbot_py_examples/hook/pythonpath.dsv'
[2.825s] INFO:colcon.colcon_core.shell:Creating environment hook '/root/AGV/bumperbot_ws/install/bumperbot_py_examples/share/bumperbot_py_examples/hook/pythonpath.sh'
[2.826s] Level 1:colcon.colcon_core.environment:checking '/root/AGV/bumperbot_ws/install/bumperbot_py_examples/bin'
[2.826s] Level 1:colcon.colcon_core.environment:create_environment_scripts_only(bumperbot_py_examples)
[2.826s] INFO:colcon.colcon_core.shell:Creating package script '/root/AGV/bumperbot_ws/install/bumperbot_py_examples/share/bumperbot_py_examples/package.ps1'
[2.828s] INFO:colcon.colcon_core.shell:Creating package descriptor '/root/AGV/bumperbot_ws/install/bumperbot_py_examples/share/bumperbot_py_examples/package.dsv'
[2.829s] INFO:colcon.colcon_core.shell:Creating package script '/root/AGV/bumperbot_ws/install/bumperbot_py_examples/share/bumperbot_py_examples/package.sh'
[2.830s] INFO:colcon.colcon_core.shell:Creating package script '/root/AGV/bumperbot_ws/install/bumperbot_py_examples/share/bumperbot_py_examples/package.bash'
[2.831s] INFO:colcon.colcon_core.shell:Creating package script '/root/AGV/bumperbot_ws/install/bumperbot_py_examples/share/bumperbot_py_examples/package.zsh'
[2.832s] Level 1:colcon.colcon_core.environment:create_file_with_runtime_dependencies(/root/AGV/bumperbot_ws/install/bumperbot_py_examples/share/colcon-core/packages/bumperbot_py_examples)
[2.845s] DEBUG:colcon.colcon_core.event_handler.log_command:Invoked command in '/root/AGV/bumperbot_ws/build/bumperbot_mapping' returned '0': CMAKE_PREFIX_PATH=/opt/ros/humble /usr/bin/cmake --build /root/AGV/bumperbot_ws/build/bumperbot_mapping -- -j8 -l8
[2.855s] DEBUG:colcon.colcon_core.event_handler.log_command:Invoked command in '/root/AGV/bumperbot_ws/build/bumperbot_cpp_examples' returned '0': CMAKE_PREFIX_PATH=/opt/ros/humble /usr/bin/cmake --build /root/AGV/bumperbot_ws/build/bumperbot_cpp_examples -- -j8 -l8
[2.905s] DEBUG:colcon.colcon_core.event_handler.log_command:Invoking command in '/root/AGV/bumperbot_ws/build/bumperbot_mapping': CMAKE_PREFIX_PATH=/opt/ros/humble /usr/bin/cmake --install /root/AGV/bumperbot_ws/build/bumperbot_mapping
[2.908s] DEBUG:colcon.colcon_core.event_handler.log_command:Invoking command in '/root/AGV/bumperbot_ws/build/bumperbot_cpp_examples': CMAKE_PREFIX_PATH=/opt/ros/humble /usr/bin/cmake --install /root/AGV/bumperbot_ws/build/bumperbot_cpp_examples
[2.920s] Level 1:colcon.colcon_core.environment:create_environment_scripts_only(bumperbot_mapping)
[2.920s] Level 1:colcon.colcon_core.environment:checking '/root/AGV/bumperbot_ws/install/bumperbot_mapping' for CMake module files
[2.922s] DEBUG:colcon.colcon_core.event_handler.log_command:Invoked command in '/root/AGV/bumperbot_ws/build/bumperbot_mapping' returned '0': CMAKE_PREFIX_PATH=/opt/ros/humble /usr/bin/cmake --install /root/AGV/bumperbot_ws/build/bumperbot_mapping
[2.923s] Level 1:colcon.colcon_core.environment:checking '/root/AGV/bumperbot_ws/install/bumperbot_mapping' for CMake config files
[2.924s] Level 1:colcon.colcon_core.shell:create_environment_hook('bumperbot_mapping', 'cmake_prefix_path')
[2.924s] INFO:colcon.colcon_core.shell:Creating environment hook '/root/AGV/bumperbot_ws/install/bumperbot_mapping/share/bumperbot_mapping/hook/cmake_prefix_path.ps1'
[2.924s] INFO:colcon.colcon_core.shell:Creating environment descriptor '/root/AGV/bumperbot_ws/install/bumperbot_mapping/share/bumperbot_mapping/hook/cmake_prefix_path.dsv'
[2.925s] INFO:colcon.colcon_core.shell:Creating environment hook '/root/AGV/bumperbot_ws/install/bumperbot_mapping/share/bumperbot_mapping/hook/cmake_prefix_path.sh'
[2.925s] Level 1:colcon.colcon_core.environment:checking '/root/AGV/bumperbot_ws/install/bumperbot_mapping/bin'
[2.925s] Level 1:colcon.colcon_core.environment:checking '/root/AGV/bumperbot_ws/install/bumperbot_mapping/lib/pkgconfig/bumperbot_mapping.pc'
[2.926s] Level 1:colcon.colcon_core.environment:checking '/root/AGV/bumperbot_ws/install/bumperbot_mapping/lib/python3.10/site-packages'
[2.926s] Level 1:colcon.colcon_core.environment:checking '/root/AGV/bumperbot_ws/install/bumperbot_mapping/bin'
[2.926s] INFO:colcon.colcon_core.shell:Creating package script '/root/AGV/bumperbot_ws/install/bumperbot_mapping/share/bumperbot_mapping/package.ps1'
[2.928s] INFO:colcon.colcon_core.shell:Creating package descriptor '/root/AGV/bumperbot_ws/install/bumperbot_mapping/share/bumperbot_mapping/package.dsv'
[2.929s] INFO:colcon.colcon_core.shell:Creating package script '/root/AGV/bumperbot_ws/install/bumperbot_mapping/share/bumperbot_mapping/package.sh'
[2.930s] INFO:colcon.colcon_core.shell:Creating package script '/root/AGV/bumperbot_ws/install/bumperbot_mapping/share/bumperbot_mapping/package.bash'
[2.931s] INFO:colcon.colcon_core.shell:Creating package script '/root/AGV/bumperbot_ws/install/bumperbot_mapping/share/bumperbot_mapping/package.zsh'
[2.931s] Level 1:colcon.colcon_core.environment:create_file_with_runtime_dependencies(/root/AGV/bumperbot_ws/install/bumperbot_mapping/share/colcon-core/packages/bumperbot_mapping)
[2.935s] Level 1:colcon.colcon_core.environment:create_environment_scripts_only(bumperbot_cpp_examples)
[2.935s] Level 1:colcon.colcon_core.environment:checking '/root/AGV/bumperbot_ws/install/bumperbot_cpp_examples' for CMake module files
[2.936s] DEBUG:colcon.colcon_core.event_handler.log_command:Invoked command in '/root/AGV/bumperbot_ws/build/bumperbot_cpp_examples' returned '0': CMAKE_PREFIX_PATH=/opt/ros/humble /usr/bin/cmake --install /root/AGV/bumperbot_ws/build/bumperbot_cpp_examples
[2.937s] Level 1:colcon.colcon_core.environment:checking '/root/AGV/bumperbot_ws/install/bumperbot_cpp_examples' for CMake config files
[2.937s] Level 1:colcon.colcon_core.shell:create_environment_hook('bumperbot_cpp_examples', 'cmake_prefix_path')
[2.938s] INFO:colcon.colcon_core.shell:Creating environment hook '/root/AGV/bumperbot_ws/install/bumperbot_cpp_examples/share/bumperbot_cpp_examples/hook/cmake_prefix_path.ps1'
[2.939s] INFO:colcon.colcon_core.shell:Creating environment descriptor '/root/AGV/bumperbot_ws/install/bumperbot_cpp_examples/share/bumperbot_cpp_examples/hook/cmake_prefix_path.dsv'
[2.939s] INFO:colcon.colcon_core.shell:Creating environment hook '/root/AGV/bumperbot_ws/install/bumperbot_cpp_examples/share/bumperbot_cpp_examples/hook/cmake_prefix_path.sh'
[2.940s] Level 1:colcon.colcon_core.environment:checking '/root/AGV/bumperbot_ws/install/bumperbot_cpp_examples/bin'
[2.940s] Level 1:colcon.colcon_core.environment:checking '/root/AGV/bumperbot_ws/install/bumperbot_cpp_examples/lib/pkgconfig/bumperbot_cpp_examples.pc'
[2.940s] Level 1:colcon.colcon_core.environment:checking '/root/AGV/bumperbot_ws/install/bumperbot_cpp_examples/lib/python3.10/site-packages'
[2.940s] Level 1:colcon.colcon_core.environment:checking '/root/AGV/bumperbot_ws/install/bumperbot_cpp_examples/bin'
[2.941s] INFO:colcon.colcon_core.shell:Creating package script '/root/AGV/bumperbot_ws/install/bumperbot_cpp_examples/share/bumperbot_cpp_examples/package.ps1'
[2.941s] INFO:colcon.colcon_core.shell:Creating package descriptor '/root/AGV/bumperbot_ws/install/bumperbot_cpp_examples/share/bumperbot_cpp_examples/package.dsv'
[2.942s] INFO:colcon.colcon_core.shell:Creating package script '/root/AGV/bumperbot_ws/install/bumperbot_cpp_examples/share/bumperbot_cpp_examples/package.sh'
[2.943s] INFO:colcon.colcon_core.shell:Creating package script '/root/AGV/bumperbot_ws/install/bumperbot_cpp_examples/share/bumperbot_cpp_examples/package.bash'
[2.943s] INFO:colcon.colcon_core.shell:Creating package script '/root/AGV/bumperbot_ws/install/bumperbot_cpp_examples/share/bumperbot_cpp_examples/package.zsh'
[2.944s] Level 1:colcon.colcon_core.environment:create_file_with_runtime_dependencies(/root/AGV/bumperbot_ws/install/bumperbot_cpp_examples/share/colcon-core/packages/bumperbot_cpp_examples)
[2.948s] DEBUG:colcon.colcon_core.event_handler.log_command:Invoked command in '/root/AGV/bumperbot_ws/build/bumperbot_description' returned '0': CMAKE_PREFIX_PATH=/opt/ros/humble /usr/bin/cmake /root/AGV/bumperbot_ws/src/bumperbot_description -DCMAKE_INSTALL_PREFIX=/root/AGV/bumperbot_ws/install/bumperbot_description
[2.950s] DEBUG:colcon.colcon_core.event_handler.log_command:Invoking command in '/root/AGV/bumperbot_ws/build/bumperbot_description': CMAKE_PREFIX_PATH=/opt/ros/humble /usr/bin/cmake --build /root/AGV/bumperbot_ws/build/bumperbot_description -- -j8 -l8
[2.964s] Level 1:colcon.colcon_core.environment:create_environment_scripts_only(bumperbot_mapping)
[2.965s] Level 1:colcon.colcon_core.environment:checking '/root/AGV/bumperbot_ws/install/bumperbot_mapping' for CMake module files
[2.966s] Level 1:colcon.colcon_core.environment:checking '/root/AGV/bumperbot_ws/install/bumperbot_mapping' for CMake config files
[2.967s] Level 1:colcon.colcon_core.shell:create_environment_hook('bumperbot_mapping', 'cmake_prefix_path')
[2.967s] INFO:colcon.colcon_core.shell:Creating environment hook '/root/AGV/bumperbot_ws/install/bumperbot_mapping/share/bumperbot_mapping/hook/cmake_prefix_path.ps1'
[2.968s] INFO:colcon.colcon_core.shell:Creating environment descriptor '/root/AGV/bumperbot_ws/install/bumperbot_mapping/share/bumperbot_mapping/hook/cmake_prefix_path.dsv'
[2.968s] INFO:colcon.colcon_core.shell:Creating environment hook '/root/AGV/bumperbot_ws/install/bumperbot_mapping/share/bumperbot_mapping/hook/cmake_prefix_path.sh'
[2.969s] Level 1:colcon.colcon_core.environment:checking '/root/AGV/bumperbot_ws/install/bumperbot_mapping/bin'
[2.969s] Level 1:colcon.colcon_core.environment:checking '/root/AGV/bumperbot_ws/install/bumperbot_mapping/lib/pkgconfig/bumperbot_mapping.pc'
[2.970s] Level 1:colcon.colcon_core.environment:checking '/root/AGV/bumperbot_ws/install/bumperbot_mapping/lib/python3.10/site-packages'
[2.970s] Level 1:colcon.colcon_core.environment:checking '/root/AGV/bumperbot_ws/install/bumperbot_mapping/bin'
[2.970s] INFO:colcon.colcon_core.shell:Creating package script '/root/AGV/bumperbot_ws/install/bumperbot_mapping/share/bumperbot_mapping/package.ps1'
[2.971s] INFO:colcon.colcon_core.shell:Creating package descriptor '/root/AGV/bumperbot_ws/install/bumperbot_mapping/share/bumperbot_mapping/package.dsv'
[2.972s] INFO:colcon.colcon_core.shell:Creating package script '/root/AGV/bumperbot_ws/install/bumperbot_mapping/share/bumperbot_mapping/package.sh'
[2.972s] INFO:colcon.colcon_core.shell:Creating package script '/root/AGV/bumperbot_ws/install/bumperbot_mapping/share/bumperbot_mapping/package.bash'
[2.973s] INFO:colcon.colcon_core.shell:Creating package script '/root/AGV/bumperbot_ws/install/bumperbot_mapping/share/bumperbot_mapping/package.zsh'
[2.973s] Level 1:colcon.colcon_core.environment:create_file_with_runtime_dependencies(/root/AGV/bumperbot_ws/install/bumperbot_mapping/share/colcon-core/packages/bumperbot_mapping)
[2.978s] Level 1:colcon.colcon_core.environment:create_environment_scripts_only(bumperbot_cpp_examples)
[2.978s] Level 1:colcon.colcon_core.environment:checking '/root/AGV/bumperbot_ws/install/bumperbot_cpp_examples' for CMake module files
[2.979s] Level 1:colcon.colcon_core.environment:checking '/root/AGV/bumperbot_ws/install/bumperbot_cpp_examples' for CMake config files
[2.979s] Level 1:colcon.colcon_core.shell:create_environment_hook('bumperbot_cpp_examples', 'cmake_prefix_path')
[2.979s] INFO:colcon.colcon_core.shell:Creating environment hook '/root/AGV/bumperbot_ws/install/bumperbot_cpp_examples/share/bumperbot_cpp_examples/hook/cmake_prefix_path.ps1'
[2.980s] INFO:colcon.colcon_core.shell:Creating environment descriptor '/root/AGV/bumperbot_ws/install/bumperbot_cpp_examples/share/bumperbot_cpp_examples/hook/cmake_prefix_path.dsv'
[2.981s] INFO:colcon.colcon_core.shell:Creating environment hook '/root/AGV/bumperbot_ws/install/bumperbot_cpp_examples/share/bumperbot_cpp_examples/hook/cmake_prefix_path.sh'
[2.982s] Level 1:colcon.colcon_core.environment:checking '/root/AGV/bumperbot_ws/install/bumperbot_cpp_examples/bin'
[2.982s] Level 1:colcon.colcon_core.environment:checking '/root/AGV/bumperbot_ws/install/bumperbot_cpp_examples/lib/pkgconfig/bumperbot_cpp_examples.pc'
[2.982s] Level 1:colcon.colcon_core.environment:checking '/root/AGV/bumperbot_ws/install/bumperbot_cpp_examples/lib/python3.10/site-packages'
[2.983s] Level 1:colcon.colcon_core.environment:checking '/root/AGV/bumperbot_ws/install/bumperbot_cpp_examples/bin'
[2.983s] INFO:colcon.colcon_core.shell:Creating package script '/root/AGV/bumperbot_ws/install/bumperbot_cpp_examples/share/bumperbot_cpp_examples/package.ps1'
[2.984s] INFO:colcon.colcon_core.shell:Creating package descriptor '/root/AGV/bumperbot_ws/install/bumperbot_cpp_examples/share/bumperbot_cpp_examples/package.dsv'
[2.985s] INFO:colcon.colcon_core.shell:Creating package script '/root/AGV/bumperbot_ws/install/bumperbot_cpp_examples/share/bumperbot_cpp_examples/package.sh'
[2.986s] INFO:colcon.colcon_core.shell:Creating package script '/root/AGV/bumperbot_ws/install/bumperbot_cpp_examples/share/bumperbot_cpp_examples/package.bash'
[2.989s] INFO:colcon.colcon_core.shell:Creating package script '/root/AGV/bumperbot_ws/install/bumperbot_cpp_examples/share/bumperbot_cpp_examples/package.zsh'
[2.990s] Level 1:colcon.colcon_core.environment:create_file_with_runtime_dependencies(/root/AGV/bumperbot_ws/install/bumperbot_cpp_examples/share/colcon-core/packages/bumperbot_cpp_examples)
[2.998s] DEBUG:colcon.colcon_core.event_handler.log_command:Invoked command in '/root/AGV/bumperbot_ws/build/bumperbot_description' returned '0': CMAKE_PREFIX_PATH=/opt/ros/humble /usr/bin/cmake --build /root/AGV/bumperbot_ws/build/bumperbot_description -- -j8 -l8
[3.027s] DEBUG:colcon.colcon_core.event_handler.log_command:Invoking command in '/root/AGV/bumperbot_ws/build/bumperbot_description': CMAKE_PREFIX_PATH=/opt/ros/humble /usr/bin/cmake --install /root/AGV/bumperbot_ws/build/bumperbot_description
[3.804s] Level 1:colcon.colcon_core.environment:create_environment_scripts_only(bumperbot_description)
[3.805s] Level 1:colcon.colcon_core.environment:checking '/root/AGV/bumperbot_ws/install/bumperbot_description' for CMake module files
[3.806s] DEBUG:colcon.colcon_core.event_handler.log_command:Invoked command in '/root/AGV/bumperbot_ws/build/bumperbot_description' returned '0': CMAKE_PREFIX_PATH=/opt/ros/humble /usr/bin/cmake --install /root/AGV/bumperbot_ws/build/bumperbot_description
[3.806s] Level 1:colcon.colcon_core.environment:checking '/root/AGV/bumperbot_ws/install/bumperbot_description' for CMake config files
[3.806s] Level 1:colcon.colcon_core.shell:create_environment_hook('bumperbot_description', 'cmake_prefix_path')
[3.807s] INFO:colcon.colcon_core.shell:Creating environment hook '/root/AGV/bumperbot_ws/install/bumperbot_description/share/bumperbot_description/hook/cmake_prefix_path.ps1'
[3.808s] INFO:colcon.colcon_core.shell:Creating environment descriptor '/root/AGV/bumperbot_ws/install/bumperbot_description/share/bumperbot_description/hook/cmake_prefix_path.dsv'
[3.808s] INFO:colcon.colcon_core.shell:Creating environment hook '/root/AGV/bumperbot_ws/install/bumperbot_description/share/bumperbot_description/hook/cmake_prefix_path.sh'
[3.809s] Level 1:colcon.colcon_core.environment:checking '/root/AGV/bumperbot_ws/install/bumperbot_description/bin'
[3.809s] Level 1:colcon.colcon_core.environment:checking '/root/AGV/bumperbot_ws/install/bumperbot_description/lib/pkgconfig/bumperbot_description.pc'
[3.809s] Level 1:colcon.colcon_core.environment:checking '/root/AGV/bumperbot_ws/install/bumperbot_description/lib/python3.10/site-packages'
[3.809s] Level 1:colcon.colcon_core.environment:checking '/root/AGV/bumperbot_ws/install/bumperbot_description/bin'
[3.810s] INFO:colcon.colcon_core.shell:Creating package script '/root/AGV/bumperbot_ws/install/bumperbot_description/share/bumperbot_description/package.ps1'
[3.811s] INFO:colcon.colcon_core.shell:Creating package descriptor '/root/AGV/bumperbot_ws/install/bumperbot_description/share/bumperbot_description/package.dsv'
[3.811s] INFO:colcon.colcon_core.shell:Creating package script '/root/AGV/bumperbot_ws/install/bumperbot_description/share/bumperbot_description/package.sh'
[3.812s] INFO:colcon.colcon_core.shell:Creating package script '/root/AGV/bumperbot_ws/install/bumperbot_description/share/bumperbot_description/package.bash'
[3.813s] INFO:colcon.colcon_core.shell:Creating package script '/root/AGV/bumperbot_ws/install/bumperbot_description/share/bumperbot_description/package.zsh'
[3.813s] Level 1:colcon.colcon_core.environment:create_file_with_runtime_dependencies(/root/AGV/bumperbot_ws/install/bumperbot_description/share/colcon-core/packages/bumperbot_description)
[3.836s] Level 1:colcon.colcon_core.environment:create_environment_scripts_only(bumperbot_description)
[3.836s] Level 1:colcon.colcon_core.environment:checking '/root/AGV/bumperbot_ws/install/bumperbot_description' for CMake module files
[3.837s] Level 1:colcon.colcon_core.environment:checking '/root/AGV/bumperbot_ws/install/bumperbot_description' for CMake config files
[3.837s] Level 1:colcon.colcon_core.shell:create_environment_hook('bumperbot_description', 'cmake_prefix_path')
[3.837s] INFO:colcon.colcon_core.shell:Creating environment hook '/root/AGV/bumperbot_ws/install/bumperbot_description/share/bumperbot_description/hook/cmake_prefix_path.ps1'
[3.838s] INFO:colcon.colcon_core.shell:Creating environment descriptor '/root/AGV/bumperbot_ws/install/bumperbot_description/share/bumperbot_description/hook/cmake_prefix_path.dsv'
[3.838s] INFO:colcon.colcon_core.shell:Creating environment hook '/root/AGV/bumperbot_ws/install/bumperbot_description/share/bumperbot_description/hook/cmake_prefix_path.sh'
[3.839s] Level 1:colcon.colcon_core.environment:checking '/root/AGV/bumperbot_ws/install/bumperbot_description/bin'
[3.839s] Level 1:colcon.colcon_core.environment:checking '/root/AGV/bumperbot_ws/install/bumperbot_description/lib/pkgconfig/bumperbot_description.pc'
[3.840s] Level 1:colcon.colcon_core.environment:checking '/root/AGV/bumperbot_ws/install/bumperbot_description/lib/python3.10/site-packages'
[3.840s] Level 1:colcon.colcon_core.environment:checking '/root/AGV/bumperbot_ws/install/bumperbot_description/bin'
[3.840s] INFO:colcon.colcon_core.shell:Creating package script '/root/AGV/bumperbot_ws/install/bumperbot_description/share/bumperbot_description/package.ps1'
[3.842s] INFO:colcon.colcon_core.shell:Creating package descriptor '/root/AGV/bumperbot_ws/install/bumperbot_description/share/bumperbot_description/package.dsv'
[3.843s] INFO:colcon.colcon_core.shell:Creating package script '/root/AGV/bumperbot_ws/install/bumperbot_description/share/bumperbot_description/package.sh'
[3.844s] INFO:colcon.colcon_core.shell:Creating package script '/root/AGV/bumperbot_ws/install/bumperbot_description/share/bumperbot_description/package.bash'
[3.845s] INFO:colcon.colcon_core.shell:Creating package script '/root/AGV/bumperbot_ws/install/bumperbot_description/share/bumperbot_description/package.zsh'
[3.846s] Level 1:colcon.colcon_core.environment:create_file_with_runtime_dependencies(/root/AGV/bumperbot_ws/install/bumperbot_description/share/colcon-core/packages/bumperbot_description)
[5.108s] DEBUG:colcon.colcon_core.event_handler.log_command:Invoked command in '/root/AGV/bumperbot_ws/build/bumperbot_localization' returned '0': CMAKE_PREFIX_PATH=/opt/ros/humble /usr/bin/cmake /root/AGV/bumperbot_ws/src/bumperbot_localization -DCMAKE_INSTALL_PREFIX=/root/AGV/bumperbot_ws/install/bumperbot_localization
[5.111s] DEBUG:colcon.colcon_core.event_handler.log_command:Invoking command in '/root/AGV/bumperbot_ws/build/bumperbot_localization': CMAKE_PREFIX_PATH=/opt/ros/humble /usr/bin/cmake --build /root/AGV/bumperbot_ws/build/bumperbot_localization -- -j8 -l8
[5.303s] DEBUG:colcon.colcon_core.event_handler.log_command:Invoked command in '/root/AGV/bumperbot_ws/build/bumperbot_controller' returned '0': CMAKE_PREFIX_PATH=/opt/ros/humble /usr/bin/cmake /root/AGV/bumperbot_ws/src/bumperbot_controller -DCMAKE_INSTALL_PREFIX=/root/AGV/bumperbot_ws/install/bumperbot_controller
[5.305s] DEBUG:colcon.colcon_core.event_handler.log_command:Invoking command in '/root/AGV/bumperbot_ws/build/bumperbot_controller': CMAKE_PREFIX_PATH=/opt/ros/humble /usr/bin/cmake --build /root/AGV/bumperbot_ws/build/bumperbot_controller -- -j8 -l8
[5.338s] DEBUG:colcon.colcon_core.event_handler.log_command:Invoked command in '/root/AGV/bumperbot_ws/build/bumperbot_utils' returned '0': CMAKE_PREFIX_PATH=/opt/ros/humble /usr/bin/cmake /root/AGV/bumperbot_ws/src/bumperbot_utils -DCMAKE_INSTALL_PREFIX=/root/AGV/bumperbot_ws/install/bumperbot_utils
[5.340s] DEBUG:colcon.colcon_core.event_handler.log_command:Invoking command in '/root/AGV/bumperbot_ws/build/bumperbot_utils': CMAKE_PREFIX_PATH=/opt/ros/humble /usr/bin/cmake --build /root/AGV/bumperbot_ws/build/bumperbot_utils -- -j8 -l8
[6.199s] DEBUG:colcon.colcon_core.event_handler.log_command:Invoked command in '/root/AGV/bumperbot_ws/build/bumperbot_firmware' returned '0': CMAKE_PREFIX_PATH=/opt/ros/humble /usr/bin/cmake /root/AGV/bumperbot_ws/src/bumperbot_firmware -DCMAKE_INSTALL_PREFIX=/root/AGV/bumperbot_ws/install/bumperbot_firmware
[6.201s] DEBUG:colcon.colcon_core.event_handler.log_command:Invoking command in '/root/AGV/bumperbot_ws/build/bumperbot_firmware': CMAKE_PREFIX_PATH=/opt/ros/humble /usr/bin/cmake --build /root/AGV/bumperbot_ws/build/bumperbot_firmware -- -j8 -l8
[33.691s] DEBUG:colcon.colcon_core.event_handler.log_command:Invoked command in '/root/AGV/bumperbot_ws/build/bumperbot_localization' returned '0': CMAKE_PREFIX_PATH=/opt/ros/humble /usr/bin/cmake --build /root/AGV/bumperbot_ws/build/bumperbot_localization -- -j8 -l8
[33.770s] DEBUG:colcon.colcon_core.event_handler.log_command:Invoking command in '/root/AGV/bumperbot_ws/build/bumperbot_localization': CMAKE_PREFIX_PATH=/opt/ros/humble /usr/bin/cmake --install /root/AGV/bumperbot_ws/build/bumperbot_localization
[33.919s] Level 1:colcon.colcon_core.environment:create_environment_scripts_only(bumperbot_localization)
[33.928s] Level 1:colcon.colcon_core.environment:checking '/root/AGV/bumperbot_ws/install/bumperbot_localization' for CMake module files
[33.928s] DEBUG:colcon.colcon_core.event_handler.log_command:Invoked command in '/root/AGV/bumperbot_ws/build/bumperbot_localization' returned '0': CMAKE_PREFIX_PATH=/opt/ros/humble /usr/bin/cmake --install /root/AGV/bumperbot_ws/build/bumperbot_localization
[33.932s] Level 1:colcon.colcon_core.environment:checking '/root/AGV/bumperbot_ws/install/bumperbot_localization' for CMake config files
[33.933s] Level 1:colcon.colcon_core.shell:create_environment_hook('bumperbot_localization', 'cmake_prefix_path')
[33.935s] INFO:colcon.colcon_core.shell:Creating environment hook '/root/AGV/bumperbot_ws/install/bumperbot_localization/share/bumperbot_localization/hook/cmake_prefix_path.ps1'
[33.947s] INFO:colcon.colcon_core.shell:Creating environment descriptor '/root/AGV/bumperbot_ws/install/bumperbot_localization/share/bumperbot_localization/hook/cmake_prefix_path.dsv'
[33.950s] INFO:colcon.colcon_core.shell:Creating environment hook '/root/AGV/bumperbot_ws/install/bumperbot_localization/share/bumperbot_localization/hook/cmake_prefix_path.sh'
[33.954s] Level 1:colcon.colcon_core.environment:checking '/root/AGV/bumperbot_ws/install/bumperbot_localization/lib'
[33.954s] Level 1:colcon.colcon_core.environment:checking '/root/AGV/bumperbot_ws/install/bumperbot_localization/bin'
[33.955s] Level 1:colcon.colcon_core.environment:checking '/root/AGV/bumperbot_ws/install/bumperbot_localization/lib/pkgconfig/bumperbot_localization.pc'
[33.962s] Level 1:colcon.colcon_core.environment:checking '/root/AGV/bumperbot_ws/install/bumperbot_localization/lib/python3.10/site-packages'
[33.962s] Level 1:colcon.colcon_core.environment:checking '/root/AGV/bumperbot_ws/install/bumperbot_localization/bin'
[33.963s] INFO:colcon.colcon_core.shell:Creating package script '/root/AGV/bumperbot_ws/install/bumperbot_localization/share/bumperbot_localization/package.ps1'
[33.966s] INFO:colcon.colcon_core.shell:Creating package descriptor '/root/AGV/bumperbot_ws/install/bumperbot_localization/share/bumperbot_localization/package.dsv'
[33.967s] INFO:colcon.colcon_core.shell:Creating package script '/root/AGV/bumperbot_ws/install/bumperbot_localization/share/bumperbot_localization/package.sh'
[33.968s] INFO:colcon.colcon_core.shell:Creating package script '/root/AGV/bumperbot_ws/install/bumperbot_localization/share/bumperbot_localization/package.bash'
[33.971s] INFO:colcon.colcon_core.shell:Creating package script '/root/AGV/bumperbot_ws/install/bumperbot_localization/share/bumperbot_localization/package.zsh'
[33.974s] Level 1:colcon.colcon_core.environment:create_file_with_runtime_dependencies(/root/AGV/bumperbot_ws/install/bumperbot_localization/share/colcon-core/packages/bumperbot_localization)
[34.016s] Level 1:colcon.colcon_core.environment:create_environment_scripts_only(bumperbot_localization)
[34.016s] Level 1:colcon.colcon_core.environment:checking '/root/AGV/bumperbot_ws/install/bumperbot_localization' for CMake module files
[34.017s] Level 1:colcon.colcon_core.environment:checking '/root/AGV/bumperbot_ws/install/bumperbot_localization' for CMake config files
[34.017s] Level 1:colcon.colcon_core.shell:create_environment_hook('bumperbot_localization', 'cmake_prefix_path')
[34.018s] INFO:colcon.colcon_core.shell:Creating environment hook '/root/AGV/bumperbot_ws/install/bumperbot_localization/share/bumperbot_localization/hook/cmake_prefix_path.ps1'
[34.019s] INFO:colcon.colcon_core.shell:Creating environment descriptor '/root/AGV/bumperbot_ws/install/bumperbot_localization/share/bumperbot_localization/hook/cmake_prefix_path.dsv'
[34.020s] INFO:colcon.colcon_core.shell:Creating environment hook '/root/AGV/bumperbot_ws/install/bumperbot_localization/share/bumperbot_localization/hook/cmake_prefix_path.sh'
[34.021s] Level 1:colcon.colcon_core.environment:checking '/root/AGV/bumperbot_ws/install/bumperbot_localization/lib'
[34.022s] Level 1:colcon.colcon_core.environment:checking '/root/AGV/bumperbot_ws/install/bumperbot_localization/bin'
[34.022s] Level 1:colcon.colcon_core.environment:checking '/root/AGV/bumperbot_ws/install/bumperbot_localization/lib/pkgconfig/bumperbot_localization.pc'
[34.022s] Level 1:colcon.colcon_core.environment:checking '/root/AGV/bumperbot_ws/install/bumperbot_localization/lib/python3.10/site-packages'
[34.023s] Level 1:colcon.colcon_core.environment:checking '/root/AGV/bumperbot_ws/install/bumperbot_localization/bin'
[34.023s] INFO:colcon.colcon_core.shell:Creating package script '/root/AGV/bumperbot_ws/install/bumperbot_localization/share/bumperbot_localization/package.ps1'
[34.025s] INFO:colcon.colcon_core.shell:Creating package descriptor '/root/AGV/bumperbot_ws/install/bumperbot_localization/share/bumperbot_localization/package.dsv'
[34.026s] INFO:colcon.colcon_core.shell:Creating package script '/root/AGV/bumperbot_ws/install/bumperbot_localization/share/bumperbot_localization/package.sh'
[34.028s] INFO:colcon.colcon_core.shell:Creating package script '/root/AGV/bumperbot_ws/install/bumperbot_localization/share/bumperbot_localization/package.bash'
[34.029s] INFO:colcon.colcon_core.shell:Creating package script '/root/AGV/bumperbot_ws/install/bumperbot_localization/share/bumperbot_localization/package.zsh'
[34.030s] Level 1:colcon.colcon_core.environment:create_file_with_runtime_dependencies(/root/AGV/bumperbot_ws/install/bumperbot_localization/share/colcon-core/packages/bumperbot_localization)
[34.626s] DEBUG:colcon.colcon_core.event_handler.log_command:Invoked command in '/root/AGV/bumperbot_ws/build/bumperbot_firmware' returned '0': CMAKE_PREFIX_PATH=/opt/ros/humble /usr/bin/cmake --build /root/AGV/bumperbot_ws/build/bumperbot_firmware -- -j8 -l8
[34.662s] DEBUG:colcon.colcon_core.event_handler.log_command:Invoking command in '/root/AGV/bumperbot_ws/build/bumperbot_firmware': CMAKE_PREFIX_PATH=/opt/ros/humble /usr/bin/cmake --install /root/AGV/bumperbot_ws/build/bumperbot_firmware
[34.759s] Level 1:colcon.colcon_core.environment:create_environment_scripts_only(bumperbot_firmware)
[34.760s] DEBUG:colcon.colcon_core.event_handler.log_command:Invoked command in '/root/AGV/bumperbot_ws/build/bumperbot_firmware' returned '0': CMAKE_PREFIX_PATH=/opt/ros/humble /usr/bin/cmake --install /root/AGV/bumperbot_ws/build/bumperbot_firmware
[34.760s] Level 1:colcon.colcon_core.environment:checking '/root/AGV/bumperbot_ws/install/bumperbot_firmware' for CMake module files
[34.761s] Level 1:colcon.colcon_core.environment:checking '/root/AGV/bumperbot_ws/install/bumperbot_firmware' for CMake config files
[34.762s] Level 1:colcon.colcon_core.shell:create_environment_hook('bumperbot_firmware', 'cmake_prefix_path')
[34.763s] INFO:colcon.colcon_core.shell:Creating environment hook '/root/AGV/bumperbot_ws/install/bumperbot_firmware/share/bumperbot_firmware/hook/cmake_prefix_path.ps1'
[34.764s] INFO:colcon.colcon_core.shell:Creating environment descriptor '/root/AGV/bumperbot_ws/install/bumperbot_firmware/share/bumperbot_firmware/hook/cmake_prefix_path.dsv'
[34.765s] INFO:colcon.colcon_core.shell:Creating environment hook '/root/AGV/bumperbot_ws/install/bumperbot_firmware/share/bumperbot_firmware/hook/cmake_prefix_path.sh'
[34.766s] Level 1:colcon.colcon_core.environment:checking '/root/AGV/bumperbot_ws/install/bumperbot_firmware/lib'
[34.766s] Level 1:colcon.colcon_core.shell:create_environment_hook('bumperbot_firmware', 'ld_library_path_lib')
[34.767s] INFO:colcon.colcon_core.shell:Creating environment hook '/root/AGV/bumperbot_ws/install/bumperbot_firmware/share/bumperbot_firmware/hook/ld_library_path_lib.ps1'
[34.767s] INFO:colcon.colcon_core.shell:Creating environment descriptor '/root/AGV/bumperbot_ws/install/bumperbot_firmware/share/bumperbot_firmware/hook/ld_library_path_lib.dsv'
[34.769s] INFO:colcon.colcon_core.shell:Creating environment hook '/root/AGV/bumperbot_ws/install/bumperbot_firmware/share/bumperbot_firmware/hook/ld_library_path_lib.sh'
[34.769s] Level 1:colcon.colcon_core.environment:checking '/root/AGV/bumperbot_ws/install/bumperbot_firmware/bin'
[34.770s] Level 1:colcon.colcon_core.environment:checking '/root/AGV/bumperbot_ws/install/bumperbot_firmware/lib/pkgconfig/bumperbot_firmware.pc'
[34.770s] Level 1:colcon.colcon_core.environment:checking '/root/AGV/bumperbot_ws/install/bumperbot_firmware/lib/python3.10/site-packages'
[34.770s] Level 1:colcon.colcon_core.environment:checking '/root/AGV/bumperbot_ws/install/bumperbot_firmware/bin'
[34.771s] INFO:colcon.colcon_core.shell:Creating package script '/root/AGV/bumperbot_ws/install/bumperbot_firmware/share/bumperbot_firmware/package.ps1'
[34.772s] INFO:colcon.colcon_core.shell:Creating package descriptor '/root/AGV/bumperbot_ws/install/bumperbot_firmware/share/bumperbot_firmware/package.dsv'
[34.773s] INFO:colcon.colcon_core.shell:Creating package script '/root/AGV/bumperbot_ws/install/bumperbot_firmware/share/bumperbot_firmware/package.sh'
[34.774s] INFO:colcon.colcon_core.shell:Creating package script '/root/AGV/bumperbot_ws/install/bumperbot_firmware/share/bumperbot_firmware/package.bash'
[34.774s] INFO:colcon.colcon_core.shell:Creating package script '/root/AGV/bumperbot_ws/install/bumperbot_firmware/share/bumperbot_firmware/package.zsh'
[34.775s] Level 1:colcon.colcon_core.environment:create_file_with_runtime_dependencies(/root/AGV/bumperbot_ws/install/bumperbot_firmware/share/colcon-core/packages/bumperbot_firmware)
[34.816s] Level 1:colcon.colcon_core.environment:create_environment_scripts_only(bumperbot_firmware)
[34.816s] Level 1:colcon.colcon_core.environment:checking '/root/AGV/bumperbot_ws/install/bumperbot_firmware' for CMake module files
[34.817s] Level 1:colcon.colcon_core.environment:checking '/root/AGV/bumperbot_ws/install/bumperbot_firmware' for CMake config files
[34.817s] Level 1:colcon.colcon_core.shell:create_environment_hook('bumperbot_firmware', 'cmake_prefix_path')
[34.818s] INFO:colcon.colcon_core.shell:Creating environment hook '/root/AGV/bumperbot_ws/install/bumperbot_firmware/share/bumperbot_firmware/hook/cmake_prefix_path.ps1'
[34.819s] INFO:colcon.colcon_core.shell:Creating environment descriptor '/root/AGV/bumperbot_ws/install/bumperbot_firmware/share/bumperbot_firmware/hook/cmake_prefix_path.dsv'
[34.820s] INFO:colcon.colcon_core.shell:Creating environment hook '/root/AGV/bumperbot_ws/install/bumperbot_firmware/share/bumperbot_firmware/hook/cmake_prefix_path.sh'
[34.821s] Level 1:colcon.colcon_core.environment:checking '/root/AGV/bumperbot_ws/install/bumperbot_firmware/lib'
[34.822s] Level 1:colcon.colcon_core.shell:create_environment_hook('bumperbot_firmware', 'ld_library_path_lib')
[34.823s] INFO:colcon.colcon_core.shell:Creating environment hook '/root/AGV/bumperbot_ws/install/bumperbot_firmware/share/bumperbot_firmware/hook/ld_library_path_lib.ps1'
[34.823s] INFO:colcon.colcon_core.shell:Creating environment descriptor '/root/AGV/bumperbot_ws/install/bumperbot_firmware/share/bumperbot_firmware/hook/ld_library_path_lib.dsv'
[34.824s] INFO:colcon.colcon_core.shell:Creating environment hook '/root/AGV/bumperbot_ws/install/bumperbot_firmware/share/bumperbot_firmware/hook/ld_library_path_lib.sh'
[34.825s] Level 1:colcon.colcon_core.environment:checking '/root/AGV/bumperbot_ws/install/bumperbot_firmware/bin'
[34.825s] Level 1:colcon.colcon_core.environment:checking '/root/AGV/bumperbot_ws/install/bumperbot_firmware/lib/pkgconfig/bumperbot_firmware.pc'
[34.825s] Level 1:colcon.colcon_core.environment:checking '/root/AGV/bumperbot_ws/install/bumperbot_firmware/lib/python3.10/site-packages'
[34.825s] Level 1:colcon.colcon_core.environment:checking '/root/AGV/bumperbot_ws/install/bumperbot_firmware/bin'
[34.826s] INFO:colcon.colcon_core.shell:Creating package script '/root/AGV/bumperbot_ws/install/bumperbot_firmware/share/bumperbot_firmware/package.ps1'
[34.826s] INFO:colcon.colcon_core.shell:Creating package descriptor '/root/AGV/bumperbot_ws/install/bumperbot_firmware/share/bumperbot_firmware/package.dsv'
[34.827s] INFO:colcon.colcon_core.shell:Creating package script '/root/AGV/bumperbot_ws/install/bumperbot_firmware/share/bumperbot_firmware/package.sh'
[34.828s] INFO:colcon.colcon_core.shell:Creating package script '/root/AGV/bumperbot_ws/install/bumperbot_firmware/share/bumperbot_firmware/package.bash'
[34.828s] INFO:colcon.colcon_core.shell:Creating package script '/root/AGV/bumperbot_ws/install/bumperbot_firmware/share/bumperbot_firmware/package.zsh'
[34.828s] Level 1:colcon.colcon_core.environment:create_file_with_runtime_dependencies(/root/AGV/bumperbot_ws/install/bumperbot_firmware/share/colcon-core/packages/bumperbot_firmware)
[34.834s] DEBUG:colcon.colcon_core.event_handler.log_command:Invoked command in '/root/AGV/bumperbot_ws/build/bumperbot_utils' returned '0': CMAKE_PREFIX_PATH=/opt/ros/humble /usr/bin/cmake --build /root/AGV/bumperbot_ws/build/bumperbot_utils -- -j8 -l8
[34.869s] DEBUG:colcon.colcon_core.event_handler.log_command:Invoking command in '/root/AGV/bumperbot_ws/build/bumperbot_utils': CMAKE_PREFIX_PATH=/opt/ros/humble /usr/bin/cmake --install /root/AGV/bumperbot_ws/build/bumperbot_utils
[34.931s] Level 1:colcon.colcon_core.environment:create_environment_scripts_only(bumperbot_utils)
[34.932s] Level 1:colcon.colcon_core.environment:checking '/root/AGV/bumperbot_ws/install/bumperbot_utils' for CMake module files
[34.932s] DEBUG:colcon.colcon_core.event_handler.log_command:Invoked command in '/root/AGV/bumperbot_ws/build/bumperbot_utils' returned '0': CMAKE_PREFIX_PATH=/opt/ros/humble /usr/bin/cmake --install /root/AGV/bumperbot_ws/build/bumperbot_utils
[34.933s] Level 1:colcon.colcon_core.environment:checking '/root/AGV/bumperbot_ws/install/bumperbot_utils' for CMake config files
[34.933s] Level 1:colcon.colcon_core.shell:create_environment_hook('bumperbot_utils', 'cmake_prefix_path')
[34.933s] INFO:colcon.colcon_core.shell:Creating environment hook '/root/AGV/bumperbot_ws/install/bumperbot_utils/share/bumperbot_utils/hook/cmake_prefix_path.ps1'
[34.934s] INFO:colcon.colcon_core.shell:Creating environment descriptor '/root/AGV/bumperbot_ws/install/bumperbot_utils/share/bumperbot_utils/hook/cmake_prefix_path.dsv'
[34.934s] INFO:colcon.colcon_core.shell:Creating environment hook '/root/AGV/bumperbot_ws/install/bumperbot_utils/share/bumperbot_utils/hook/cmake_prefix_path.sh'
[34.935s] Level 1:colcon.colcon_core.environment:checking '/root/AGV/bumperbot_ws/install/bumperbot_utils/lib'
[34.935s] Level 1:colcon.colcon_core.environment:checking '/root/AGV/bumperbot_ws/install/bumperbot_utils/bin'
[34.935s] Level 1:colcon.colcon_core.environment:checking '/root/AGV/bumperbot_ws/install/bumperbot_utils/lib/pkgconfig/bumperbot_utils.pc'
[34.935s] Level 1:colcon.colcon_core.environment:checking '/root/AGV/bumperbot_ws/install/bumperbot_utils/lib/python3.10/site-packages'
[34.935s] Level 1:colcon.colcon_core.environment:checking '/root/AGV/bumperbot_ws/install/bumperbot_utils/bin'
[34.936s] INFO:colcon.colcon_core.shell:Creating package script '/root/AGV/bumperbot_ws/install/bumperbot_utils/share/bumperbot_utils/package.ps1'
[34.936s] INFO:colcon.colcon_core.shell:Creating package descriptor '/root/AGV/bumperbot_ws/install/bumperbot_utils/share/bumperbot_utils/package.dsv'
[34.936s] INFO:colcon.colcon_core.shell:Creating package script '/root/AGV/bumperbot_ws/install/bumperbot_utils/share/bumperbot_utils/package.sh'
[34.937s] INFO:colcon.colcon_core.shell:Creating package script '/root/AGV/bumperbot_ws/install/bumperbot_utils/share/bumperbot_utils/package.bash'
[34.937s] INFO:colcon.colcon_core.shell:Creating package script '/root/AGV/bumperbot_ws/install/bumperbot_utils/share/bumperbot_utils/package.zsh'
[34.938s] Level 1:colcon.colcon_core.environment:create_file_with_runtime_dependencies(/root/AGV/bumperbot_ws/install/bumperbot_utils/share/colcon-core/packages/bumperbot_utils)
[34.960s] Level 1:colcon.colcon_core.environment:create_environment_scripts_only(bumperbot_utils)
[34.960s] Level 1:colcon.colcon_core.environment:checking '/root/AGV/bumperbot_ws/install/bumperbot_utils' for CMake module files
[34.961s] Level 1:colcon.colcon_core.environment:checking '/root/AGV/bumperbot_ws/install/bumperbot_utils' for CMake config files
[34.961s] Level 1:colcon.colcon_core.shell:create_environment_hook('bumperbot_utils', 'cmake_prefix_path')
[34.961s] INFO:colcon.colcon_core.shell:Creating environment hook '/root/AGV/bumperbot_ws/install/bumperbot_utils/share/bumperbot_utils/hook/cmake_prefix_path.ps1'
[34.962s] INFO:colcon.colcon_core.shell:Creating environment descriptor '/root/AGV/bumperbot_ws/install/bumperbot_utils/share/bumperbot_utils/hook/cmake_prefix_path.dsv'
[34.962s] INFO:colcon.colcon_core.shell:Creating environment hook '/root/AGV/bumperbot_ws/install/bumperbot_utils/share/bumperbot_utils/hook/cmake_prefix_path.sh'
[34.963s] Level 1:colcon.colcon_core.environment:checking '/root/AGV/bumperbot_ws/install/bumperbot_utils/lib'
[34.963s] Level 1:colcon.colcon_core.environment:checking '/root/AGV/bumperbot_ws/install/bumperbot_utils/bin'
[34.963s] Level 1:colcon.colcon_core.environment:checking '/root/AGV/bumperbot_ws/install/bumperbot_utils/lib/pkgconfig/bumperbot_utils.pc'
[34.964s] Level 1:colcon.colcon_core.environment:checking '/root/AGV/bumperbot_ws/install/bumperbot_utils/lib/python3.10/site-packages'
[34.964s] Level 1:colcon.colcon_core.environment:checking '/root/AGV/bumperbot_ws/install/bumperbot_utils/bin'
[34.964s] INFO:colcon.colcon_core.shell:Creating package script '/root/AGV/bumperbot_ws/install/bumperbot_utils/share/bumperbot_utils/package.ps1'
[34.965s] INFO:colcon.colcon_core.shell:Creating package descriptor '/root/AGV/bumperbot_ws/install/bumperbot_utils/share/bumperbot_utils/package.dsv'
[34.966s] INFO:colcon.colcon_core.shell:Creating package script '/root/AGV/bumperbot_ws/install/bumperbot_utils/share/bumperbot_utils/package.sh'
[34.967s] INFO:colcon.colcon_core.shell:Creating package script '/root/AGV/bumperbot_ws/install/bumperbot_utils/share/bumperbot_utils/package.bash'
[34.967s] INFO:colcon.colcon_core.shell:Creating package script '/root/AGV/bumperbot_ws/install/bumperbot_utils/share/bumperbot_utils/package.zsh'
[34.968s] Level 1:colcon.colcon_core.environment:create_file_with_runtime_dependencies(/root/AGV/bumperbot_ws/install/bumperbot_utils/share/colcon-core/packages/bumperbot_utils)
[39.971s] DEBUG:colcon.colcon_core.event_handler.log_command:Invoked command in '/root/AGV/bumperbot_ws/build/bumperbot_controller' returned '0': CMAKE_PREFIX_PATH=/opt/ros/humble /usr/bin/cmake --build /root/AGV/bumperbot_ws/build/bumperbot_controller -- -j8 -l8
[39.993s] DEBUG:colcon.colcon_core.event_handler.log_command:Invoking command in '/root/AGV/bumperbot_ws/build/bumperbot_controller': CMAKE_PREFIX_PATH=/opt/ros/humble /usr/bin/cmake --install /root/AGV/bumperbot_ws/build/bumperbot_controller
[40.047s] Level 1:colcon.colcon_core.environment:create_environment_scripts_only(bumperbot_controller)
[40.048s] Level 1:colcon.colcon_core.environment:checking '/root/AGV/bumperbot_ws/install/bumperbot_controller' for CMake module files
[40.048s] DEBUG:colcon.colcon_core.event_handler.log_command:Invoked command in '/root/AGV/bumperbot_ws/build/bumperbot_controller' returned '0': CMAKE_PREFIX_PATH=/opt/ros/humble /usr/bin/cmake --install /root/AGV/bumperbot_ws/build/bumperbot_controller
[40.049s] Level 1:colcon.colcon_core.environment:checking '/root/AGV/bumperbot_ws/install/bumperbot_controller' for CMake config files
[40.049s] Level 1:colcon.colcon_core.shell:create_environment_hook('bumperbot_controller', 'cmake_prefix_path')
[40.049s] INFO:colcon.colcon_core.shell:Creating environment hook '/root/AGV/bumperbot_ws/install/bumperbot_controller/share/bumperbot_controller/hook/cmake_prefix_path.ps1'
[40.050s] INFO:colcon.colcon_core.shell:Creating environment descriptor '/root/AGV/bumperbot_ws/install/bumperbot_controller/share/bumperbot_controller/hook/cmake_prefix_path.dsv'
[40.050s] INFO:colcon.colcon_core.shell:Creating environment hook '/root/AGV/bumperbot_ws/install/bumperbot_controller/share/bumperbot_controller/hook/cmake_prefix_path.sh'
[40.051s] Level 1:colcon.colcon_core.environment:checking '/root/AGV/bumperbot_ws/install/bumperbot_controller/lib'
[40.051s] Level 1:colcon.colcon_core.environment:checking '/root/AGV/bumperbot_ws/install/bumperbot_controller/bin'
[40.051s] Level 1:colcon.colcon_core.environment:checking '/root/AGV/bumperbot_ws/install/bumperbot_controller/lib/pkgconfig/bumperbot_controller.pc'
[40.051s] Level 1:colcon.colcon_core.environment:checking '/root/AGV/bumperbot_ws/install/bumperbot_controller/lib/python3.10/site-packages'
[40.051s] Level 1:colcon.colcon_core.environment:checking '/root/AGV/bumperbot_ws/install/bumperbot_controller/bin'
[40.052s] INFO:colcon.colcon_core.shell:Creating package script '/root/AGV/bumperbot_ws/install/bumperbot_controller/share/bumperbot_controller/package.ps1'
[40.052s] INFO:colcon.colcon_core.shell:Creating package descriptor '/root/AGV/bumperbot_ws/install/bumperbot_controller/share/bumperbot_controller/package.dsv'
[40.053s] INFO:colcon.colcon_core.shell:Creating package script '/root/AGV/bumperbot_ws/install/bumperbot_controller/share/bumperbot_controller/package.sh'
[40.053s] INFO:colcon.colcon_core.shell:Creating package script '/root/AGV/bumperbot_ws/install/bumperbot_controller/share/bumperbot_controller/package.bash'
[40.053s] INFO:colcon.colcon_core.shell:Creating package script '/root/AGV/bumperbot_ws/install/bumperbot_controller/share/bumperbot_controller/package.zsh'
[40.054s] Level 1:colcon.colcon_core.environment:create_file_with_runtime_dependencies(/root/AGV/bumperbot_ws/install/bumperbot_controller/share/colcon-core/packages/bumperbot_controller)
[40.077s] Level 1:colcon.colcon_core.environment:create_environment_scripts_only(bumperbot_controller)
[40.077s] Level 1:colcon.colcon_core.environment:checking '/root/AGV/bumperbot_ws/install/bumperbot_controller' for CMake module files
[40.077s] Level 1:colcon.colcon_core.environment:checking '/root/AGV/bumperbot_ws/install/bumperbot_controller' for CMake config files
[40.078s] Level 1:colcon.colcon_core.shell:create_environment_hook('bumperbot_controller', 'cmake_prefix_path')
[40.078s] INFO:colcon.colcon_core.shell:Creating environment hook '/root/AGV/bumperbot_ws/install/bumperbot_controller/share/bumperbot_controller/hook/cmake_prefix_path.ps1'
[40.078s] INFO:colcon.colcon_core.shell:Creating environment descriptor '/root/AGV/bumperbot_ws/install/bumperbot_controller/share/bumperbot_controller/hook/cmake_prefix_path.dsv'
[40.079s] INFO:colcon.colcon_core.shell:Creating environment hook '/root/AGV/bumperbot_ws/install/bumperbot_controller/share/bumperbot_controller/hook/cmake_prefix_path.sh'
[40.080s] Level 1:colcon.colcon_core.environment:checking '/root/AGV/bumperbot_ws/install/bumperbot_controller/lib'
[40.080s] Level 1:colcon.colcon_core.environment:checking '/root/AGV/bumperbot_ws/install/bumperbot_controller/bin'
[40.080s] Level 1:colcon.colcon_core.environment:checking '/root/AGV/bumperbot_ws/install/bumperbot_controller/lib/pkgconfig/bumperbot_controller.pc'
[40.080s] Level 1:colcon.colcon_core.environment:checking '/root/AGV/bumperbot_ws/install/bumperbot_controller/lib/python3.10/site-packages'
[40.080s] Level 1:colcon.colcon_core.environment:checking '/root/AGV/bumperbot_ws/install/bumperbot_controller/bin'
[40.080s] INFO:colcon.colcon_core.shell:Creating package script '/root/AGV/bumperbot_ws/install/bumperbot_controller/share/bumperbot_controller/package.ps1'
[40.081s] INFO:colcon.colcon_core.shell:Creating package descriptor '/root/AGV/bumperbot_ws/install/bumperbot_controller/share/bumperbot_controller/package.dsv'
[40.081s] INFO:colcon.colcon_core.shell:Creating package script '/root/AGV/bumperbot_ws/install/bumperbot_controller/share/bumperbot_controller/package.sh'
[40.084s] INFO:colcon.colcon_core.shell:Creating package script '/root/AGV/bumperbot_ws/install/bumperbot_controller/share/bumperbot_controller/package.bash'
[40.084s] INFO:colcon.colcon_core.shell:Creating package script '/root/AGV/bumperbot_ws/install/bumperbot_controller/share/bumperbot_controller/package.zsh'
[40.085s] Level 1:colcon.colcon_core.environment:create_file_with_runtime_dependencies(/root/AGV/bumperbot_ws/install/bumperbot_controller/share/colcon-core/packages/bumperbot_controller)
[40.085s] DEBUG:colcon.colcon_parallel_executor.executor.parallel:closing loop
[40.086s] DEBUG:colcon.colcon_parallel_executor.executor.parallel:loop closed
[40.086s] DEBUG:colcon.colcon_parallel_executor.executor.parallel:run_until_complete finished with '0'
[40.087s] DEBUG:colcon.colcon_core.event_reactor:joining thread
[40.147s] INFO:colcon.colcon_core.plugin_system:Skipping extension 'colcon_notification.desktop_notification.notify_send': Could not find 'notify-send'
[40.148s] INFO:colcon.colcon_core.plugin_system:Skipping extension 'colcon_notification.desktop_notification.terminal_notifier': Not used on non-Darwin systems
[40.148s] INFO:colcon.colcon_core.plugin_system:Skipping extension 'colcon_notification.desktop_notification.win32': Not used on non-Windows systems
[40.148s] INFO:colcon.colcon_notification.desktop_notification:Sending desktop notification using 'notify2'
[40.149s] DEBUG:colcon.colcon_notification.desktop_notification.notify2:Failed to initialize notify2: org.freedesktop.DBus.Error.FileNotFound: Failed to connect to socket /run/user/0/bus: No such file or directory
[40.149s] DEBUG:colcon.colcon_core.event_reactor:joined thread
[40.150s] INFO:colcon.colcon_core.shell:Creating prefix script '/root/AGV/bumperbot_ws/install/local_setup.ps1'
[40.152s] INFO:colcon.colcon_core.shell:Creating prefix util module '/root/AGV/bumperbot_ws/install/_local_setup_util_ps1.py'
[40.154s] INFO:colcon.colcon_core.shell:Creating prefix chain script '/root/AGV/bumperbot_ws/install/setup.ps1'
[40.156s] INFO:colcon.colcon_core.shell:Creating prefix script '/root/AGV/bumperbot_ws/install/local_setup.sh'
[40.157s] INFO:colcon.colcon_core.shell:Creating prefix util module '/root/AGV/bumperbot_ws/install/_local_setup_util_sh.py'
[40.157s] INFO:colcon.colcon_core.shell:Creating prefix chain script '/root/AGV/bumperbot_ws/install/setup.sh'
[40.158s] INFO:colcon.colcon_core.shell:Creating prefix script '/root/AGV/bumperbot_ws/install/local_setup.bash'
[40.159s] INFO:colcon.colcon_core.shell:Creating prefix chain script '/root/AGV/bumperbot_ws/install/setup.bash'
[40.160s] INFO:colcon.colcon_core.shell:Creating prefix script '/root/AGV/bumperbot_ws/install/local_setup.zsh'
[40.161s] INFO:colcon.colcon_core.shell:Creating prefix chain script '/root/AGV/bumperbot_ws/install/setup.zsh'
