[0.056s] Invoking command in '/home/wapush/AGV/bumperbot_ws/build/bumperbot_localization': CMAKE_PREFIX_PATH=/opt/ros/humble /usr/bin/cmake --build /home/wapush/AGV/bumperbot_ws/build/bumperbot_localization -- -j20 -l20
[0.493s] [100%] Built target imu_republisher
[0.493s] [100%] Built target ament_cmake_python_copy_bumperbot_localization
[0.493s] running egg_info
[0.493s] writing bumperbot_localization.egg-info/PKG-INFO
[0.494s] writing dependency_links to bumperbot_localization.egg-info/dependency_links.txt
[0.495s] writing top-level names to bumperbot_localization.egg-info/top_level.txt
[0.495s] reading manifest file 'bumperbot_localization.egg-info/SOURCES.txt'
[0.495s] writing manifest file 'bumperbot_localization.egg-info/SOURCES.txt'
[0.582s] [100%] Built target ament_cmake_python_build_bumperbot_localization_egg
[1.009s] Invoked command in '/home/wapush/AGV/bumperbot_ws/build/bumperbot_localization' returned '0': CMAKE_PREFIX_PATH=/opt/ros/humble /usr/bin/cmake --build /home/wapush/AGV/bumperbot_ws/build/bumperbot_localization -- -j20 -l20
[1.045s] Invoking command in '/home/wapush/AGV/bumperbot_ws/build/bumperbot_localization': CMAKE_PREFIX_PATH=/opt/ros/humble /usr/bin/cmake --install /home/wapush/AGV/bumperbot_ws/build/bumperbot_localization
[1.047s] -- Install configuration: ""
[1.047s] -- Up-to-date: /home/wapush/AGV/bumperbot_ws/install/bumperbot_localization/share/bumperbot_localization/environment/pythonpath.sh
[1.048s] -- Up-to-date: /home/wapush/AGV/bumperbot_ws/install/bumperbot_localization/share/bumperbot_localization/environment/pythonpath.dsv
[1.048s] -- Up-to-date: /home/wapush/AGV/bumperbot_ws/install/bumperbot_localization/local/lib/python3.10/dist-packages/bumperbot_localization-0.0.0-py3.10.egg-info
[1.048s] -- Installing: /home/wapush/AGV/bumperbot_ws/install/bumperbot_localization/local/lib/python3.10/dist-packages/bumperbot_localization-0.0.0-py3.10.egg-info/PKG-INFO
[1.049s] -- Installing: /home/wapush/AGV/bumperbot_ws/install/bumperbot_localization/local/lib/python3.10/dist-packages/bumperbot_localization-0.0.0-py3.10.egg-info/top_level.txt
[1.051s] -- Installing: /home/wapush/AGV/bumperbot_ws/install/bumperbot_localization/local/lib/python3.10/dist-packages/bumperbot_localization-0.0.0-py3.10.egg-info/dependency_links.txt
[1.052s] -- Installing: /home/wapush/AGV/bumperbot_ws/install/bumperbot_localization/local/lib/python3.10/dist-packages/bumperbot_localization-0.0.0-py3.10.egg-info/SOURCES.txt
[1.052s] -- Up-to-date: /home/wapush/AGV/bumperbot_ws/install/bumperbot_localization/local/lib/python3.10/dist-packages/bumperbot_localization
[1.053s] -- Up-to-date: /home/wapush/AGV/bumperbot_ws/install/bumperbot_localization/local/lib/python3.10/dist-packages/bumperbot_localization/kalman_filter.py
[1.053s] -- Up-to-date: /home/wapush/AGV/bumperbot_ws/install/bumperbot_localization/local/lib/python3.10/dist-packages/bumperbot_localization/__init__.py
[1.053s] -- Up-to-date: /home/wapush/AGV/bumperbot_ws/install/bumperbot_localization/local/lib/python3.10/dist-packages/bumperbot_localization/imu_republisher.py
[1.059s] Listing '/home/wapush/AGV/bumperbot_ws/install/bumperbot_localization/local/lib/python3.10/dist-packages/bumperbot_localization'...
[1.060s] -- Up-to-date: /home/wapush/AGV/bumperbot_ws/install/bumperbot_localization/include/include
[1.060s] -- Up-to-date: /home/wapush/AGV/bumperbot_ws/install/bumperbot_localization/include/include/bumperbot_localization
[1.060s] -- Up-to-date: /home/wapush/AGV/bumperbot_ws/install/bumperbot_localization/include/include/bumperbot_localization/kalman_filter.hpp
[1.060s] -- Up-to-date: /home/wapush/AGV/bumperbot_ws/install/bumperbot_localization/lib/bumperbot_localization/imu_republisher
[1.060s] -- Up-to-date: /home/wapush/AGV/bumperbot_ws/install/bumperbot_localization/share/bumperbot_localization/launch
[1.060s] -- Up-to-date: /home/wapush/AGV/bumperbot_ws/install/bumperbot_localization/share/bumperbot_localization/launch/local_localization.launch.py
[1.061s] -- Up-to-date: /home/wapush/AGV/bumperbot_ws/install/bumperbot_localization/share/bumperbot_localization/launch/gps_waypoint_follower.launch.py
[1.061s] -- Up-to-date: /home/wapush/AGV/bumperbot_ws/install/bumperbot_localization/share/bumperbot_localization/launch/global_localization.launch.py
[1.062s] -- Up-to-date: /home/wapush/AGV/bumperbot_ws/install/bumperbot_localization/share/bumperbot_localization/launch/dual_ekf_navsat.launch.py
[1.062s] -- Up-to-date: /home/wapush/AGV/bumperbot_ws/install/bumperbot_localization/share/bumperbot_localization/config
[1.062s] -- Up-to-date: /home/wapush/AGV/bumperbot_ws/install/bumperbot_localization/share/bumperbot_localization/config/dual_ekf_navsat_params.yaml
[1.063s] -- Up-to-date: /home/wapush/AGV/bumperbot_ws/install/bumperbot_localization/share/bumperbot_localization/config/ekf.yaml
[1.063s] -- Up-to-date: /home/wapush/AGV/bumperbot_ws/install/bumperbot_localization/share/bumperbot_localization/config/nav2_no_map_params.yaml
[1.063s] -- Up-to-date: /home/wapush/AGV/bumperbot_ws/install/bumperbot_localization/lib/bumperbot_localization/imu_republisher.py
[1.064s] -- Up-to-date: /home/wapush/AGV/bumperbot_ws/install/bumperbot_localization/share/ament_index/resource_index/package_run_dependencies/bumperbot_localization
[1.064s] -- Up-to-date: /home/wapush/AGV/bumperbot_ws/install/bumperbot_localization/share/ament_index/resource_index/parent_prefix_path/bumperbot_localization
[1.064s] -- Up-to-date: /home/wapush/AGV/bumperbot_ws/install/bumperbot_localization/share/bumperbot_localization/environment/ament_prefix_path.sh
[1.064s] -- Up-to-date: /home/wapush/AGV/bumperbot_ws/install/bumperbot_localization/share/bumperbot_localization/environment/ament_prefix_path.dsv
[1.065s] -- Up-to-date: /home/wapush/AGV/bumperbot_ws/install/bumperbot_localization/share/bumperbot_localization/environment/path.sh
[1.065s] -- Up-to-date: /home/wapush/AGV/bumperbot_ws/install/bumperbot_localization/share/bumperbot_localization/environment/path.dsv
[1.065s] -- Up-to-date: /home/wapush/AGV/bumperbot_ws/install/bumperbot_localization/share/bumperbot_localization/local_setup.bash
[1.065s] -- Up-to-date: /home/wapush/AGV/bumperbot_ws/install/bumperbot_localization/share/bumperbot_localization/local_setup.sh
[1.065s] -- Up-to-date: /home/wapush/AGV/bumperbot_ws/install/bumperbot_localization/share/bumperbot_localization/local_setup.zsh
[1.066s] -- Up-to-date: /home/wapush/AGV/bumperbot_ws/install/bumperbot_localization/share/bumperbot_localization/local_setup.dsv
[1.066s] -- Installing: /home/wapush/AGV/bumperbot_ws/install/bumperbot_localization/share/bumperbot_localization/package.dsv
[1.067s] -- Up-to-date: /home/wapush/AGV/bumperbot_ws/install/bumperbot_localization/share/ament_index/resource_index/packages/bumperbot_localization
[1.067s] -- Up-to-date: /home/wapush/AGV/bumperbot_ws/install/bumperbot_localization/share/bumperbot_localization/cmake/bumperbot_localizationConfig.cmake
[1.068s] -- Up-to-date: /home/wapush/AGV/bumperbot_ws/install/bumperbot_localization/share/bumperbot_localization/cmake/bumperbot_localizationConfig-version.cmake
[1.069s] -- Up-to-date: /home/wapush/AGV/bumperbot_ws/install/bumperbot_localization/share/bumperbot_localization/package.xml
[1.070s] Invoked command in '/home/wapush/AGV/bumperbot_ws/build/bumperbot_localization' returned '0': CMAKE_PREFIX_PATH=/opt/ros/humble /usr/bin/cmake --install /home/wapush/AGV/bumperbot_ws/build/bumperbot_localization
