[0.585s] Invoking command in '/root/AGV/build/bumperbot_utils': CMAKE_PREFIX_PATH=/opt/ros/humble /usr/bin/cmake --build /root/AGV/build/bumperbot_utils -- -j8 -l8
[0.719s] [100%] Built target safety_stop
[0.733s] [100%] Built target ament_cmake_python_copy_bumperbot_utils
[0.971s] running egg_info
[0.973s] writing bumperbot_utils.egg-info/PKG-INFO
[0.979s] writing dependency_links to bumperbot_utils.egg-info/dependency_links.txt
[0.980s] writing top-level names to bumperbot_utils.egg-info/top_level.txt
[0.981s] reading manifest file 'bumperbot_utils.egg-info/SOURCES.txt'
[0.981s] writing manifest file 'bumperbot_utils.egg-info/SOURCES.txt'
[1.042s] [100%] Built target ament_cmake_python_build_bumperbot_utils_egg
[1.071s] Invoked command in '/root/AGV/build/bumperbot_utils' returned '0': CMAKE_PREFIX_PATH=/opt/ros/humble /usr/bin/cmake --build /root/AGV/build/bumperbot_utils -- -j8 -l8
[1.115s] Invoking command in '/root/AGV/build/bumperbot_utils': CMAKE_PREFIX_PATH=/opt/ros/humble /usr/bin/cmake --install /root/AGV/build/bumperbot_utils
[1.126s] -- Install configuration: ""
[1.127s] -- Up-to-date: /root/AGV/install/bumperbot_utils/lib/bumperbot_utils/safety_stop
[1.128s] -- Up-to-date: /root/AGV/install/bumperbot_utils/share/bumperbot_utils/environment/pythonpath.sh
[1.128s] -- Up-to-date: /root/AGV/install/bumperbot_utils/share/bumperbot_utils/environment/pythonpath.dsv
[1.128s] -- Up-to-date: /root/AGV/install/bumperbot_utils/local/lib/python3.10/dist-packages/bumperbot_utils-0.0.0-py3.10.egg-info
[1.129s] -- Installing: /root/AGV/install/bumperbot_utils/local/lib/python3.10/dist-packages/bumperbot_utils-0.0.0-py3.10.egg-info/PKG-INFO
[1.129s] -- Installing: /root/AGV/install/bumperbot_utils/local/lib/python3.10/dist-packages/bumperbot_utils-0.0.0-py3.10.egg-info/top_level.txt
[1.129s] -- Installing: /root/AGV/install/bumperbot_utils/local/lib/python3.10/dist-packages/bumperbot_utils-0.0.0-py3.10.egg-info/dependency_links.txt
[1.130s] -- Installing: /root/AGV/install/bumperbot_utils/local/lib/python3.10/dist-packages/bumperbot_utils-0.0.0-py3.10.egg-info/SOURCES.txt
[1.130s] -- Up-to-date: /root/AGV/install/bumperbot_utils/local/lib/python3.10/dist-packages/bumperbot_utils
[1.130s] -- Up-to-date: /root/AGV/install/bumperbot_utils/local/lib/python3.10/dist-packages/bumperbot_utils/__init__.py
[1.131s] -- Up-to-date: /root/AGV/install/bumperbot_utils/local/lib/python3.10/dist-packages/bumperbot_utils/safety_stop.py
[1.163s] Listing '/root/AGV/install/bumperbot_utils/local/lib/python3.10/dist-packages/bumperbot_utils'...
[1.169s] -- Up-to-date: /root/AGV/install/bumperbot_utils/lib/bumperbot_utils/safety_stop.py
[1.169s] -- Up-to-date: /root/AGV/install/bumperbot_utils/share/ament_index/resource_index/package_run_dependencies/bumperbot_utils
[1.170s] -- Up-to-date: /root/AGV/install/bumperbot_utils/share/ament_index/resource_index/parent_prefix_path/bumperbot_utils
[1.170s] -- Up-to-date: /root/AGV/install/bumperbot_utils/share/bumperbot_utils/environment/ament_prefix_path.sh
[1.170s] -- Up-to-date: /root/AGV/install/bumperbot_utils/share/bumperbot_utils/environment/ament_prefix_path.dsv
[1.170s] -- Up-to-date: /root/AGV/install/bumperbot_utils/share/bumperbot_utils/environment/path.sh
[1.170s] -- Up-to-date: /root/AGV/install/bumperbot_utils/share/bumperbot_utils/environment/path.dsv
[1.170s] -- Up-to-date: /root/AGV/install/bumperbot_utils/share/bumperbot_utils/local_setup.bash
[1.170s] -- Up-to-date: /root/AGV/install/bumperbot_utils/share/bumperbot_utils/local_setup.sh
[1.170s] -- Up-to-date: /root/AGV/install/bumperbot_utils/share/bumperbot_utils/local_setup.zsh
[1.170s] -- Up-to-date: /root/AGV/install/bumperbot_utils/share/bumperbot_utils/local_setup.dsv
[1.171s] -- Installing: /root/AGV/install/bumperbot_utils/share/bumperbot_utils/package.dsv
[1.171s] -- Up-to-date: /root/AGV/install/bumperbot_utils/share/ament_index/resource_index/packages/bumperbot_utils
[1.171s] -- Up-to-date: /root/AGV/install/bumperbot_utils/share/bumperbot_utils/cmake/bumperbot_utilsConfig.cmake
[1.171s] -- Up-to-date: /root/AGV/install/bumperbot_utils/share/bumperbot_utils/cmake/bumperbot_utilsConfig-version.cmake
[1.171s] -- Up-to-date: /root/AGV/install/bumperbot_utils/share/bumperbot_utils/package.xml
[1.174s] Invoked command in '/root/AGV/build/bumperbot_utils' returned '0': CMAKE_PREFIX_PATH=/opt/ros/humble /usr/bin/cmake --install /root/AGV/build/bumperbot_utils
