[0.077s] Invoking command in '/root/AGV/build/bumperbot_localization': CMAKE_PREFIX_PATH=/opt/ros/humble /usr/bin/cmake --build /root/AGV/build/bumperbot_localization -- -j8 -l8
[0.618s] [  0%] Built target ament_cmake_python_copy_bumperbot_localization
[0.619s] [100%] Built target imu_republisher
[0.787s] running egg_info
[0.789s] writing bumperbot_localization.egg-info/PKG-INFO
[0.789s] writing dependency_links to bumperbot_localization.egg-info/dependency_links.txt
[0.789s] writing top-level names to bumperbot_localization.egg-info/top_level.txt
[0.800s] reading manifest file 'bumperbot_localization.egg-info/SOURCES.txt'
[0.811s] writing manifest file 'bumperbot_localization.egg-info/SOURCES.txt'
[0.949s] [100%] Built target ament_cmake_python_build_bumperbot_localization_egg
[1.032s] Invoked command in '/root/AGV/build/bumperbot_localization' returned '0': CMAKE_PREFIX_PATH=/opt/ros/humble /usr/bin/cmake --build /root/AGV/build/bumperbot_localization -- -j8 -l8
[1.091s] Invoking command in '/root/AGV/build/bumperbot_localization': CMAKE_PREFIX_PATH=/opt/ros/humble /usr/bin/cmake --install /root/AGV/build/bumperbot_localization
[1.098s] -- Install configuration: ""
[1.100s] -- Up-to-date: /root/AGV/install/bumperbot_localization/share/bumperbot_localization/environment/pythonpath.sh
[1.100s] -- Up-to-date: /root/AGV/install/bumperbot_localization/share/bumperbot_localization/environment/pythonpath.dsv
[1.100s] -- Up-to-date: /root/AGV/install/bumperbot_localization/local/lib/python3.10/dist-packages/bumperbot_localization-0.0.0-py3.10.egg-info
[1.100s] -- Installing: /root/AGV/install/bumperbot_localization/local/lib/python3.10/dist-packages/bumperbot_localization-0.0.0-py3.10.egg-info/PKG-INFO
[1.101s] -- Installing: /root/AGV/install/bumperbot_localization/local/lib/python3.10/dist-packages/bumperbot_localization-0.0.0-py3.10.egg-info/top_level.txt
[1.101s] -- Installing: /root/AGV/install/bumperbot_localization/local/lib/python3.10/dist-packages/bumperbot_localization-0.0.0-py3.10.egg-info/dependency_links.txt
[1.101s] -- Installing: /root/AGV/install/bumperbot_localization/local/lib/python3.10/dist-packages/bumperbot_localization-0.0.0-py3.10.egg-info/SOURCES.txt
[1.101s] -- Up-to-date: /root/AGV/install/bumperbot_localization/local/lib/python3.10/dist-packages/bumperbot_localization
[1.121s] -- Up-to-date: /root/AGV/install/bumperbot_localization/local/lib/python3.10/dist-packages/bumperbot_localization/kalman_filter.py
[1.121s] -- Up-to-date: /root/AGV/install/bumperbot_localization/local/lib/python3.10/dist-packages/bumperbot_localization/__init__.py
[1.121s] -- Up-to-date: /root/AGV/install/bumperbot_localization/local/lib/python3.10/dist-packages/bumperbot_localization/imu_republisher.py
[1.186s] Listing '/root/AGV/install/bumperbot_localization/local/lib/python3.10/dist-packages/bumperbot_localization'...
[1.202s] -- Up-to-date: /root/AGV/install/bumperbot_localization/include/include
[1.208s] -- Up-to-date: /root/AGV/install/bumperbot_localization/include/include/bumperbot_localization
[1.209s] -- Up-to-date: /root/AGV/install/bumperbot_localization/include/include/bumperbot_localization/kalman_filter.hpp
[1.211s] -- Up-to-date: /root/AGV/install/bumperbot_localization/lib/bumperbot_localization/imu_republisher
[1.212s] -- Up-to-date: /root/AGV/install/bumperbot_localization/share/bumperbot_localization/launch
[1.217s] -- Up-to-date: /root/AGV/install/bumperbot_localization/share/bumperbot_localization/launch/local_localization.launch.py
[1.219s] -- Up-to-date: /root/AGV/install/bumperbot_localization/share/bumperbot_localization/config
[1.219s] -- Up-to-date: /root/AGV/install/bumperbot_localization/share/bumperbot_localization/config/ekf.yaml
[1.219s] -- Up-to-date: /root/AGV/install/bumperbot_localization/lib/bumperbot_localization/imu_republisher.py
[1.219s] -- Up-to-date: /root/AGV/install/bumperbot_localization/share/ament_index/resource_index/package_run_dependencies/bumperbot_localization
[1.220s] -- Up-to-date: /root/AGV/install/bumperbot_localization/share/ament_index/resource_index/parent_prefix_path/bumperbot_localization
[1.220s] -- Up-to-date: /root/AGV/install/bumperbot_localization/share/bumperbot_localization/environment/ament_prefix_path.sh
[1.220s] -- Up-to-date: /root/AGV/install/bumperbot_localization/share/bumperbot_localization/environment/ament_prefix_path.dsv
[1.220s] -- Up-to-date: /root/AGV/install/bumperbot_localization/share/bumperbot_localization/environment/path.sh
[1.223s] -- Up-to-date: /root/AGV/install/bumperbot_localization/share/bumperbot_localization/environment/path.dsv
[1.223s] -- Up-to-date: /root/AGV/install/bumperbot_localization/share/bumperbot_localization/local_setup.bash
[1.223s] -- Up-to-date: /root/AGV/install/bumperbot_localization/share/bumperbot_localization/local_setup.sh
[1.223s] -- Up-to-date: /root/AGV/install/bumperbot_localization/share/bumperbot_localization/local_setup.zsh
[1.224s] -- Up-to-date: /root/AGV/install/bumperbot_localization/share/bumperbot_localization/local_setup.dsv
[1.224s] -- Installing: /root/AGV/install/bumperbot_localization/share/bumperbot_localization/package.dsv
[1.224s] -- Up-to-date: /root/AGV/install/bumperbot_localization/share/ament_index/resource_index/packages/bumperbot_localization
[1.225s] -- Up-to-date: /root/AGV/install/bumperbot_localization/share/bumperbot_localization/cmake/bumperbot_localizationConfig.cmake
[1.225s] -- Up-to-date: /root/AGV/install/bumperbot_localization/share/bumperbot_localization/cmake/bumperbot_localizationConfig-version.cmake
[1.227s] -- Up-to-date: /root/AGV/install/bumperbot_localization/share/bumperbot_localization/package.xml
[1.359s] Invoked command in '/root/AGV/build/bumperbot_localization' returned '0': CMAKE_PREFIX_PATH=/opt/ros/humble /usr/bin/cmake --install /root/AGV/build/bumperbot_localization
