[0.108s] DEBUG:colcon:Command line arguments: ['/usr/bin/colcon', 'build']
[0.108s] DEBUG:colcon:Parsed command line arguments: Namespace(log_base=None, log_level=None, verb_name='build', build_base='build', install_base='install', merge_install=False, symlink_install=False, test_result_base=None, continue_on_error=False, executor='parallel', parallel_workers=8, event_handlers=None, ignore_user_meta=False, metas=['./colcon.meta'], base_paths=['.'], packages_ignore=None, packages_ignore_regex=None, paths=None, packages_up_to=None, packages_up_to_regex=None, packages_above=None, packages_above_and_dependencies=None, packages_above_depth=None, packages_select_by_dep=None, packages_skip_by_dep=None, packages_skip_up_to=None, packages_select_build_failed=False, packages_skip_build_finished=False, packages_select_test_failures=False, packages_skip_test_passed=False, packages_select=None, packages_skip=None, packages_select_regex=None, packages_skip_regex=None, packages_start=None, packages_end=None, allow_overriding=[], cmake_args=None, cmake_target=None, cmake_target_skip_unavailable=False, cmake_clean_cache=False, cmake_clean_first=False, cmake_force_configure=False, ament_cmake_args=None, catkin_cmake_args=None, catkin_skip_building_tests=False, verb_parser=<colcon_defaults.argument_parser.defaults.DefaultArgumentsDecorator object at 0x7f76e8758520>, verb_extension=<colcon_core.verb.build.BuildVerb object at 0x7f76e88ed0c0>, main=<bound method BuildVerb.main of <colcon_core.verb.build.BuildVerb object at 0x7f76e88ed0c0>>)
[0.212s] Level 1:colcon.colcon_core.package_discovery:discover_packages(colcon_meta) check parameters
[0.212s] Level 1:colcon.colcon_core.package_discovery:discover_packages(recursive) check parameters
[0.212s] Level 1:colcon.colcon_core.package_discovery:discover_packages(ignore) check parameters
[0.212s] Level 1:colcon.colcon_core.package_discovery:discover_packages(path) check parameters
[0.212s] Level 1:colcon.colcon_core.package_discovery:discover_packages(colcon_meta) discover
[0.212s] Level 1:colcon.colcon_core.package_discovery:discover_packages(recursive) discover
[0.212s] INFO:colcon.colcon_core.package_discovery:Crawling recursively for packages in '/root/AGV'
[0.212s] Level 1:colcon.colcon_core.package_identification:_identify(.) by extensions ['ignore', 'ignore_ament_install']
[0.212s] Level 1:colcon.colcon_core.package_identification:_identify(.) by extension 'ignore'
[0.212s] Level 1:colcon.colcon_core.package_identification:_identify(.) by extension 'ignore_ament_install'
[0.212s] Level 1:colcon.colcon_core.package_identification:_identify(.) by extensions ['colcon_pkg']
[0.212s] Level 1:colcon.colcon_core.package_identification:_identify(.) by extension 'colcon_pkg'
[0.212s] Level 1:colcon.colcon_core.package_identification:_identify(.) by extensions ['colcon_meta']
[0.212s] Level 1:colcon.colcon_core.package_identification:_identify(.) by extension 'colcon_meta'
[0.212s] Level 1:colcon.colcon_core.package_identification:_identify(.) by extensions ['ros']
[0.212s] Level 1:colcon.colcon_core.package_identification:_identify(.) by extension 'ros'
[0.220s] Level 1:colcon.colcon_core.package_identification:_identify(.) by extensions ['cmake', 'python']
[0.220s] Level 1:colcon.colcon_core.package_identification:_identify(.) by extension 'cmake'
[0.220s] Level 1:colcon.colcon_core.package_identification:_identify(.) by extension 'python'
[0.220s] Level 1:colcon.colcon_core.package_identification:_identify(.) by extensions ['python_setup_py']
[0.220s] Level 1:colcon.colcon_core.package_identification:_identify(.) by extension 'python_setup_py'
[0.220s] Level 1:colcon.colcon_core.package_identification:_identify(build) by extensions ['ignore', 'ignore_ament_install']
[0.220s] Level 1:colcon.colcon_core.package_identification:_identify(build) by extension 'ignore'
[0.220s] Level 1:colcon.colcon_core.package_identification:_identify(build) ignored
[0.220s] Level 1:colcon.colcon_core.package_identification:_identify(bumperbot_ws) by extensions ['ignore', 'ignore_ament_install']
[0.220s] Level 1:colcon.colcon_core.package_identification:_identify(bumperbot_ws) by extension 'ignore'
[0.220s] Level 1:colcon.colcon_core.package_identification:_identify(bumperbot_ws) by extension 'ignore_ament_install'
[0.221s] Level 1:colcon.colcon_core.package_identification:_identify(bumperbot_ws) by extensions ['colcon_pkg']
[0.221s] Level 1:colcon.colcon_core.package_identification:_identify(bumperbot_ws) by extension 'colcon_pkg'
[0.221s] Level 1:colcon.colcon_core.package_identification:_identify(bumperbot_ws) by extensions ['colcon_meta']
[0.221s] Level 1:colcon.colcon_core.package_identification:_identify(bumperbot_ws) by extension 'colcon_meta'
[0.221s] Level 1:colcon.colcon_core.package_identification:_identify(bumperbot_ws) by extensions ['ros']
[0.221s] Level 1:colcon.colcon_core.package_identification:_identify(bumperbot_ws) by extension 'ros'
[0.221s] Level 1:colcon.colcon_core.package_identification:_identify(bumperbot_ws) by extensions ['cmake', 'python']
[0.221s] Level 1:colcon.colcon_core.package_identification:_identify(bumperbot_ws) by extension 'cmake'
[0.221s] Level 1:colcon.colcon_core.package_identification:_identify(bumperbot_ws) by extension 'python'
[0.221s] Level 1:colcon.colcon_core.package_identification:_identify(bumperbot_ws) by extensions ['python_setup_py']
[0.221s] Level 1:colcon.colcon_core.package_identification:_identify(bumperbot_ws) by extension 'python_setup_py'
[0.221s] Level 1:colcon.colcon_core.package_identification:_identify(bumperbot_ws/build) by extensions ['ignore', 'ignore_ament_install']
[0.221s] Level 1:colcon.colcon_core.package_identification:_identify(bumperbot_ws/build) by extension 'ignore'
[0.221s] Level 1:colcon.colcon_core.package_identification:_identify(bumperbot_ws/build) ignored
[0.221s] Level 1:colcon.colcon_core.package_identification:_identify(bumperbot_ws/install) by extensions ['ignore', 'ignore_ament_install']
[0.221s] Level 1:colcon.colcon_core.package_identification:_identify(bumperbot_ws/install) by extension 'ignore'
[0.221s] Level 1:colcon.colcon_core.package_identification:_identify(bumperbot_ws/install) ignored
[0.221s] Level 1:colcon.colcon_core.package_identification:_identify(bumperbot_ws/log) by extensions ['ignore', 'ignore_ament_install']
[0.221s] Level 1:colcon.colcon_core.package_identification:_identify(bumperbot_ws/log) by extension 'ignore'
[0.221s] Level 1:colcon.colcon_core.package_identification:_identify(bumperbot_ws/log) ignored
[0.221s] Level 1:colcon.colcon_core.package_identification:_identify(bumperbot_ws/src) by extensions ['ignore', 'ignore_ament_install']
[0.221s] Level 1:colcon.colcon_core.package_identification:_identify(bumperbot_ws/src) by extension 'ignore'
[0.222s] Level 1:colcon.colcon_core.package_identification:_identify(bumperbot_ws/src) by extension 'ignore_ament_install'
[0.222s] Level 1:colcon.colcon_core.package_identification:_identify(bumperbot_ws/src) by extensions ['colcon_pkg']
[0.222s] Level 1:colcon.colcon_core.package_identification:_identify(bumperbot_ws/src) by extension 'colcon_pkg'
[0.222s] Level 1:colcon.colcon_core.package_identification:_identify(bumperbot_ws/src) by extensions ['colcon_meta']
[0.222s] Level 1:colcon.colcon_core.package_identification:_identify(bumperbot_ws/src) by extension 'colcon_meta'
[0.222s] Level 1:colcon.colcon_core.package_identification:_identify(bumperbot_ws/src) by extensions ['ros']
[0.222s] Level 1:colcon.colcon_core.package_identification:_identify(bumperbot_ws/src) by extension 'ros'
[0.222s] Level 1:colcon.colcon_core.package_identification:_identify(bumperbot_ws/src) by extensions ['cmake', 'python']
[0.222s] Level 1:colcon.colcon_core.package_identification:_identify(bumperbot_ws/src) by extension 'cmake'
[0.222s] Level 1:colcon.colcon_core.package_identification:_identify(bumperbot_ws/src) by extension 'python'
[0.222s] Level 1:colcon.colcon_core.package_identification:_identify(bumperbot_ws/src) by extensions ['python_setup_py']
[0.222s] Level 1:colcon.colcon_core.package_identification:_identify(bumperbot_ws/src) by extension 'python_setup_py'
[0.222s] Level 1:colcon.colcon_core.package_identification:_identify(bumperbot_ws/src/build) by extensions ['ignore', 'ignore_ament_install']
[0.222s] Level 1:colcon.colcon_core.package_identification:_identify(bumperbot_ws/src/build) by extension 'ignore'
[0.222s] Level 1:colcon.colcon_core.package_identification:_identify(bumperbot_ws/src/build) ignored
[0.222s] Level 1:colcon.colcon_core.package_identification:_identify(bumperbot_ws/src/bumperbot_controller) by extensions ['ignore', 'ignore_ament_install']
[0.222s] Level 1:colcon.colcon_core.package_identification:_identify(bumperbot_ws/src/bumperbot_controller) by extension 'ignore'
[0.222s] Level 1:colcon.colcon_core.package_identification:_identify(bumperbot_ws/src/bumperbot_controller) by extension 'ignore_ament_install'
[0.222s] Level 1:colcon.colcon_core.package_identification:_identify(bumperbot_ws/src/bumperbot_controller) by extensions ['colcon_pkg']
[0.222s] Level 1:colcon.colcon_core.package_identification:_identify(bumperbot_ws/src/bumperbot_controller) by extension 'colcon_pkg'
[0.223s] Level 1:colcon.colcon_core.package_identification:_identify(bumperbot_ws/src/bumperbot_controller) by extensions ['colcon_meta']
[0.223s] Level 1:colcon.colcon_core.package_identification:_identify(bumperbot_ws/src/bumperbot_controller) by extension 'colcon_meta'
[0.223s] Level 1:colcon.colcon_core.package_identification:_identify(bumperbot_ws/src/bumperbot_controller) by extensions ['ros']
[0.223s] Level 1:colcon.colcon_core.package_identification:_identify(bumperbot_ws/src/bumperbot_controller) by extension 'ros'
[0.226s] DEBUG:colcon.colcon_core.package_identification:Package 'bumperbot_ws/src/bumperbot_controller' with type 'ros.ament_cmake' and name 'bumperbot_controller'
[0.226s] Level 1:colcon.colcon_core.package_identification:_identify(bumperbot_ws/src/bumperbot_cpp_examples) by extensions ['ignore', 'ignore_ament_install']
[0.226s] Level 1:colcon.colcon_core.package_identification:_identify(bumperbot_ws/src/bumperbot_cpp_examples) by extension 'ignore'
[0.226s] Level 1:colcon.colcon_core.package_identification:_identify(bumperbot_ws/src/bumperbot_cpp_examples) by extension 'ignore_ament_install'
[0.226s] Level 1:colcon.colcon_core.package_identification:_identify(bumperbot_ws/src/bumperbot_cpp_examples) by extensions ['colcon_pkg']
[0.226s] Level 1:colcon.colcon_core.package_identification:_identify(bumperbot_ws/src/bumperbot_cpp_examples) by extension 'colcon_pkg'
[0.226s] Level 1:colcon.colcon_core.package_identification:_identify(bumperbot_ws/src/bumperbot_cpp_examples) by extensions ['colcon_meta']
[0.226s] Level 1:colcon.colcon_core.package_identification:_identify(bumperbot_ws/src/bumperbot_cpp_examples) by extension 'colcon_meta'
[0.226s] Level 1:colcon.colcon_core.package_identification:_identify(bumperbot_ws/src/bumperbot_cpp_examples) by extensions ['ros']
[0.226s] Level 1:colcon.colcon_core.package_identification:_identify(bumperbot_ws/src/bumperbot_cpp_examples) by extension 'ros'
[0.226s] DEBUG:colcon.colcon_core.package_identification:Package 'bumperbot_ws/src/bumperbot_cpp_examples' with type 'ros.ament_cmake' and name 'bumperbot_cpp_examples'
[0.227s] Level 1:colcon.colcon_core.package_identification:_identify(bumperbot_ws/src/bumperbot_description) by extensions ['ignore', 'ignore_ament_install']
[0.227s] Level 1:colcon.colcon_core.package_identification:_identify(bumperbot_ws/src/bumperbot_description) by extension 'ignore'
[0.227s] Level 1:colcon.colcon_core.package_identification:_identify(bumperbot_ws/src/bumperbot_description) by extension 'ignore_ament_install'
[0.227s] Level 1:colcon.colcon_core.package_identification:_identify(bumperbot_ws/src/bumperbot_description) by extensions ['colcon_pkg']
[0.227s] Level 1:colcon.colcon_core.package_identification:_identify(bumperbot_ws/src/bumperbot_description) by extension 'colcon_pkg'
[0.227s] Level 1:colcon.colcon_core.package_identification:_identify(bumperbot_ws/src/bumperbot_description) by extensions ['colcon_meta']
[0.227s] Level 1:colcon.colcon_core.package_identification:_identify(bumperbot_ws/src/bumperbot_description) by extension 'colcon_meta'
[0.227s] Level 1:colcon.colcon_core.package_identification:_identify(bumperbot_ws/src/bumperbot_description) by extensions ['ros']
[0.227s] Level 1:colcon.colcon_core.package_identification:_identify(bumperbot_ws/src/bumperbot_description) by extension 'ros'
[0.227s] DEBUG:colcon.colcon_core.package_identification:Package 'bumperbot_ws/src/bumperbot_description' with type 'ros.ament_cmake' and name 'bumperbot_description'
[0.227s] Level 1:colcon.colcon_core.package_identification:_identify(bumperbot_ws/src/bumperbot_firmware) by extensions ['ignore', 'ignore_ament_install']
[0.227s] Level 1:colcon.colcon_core.package_identification:_identify(bumperbot_ws/src/bumperbot_firmware) by extension 'ignore'
[0.227s] Level 1:colcon.colcon_core.package_identification:_identify(bumperbot_ws/src/bumperbot_firmware) by extension 'ignore_ament_install'
[0.227s] Level 1:colcon.colcon_core.package_identification:_identify(bumperbot_ws/src/bumperbot_firmware) by extensions ['colcon_pkg']
[0.227s] Level 1:colcon.colcon_core.package_identification:_identify(bumperbot_ws/src/bumperbot_firmware) by extension 'colcon_pkg'
[0.227s] Level 1:colcon.colcon_core.package_identification:_identify(bumperbot_ws/src/bumperbot_firmware) by extensions ['colcon_meta']
[0.228s] Level 1:colcon.colcon_core.package_identification:_identify(bumperbot_ws/src/bumperbot_firmware) by extension 'colcon_meta'
[0.228s] Level 1:colcon.colcon_core.package_identification:_identify(bumperbot_ws/src/bumperbot_firmware) by extensions ['ros']
[0.228s] Level 1:colcon.colcon_core.package_identification:_identify(bumperbot_ws/src/bumperbot_firmware) by extension 'ros'
[0.228s] DEBUG:colcon.colcon_core.package_identification:Package 'bumperbot_ws/src/bumperbot_firmware' with type 'ros.ament_cmake' and name 'bumperbot_firmware'
[0.228s] Level 1:colcon.colcon_core.package_identification:_identify(bumperbot_ws/src/bumperbot_localization) by extensions ['ignore', 'ignore_ament_install']
[0.228s] Level 1:colcon.colcon_core.package_identification:_identify(bumperbot_ws/src/bumperbot_localization) by extension 'ignore'
[0.228s] Level 1:colcon.colcon_core.package_identification:_identify(bumperbot_ws/src/bumperbot_localization) by extension 'ignore_ament_install'
[0.228s] Level 1:colcon.colcon_core.package_identification:_identify(bumperbot_ws/src/bumperbot_localization) by extensions ['colcon_pkg']
[0.228s] Level 1:colcon.colcon_core.package_identification:_identify(bumperbot_ws/src/bumperbot_localization) by extension 'colcon_pkg'
[0.228s] Level 1:colcon.colcon_core.package_identification:_identify(bumperbot_ws/src/bumperbot_localization) by extensions ['colcon_meta']
[0.228s] Level 1:colcon.colcon_core.package_identification:_identify(bumperbot_ws/src/bumperbot_localization) by extension 'colcon_meta'
[0.229s] Level 1:colcon.colcon_core.package_identification:_identify(bumperbot_ws/src/bumperbot_localization) by extensions ['ros']
[0.229s] Level 1:colcon.colcon_core.package_identification:_identify(bumperbot_ws/src/bumperbot_localization) by extension 'ros'
[0.229s] DEBUG:colcon.colcon_core.package_identification:Package 'bumperbot_ws/src/bumperbot_localization' with type 'ros.ament_cmake' and name 'bumperbot_localization'
[0.229s] Level 1:colcon.colcon_core.package_identification:_identify(bumperbot_ws/src/bumperbot_mapping) by extensions ['ignore', 'ignore_ament_install']
[0.229s] Level 1:colcon.colcon_core.package_identification:_identify(bumperbot_ws/src/bumperbot_mapping) by extension 'ignore'
[0.229s] Level 1:colcon.colcon_core.package_identification:_identify(bumperbot_ws/src/bumperbot_mapping) by extension 'ignore_ament_install'
[0.229s] Level 1:colcon.colcon_core.package_identification:_identify(bumperbot_ws/src/bumperbot_mapping) by extensions ['colcon_pkg']
[0.229s] Level 1:colcon.colcon_core.package_identification:_identify(bumperbot_ws/src/bumperbot_mapping) by extension 'colcon_pkg'
[0.229s] Level 1:colcon.colcon_core.package_identification:_identify(bumperbot_ws/src/bumperbot_mapping) by extensions ['colcon_meta']
[0.229s] Level 1:colcon.colcon_core.package_identification:_identify(bumperbot_ws/src/bumperbot_mapping) by extension 'colcon_meta'
[0.229s] Level 1:colcon.colcon_core.package_identification:_identify(bumperbot_ws/src/bumperbot_mapping) by extensions ['ros']
[0.229s] Level 1:colcon.colcon_core.package_identification:_identify(bumperbot_ws/src/bumperbot_mapping) by extension 'ros'
[0.230s] DEBUG:colcon.colcon_core.package_identification:Package 'bumperbot_ws/src/bumperbot_mapping' with type 'ros.ament_cmake' and name 'bumperbot_mapping'
[0.230s] Level 1:colcon.colcon_core.package_identification:_identify(bumperbot_ws/src/bumperbot_py_examples) by extensions ['ignore', 'ignore_ament_install']
[0.230s] Level 1:colcon.colcon_core.package_identification:_identify(bumperbot_ws/src/bumperbot_py_examples) by extension 'ignore'
[0.230s] Level 1:colcon.colcon_core.package_identification:_identify(bumperbot_ws/src/bumperbot_py_examples) by extension 'ignore_ament_install'
[0.230s] Level 1:colcon.colcon_core.package_identification:_identify(bumperbot_ws/src/bumperbot_py_examples) by extensions ['colcon_pkg']
[0.230s] Level 1:colcon.colcon_core.package_identification:_identify(bumperbot_ws/src/bumperbot_py_examples) by extension 'colcon_pkg'
[0.230s] Level 1:colcon.colcon_core.package_identification:_identify(bumperbot_ws/src/bumperbot_py_examples) by extensions ['colcon_meta']
[0.230s] Level 1:colcon.colcon_core.package_identification:_identify(bumperbot_ws/src/bumperbot_py_examples) by extension 'colcon_meta'
[0.230s] Level 1:colcon.colcon_core.package_identification:_identify(bumperbot_ws/src/bumperbot_py_examples) by extensions ['ros']
[0.230s] Level 1:colcon.colcon_core.package_identification:_identify(bumperbot_ws/src/bumperbot_py_examples) by extension 'ros'
[0.230s] DEBUG:colcon.colcon_core.package_identification:Package 'bumperbot_ws/src/bumperbot_py_examples' with type 'ros.ament_python' and name 'bumperbot_py_examples'
[0.230s] Level 1:colcon.colcon_core.package_identification:_identify(bumperbot_ws/src/bumperbot_utils) by extensions ['ignore', 'ignore_ament_install']
[0.230s] Level 1:colcon.colcon_core.package_identification:_identify(bumperbot_ws/src/bumperbot_utils) by extension 'ignore'
[0.230s] Level 1:colcon.colcon_core.package_identification:_identify(bumperbot_ws/src/bumperbot_utils) by extension 'ignore_ament_install'
[0.230s] Level 1:colcon.colcon_core.package_identification:_identify(bumperbot_ws/src/bumperbot_utils) by extensions ['colcon_pkg']
[0.230s] Level 1:colcon.colcon_core.package_identification:_identify(bumperbot_ws/src/bumperbot_utils) by extension 'colcon_pkg'
[0.231s] Level 1:colcon.colcon_core.package_identification:_identify(bumperbot_ws/src/bumperbot_utils) by extensions ['colcon_meta']
[0.231s] Level 1:colcon.colcon_core.package_identification:_identify(bumperbot_ws/src/bumperbot_utils) by extension 'colcon_meta'
[0.231s] Level 1:colcon.colcon_core.package_identification:_identify(bumperbot_ws/src/bumperbot_utils) by extensions ['ros']
[0.231s] Level 1:colcon.colcon_core.package_identification:_identify(bumperbot_ws/src/bumperbot_utils) by extension 'ros'
[0.231s] DEBUG:colcon.colcon_core.package_identification:Package 'bumperbot_ws/src/bumperbot_utils' with type 'ros.ament_cmake' and name 'bumperbot_utils'
[0.231s] Level 1:colcon.colcon_core.package_identification:_identify(bumperbot_ws/src/install) by extensions ['ignore', 'ignore_ament_install']
[0.231s] Level 1:colcon.colcon_core.package_identification:_identify(bumperbot_ws/src/install) by extension 'ignore'
[0.231s] Level 1:colcon.colcon_core.package_identification:_identify(bumperbot_ws/src/install) ignored
[0.231s] Level 1:colcon.colcon_core.package_identification:_identify(bumperbot_ws/src/log) by extensions ['ignore', 'ignore_ament_install']
[0.232s] Level 1:colcon.colcon_core.package_identification:_identify(bumperbot_ws/src/log) by extension 'ignore'
[0.232s] Level 1:colcon.colcon_core.package_identification:_identify(bumperbot_ws/src/log) ignored
[0.232s] Level 1:colcon.colcon_core.package_identification:_identify(install) by extensions ['ignore', 'ignore_ament_install']
[0.232s] Level 1:colcon.colcon_core.package_identification:_identify(install) by extension 'ignore'
[0.232s] Level 1:colcon.colcon_core.package_identification:_identify(install) ignored
[0.232s] Level 1:colcon.colcon_core.package_identification:_identify(log) by extensions ['ignore', 'ignore_ament_install']
[0.232s] Level 1:colcon.colcon_core.package_identification:_identify(log) by extension 'ignore'
[0.232s] Level 1:colcon.colcon_core.package_identification:_identify(log) ignored
[0.232s] Level 1:colcon.colcon_core.package_discovery:discover_packages(recursive) using defaults
[0.232s] Level 1:colcon.colcon_core.package_discovery:discover_packages(ignore) discover
[0.232s] Level 1:colcon.colcon_core.package_discovery:discover_packages(ignore) using defaults
[0.232s] Level 1:colcon.colcon_core.package_discovery:discover_packages(path) discover
[0.232s] Level 1:colcon.colcon_core.package_discovery:discover_packages(path) using defaults
[0.247s] Level 1:colcon.colcon_core.package_discovery:discover_packages(prefix_path) check parameters
[0.247s] Level 1:colcon.colcon_core.package_discovery:discover_packages(prefix_path) discover
[0.249s] DEBUG:colcon.colcon_installed_package_information.package_discovery:Found 329 installed packages in /opt/ros/humble
[0.260s] Level 1:colcon.colcon_core.package_discovery:discover_packages(prefix_path) using defaults
[0.288s] Level 5:colcon.colcon_core.verb:set package 'bumperbot_controller' build argument 'cmake_args' from command line to 'None'
[0.288s] Level 5:colcon.colcon_core.verb:set package 'bumperbot_controller' build argument 'cmake_target' from command line to 'None'
[0.288s] Level 5:colcon.colcon_core.verb:set package 'bumperbot_controller' build argument 'cmake_target_skip_unavailable' from command line to 'False'
[0.288s] Level 5:colcon.colcon_core.verb:set package 'bumperbot_controller' build argument 'cmake_clean_cache' from command line to 'False'
[0.288s] Level 5:colcon.colcon_core.verb:set package 'bumperbot_controller' build argument 'cmake_clean_first' from command line to 'False'
[0.288s] Level 5:colcon.colcon_core.verb:set package 'bumperbot_controller' build argument 'cmake_force_configure' from command line to 'False'
[0.288s] Level 5:colcon.colcon_core.verb:set package 'bumperbot_controller' build argument 'ament_cmake_args' from command line to 'None'
[0.288s] Level 5:colcon.colcon_core.verb:set package 'bumperbot_controller' build argument 'catkin_cmake_args' from command line to 'None'
[0.288s] Level 5:colcon.colcon_core.verb:set package 'bumperbot_controller' build argument 'catkin_skip_building_tests' from command line to 'False'
[0.288s] DEBUG:colcon.colcon_core.verb:Building package 'bumperbot_controller' with the following arguments: {'ament_cmake_args': None, 'build_base': '/root/AGV/build/bumperbot_controller', 'catkin_cmake_args': None, 'catkin_skip_building_tests': False, 'cmake_args': None, 'cmake_clean_cache': False, 'cmake_clean_first': False, 'cmake_force_configure': False, 'cmake_target': None, 'cmake_target_skip_unavailable': False, 'install_base': '/root/AGV/install/bumperbot_controller', 'merge_install': False, 'path': '/root/AGV/bumperbot_ws/src/bumperbot_controller', 'symlink_install': False, 'test_result_base': None}
[0.288s] Level 5:colcon.colcon_core.verb:set package 'bumperbot_cpp_examples' build argument 'cmake_args' from command line to 'None'
[0.289s] Level 5:colcon.colcon_core.verb:set package 'bumperbot_cpp_examples' build argument 'cmake_target' from command line to 'None'
[0.289s] Level 5:colcon.colcon_core.verb:set package 'bumperbot_cpp_examples' build argument 'cmake_target_skip_unavailable' from command line to 'False'
[0.289s] Level 5:colcon.colcon_core.verb:set package 'bumperbot_cpp_examples' build argument 'cmake_clean_cache' from command line to 'False'
[0.289s] Level 5:colcon.colcon_core.verb:set package 'bumperbot_cpp_examples' build argument 'cmake_clean_first' from command line to 'False'
[0.289s] Level 5:colcon.colcon_core.verb:set package 'bumperbot_cpp_examples' build argument 'cmake_force_configure' from command line to 'False'
[0.289s] Level 5:colcon.colcon_core.verb:set package 'bumperbot_cpp_examples' build argument 'ament_cmake_args' from command line to 'None'
[0.289s] Level 5:colcon.colcon_core.verb:set package 'bumperbot_cpp_examples' build argument 'catkin_cmake_args' from command line to 'None'
[0.289s] Level 5:colcon.colcon_core.verb:set package 'bumperbot_cpp_examples' build argument 'catkin_skip_building_tests' from command line to 'False'
[0.289s] DEBUG:colcon.colcon_core.verb:Building package 'bumperbot_cpp_examples' with the following arguments: {'ament_cmake_args': None, 'build_base': '/root/AGV/build/bumperbot_cpp_examples', 'catkin_cmake_args': None, 'catkin_skip_building_tests': False, 'cmake_args': None, 'cmake_clean_cache': False, 'cmake_clean_first': False, 'cmake_force_configure': False, 'cmake_target': None, 'cmake_target_skip_unavailable': False, 'install_base': '/root/AGV/install/bumperbot_cpp_examples', 'merge_install': False, 'path': '/root/AGV/bumperbot_ws/src/bumperbot_cpp_examples', 'symlink_install': False, 'test_result_base': None}
[0.289s] Level 5:colcon.colcon_core.verb:set package 'bumperbot_description' build argument 'cmake_args' from command line to 'None'
[0.289s] Level 5:colcon.colcon_core.verb:set package 'bumperbot_description' build argument 'cmake_target' from command line to 'None'
[0.289s] Level 5:colcon.colcon_core.verb:set package 'bumperbot_description' build argument 'cmake_target_skip_unavailable' from command line to 'False'
[0.289s] Level 5:colcon.colcon_core.verb:set package 'bumperbot_description' build argument 'cmake_clean_cache' from command line to 'False'
[0.289s] Level 5:colcon.colcon_core.verb:set package 'bumperbot_description' build argument 'cmake_clean_first' from command line to 'False'
[0.289s] Level 5:colcon.colcon_core.verb:set package 'bumperbot_description' build argument 'cmake_force_configure' from command line to 'False'
[0.289s] Level 5:colcon.colcon_core.verb:set package 'bumperbot_description' build argument 'ament_cmake_args' from command line to 'None'
[0.289s] Level 5:colcon.colcon_core.verb:set package 'bumperbot_description' build argument 'catkin_cmake_args' from command line to 'None'
[0.289s] Level 5:colcon.colcon_core.verb:set package 'bumperbot_description' build argument 'catkin_skip_building_tests' from command line to 'False'
[0.289s] DEBUG:colcon.colcon_core.verb:Building package 'bumperbot_description' with the following arguments: {'ament_cmake_args': None, 'build_base': '/root/AGV/build/bumperbot_description', 'catkin_cmake_args': None, 'catkin_skip_building_tests': False, 'cmake_args': None, 'cmake_clean_cache': False, 'cmake_clean_first': False, 'cmake_force_configure': False, 'cmake_target': None, 'cmake_target_skip_unavailable': False, 'install_base': '/root/AGV/install/bumperbot_description', 'merge_install': False, 'path': '/root/AGV/bumperbot_ws/src/bumperbot_description', 'symlink_install': False, 'test_result_base': None}
[0.289s] Level 5:colcon.colcon_core.verb:set package 'bumperbot_firmware' build argument 'cmake_args' from command line to 'None'
[0.289s] Level 5:colcon.colcon_core.verb:set package 'bumperbot_firmware' build argument 'cmake_target' from command line to 'None'
[0.289s] Level 5:colcon.colcon_core.verb:set package 'bumperbot_firmware' build argument 'cmake_target_skip_unavailable' from command line to 'False'
[0.289s] Level 5:colcon.colcon_core.verb:set package 'bumperbot_firmware' build argument 'cmake_clean_cache' from command line to 'False'
[0.289s] Level 5:colcon.colcon_core.verb:set package 'bumperbot_firmware' build argument 'cmake_clean_first' from command line to 'False'
[0.289s] Level 5:colcon.colcon_core.verb:set package 'bumperbot_firmware' build argument 'cmake_force_configure' from command line to 'False'
[0.289s] Level 5:colcon.colcon_core.verb:set package 'bumperbot_firmware' build argument 'ament_cmake_args' from command line to 'None'
[0.289s] Level 5:colcon.colcon_core.verb:set package 'bumperbot_firmware' build argument 'catkin_cmake_args' from command line to 'None'
[0.289s] Level 5:colcon.colcon_core.verb:set package 'bumperbot_firmware' build argument 'catkin_skip_building_tests' from command line to 'False'
[0.290s] DEBUG:colcon.colcon_core.verb:Building package 'bumperbot_firmware' with the following arguments: {'ament_cmake_args': None, 'build_base': '/root/AGV/build/bumperbot_firmware', 'catkin_cmake_args': None, 'catkin_skip_building_tests': False, 'cmake_args': None, 'cmake_clean_cache': False, 'cmake_clean_first': False, 'cmake_force_configure': False, 'cmake_target': None, 'cmake_target_skip_unavailable': False, 'install_base': '/root/AGV/install/bumperbot_firmware', 'merge_install': False, 'path': '/root/AGV/bumperbot_ws/src/bumperbot_firmware', 'symlink_install': False, 'test_result_base': None}
[0.290s] Level 5:colcon.colcon_core.verb:set package 'bumperbot_localization' build argument 'cmake_args' from command line to 'None'
[0.290s] Level 5:colcon.colcon_core.verb:set package 'bumperbot_localization' build argument 'cmake_target' from command line to 'None'
[0.290s] Level 5:colcon.colcon_core.verb:set package 'bumperbot_localization' build argument 'cmake_target_skip_unavailable' from command line to 'False'
[0.290s] Level 5:colcon.colcon_core.verb:set package 'bumperbot_localization' build argument 'cmake_clean_cache' from command line to 'False'
[0.290s] Level 5:colcon.colcon_core.verb:set package 'bumperbot_localization' build argument 'cmake_clean_first' from command line to 'False'
[0.290s] Level 5:colcon.colcon_core.verb:set package 'bumperbot_localization' build argument 'cmake_force_configure' from command line to 'False'
[0.290s] Level 5:colcon.colcon_core.verb:set package 'bumperbot_localization' build argument 'ament_cmake_args' from command line to 'None'
[0.290s] Level 5:colcon.colcon_core.verb:set package 'bumperbot_localization' build argument 'catkin_cmake_args' from command line to 'None'
[0.290s] Level 5:colcon.colcon_core.verb:set package 'bumperbot_localization' build argument 'catkin_skip_building_tests' from command line to 'False'
[0.290s] DEBUG:colcon.colcon_core.verb:Building package 'bumperbot_localization' with the following arguments: {'ament_cmake_args': None, 'build_base': '/root/AGV/build/bumperbot_localization', 'catkin_cmake_args': None, 'catkin_skip_building_tests': False, 'cmake_args': None, 'cmake_clean_cache': False, 'cmake_clean_first': False, 'cmake_force_configure': False, 'cmake_target': None, 'cmake_target_skip_unavailable': False, 'install_base': '/root/AGV/install/bumperbot_localization', 'merge_install': False, 'path': '/root/AGV/bumperbot_ws/src/bumperbot_localization', 'symlink_install': False, 'test_result_base': None}
[0.290s] Level 5:colcon.colcon_core.verb:set package 'bumperbot_mapping' build argument 'cmake_args' from command line to 'None'
[0.290s] Level 5:colcon.colcon_core.verb:set package 'bumperbot_mapping' build argument 'cmake_target' from command line to 'None'
[0.290s] Level 5:colcon.colcon_core.verb:set package 'bumperbot_mapping' build argument 'cmake_target_skip_unavailable' from command line to 'False'
[0.290s] Level 5:colcon.colcon_core.verb:set package 'bumperbot_mapping' build argument 'cmake_clean_cache' from command line to 'False'
[0.290s] Level 5:colcon.colcon_core.verb:set package 'bumperbot_mapping' build argument 'cmake_clean_first' from command line to 'False'
[0.290s] Level 5:colcon.colcon_core.verb:set package 'bumperbot_mapping' build argument 'cmake_force_configure' from command line to 'False'
[0.290s] Level 5:colcon.colcon_core.verb:set package 'bumperbot_mapping' build argument 'ament_cmake_args' from command line to 'None'
[0.290s] Level 5:colcon.colcon_core.verb:set package 'bumperbot_mapping' build argument 'catkin_cmake_args' from command line to 'None'
[0.290s] Level 5:colcon.colcon_core.verb:set package 'bumperbot_mapping' build argument 'catkin_skip_building_tests' from command line to 'False'
[0.290s] DEBUG:colcon.colcon_core.verb:Building package 'bumperbot_mapping' with the following arguments: {'ament_cmake_args': None, 'build_base': '/root/AGV/build/bumperbot_mapping', 'catkin_cmake_args': None, 'catkin_skip_building_tests': False, 'cmake_args': None, 'cmake_clean_cache': False, 'cmake_clean_first': False, 'cmake_force_configure': False, 'cmake_target': None, 'cmake_target_skip_unavailable': False, 'install_base': '/root/AGV/install/bumperbot_mapping', 'merge_install': False, 'path': '/root/AGV/bumperbot_ws/src/bumperbot_mapping', 'symlink_install': False, 'test_result_base': None}
[0.291s] Level 5:colcon.colcon_core.verb:set package 'bumperbot_py_examples' build argument 'cmake_args' from command line to 'None'
[0.291s] Level 5:colcon.colcon_core.verb:set package 'bumperbot_py_examples' build argument 'cmake_target' from command line to 'None'
[0.291s] Level 5:colcon.colcon_core.verb:set package 'bumperbot_py_examples' build argument 'cmake_target_skip_unavailable' from command line to 'False'
[0.291s] Level 5:colcon.colcon_core.verb:set package 'bumperbot_py_examples' build argument 'cmake_clean_cache' from command line to 'False'
[0.291s] Level 5:colcon.colcon_core.verb:set package 'bumperbot_py_examples' build argument 'cmake_clean_first' from command line to 'False'
[0.291s] Level 5:colcon.colcon_core.verb:set package 'bumperbot_py_examples' build argument 'cmake_force_configure' from command line to 'False'
[0.291s] Level 5:colcon.colcon_core.verb:set package 'bumperbot_py_examples' build argument 'ament_cmake_args' from command line to 'None'
[0.291s] Level 5:colcon.colcon_core.verb:set package 'bumperbot_py_examples' build argument 'catkin_cmake_args' from command line to 'None'
[0.291s] Level 5:colcon.colcon_core.verb:set package 'bumperbot_py_examples' build argument 'catkin_skip_building_tests' from command line to 'False'
[0.291s] DEBUG:colcon.colcon_core.verb:Building package 'bumperbot_py_examples' with the following arguments: {'ament_cmake_args': None, 'build_base': '/root/AGV/build/bumperbot_py_examples', 'catkin_cmake_args': None, 'catkin_skip_building_tests': False, 'cmake_args': None, 'cmake_clean_cache': False, 'cmake_clean_first': False, 'cmake_force_configure': False, 'cmake_target': None, 'cmake_target_skip_unavailable': False, 'install_base': '/root/AGV/install/bumperbot_py_examples', 'merge_install': False, 'path': '/root/AGV/bumperbot_ws/src/bumperbot_py_examples', 'symlink_install': False, 'test_result_base': None}
[0.291s] Level 5:colcon.colcon_core.verb:set package 'bumperbot_utils' build argument 'cmake_args' from command line to 'None'
[0.291s] Level 5:colcon.colcon_core.verb:set package 'bumperbot_utils' build argument 'cmake_target' from command line to 'None'
[0.291s] Level 5:colcon.colcon_core.verb:set package 'bumperbot_utils' build argument 'cmake_target_skip_unavailable' from command line to 'False'
[0.291s] Level 5:colcon.colcon_core.verb:set package 'bumperbot_utils' build argument 'cmake_clean_cache' from command line to 'False'
[0.291s] Level 5:colcon.colcon_core.verb:set package 'bumperbot_utils' build argument 'cmake_clean_first' from command line to 'False'
[0.291s] Level 5:colcon.colcon_core.verb:set package 'bumperbot_utils' build argument 'cmake_force_configure' from command line to 'False'
[0.291s] Level 5:colcon.colcon_core.verb:set package 'bumperbot_utils' build argument 'ament_cmake_args' from command line to 'None'
[0.291s] Level 5:colcon.colcon_core.verb:set package 'bumperbot_utils' build argument 'catkin_cmake_args' from command line to 'None'
[0.291s] Level 5:colcon.colcon_core.verb:set package 'bumperbot_utils' build argument 'catkin_skip_building_tests' from command line to 'False'
[0.291s] DEBUG:colcon.colcon_core.verb:Building package 'bumperbot_utils' with the following arguments: {'ament_cmake_args': None, 'build_base': '/root/AGV/build/bumperbot_utils', 'catkin_cmake_args': None, 'catkin_skip_building_tests': False, 'cmake_args': None, 'cmake_clean_cache': False, 'cmake_clean_first': False, 'cmake_force_configure': False, 'cmake_target': None, 'cmake_target_skip_unavailable': False, 'install_base': '/root/AGV/install/bumperbot_utils', 'merge_install': False, 'path': '/root/AGV/bumperbot_ws/src/bumperbot_utils', 'symlink_install': False, 'test_result_base': None}
[0.291s] INFO:colcon.colcon_core.executor:Executing jobs using 'parallel' executor
[0.292s] DEBUG:colcon.colcon_parallel_executor.executor.parallel:run_until_complete
[0.293s] INFO:colcon.colcon_ros.task.ament_cmake.build:Building ROS package in '/root/AGV/bumperbot_ws/src/bumperbot_controller' with build type 'ament_cmake'
[0.293s] INFO:colcon.colcon_cmake.task.cmake.build:Building CMake package in '/root/AGV/bumperbot_ws/src/bumperbot_controller'
[0.295s] INFO:colcon.colcon_core.plugin_system:Skipping extension 'colcon_core.shell.bat': Not used on non-Windows systems
[0.295s] INFO:colcon.colcon_core.shell:Skip shell extension 'powershell' for command environment: Not usable outside of PowerShell
[0.295s] DEBUG:colcon.colcon_core.shell:Skip shell extension 'dsv' for command environment
[0.297s] INFO:colcon.colcon_ros.task.ament_cmake.build:Building ROS package in '/root/AGV/bumperbot_ws/src/bumperbot_cpp_examples' with build type 'ament_cmake'
[0.297s] INFO:colcon.colcon_cmake.task.cmake.build:Building CMake package in '/root/AGV/bumperbot_ws/src/bumperbot_cpp_examples'
[0.298s] INFO:colcon.colcon_core.shell:Skip shell extension 'powershell' for command environment: Not usable outside of PowerShell
[0.298s] DEBUG:colcon.colcon_core.shell:Skip shell extension 'dsv' for command environment
[0.301s] INFO:colcon.colcon_ros.task.ament_cmake.build:Building ROS package in '/root/AGV/bumperbot_ws/src/bumperbot_description' with build type 'ament_cmake'
[0.301s] INFO:colcon.colcon_cmake.task.cmake.build:Building CMake package in '/root/AGV/bumperbot_ws/src/bumperbot_description'
[0.301s] INFO:colcon.colcon_core.shell:Skip shell extension 'powershell' for command environment: Not usable outside of PowerShell
[0.301s] DEBUG:colcon.colcon_core.shell:Skip shell extension 'dsv' for command environment
[0.304s] INFO:colcon.colcon_ros.task.ament_cmake.build:Building ROS package in '/root/AGV/bumperbot_ws/src/bumperbot_firmware' with build type 'ament_cmake'
[0.304s] INFO:colcon.colcon_cmake.task.cmake.build:Building CMake package in '/root/AGV/bumperbot_ws/src/bumperbot_firmware'
[0.304s] INFO:colcon.colcon_core.shell:Skip shell extension 'powershell' for command environment: Not usable outside of PowerShell
[0.304s] DEBUG:colcon.colcon_core.shell:Skip shell extension 'dsv' for command environment
[0.307s] INFO:colcon.colcon_ros.task.ament_cmake.build:Building ROS package in '/root/AGV/bumperbot_ws/src/bumperbot_localization' with build type 'ament_cmake'
[0.308s] INFO:colcon.colcon_cmake.task.cmake.build:Building CMake package in '/root/AGV/bumperbot_ws/src/bumperbot_localization'
[0.308s] INFO:colcon.colcon_core.shell:Skip shell extension 'powershell' for command environment: Not usable outside of PowerShell
[0.308s] DEBUG:colcon.colcon_core.shell:Skip shell extension 'dsv' for command environment
[0.311s] INFO:colcon.colcon_ros.task.ament_cmake.build:Building ROS package in '/root/AGV/bumperbot_ws/src/bumperbot_mapping' with build type 'ament_cmake'
[0.311s] INFO:colcon.colcon_cmake.task.cmake.build:Building CMake package in '/root/AGV/bumperbot_ws/src/bumperbot_mapping'
[0.312s] INFO:colcon.colcon_core.shell:Skip shell extension 'powershell' for command environment: Not usable outside of PowerShell
[0.312s] DEBUG:colcon.colcon_core.shell:Skip shell extension 'dsv' for command environment
[0.314s] INFO:colcon.colcon_ros.task.ament_python.build:Building ROS package in '/root/AGV/bumperbot_ws/src/bumperbot_py_examples' with build type 'ament_python'
[0.314s] Level 1:colcon.colcon_core.shell:create_environment_hook('bumperbot_py_examples', 'ament_prefix_path')
[0.314s] INFO:colcon.colcon_core.shell:Creating environment hook '/root/AGV/install/bumperbot_py_examples/share/bumperbot_py_examples/hook/ament_prefix_path.ps1'
[0.316s] INFO:colcon.colcon_core.shell:Creating environment descriptor '/root/AGV/install/bumperbot_py_examples/share/bumperbot_py_examples/hook/ament_prefix_path.dsv'
[0.316s] INFO:colcon.colcon_core.shell:Creating environment hook '/root/AGV/install/bumperbot_py_examples/share/bumperbot_py_examples/hook/ament_prefix_path.sh'
[0.317s] INFO:colcon.colcon_core.shell:Skip shell extension 'powershell' for command environment: Not usable outside of PowerShell
[0.317s] DEBUG:colcon.colcon_core.shell:Skip shell extension 'dsv' for command environment
[0.319s] INFO:colcon.colcon_ros.task.ament_cmake.build:Building ROS package in '/root/AGV/bumperbot_ws/src/bumperbot_utils' with build type 'ament_cmake'
[0.319s] INFO:colcon.colcon_cmake.task.cmake.build:Building CMake package in '/root/AGV/bumperbot_ws/src/bumperbot_utils'
[0.319s] INFO:colcon.colcon_core.shell:Skip shell extension 'powershell' for command environment: Not usable outside of PowerShell
[0.319s] DEBUG:colcon.colcon_core.shell:Skip shell extension 'dsv' for command environment
[0.331s] DEBUG:colcon.colcon_core.event_handler.log_command:Invoking command in '/root/AGV/build/bumperbot_controller': CMAKE_PREFIX_PATH=/opt/ros/humble /usr/bin/cmake --build /root/AGV/build/bumperbot_controller -- -j8 -l8
[0.337s] DEBUG:colcon.colcon_core.event_handler.log_command:Invoking command in '/root/AGV/build/bumperbot_cpp_examples': CMAKE_PREFIX_PATH=/opt/ros/humble /usr/bin/cmake --build /root/AGV/build/bumperbot_cpp_examples -- -j8 -l8
[0.348s] DEBUG:colcon.colcon_core.event_handler.log_command:Invoking command in '/root/AGV/build/bumperbot_description': CMAKE_PREFIX_PATH=/opt/ros/humble /usr/bin/cmake --build /root/AGV/build/bumperbot_description -- -j8 -l8
[0.351s] DEBUG:colcon.colcon_core.event_handler.log_command:Invoking command in '/root/AGV/build/bumperbot_firmware': CMAKE_PREFIX_PATH=/opt/ros/humble /usr/bin/cmake --build /root/AGV/build/bumperbot_firmware -- -j8 -l8
[0.354s] DEBUG:colcon.colcon_core.event_handler.log_command:Invoking command in '/root/AGV/build/bumperbot_localization': CMAKE_PREFIX_PATH=/opt/ros/humble /usr/bin/cmake --build /root/AGV/build/bumperbot_localization -- -j8 -l8
[0.362s] DEBUG:colcon.colcon_core.event_handler.log_command:Invoking command in '/root/AGV/build/bumperbot_mapping': CMAKE_PREFIX_PATH=/opt/ros/humble /usr/bin/cmake --build /root/AGV/build/bumperbot_mapping -- -j8 -l8
[0.677s] INFO:colcon.colcon_core.task.python.build:Building Python package in '/root/AGV/bumperbot_ws/src/bumperbot_py_examples'
[0.678s] INFO:colcon.colcon_core.shell:Skip shell extension 'powershell' for command environment: Not usable outside of PowerShell
[0.678s] DEBUG:colcon.colcon_core.shell:Skip shell extension 'dsv' for command environment
[0.692s] DEBUG:colcon.colcon_core.event_handler.log_command:Invoking command in '/root/AGV/build/bumperbot_utils': CMAKE_PREFIX_PATH=/opt/ros/humble /usr/bin/cmake --build /root/AGV/build/bumperbot_utils -- -j8 -l8
[0.711s] DEBUG:colcon.colcon_core.event_handler.log_command:Invoked command in '/root/AGV/build/bumperbot_cpp_examples' returned '0': CMAKE_PREFIX_PATH=/opt/ros/humble /usr/bin/cmake --build /root/AGV/build/bumperbot_cpp_examples -- -j8 -l8
[0.714s] DEBUG:colcon.colcon_core.event_handler.log_command:Invoked command in '/root/AGV/build/bumperbot_description' returned '0': CMAKE_PREFIX_PATH=/opt/ros/humble /usr/bin/cmake --build /root/AGV/build/bumperbot_description -- -j8 -l8
[0.720s] DEBUG:colcon.colcon_core.event_handler.log_command:Invoked command in '/root/AGV/build/bumperbot_mapping' returned '0': CMAKE_PREFIX_PATH=/opt/ros/humble /usr/bin/cmake --build /root/AGV/build/bumperbot_mapping -- -j8 -l8
[0.792s] DEBUG:colcon.colcon_core.event_handler.log_command:Invoking command in '/root/AGV/build/bumperbot_cpp_examples': CMAKE_PREFIX_PATH=/opt/ros/humble /usr/bin/cmake --install /root/AGV/build/bumperbot_cpp_examples
[0.797s] DEBUG:colcon.colcon_core.event_handler.log_command:Invoking command in '/root/AGV/build/bumperbot_mapping': CMAKE_PREFIX_PATH=/opt/ros/humble /usr/bin/cmake --install /root/AGV/build/bumperbot_mapping
[0.806s] DEBUG:colcon.colcon_core.event_handler.log_command:Invoking command in '/root/AGV/build/bumperbot_description': CMAKE_PREFIX_PATH=/opt/ros/humble /usr/bin/cmake --install /root/AGV/build/bumperbot_description
[0.816s] DEBUG:colcon.colcon_core.event_handler.log_command:Invoked command in '/root/AGV/build/bumperbot_firmware' returned '0': CMAKE_PREFIX_PATH=/opt/ros/humble /usr/bin/cmake --build /root/AGV/build/bumperbot_firmware -- -j8 -l8
[0.825s] Level 1:colcon.colcon_core.environment:create_environment_scripts_only(bumperbot_cpp_examples)
[0.852s] Level 1:colcon.colcon_core.environment:checking '/root/AGV/install/bumperbot_cpp_examples' for CMake module files
[0.853s] Level 1:colcon.colcon_core.environment:checking '/root/AGV/install/bumperbot_cpp_examples' for CMake config files
[0.853s] Level 1:colcon.colcon_core.shell:create_environment_hook('bumperbot_cpp_examples', 'cmake_prefix_path')
[0.853s] INFO:colcon.colcon_core.shell:Creating environment hook '/root/AGV/install/bumperbot_cpp_examples/share/bumperbot_cpp_examples/hook/cmake_prefix_path.ps1'
[0.854s] INFO:colcon.colcon_core.shell:Creating environment descriptor '/root/AGV/install/bumperbot_cpp_examples/share/bumperbot_cpp_examples/hook/cmake_prefix_path.dsv'
[0.867s] INFO:colcon.colcon_core.shell:Creating environment hook '/root/AGV/install/bumperbot_cpp_examples/share/bumperbot_cpp_examples/hook/cmake_prefix_path.sh'
[0.873s] DEBUG:colcon.colcon_core.event_handler.log_command:Invoked command in '/root/AGV/build/bumperbot_controller' returned '0': CMAKE_PREFIX_PATH=/opt/ros/humble /usr/bin/cmake --build /root/AGV/build/bumperbot_controller -- -j8 -l8
[0.873s] Level 1:colcon.colcon_core.environment:checking '/root/AGV/install/bumperbot_cpp_examples/bin'
[0.874s] Level 1:colcon.colcon_core.environment:checking '/root/AGV/install/bumperbot_cpp_examples/lib/pkgconfig/bumperbot_cpp_examples.pc'
[0.874s] Level 1:colcon.colcon_core.environment:checking '/root/AGV/install/bumperbot_cpp_examples/lib/python3.10/site-packages'
[0.874s] Level 1:colcon.colcon_core.environment:checking '/root/AGV/install/bumperbot_cpp_examples/bin'
[0.876s] INFO:colcon.colcon_core.shell:Creating package script '/root/AGV/install/bumperbot_cpp_examples/share/bumperbot_cpp_examples/package.ps1'
[0.880s] INFO:colcon.colcon_core.shell:Creating package descriptor '/root/AGV/install/bumperbot_cpp_examples/share/bumperbot_cpp_examples/package.dsv'
[0.884s] INFO:colcon.colcon_core.shell:Creating package script '/root/AGV/install/bumperbot_cpp_examples/share/bumperbot_cpp_examples/package.sh'
[0.885s] DEBUG:colcon.colcon_core.event_handler.log_command:Invoked command in '/root/AGV/build/bumperbot_cpp_examples' returned '0': CMAKE_PREFIX_PATH=/opt/ros/humble /usr/bin/cmake --install /root/AGV/build/bumperbot_cpp_examples
[0.887s] INFO:colcon.colcon_core.shell:Creating package script '/root/AGV/install/bumperbot_cpp_examples/share/bumperbot_cpp_examples/package.bash'
[0.890s] INFO:colcon.colcon_core.shell:Creating package script '/root/AGV/install/bumperbot_cpp_examples/share/bumperbot_cpp_examples/package.zsh'
[0.894s] Level 1:colcon.colcon_core.environment:create_file_with_runtime_dependencies(/root/AGV/install/bumperbot_cpp_examples/share/colcon-core/packages/bumperbot_cpp_examples)
[0.907s] Level 1:colcon.colcon_core.environment:create_environment_scripts_only(bumperbot_mapping)
[0.907s] Level 1:colcon.colcon_core.environment:checking '/root/AGV/install/bumperbot_mapping' for CMake module files
[0.910s] Level 1:colcon.colcon_core.environment:checking '/root/AGV/install/bumperbot_mapping' for CMake config files
[0.910s] Level 1:colcon.colcon_core.shell:create_environment_hook('bumperbot_mapping', 'cmake_prefix_path')
[0.911s] INFO:colcon.colcon_core.shell:Creating environment hook '/root/AGV/install/bumperbot_mapping/share/bumperbot_mapping/hook/cmake_prefix_path.ps1'
[0.913s] INFO:colcon.colcon_core.shell:Creating environment descriptor '/root/AGV/install/bumperbot_mapping/share/bumperbot_mapping/hook/cmake_prefix_path.dsv'
[0.918s] INFO:colcon.colcon_core.shell:Creating environment hook '/root/AGV/install/bumperbot_mapping/share/bumperbot_mapping/hook/cmake_prefix_path.sh'
[0.920s] Level 1:colcon.colcon_core.environment:checking '/root/AGV/install/bumperbot_mapping/bin'
[0.922s] Level 1:colcon.colcon_core.environment:checking '/root/AGV/install/bumperbot_mapping/lib/pkgconfig/bumperbot_mapping.pc'
[0.922s] Level 1:colcon.colcon_core.environment:checking '/root/AGV/install/bumperbot_mapping/lib/python3.10/site-packages'
[0.926s] Level 1:colcon.colcon_core.environment:checking '/root/AGV/install/bumperbot_mapping/bin'
[0.927s] INFO:colcon.colcon_core.shell:Creating package script '/root/AGV/install/bumperbot_mapping/share/bumperbot_mapping/package.ps1'
[0.932s] INFO:colcon.colcon_core.shell:Creating package descriptor '/root/AGV/install/bumperbot_mapping/share/bumperbot_mapping/package.dsv'
[0.939s] INFO:colcon.colcon_core.shell:Creating package script '/root/AGV/install/bumperbot_mapping/share/bumperbot_mapping/package.sh'
[0.941s] INFO:colcon.colcon_core.shell:Creating package script '/root/AGV/install/bumperbot_mapping/share/bumperbot_mapping/package.bash'
[0.946s] INFO:colcon.colcon_core.shell:Creating package script '/root/AGV/install/bumperbot_mapping/share/bumperbot_mapping/package.zsh'
[0.951s] Level 1:colcon.colcon_core.environment:create_file_with_runtime_dependencies(/root/AGV/install/bumperbot_mapping/share/colcon-core/packages/bumperbot_mapping)
[0.962s] Level 1:colcon.colcon_core.environment:create_environment_scripts_only(bumperbot_description)
[0.962s] Level 1:colcon.colcon_core.environment:checking '/root/AGV/install/bumperbot_description' for CMake module files
[0.969s] Level 1:colcon.colcon_core.environment:checking '/root/AGV/install/bumperbot_description' for CMake config files
[0.980s] Level 1:colcon.colcon_core.shell:create_environment_hook('bumperbot_description', 'cmake_prefix_path')
[0.980s] INFO:colcon.colcon_core.shell:Creating environment hook '/root/AGV/install/bumperbot_description/share/bumperbot_description/hook/cmake_prefix_path.ps1'
[0.981s] INFO:colcon.colcon_core.shell:Creating environment descriptor '/root/AGV/install/bumperbot_description/share/bumperbot_description/hook/cmake_prefix_path.dsv'
[0.982s] INFO:colcon.colcon_core.shell:Creating environment hook '/root/AGV/install/bumperbot_description/share/bumperbot_description/hook/cmake_prefix_path.sh'
[0.983s] Level 1:colcon.colcon_core.environment:checking '/root/AGV/install/bumperbot_description/bin'
[0.983s] Level 1:colcon.colcon_core.environment:checking '/root/AGV/install/bumperbot_description/lib/pkgconfig/bumperbot_description.pc'
[0.984s] Level 1:colcon.colcon_core.environment:checking '/root/AGV/install/bumperbot_description/lib/python3.10/site-packages'
[0.984s] Level 1:colcon.colcon_core.environment:checking '/root/AGV/install/bumperbot_description/bin'
[0.984s] INFO:colcon.colcon_core.shell:Creating package script '/root/AGV/install/bumperbot_description/share/bumperbot_description/package.ps1'
[0.986s] INFO:colcon.colcon_core.shell:Creating package descriptor '/root/AGV/install/bumperbot_description/share/bumperbot_description/package.dsv'
[0.986s] INFO:colcon.colcon_core.shell:Creating package script '/root/AGV/install/bumperbot_description/share/bumperbot_description/package.sh'
[0.987s] INFO:colcon.colcon_core.shell:Creating package script '/root/AGV/install/bumperbot_description/share/bumperbot_description/package.bash'
[0.990s] INFO:colcon.colcon_core.shell:Creating package script '/root/AGV/install/bumperbot_description/share/bumperbot_description/package.zsh'
[0.991s] Level 1:colcon.colcon_core.environment:create_file_with_runtime_dependencies(/root/AGV/install/bumperbot_description/share/colcon-core/packages/bumperbot_description)
[1.008s] Level 1:colcon.colcon_core.environment:create_environment_scripts_only(bumperbot_cpp_examples)
[1.008s] Level 1:colcon.colcon_core.environment:checking '/root/AGV/install/bumperbot_cpp_examples' for CMake module files
[1.009s] Level 1:colcon.colcon_core.environment:checking '/root/AGV/install/bumperbot_cpp_examples' for CMake config files
[1.009s] Level 1:colcon.colcon_core.shell:create_environment_hook('bumperbot_cpp_examples', 'cmake_prefix_path')
[1.009s] INFO:colcon.colcon_core.shell:Creating environment hook '/root/AGV/install/bumperbot_cpp_examples/share/bumperbot_cpp_examples/hook/cmake_prefix_path.ps1'
[1.011s] INFO:colcon.colcon_core.shell:Creating environment descriptor '/root/AGV/install/bumperbot_cpp_examples/share/bumperbot_cpp_examples/hook/cmake_prefix_path.dsv'
[1.013s] INFO:colcon.colcon_core.shell:Creating environment hook '/root/AGV/install/bumperbot_cpp_examples/share/bumperbot_cpp_examples/hook/cmake_prefix_path.sh'
[1.014s] Level 1:colcon.colcon_core.environment:checking '/root/AGV/install/bumperbot_cpp_examples/bin'
[1.015s] Level 1:colcon.colcon_core.environment:checking '/root/AGV/install/bumperbot_cpp_examples/lib/pkgconfig/bumperbot_cpp_examples.pc'
[1.015s] Level 1:colcon.colcon_core.environment:checking '/root/AGV/install/bumperbot_cpp_examples/lib/python3.10/site-packages'
[1.015s] Level 1:colcon.colcon_core.environment:checking '/root/AGV/install/bumperbot_cpp_examples/bin'
[1.016s] INFO:colcon.colcon_core.shell:Creating package script '/root/AGV/install/bumperbot_cpp_examples/share/bumperbot_cpp_examples/package.ps1'
[1.016s] INFO:colcon.colcon_core.shell:Creating package descriptor '/root/AGV/install/bumperbot_cpp_examples/share/bumperbot_cpp_examples/package.dsv'
[1.017s] INFO:colcon.colcon_core.shell:Creating package script '/root/AGV/install/bumperbot_cpp_examples/share/bumperbot_cpp_examples/package.sh'
[1.017s] INFO:colcon.colcon_core.shell:Creating package script '/root/AGV/install/bumperbot_cpp_examples/share/bumperbot_cpp_examples/package.bash'
[1.018s] INFO:colcon.colcon_core.shell:Creating package script '/root/AGV/install/bumperbot_cpp_examples/share/bumperbot_cpp_examples/package.zsh'
[1.018s] Level 1:colcon.colcon_core.environment:create_file_with_runtime_dependencies(/root/AGV/install/bumperbot_cpp_examples/share/colcon-core/packages/bumperbot_cpp_examples)
[1.037s] Level 1:colcon.colcon_core.environment:create_environment_scripts_only(bumperbot_mapping)
[1.037s] Level 1:colcon.colcon_core.environment:checking '/root/AGV/install/bumperbot_mapping' for CMake module files
[1.038s] Level 1:colcon.colcon_core.environment:checking '/root/AGV/install/bumperbot_mapping' for CMake config files
[1.038s] Level 1:colcon.colcon_core.shell:create_environment_hook('bumperbot_mapping', 'cmake_prefix_path')
[1.039s] INFO:colcon.colcon_core.shell:Creating environment hook '/root/AGV/install/bumperbot_mapping/share/bumperbot_mapping/hook/cmake_prefix_path.ps1'
[1.039s] INFO:colcon.colcon_core.shell:Creating environment descriptor '/root/AGV/install/bumperbot_mapping/share/bumperbot_mapping/hook/cmake_prefix_path.dsv'
[1.040s] INFO:colcon.colcon_core.shell:Creating environment hook '/root/AGV/install/bumperbot_mapping/share/bumperbot_mapping/hook/cmake_prefix_path.sh'
[1.040s] Level 1:colcon.colcon_core.environment:checking '/root/AGV/install/bumperbot_mapping/bin'
[1.041s] Level 1:colcon.colcon_core.environment:checking '/root/AGV/install/bumperbot_mapping/lib/pkgconfig/bumperbot_mapping.pc'
[1.041s] Level 1:colcon.colcon_core.environment:checking '/root/AGV/install/bumperbot_mapping/lib/python3.10/site-packages'
[1.041s] Level 1:colcon.colcon_core.environment:checking '/root/AGV/install/bumperbot_mapping/bin'
[1.042s] INFO:colcon.colcon_core.shell:Creating package script '/root/AGV/install/bumperbot_mapping/share/bumperbot_mapping/package.ps1'
[1.044s] INFO:colcon.colcon_core.shell:Creating package descriptor '/root/AGV/install/bumperbot_mapping/share/bumperbot_mapping/package.dsv'
[1.045s] INFO:colcon.colcon_core.shell:Creating package script '/root/AGV/install/bumperbot_mapping/share/bumperbot_mapping/package.sh'
[1.045s] INFO:colcon.colcon_core.shell:Creating package script '/root/AGV/install/bumperbot_mapping/share/bumperbot_mapping/package.bash'
[1.046s] INFO:colcon.colcon_core.shell:Creating package script '/root/AGV/install/bumperbot_mapping/share/bumperbot_mapping/package.zsh'
[1.047s] Level 1:colcon.colcon_core.environment:create_file_with_runtime_dependencies(/root/AGV/install/bumperbot_mapping/share/colcon-core/packages/bumperbot_mapping)
[1.048s] Level 1:colcon.colcon_core.environment:create_environment_scripts_only(bumperbot_description)
[1.049s] Level 1:colcon.colcon_core.environment:checking '/root/AGV/install/bumperbot_description' for CMake module files
[1.049s] Level 1:colcon.colcon_core.environment:checking '/root/AGV/install/bumperbot_description' for CMake config files
[1.050s] Level 1:colcon.colcon_core.shell:create_environment_hook('bumperbot_description', 'cmake_prefix_path')
[1.050s] INFO:colcon.colcon_core.shell:Creating environment hook '/root/AGV/install/bumperbot_description/share/bumperbot_description/hook/cmake_prefix_path.ps1'
[1.060s] INFO:colcon.colcon_core.shell:Creating environment descriptor '/root/AGV/install/bumperbot_description/share/bumperbot_description/hook/cmake_prefix_path.dsv'
[1.062s] INFO:colcon.colcon_core.shell:Creating environment hook '/root/AGV/install/bumperbot_description/share/bumperbot_description/hook/cmake_prefix_path.sh'
[1.070s] Level 1:colcon.colcon_core.environment:checking '/root/AGV/install/bumperbot_description/bin'
[1.070s] Level 1:colcon.colcon_core.environment:checking '/root/AGV/install/bumperbot_description/lib/pkgconfig/bumperbot_description.pc'
[1.071s] Level 1:colcon.colcon_core.environment:checking '/root/AGV/install/bumperbot_description/lib/python3.10/site-packages'
[1.071s] Level 1:colcon.colcon_core.environment:checking '/root/AGV/install/bumperbot_description/bin'
[1.071s] INFO:colcon.colcon_core.shell:Creating package script '/root/AGV/install/bumperbot_description/share/bumperbot_description/package.ps1'
[1.076s] INFO:colcon.colcon_core.shell:Creating package descriptor '/root/AGV/install/bumperbot_description/share/bumperbot_description/package.dsv'
[1.079s] INFO:colcon.colcon_core.shell:Creating package script '/root/AGV/install/bumperbot_description/share/bumperbot_description/package.sh'
[1.083s] INFO:colcon.colcon_core.shell:Creating package script '/root/AGV/install/bumperbot_description/share/bumperbot_description/package.bash'
[1.088s] INFO:colcon.colcon_core.shell:Creating package script '/root/AGV/install/bumperbot_description/share/bumperbot_description/package.zsh'
[1.091s] Level 1:colcon.colcon_core.environment:create_file_with_runtime_dependencies(/root/AGV/install/bumperbot_description/share/colcon-core/packages/bumperbot_description)
[1.097s] Level 1:colcon.colcon_core.environment:create_environment_scripts_only(bumperbot_firmware)
[1.097s] Level 1:colcon.colcon_core.environment:checking '/root/AGV/install/bumperbot_firmware' for CMake module files
[1.102s] Level 1:colcon.colcon_core.environment:checking '/root/AGV/install/bumperbot_firmware' for CMake config files
[1.107s] DEBUG:colcon.colcon_core.event_handler.log_command:Invoked command in '/root/AGV/build/bumperbot_localization' returned '0': CMAKE_PREFIX_PATH=/opt/ros/humble /usr/bin/cmake --build /root/AGV/build/bumperbot_localization -- -j8 -l8
[1.107s] DEBUG:colcon.colcon_core.event_handler.log_command:Invoked command in '/root/AGV/build/bumperbot_mapping' returned '0': CMAKE_PREFIX_PATH=/opt/ros/humble /usr/bin/cmake --install /root/AGV/build/bumperbot_mapping
[1.108s] DEBUG:colcon.colcon_core.event_handler.log_command:Invoked command in '/root/AGV/build/bumperbot_description' returned '0': CMAKE_PREFIX_PATH=/opt/ros/humble /usr/bin/cmake --install /root/AGV/build/bumperbot_description
[1.108s] DEBUG:colcon.colcon_core.event_handler.log_command:Invoking command in '/root/AGV/build/bumperbot_firmware': CMAKE_PREFIX_PATH=/opt/ros/humble /usr/bin/cmake --install /root/AGV/build/bumperbot_firmware
[1.109s] DEBUG:colcon.colcon_core.event_handler.log_command:Invoking command in '/root/AGV/build/bumperbot_controller': CMAKE_PREFIX_PATH=/opt/ros/humble /usr/bin/cmake --install /root/AGV/build/bumperbot_controller
[1.113s] DEBUG:colcon.colcon_core.event_handler.log_command:Invoking command in '/root/AGV/build/bumperbot_localization': CMAKE_PREFIX_PATH=/opt/ros/humble /usr/bin/cmake --install /root/AGV/build/bumperbot_localization
[1.120s] Level 1:colcon.colcon_core.shell:create_environment_hook('bumperbot_firmware', 'cmake_prefix_path')
[1.120s] INFO:colcon.colcon_core.shell:Creating environment hook '/root/AGV/install/bumperbot_firmware/share/bumperbot_firmware/hook/cmake_prefix_path.ps1'
[1.125s] INFO:colcon.colcon_core.shell:Creating environment descriptor '/root/AGV/install/bumperbot_firmware/share/bumperbot_firmware/hook/cmake_prefix_path.dsv'
[1.128s] INFO:colcon.colcon_core.shell:Creating environment hook '/root/AGV/install/bumperbot_firmware/share/bumperbot_firmware/hook/cmake_prefix_path.sh'
[1.131s] Level 1:colcon.colcon_core.environment:checking '/root/AGV/install/bumperbot_firmware/lib'
[1.132s] Level 1:colcon.colcon_core.shell:create_environment_hook('bumperbot_firmware', 'ld_library_path_lib')
[1.132s] DEBUG:colcon.colcon_core.event_handler.log_command:Invoked command in '/root/AGV/build/bumperbot_firmware' returned '0': CMAKE_PREFIX_PATH=/opt/ros/humble /usr/bin/cmake --install /root/AGV/build/bumperbot_firmware
[1.132s] INFO:colcon.colcon_core.shell:Creating environment hook '/root/AGV/install/bumperbot_firmware/share/bumperbot_firmware/hook/ld_library_path_lib.ps1'
[1.133s] INFO:colcon.colcon_core.shell:Creating environment descriptor '/root/AGV/install/bumperbot_firmware/share/bumperbot_firmware/hook/ld_library_path_lib.dsv'
[1.133s] INFO:colcon.colcon_core.shell:Creating environment hook '/root/AGV/install/bumperbot_firmware/share/bumperbot_firmware/hook/ld_library_path_lib.sh'
[1.133s] Level 1:colcon.colcon_core.environment:checking '/root/AGV/install/bumperbot_firmware/bin'
[1.133s] Level 1:colcon.colcon_core.environment:checking '/root/AGV/install/bumperbot_firmware/lib/pkgconfig/bumperbot_firmware.pc'
[1.133s] Level 1:colcon.colcon_core.environment:checking '/root/AGV/install/bumperbot_firmware/lib/python3.10/site-packages'
[1.134s] Level 1:colcon.colcon_core.environment:checking '/root/AGV/install/bumperbot_firmware/bin'
[1.134s] INFO:colcon.colcon_core.shell:Creating package script '/root/AGV/install/bumperbot_firmware/share/bumperbot_firmware/package.ps1'
[1.134s] INFO:colcon.colcon_core.shell:Creating package descriptor '/root/AGV/install/bumperbot_firmware/share/bumperbot_firmware/package.dsv'
[1.135s] INFO:colcon.colcon_core.shell:Creating package script '/root/AGV/install/bumperbot_firmware/share/bumperbot_firmware/package.sh'
[1.135s] INFO:colcon.colcon_core.shell:Creating package script '/root/AGV/install/bumperbot_firmware/share/bumperbot_firmware/package.bash'
[1.135s] INFO:colcon.colcon_core.shell:Creating package script '/root/AGV/install/bumperbot_firmware/share/bumperbot_firmware/package.zsh'
[1.136s] Level 1:colcon.colcon_core.environment:create_file_with_runtime_dependencies(/root/AGV/install/bumperbot_firmware/share/colcon-core/packages/bumperbot_firmware)
[1.137s] Level 1:colcon.colcon_core.environment:create_environment_scripts_only(bumperbot_controller)
[1.138s] Level 1:colcon.colcon_core.environment:checking '/root/AGV/install/bumperbot_controller' for CMake module files
[1.139s] DEBUG:colcon.colcon_core.event_handler.log_command:Invoked command in '/root/AGV/build/bumperbot_controller' returned '0': CMAKE_PREFIX_PATH=/opt/ros/humble /usr/bin/cmake --install /root/AGV/build/bumperbot_controller
[1.139s] Level 1:colcon.colcon_core.environment:checking '/root/AGV/install/bumperbot_controller' for CMake config files
[1.140s] Level 1:colcon.colcon_core.shell:create_environment_hook('bumperbot_controller', 'cmake_prefix_path')
[1.140s] INFO:colcon.colcon_core.shell:Creating environment hook '/root/AGV/install/bumperbot_controller/share/bumperbot_controller/hook/cmake_prefix_path.ps1'
[1.140s] INFO:colcon.colcon_core.shell:Creating environment descriptor '/root/AGV/install/bumperbot_controller/share/bumperbot_controller/hook/cmake_prefix_path.dsv'
[1.141s] INFO:colcon.colcon_core.shell:Creating environment hook '/root/AGV/install/bumperbot_controller/share/bumperbot_controller/hook/cmake_prefix_path.sh'
[1.141s] Level 1:colcon.colcon_core.environment:checking '/root/AGV/install/bumperbot_controller/lib'
[1.141s] Level 1:colcon.colcon_core.environment:checking '/root/AGV/install/bumperbot_controller/bin'
[1.141s] Level 1:colcon.colcon_core.environment:checking '/root/AGV/install/bumperbot_controller/lib/pkgconfig/bumperbot_controller.pc'
[1.142s] Level 1:colcon.colcon_core.environment:checking '/root/AGV/install/bumperbot_controller/lib/python3.10/site-packages'
[1.142s] Level 1:colcon.colcon_core.environment:checking '/root/AGV/install/bumperbot_controller/bin'
[1.142s] INFO:colcon.colcon_core.shell:Creating package script '/root/AGV/install/bumperbot_controller/share/bumperbot_controller/package.ps1'
[1.143s] INFO:colcon.colcon_core.shell:Creating package descriptor '/root/AGV/install/bumperbot_controller/share/bumperbot_controller/package.dsv'
[1.143s] INFO:colcon.colcon_core.shell:Creating package script '/root/AGV/install/bumperbot_controller/share/bumperbot_controller/package.sh'
[1.143s] INFO:colcon.colcon_core.shell:Creating package script '/root/AGV/install/bumperbot_controller/share/bumperbot_controller/package.bash'
[1.144s] INFO:colcon.colcon_core.shell:Creating package script '/root/AGV/install/bumperbot_controller/share/bumperbot_controller/package.zsh'
[1.144s] Level 1:colcon.colcon_core.environment:create_file_with_runtime_dependencies(/root/AGV/install/bumperbot_controller/share/colcon-core/packages/bumperbot_controller)
[1.146s] Level 1:colcon.colcon_core.environment:create_environment_scripts_only(bumperbot_localization)
[1.147s] Level 1:colcon.colcon_core.environment:checking '/root/AGV/install/bumperbot_localization' for CMake module files
[1.148s] DEBUG:colcon.colcon_core.event_handler.log_command:Invoked command in '/root/AGV/build/bumperbot_localization' returned '0': CMAKE_PREFIX_PATH=/opt/ros/humble /usr/bin/cmake --install /root/AGV/build/bumperbot_localization
[1.148s] Level 1:colcon.colcon_core.environment:checking '/root/AGV/install/bumperbot_localization' for CMake config files
[1.149s] Level 1:colcon.colcon_core.shell:create_environment_hook('bumperbot_localization', 'cmake_prefix_path')
[1.149s] INFO:colcon.colcon_core.shell:Creating environment hook '/root/AGV/install/bumperbot_localization/share/bumperbot_localization/hook/cmake_prefix_path.ps1'
[1.150s] INFO:colcon.colcon_core.shell:Creating environment descriptor '/root/AGV/install/bumperbot_localization/share/bumperbot_localization/hook/cmake_prefix_path.dsv'
[1.151s] INFO:colcon.colcon_core.shell:Creating environment hook '/root/AGV/install/bumperbot_localization/share/bumperbot_localization/hook/cmake_prefix_path.sh'
[1.152s] Level 1:colcon.colcon_core.environment:checking '/root/AGV/install/bumperbot_localization/lib'
[1.152s] Level 1:colcon.colcon_core.environment:checking '/root/AGV/install/bumperbot_localization/bin'
[1.153s] Level 1:colcon.colcon_core.environment:checking '/root/AGV/install/bumperbot_localization/lib/pkgconfig/bumperbot_localization.pc'
[1.153s] Level 1:colcon.colcon_core.environment:checking '/root/AGV/install/bumperbot_localization/lib/python3.10/site-packages'
[1.153s] Level 1:colcon.colcon_core.environment:checking '/root/AGV/install/bumperbot_localization/bin'
[1.153s] INFO:colcon.colcon_core.shell:Creating package script '/root/AGV/install/bumperbot_localization/share/bumperbot_localization/package.ps1'
[1.154s] INFO:colcon.colcon_core.shell:Creating package descriptor '/root/AGV/install/bumperbot_localization/share/bumperbot_localization/package.dsv'
[1.155s] INFO:colcon.colcon_core.shell:Creating package script '/root/AGV/install/bumperbot_localization/share/bumperbot_localization/package.sh'
[1.155s] INFO:colcon.colcon_core.shell:Creating package script '/root/AGV/install/bumperbot_localization/share/bumperbot_localization/package.bash'
[1.156s] INFO:colcon.colcon_core.shell:Creating package script '/root/AGV/install/bumperbot_localization/share/bumperbot_localization/package.zsh'
[1.157s] Level 1:colcon.colcon_core.environment:create_file_with_runtime_dependencies(/root/AGV/install/bumperbot_localization/share/colcon-core/packages/bumperbot_localization)
[1.171s] DEBUG:colcon.colcon_core.event_handler.log_command:Invoked command in '/root/AGV/build/bumperbot_utils' returned '0': CMAKE_PREFIX_PATH=/opt/ros/humble /usr/bin/cmake --build /root/AGV/build/bumperbot_utils -- -j8 -l8
[1.179s] Level 1:colcon.colcon_core.environment:create_environment_scripts_only(bumperbot_firmware)
[1.180s] Level 1:colcon.colcon_core.environment:checking '/root/AGV/install/bumperbot_firmware' for CMake module files
[1.180s] Level 1:colcon.colcon_core.environment:checking '/root/AGV/install/bumperbot_firmware' for CMake config files
[1.181s] Level 1:colcon.colcon_core.shell:create_environment_hook('bumperbot_firmware', 'cmake_prefix_path')
[1.181s] INFO:colcon.colcon_core.shell:Creating environment hook '/root/AGV/install/bumperbot_firmware/share/bumperbot_firmware/hook/cmake_prefix_path.ps1'
[1.182s] INFO:colcon.colcon_core.shell:Creating environment descriptor '/root/AGV/install/bumperbot_firmware/share/bumperbot_firmware/hook/cmake_prefix_path.dsv'
[1.183s] INFO:colcon.colcon_core.shell:Creating environment hook '/root/AGV/install/bumperbot_firmware/share/bumperbot_firmware/hook/cmake_prefix_path.sh'
[1.184s] Level 1:colcon.colcon_core.environment:checking '/root/AGV/install/bumperbot_firmware/lib'
[1.184s] Level 1:colcon.colcon_core.shell:create_environment_hook('bumperbot_firmware', 'ld_library_path_lib')
[1.184s] INFO:colcon.colcon_core.shell:Creating environment hook '/root/AGV/install/bumperbot_firmware/share/bumperbot_firmware/hook/ld_library_path_lib.ps1'
[1.185s] INFO:colcon.colcon_core.shell:Creating environment descriptor '/root/AGV/install/bumperbot_firmware/share/bumperbot_firmware/hook/ld_library_path_lib.dsv'
[1.185s] INFO:colcon.colcon_core.shell:Creating environment hook '/root/AGV/install/bumperbot_firmware/share/bumperbot_firmware/hook/ld_library_path_lib.sh'
[1.186s] Level 1:colcon.colcon_core.environment:checking '/root/AGV/install/bumperbot_firmware/bin'
[1.186s] Level 1:colcon.colcon_core.environment:checking '/root/AGV/install/bumperbot_firmware/lib/pkgconfig/bumperbot_firmware.pc'
[1.186s] Level 1:colcon.colcon_core.environment:checking '/root/AGV/install/bumperbot_firmware/lib/python3.10/site-packages'
[1.186s] Level 1:colcon.colcon_core.environment:checking '/root/AGV/install/bumperbot_firmware/bin'
[1.187s] INFO:colcon.colcon_core.shell:Creating package script '/root/AGV/install/bumperbot_firmware/share/bumperbot_firmware/package.ps1'
[1.187s] INFO:colcon.colcon_core.shell:Creating package descriptor '/root/AGV/install/bumperbot_firmware/share/bumperbot_firmware/package.dsv'
[1.188s] INFO:colcon.colcon_core.shell:Creating package script '/root/AGV/install/bumperbot_firmware/share/bumperbot_firmware/package.sh'
[1.189s] INFO:colcon.colcon_core.shell:Creating package script '/root/AGV/install/bumperbot_firmware/share/bumperbot_firmware/package.bash'
[1.191s] INFO:colcon.colcon_core.shell:Creating package script '/root/AGV/install/bumperbot_firmware/share/bumperbot_firmware/package.zsh'
[1.192s] Level 1:colcon.colcon_core.environment:create_file_with_runtime_dependencies(/root/AGV/install/bumperbot_firmware/share/colcon-core/packages/bumperbot_firmware)
[1.193s] Level 1:colcon.colcon_core.environment:create_environment_scripts_only(bumperbot_controller)
[1.194s] Level 1:colcon.colcon_core.environment:checking '/root/AGV/install/bumperbot_controller' for CMake module files
[1.197s] Level 1:colcon.colcon_core.environment:checking '/root/AGV/install/bumperbot_controller' for CMake config files
[1.197s] Level 1:colcon.colcon_core.shell:create_environment_hook('bumperbot_controller', 'cmake_prefix_path')
[1.198s] INFO:colcon.colcon_core.shell:Creating environment hook '/root/AGV/install/bumperbot_controller/share/bumperbot_controller/hook/cmake_prefix_path.ps1'
[1.198s] INFO:colcon.colcon_core.shell:Creating environment descriptor '/root/AGV/install/bumperbot_controller/share/bumperbot_controller/hook/cmake_prefix_path.dsv'
[1.200s] INFO:colcon.colcon_core.shell:Creating environment hook '/root/AGV/install/bumperbot_controller/share/bumperbot_controller/hook/cmake_prefix_path.sh'
[1.202s] Level 1:colcon.colcon_core.environment:checking '/root/AGV/install/bumperbot_controller/lib'
[1.202s] Level 1:colcon.colcon_core.environment:checking '/root/AGV/install/bumperbot_controller/bin'
[1.202s] Level 1:colcon.colcon_core.environment:checking '/root/AGV/install/bumperbot_controller/lib/pkgconfig/bumperbot_controller.pc'
[1.202s] Level 1:colcon.colcon_core.environment:checking '/root/AGV/install/bumperbot_controller/lib/python3.10/site-packages'
[1.202s] Level 1:colcon.colcon_core.environment:checking '/root/AGV/install/bumperbot_controller/bin'
[1.203s] INFO:colcon.colcon_core.shell:Creating package script '/root/AGV/install/bumperbot_controller/share/bumperbot_controller/package.ps1'
[1.203s] INFO:colcon.colcon_core.shell:Creating package descriptor '/root/AGV/install/bumperbot_controller/share/bumperbot_controller/package.dsv'
[1.204s] INFO:colcon.colcon_core.shell:Creating package script '/root/AGV/install/bumperbot_controller/share/bumperbot_controller/package.sh'
[1.204s] INFO:colcon.colcon_core.shell:Creating package script '/root/AGV/install/bumperbot_controller/share/bumperbot_controller/package.bash'
[1.205s] INFO:colcon.colcon_core.shell:Creating package script '/root/AGV/install/bumperbot_controller/share/bumperbot_controller/package.zsh'
[1.205s] Level 1:colcon.colcon_core.environment:create_file_with_runtime_dependencies(/root/AGV/install/bumperbot_controller/share/colcon-core/packages/bumperbot_controller)
[1.208s] Level 1:colcon.colcon_core.environment:create_environment_scripts_only(bumperbot_localization)
[1.209s] Level 1:colcon.colcon_core.environment:checking '/root/AGV/install/bumperbot_localization' for CMake module files
[1.209s] Level 1:colcon.colcon_core.environment:checking '/root/AGV/install/bumperbot_localization' for CMake config files
[1.210s] Level 1:colcon.colcon_core.shell:create_environment_hook('bumperbot_localization', 'cmake_prefix_path')
[1.210s] INFO:colcon.colcon_core.shell:Creating environment hook '/root/AGV/install/bumperbot_localization/share/bumperbot_localization/hook/cmake_prefix_path.ps1'
[1.211s] INFO:colcon.colcon_core.shell:Creating environment descriptor '/root/AGV/install/bumperbot_localization/share/bumperbot_localization/hook/cmake_prefix_path.dsv'
[1.211s] INFO:colcon.colcon_core.shell:Creating environment hook '/root/AGV/install/bumperbot_localization/share/bumperbot_localization/hook/cmake_prefix_path.sh'
[1.212s] Level 1:colcon.colcon_core.environment:checking '/root/AGV/install/bumperbot_localization/lib'
[1.212s] Level 1:colcon.colcon_core.environment:checking '/root/AGV/install/bumperbot_localization/bin'
[1.212s] Level 1:colcon.colcon_core.environment:checking '/root/AGV/install/bumperbot_localization/lib/pkgconfig/bumperbot_localization.pc'
[1.213s] Level 1:colcon.colcon_core.environment:checking '/root/AGV/install/bumperbot_localization/lib/python3.10/site-packages'
[1.213s] Level 1:colcon.colcon_core.environment:checking '/root/AGV/install/bumperbot_localization/bin'
[1.213s] INFO:colcon.colcon_core.shell:Creating package script '/root/AGV/install/bumperbot_localization/share/bumperbot_localization/package.ps1'
[1.214s] INFO:colcon.colcon_core.shell:Creating package descriptor '/root/AGV/install/bumperbot_localization/share/bumperbot_localization/package.dsv'
[1.214s] INFO:colcon.colcon_core.shell:Creating package script '/root/AGV/install/bumperbot_localization/share/bumperbot_localization/package.sh'
[1.215s] INFO:colcon.colcon_core.shell:Creating package script '/root/AGV/install/bumperbot_localization/share/bumperbot_localization/package.bash'
[1.216s] INFO:colcon.colcon_core.shell:Creating package script '/root/AGV/install/bumperbot_localization/share/bumperbot_localization/package.zsh'
[1.216s] Level 1:colcon.colcon_core.environment:create_file_with_runtime_dependencies(/root/AGV/install/bumperbot_localization/share/colcon-core/packages/bumperbot_localization)
[1.222s] DEBUG:colcon.colcon_core.event_handler.log_command:Invoking command in '/root/AGV/build/bumperbot_utils': CMAKE_PREFIX_PATH=/opt/ros/humble /usr/bin/cmake --install /root/AGV/build/bumperbot_utils
[1.225s] DEBUG:colcon.colcon_core.event_handler.log_command:Invoking command in '/root/AGV/bumperbot_ws/src/bumperbot_py_examples': PYTHONPATH=/root/AGV/build/bumperbot_py_examples/prefix_override:/usr/lib/python3/dist-packages/colcon_core/task/python/colcon_distutils_commands:/root/AGV/install/bumperbot_py_examples/lib/python3.10/site-packages:${PYTHONPATH} /usr/bin/python3 -W ignore:setup.py install is deprecated setup.py egg_info --egg-base ../../../build/bumperbot_py_examples build --build-base /root/AGV/build/bumperbot_py_examples/build install --record /root/AGV/build/bumperbot_py_examples/install.log --single-version-externally-managed install_data
[1.264s] Level 1:colcon.colcon_core.environment:create_environment_scripts_only(bumperbot_utils)
[1.264s] DEBUG:colcon.colcon_core.event_handler.log_command:Invoked command in '/root/AGV/build/bumperbot_utils' returned '0': CMAKE_PREFIX_PATH=/opt/ros/humble /usr/bin/cmake --install /root/AGV/build/bumperbot_utils
[1.265s] Level 1:colcon.colcon_core.environment:checking '/root/AGV/install/bumperbot_utils' for CMake module files
[1.266s] Level 1:colcon.colcon_core.environment:checking '/root/AGV/install/bumperbot_utils' for CMake config files
[1.266s] Level 1:colcon.colcon_core.shell:create_environment_hook('bumperbot_utils', 'cmake_prefix_path')
[1.267s] INFO:colcon.colcon_core.shell:Creating environment hook '/root/AGV/install/bumperbot_utils/share/bumperbot_utils/hook/cmake_prefix_path.ps1'
[1.269s] INFO:colcon.colcon_core.shell:Creating environment descriptor '/root/AGV/install/bumperbot_utils/share/bumperbot_utils/hook/cmake_prefix_path.dsv'
[1.269s] INFO:colcon.colcon_core.shell:Creating environment hook '/root/AGV/install/bumperbot_utils/share/bumperbot_utils/hook/cmake_prefix_path.sh'
[1.269s] Level 1:colcon.colcon_core.environment:checking '/root/AGV/install/bumperbot_utils/lib'
[1.270s] Level 1:colcon.colcon_core.environment:checking '/root/AGV/install/bumperbot_utils/bin'
[1.270s] Level 1:colcon.colcon_core.environment:checking '/root/AGV/install/bumperbot_utils/lib/pkgconfig/bumperbot_utils.pc'
[1.270s] Level 1:colcon.colcon_core.environment:checking '/root/AGV/install/bumperbot_utils/lib/python3.10/site-packages'
[1.270s] Level 1:colcon.colcon_core.environment:checking '/root/AGV/install/bumperbot_utils/bin'
[1.270s] INFO:colcon.colcon_core.shell:Creating package script '/root/AGV/install/bumperbot_utils/share/bumperbot_utils/package.ps1'
[1.271s] INFO:colcon.colcon_core.shell:Creating package descriptor '/root/AGV/install/bumperbot_utils/share/bumperbot_utils/package.dsv'
[1.271s] INFO:colcon.colcon_core.shell:Creating package script '/root/AGV/install/bumperbot_utils/share/bumperbot_utils/package.sh'
[1.271s] INFO:colcon.colcon_core.shell:Creating package script '/root/AGV/install/bumperbot_utils/share/bumperbot_utils/package.bash'
[1.272s] INFO:colcon.colcon_core.shell:Creating package script '/root/AGV/install/bumperbot_utils/share/bumperbot_utils/package.zsh'
[1.272s] Level 1:colcon.colcon_core.environment:create_file_with_runtime_dependencies(/root/AGV/install/bumperbot_utils/share/colcon-core/packages/bumperbot_utils)
[1.295s] Level 1:colcon.colcon_core.environment:create_environment_scripts_only(bumperbot_utils)
[1.296s] Level 1:colcon.colcon_core.environment:checking '/root/AGV/install/bumperbot_utils' for CMake module files
[1.296s] Level 1:colcon.colcon_core.environment:checking '/root/AGV/install/bumperbot_utils' for CMake config files
[1.297s] Level 1:colcon.colcon_core.shell:create_environment_hook('bumperbot_utils', 'cmake_prefix_path')
[1.297s] INFO:colcon.colcon_core.shell:Creating environment hook '/root/AGV/install/bumperbot_utils/share/bumperbot_utils/hook/cmake_prefix_path.ps1'
[1.298s] INFO:colcon.colcon_core.shell:Creating environment descriptor '/root/AGV/install/bumperbot_utils/share/bumperbot_utils/hook/cmake_prefix_path.dsv'
[1.299s] INFO:colcon.colcon_core.shell:Creating environment hook '/root/AGV/install/bumperbot_utils/share/bumperbot_utils/hook/cmake_prefix_path.sh'
[1.300s] Level 1:colcon.colcon_core.environment:checking '/root/AGV/install/bumperbot_utils/lib'
[1.300s] Level 1:colcon.colcon_core.environment:checking '/root/AGV/install/bumperbot_utils/bin'
[1.300s] Level 1:colcon.colcon_core.environment:checking '/root/AGV/install/bumperbot_utils/lib/pkgconfig/bumperbot_utils.pc'
[1.300s] Level 1:colcon.colcon_core.environment:checking '/root/AGV/install/bumperbot_utils/lib/python3.10/site-packages'
[1.301s] Level 1:colcon.colcon_core.environment:checking '/root/AGV/install/bumperbot_utils/bin'
[1.301s] INFO:colcon.colcon_core.shell:Creating package script '/root/AGV/install/bumperbot_utils/share/bumperbot_utils/package.ps1'
[1.302s] INFO:colcon.colcon_core.shell:Creating package descriptor '/root/AGV/install/bumperbot_utils/share/bumperbot_utils/package.dsv'
[1.303s] INFO:colcon.colcon_core.shell:Creating package script '/root/AGV/install/bumperbot_utils/share/bumperbot_utils/package.sh'
[1.303s] INFO:colcon.colcon_core.shell:Creating package script '/root/AGV/install/bumperbot_utils/share/bumperbot_utils/package.bash'
[1.304s] INFO:colcon.colcon_core.shell:Creating package script '/root/AGV/install/bumperbot_utils/share/bumperbot_utils/package.zsh'
[1.305s] Level 1:colcon.colcon_core.environment:create_file_with_runtime_dependencies(/root/AGV/install/bumperbot_utils/share/colcon-core/packages/bumperbot_utils)
[1.487s] Level 1:colcon.colcon_core.environment:checking '/root/AGV/install/bumperbot_py_examples' for CMake module files
[1.487s] Level 1:colcon.colcon_core.environment:checking '/root/AGV/install/bumperbot_py_examples' for CMake config files
[1.488s] DEBUG:colcon.colcon_core.event_handler.log_command:Invoked command in '/root/AGV/bumperbot_ws/src/bumperbot_py_examples' returned '0': PYTHONPATH=/root/AGV/build/bumperbot_py_examples/prefix_override:/usr/lib/python3/dist-packages/colcon_core/task/python/colcon_distutils_commands:/root/AGV/install/bumperbot_py_examples/lib/python3.10/site-packages:${PYTHONPATH} /usr/bin/python3 -W ignore:setup.py install is deprecated setup.py egg_info --egg-base ../../../build/bumperbot_py_examples build --build-base /root/AGV/build/bumperbot_py_examples/build install --record /root/AGV/build/bumperbot_py_examples/install.log --single-version-externally-managed install_data
[1.488s] Level 1:colcon.colcon_core.environment:checking '/root/AGV/install/bumperbot_py_examples/lib'
[1.488s] Level 1:colcon.colcon_core.environment:checking '/root/AGV/install/bumperbot_py_examples/bin'
[1.488s] Level 1:colcon.colcon_core.environment:checking '/root/AGV/install/bumperbot_py_examples/lib/pkgconfig/bumperbot_py_examples.pc'
[1.489s] Level 1:colcon.colcon_core.environment:checking '/root/AGV/install/bumperbot_py_examples/lib/python3.10/site-packages'
[1.489s] Level 1:colcon.colcon_core.shell:create_environment_hook('bumperbot_py_examples', 'pythonpath')
[1.489s] INFO:colcon.colcon_core.shell:Creating environment hook '/root/AGV/install/bumperbot_py_examples/share/bumperbot_py_examples/hook/pythonpath.ps1'
[1.489s] INFO:colcon.colcon_core.shell:Creating environment descriptor '/root/AGV/install/bumperbot_py_examples/share/bumperbot_py_examples/hook/pythonpath.dsv'
[1.490s] INFO:colcon.colcon_core.shell:Creating environment hook '/root/AGV/install/bumperbot_py_examples/share/bumperbot_py_examples/hook/pythonpath.sh'
[1.490s] Level 1:colcon.colcon_core.environment:checking '/root/AGV/install/bumperbot_py_examples/bin'
[1.490s] Level 1:colcon.colcon_core.environment:create_environment_scripts_only(bumperbot_py_examples)
[1.491s] INFO:colcon.colcon_core.shell:Creating package script '/root/AGV/install/bumperbot_py_examples/share/bumperbot_py_examples/package.ps1'
[1.491s] INFO:colcon.colcon_core.shell:Creating package descriptor '/root/AGV/install/bumperbot_py_examples/share/bumperbot_py_examples/package.dsv'
[1.491s] INFO:colcon.colcon_core.shell:Creating package script '/root/AGV/install/bumperbot_py_examples/share/bumperbot_py_examples/package.sh'
[1.492s] INFO:colcon.colcon_core.shell:Creating package script '/root/AGV/install/bumperbot_py_examples/share/bumperbot_py_examples/package.bash'
[1.492s] INFO:colcon.colcon_core.shell:Creating package script '/root/AGV/install/bumperbot_py_examples/share/bumperbot_py_examples/package.zsh'
[1.492s] Level 1:colcon.colcon_core.environment:create_file_with_runtime_dependencies(/root/AGV/install/bumperbot_py_examples/share/colcon-core/packages/bumperbot_py_examples)
[1.492s] DEBUG:colcon.colcon_parallel_executor.executor.parallel:closing loop
[1.493s] DEBUG:colcon.colcon_parallel_executor.executor.parallel:loop closed
[1.493s] DEBUG:colcon.colcon_parallel_executor.executor.parallel:run_until_complete finished with '0'
[1.493s] DEBUG:colcon.colcon_core.event_reactor:joining thread
[1.514s] INFO:colcon.colcon_core.plugin_system:Skipping extension 'colcon_notification.desktop_notification.notify_send': Could not find 'notify-send'
[1.514s] INFO:colcon.colcon_core.plugin_system:Skipping extension 'colcon_notification.desktop_notification.terminal_notifier': Not used on non-Darwin systems
[1.514s] INFO:colcon.colcon_core.plugin_system:Skipping extension 'colcon_notification.desktop_notification.win32': Not used on non-Windows systems
[1.514s] INFO:colcon.colcon_notification.desktop_notification:Sending desktop notification using 'notify2'
[1.514s] DEBUG:colcon.colcon_notification.desktop_notification.notify2:Failed to initialize notify2: org.freedesktop.DBus.Error.FileNotFound: Failed to connect to socket /run/user/0/bus: No such file or directory
[1.514s] DEBUG:colcon.colcon_core.event_reactor:joined thread
[1.514s] INFO:colcon.colcon_core.shell:Creating prefix script '/root/AGV/install/local_setup.ps1'
[1.515s] INFO:colcon.colcon_core.shell:Creating prefix util module '/root/AGV/install/_local_setup_util_ps1.py'
[1.516s] INFO:colcon.colcon_core.shell:Creating prefix chain script '/root/AGV/install/setup.ps1'
[1.517s] INFO:colcon.colcon_core.shell:Creating prefix script '/root/AGV/install/local_setup.sh'
[1.517s] INFO:colcon.colcon_core.shell:Creating prefix util module '/root/AGV/install/_local_setup_util_sh.py'
[1.518s] INFO:colcon.colcon_core.shell:Creating prefix chain script '/root/AGV/install/setup.sh'
[1.519s] INFO:colcon.colcon_core.shell:Creating prefix script '/root/AGV/install/local_setup.bash'
[1.519s] INFO:colcon.colcon_core.shell:Creating prefix chain script '/root/AGV/install/setup.bash'
[1.520s] INFO:colcon.colcon_core.shell:Creating prefix script '/root/AGV/install/local_setup.zsh'
[1.520s] INFO:colcon.colcon_core.shell:Creating prefix chain script '/root/AGV/install/setup.zsh'
