[0.249s] Invoking command in '/home/wapush/AGV/bumperbot_ws/build/bumperbot_utils': CMAKE_PREFIX_PATH=${CMAKE_PREFIX_PATH}:/home/wapush/AGV/bumperbot_ws/install/bumperbot_py_examples:/opt/ros/iron /usr/bin/cmake --build /home/wapush/AGV/bumperbot_ws/build/bumperbot_utils -- -j20 -l20
[0.314s] [  0%] Built target ament_cmake_python_copy_bumperbot_utils
[0.315s] [ 50%] [32mBuilding CXX object CMakeFiles/safety_stop.dir/src/safety_stop.cpp.o[0m
[0.591s] running egg_info
[0.591s] writing bumperbot_utils.egg-info/PKG-INFO
[0.591s] writing dependency_links to bumperbot_utils.egg-info/dependency_links.txt
[0.591s] writing top-level names to bumperbot_utils.egg-info/top_level.txt
[0.591s] reading manifest file 'bumperbot_utils.egg-info/SOURCES.txt'
[0.591s] writing manifest file 'bumperbot_utils.egg-info/SOURCES.txt'
[0.592s] [ 50%] Built target ament_cmake_python_build_bumperbot_utils_egg
[25.911s] [100%] [32m[1mLinking CXX executable safety_stop[0m
[26.349s] [100%] Built target safety_stop
[26.367s] Invoked command in '/home/wapush/AGV/bumperbot_ws/build/bumperbot_utils' returned '0': CMAKE_PREFIX_PATH=${CMAKE_PREFIX_PATH}:/home/wapush/AGV/bumperbot_ws/install/bumperbot_py_examples:/opt/ros/iron /usr/bin/cmake --build /home/wapush/AGV/bumperbot_ws/build/bumperbot_utils -- -j20 -l20
[26.370s] Invoking command in '/home/wapush/AGV/bumperbot_ws/build/bumperbot_utils': CMAKE_PREFIX_PATH=${CMAKE_PREFIX_PATH}:/home/wapush/AGV/bumperbot_ws/install/bumperbot_py_examples:/opt/ros/iron /usr/bin/cmake --install /home/wapush/AGV/bumperbot_ws/build/bumperbot_utils
[26.375s] -- Install configuration: ""
[26.376s] -- Installing: /home/wapush/AGV/bumperbot_ws/install/bumperbot_utils/lib/bumperbot_utils/safety_stop
[26.380s] -- Set runtime path of "/home/wapush/AGV/bumperbot_ws/install/bumperbot_utils/lib/bumperbot_utils/safety_stop" to ""
[26.380s] -- Up-to-date: /home/wapush/AGV/bumperbot_ws/install/bumperbot_utils/share/bumperbot_utils/environment/pythonpath.sh
[26.380s] -- Up-to-date: /home/wapush/AGV/bumperbot_ws/install/bumperbot_utils/share/bumperbot_utils/environment/pythonpath.dsv
[26.380s] -- Up-to-date: /home/wapush/AGV/bumperbot_ws/install/bumperbot_utils/lib/python3.10/site-packages/bumperbot_utils-0.0.0-py3.10.egg-info
[26.380s] -- Installing: /home/wapush/AGV/bumperbot_ws/install/bumperbot_utils/lib/python3.10/site-packages/bumperbot_utils-0.0.0-py3.10.egg-info/PKG-INFO
[26.380s] -- Installing: /home/wapush/AGV/bumperbot_ws/install/bumperbot_utils/lib/python3.10/site-packages/bumperbot_utils-0.0.0-py3.10.egg-info/top_level.txt
[26.380s] -- Installing: /home/wapush/AGV/bumperbot_ws/install/bumperbot_utils/lib/python3.10/site-packages/bumperbot_utils-0.0.0-py3.10.egg-info/dependency_links.txt
[26.380s] -- Installing: /home/wapush/AGV/bumperbot_ws/install/bumperbot_utils/lib/python3.10/site-packages/bumperbot_utils-0.0.0-py3.10.egg-info/SOURCES.txt
[26.381s] -- Up-to-date: /home/wapush/AGV/bumperbot_ws/install/bumperbot_utils/lib/python3.10/site-packages/bumperbot_utils
[26.381s] -- Up-to-date: /home/wapush/AGV/bumperbot_ws/install/bumperbot_utils/lib/python3.10/site-packages/bumperbot_utils/safety_stop.py
[26.381s] -- Up-to-date: /home/wapush/AGV/bumperbot_ws/install/bumperbot_utils/lib/python3.10/site-packages/bumperbot_utils/__init__.py
[26.408s] Listing '/home/wapush/AGV/bumperbot_ws/install/bumperbot_utils/lib/python3.10/site-packages/bumperbot_utils'...
[26.412s] -- Up-to-date: /home/wapush/AGV/bumperbot_ws/install/bumperbot_utils/lib/bumperbot_utils/safety_stop.py
[26.412s] -- Up-to-date: /home/wapush/AGV/bumperbot_ws/install/bumperbot_utils/share/ament_index/resource_index/package_run_dependencies/bumperbot_utils
[26.412s] -- Up-to-date: /home/wapush/AGV/bumperbot_ws/install/bumperbot_utils/share/ament_index/resource_index/parent_prefix_path/bumperbot_utils
[26.412s] -- Up-to-date: /home/wapush/AGV/bumperbot_ws/install/bumperbot_utils/share/bumperbot_utils/environment/ament_prefix_path.sh
[26.412s] -- Up-to-date: /home/wapush/AGV/bumperbot_ws/install/bumperbot_utils/share/bumperbot_utils/environment/ament_prefix_path.dsv
[26.412s] -- Up-to-date: /home/wapush/AGV/bumperbot_ws/install/bumperbot_utils/share/bumperbot_utils/environment/path.sh
[26.412s] -- Up-to-date: /home/wapush/AGV/bumperbot_ws/install/bumperbot_utils/share/bumperbot_utils/environment/path.dsv
[26.413s] -- Up-to-date: /home/wapush/AGV/bumperbot_ws/install/bumperbot_utils/share/bumperbot_utils/local_setup.bash
[26.413s] -- Up-to-date: /home/wapush/AGV/bumperbot_ws/install/bumperbot_utils/share/bumperbot_utils/local_setup.sh
[26.413s] -- Up-to-date: /home/wapush/AGV/bumperbot_ws/install/bumperbot_utils/share/bumperbot_utils/local_setup.zsh
[26.413s] -- Up-to-date: /home/wapush/AGV/bumperbot_ws/install/bumperbot_utils/share/bumperbot_utils/local_setup.dsv
[26.413s] -- Installing: /home/wapush/AGV/bumperbot_ws/install/bumperbot_utils/share/bumperbot_utils/package.dsv
[26.413s] -- Up-to-date: /home/wapush/AGV/bumperbot_ws/install/bumperbot_utils/share/ament_index/resource_index/packages/bumperbot_utils
[26.413s] -- Up-to-date: /home/wapush/AGV/bumperbot_ws/install/bumperbot_utils/share/bumperbot_utils/cmake/bumperbot_utilsConfig.cmake
[26.413s] -- Up-to-date: /home/wapush/AGV/bumperbot_ws/install/bumperbot_utils/share/bumperbot_utils/cmake/bumperbot_utilsConfig-version.cmake
[26.413s] -- Up-to-date: /home/wapush/AGV/bumperbot_ws/install/bumperbot_utils/share/bumperbot_utils/package.xml
[26.416s] Invoked command in '/home/wapush/AGV/bumperbot_ws/build/bumperbot_utils' returned '0': CMAKE_PREFIX_PATH=${CMAKE_PREFIX_PATH}:/home/wapush/AGV/bumperbot_ws/install/bumperbot_py_examples:/opt/ros/iron /usr/bin/cmake --install /home/wapush/AGV/bumperbot_ws/build/bumperbot_utils
