[0.048s] Invoking command in '/root/AGV/build/bumperbot_firmware': CMAKE_PREFIX_PATH=/opt/ros/humble /usr/bin/cmake --build /root/AGV/build/bumperbot_firmware -- -j8 -l8
[0.439s] [ 33%] Built target bumperbot_firmware
[0.440s] [ 33%] Built target ament_cmake_python_copy_bumperbot_firmware
[0.440s] [ 66%] Built target simple_serial_transmitter
[0.440s] [100%] Built target simple_serial_receiver
[0.498s] running egg_info
[0.498s] writing bumperbot_firmware.egg-info/PKG-INFO
[0.498s] writing dependency_links to bumperbot_firmware.egg-info/dependency_links.txt
[0.498s] writing top-level names to bumperbot_firmware.egg-info/top_level.txt
[0.507s] reading manifest file 'bumperbot_firmware.egg-info/SOURCES.txt'
[0.507s] writing manifest file 'bumperbot_firmware.egg-info/SOURCES.txt'
[0.767s] [100%] Built target ament_cmake_python_build_bumperbot_firmware_egg
[0.768s] Invoked command in '/root/AGV/build/bumperbot_firmware' returned '0': CMAKE_PREFIX_PATH=/opt/ros/humble /usr/bin/cmake --build /root/AGV/build/bumperbot_firmware -- -j8 -l8
[0.783s] Invoking command in '/root/AGV/build/bumperbot_firmware': CMAKE_PREFIX_PATH=/opt/ros/humble /usr/bin/cmake --install /root/AGV/build/bumperbot_firmware
[0.791s] -- Install configuration: ""
[0.791s] -- Up-to-date: /root/AGV/install/bumperbot_firmware/share/bumperbot_firmware/environment/pythonpath.sh
[0.792s] -- Up-to-date: /root/AGV/install/bumperbot_firmware/share/bumperbot_firmware/environment/pythonpath.dsv
[0.792s] -- Up-to-date: /root/AGV/install/bumperbot_firmware/local/lib/python3.10/dist-packages/bumperbot_firmware-0.0.0-py3.10.egg-info
[0.792s] -- Installing: /root/AGV/install/bumperbot_firmware/local/lib/python3.10/dist-packages/bumperbot_firmware-0.0.0-py3.10.egg-info/PKG-INFO
[0.792s] -- Installing: /root/AGV/install/bumperbot_firmware/local/lib/python3.10/dist-packages/bumperbot_firmware-0.0.0-py3.10.egg-info/top_level.txt
[0.792s] -- Installing: /root/AGV/install/bumperbot_firmware/local/lib/python3.10/dist-packages/bumperbot_firmware-0.0.0-py3.10.egg-info/dependency_links.txt
[0.792s] -- Installing: /root/AGV/install/bumperbot_firmware/local/lib/python3.10/dist-packages/bumperbot_firmware-0.0.0-py3.10.egg-info/SOURCES.txt
[0.792s] -- Up-to-date: /root/AGV/install/bumperbot_firmware/local/lib/python3.10/dist-packages/bumperbot_firmware
[0.792s] -- Up-to-date: /root/AGV/install/bumperbot_firmware/local/lib/python3.10/dist-packages/bumperbot_firmware/simple_serial_transmitter.py
[0.792s] -- Up-to-date: /root/AGV/install/bumperbot_firmware/local/lib/python3.10/dist-packages/bumperbot_firmware/__init__.py
[0.792s] -- Up-to-date: /root/AGV/install/bumperbot_firmware/local/lib/python3.10/dist-packages/bumperbot_firmware/simple_serial_receiver.py
[0.843s] Listing '/root/AGV/install/bumperbot_firmware/local/lib/python3.10/dist-packages/bumperbot_firmware'...
[0.854s] -- Up-to-date: /root/AGV/install/bumperbot_firmware/share/bumperbot_firmware/bumperbot_interface.xml
[0.855s] -- Up-to-date: /root/AGV/install/bumperbot_firmware/lib/libbumperbot_firmware.so
[0.855s] -- Up-to-date: /root/AGV/install/bumperbot_firmware/include/include
[0.855s] -- Up-to-date: /root/AGV/install/bumperbot_firmware/include/include/bumperbot_interface.hpp
[0.856s] -- Up-to-date: /root/AGV/install/bumperbot_firmware/lib/bumperbot_firmware/simple_serial_transmitter
[0.857s] -- Up-to-date: /root/AGV/install/bumperbot_firmware/lib/bumperbot_firmware/simple_serial_receiver
[0.857s] -- Up-to-date: /root/AGV/install/bumperbot_firmware/lib/bumperbot_firmware/simple_serial_transmitter.py
[0.857s] -- Up-to-date: /root/AGV/install/bumperbot_firmware/lib/bumperbot_firmware/simple_serial_receiver.py
[0.857s] -- Up-to-date: /root/AGV/install/bumperbot_firmware/share/bumperbot_firmware/launch
[0.857s] -- Up-to-date: /root/AGV/install/bumperbot_firmware/share/bumperbot_firmware/launch/hardware_interface.launch.py
[0.857s] -- Up-to-date: /root/AGV/install/bumperbot_firmware/share/bumperbot_firmware/environment/library_path.sh
[0.868s] -- Up-to-date: /root/AGV/install/bumperbot_firmware/share/bumperbot_firmware/environment/library_path.dsv
[0.868s] -- Up-to-date: /root/AGV/install/bumperbot_firmware/share/ament_index/resource_index/package_run_dependencies/bumperbot_firmware
[0.869s] -- Up-to-date: /root/AGV/install/bumperbot_firmware/share/ament_index/resource_index/parent_prefix_path/bumperbot_firmware
[0.869s] -- Up-to-date: /root/AGV/install/bumperbot_firmware/share/bumperbot_firmware/environment/ament_prefix_path.sh
[0.870s] -- Up-to-date: /root/AGV/install/bumperbot_firmware/share/bumperbot_firmware/environment/ament_prefix_path.dsv
[0.870s] -- Up-to-date: /root/AGV/install/bumperbot_firmware/share/bumperbot_firmware/environment/path.sh
[0.870s] -- Up-to-date: /root/AGV/install/bumperbot_firmware/share/bumperbot_firmware/environment/path.dsv
[0.870s] -- Up-to-date: /root/AGV/install/bumperbot_firmware/share/bumperbot_firmware/local_setup.bash
[0.870s] -- Up-to-date: /root/AGV/install/bumperbot_firmware/share/bumperbot_firmware/local_setup.sh
[0.871s] -- Up-to-date: /root/AGV/install/bumperbot_firmware/share/bumperbot_firmware/local_setup.zsh
[0.871s] -- Up-to-date: /root/AGV/install/bumperbot_firmware/share/bumperbot_firmware/local_setup.dsv
[0.871s] -- Installing: /root/AGV/install/bumperbot_firmware/share/bumperbot_firmware/package.dsv
[0.871s] -- Up-to-date: /root/AGV/install/bumperbot_firmware/share/ament_index/resource_index/packages/bumperbot_firmware
[0.871s] -- Up-to-date: /root/AGV/install/bumperbot_firmware/share/ament_index/resource_index/hardware_interface__pluginlib__plugin/bumperbot_firmware
[0.871s] -- Up-to-date: /root/AGV/install/bumperbot_firmware/share/bumperbot_firmware/cmake/ament_cmake_export_include_directories-extras.cmake
[0.871s] -- Up-to-date: /root/AGV/install/bumperbot_firmware/share/bumperbot_firmware/cmake/ament_cmake_export_libraries-extras.cmake
[0.872s] -- Up-to-date: /root/AGV/install/bumperbot_firmware/share/bumperbot_firmware/cmake/ament_cmake_export_dependencies-extras.cmake
[0.872s] -- Up-to-date: /root/AGV/install/bumperbot_firmware/share/bumperbot_firmware/cmake/bumperbot_firmwareConfig.cmake
[0.872s] -- Up-to-date: /root/AGV/install/bumperbot_firmware/share/bumperbot_firmware/cmake/bumperbot_firmwareConfig-version.cmake
[0.872s] -- Up-to-date: /root/AGV/install/bumperbot_firmware/share/bumperbot_firmware/package.xml
[0.872s] Invoked command in '/root/AGV/build/bumperbot_firmware' returned '0': CMAKE_PREFIX_PATH=/opt/ros/humble /usr/bin/cmake --install /root/AGV/build/bumperbot_firmware
