[0.040s] Invoking command in '/root/AGV/bumperbot_ws/build/bumperbot_controller': CMAKE_PREFIX_PATH=/opt/ros/humble /usr/bin/cmake /root/AGV/bumperbot_ws/src/bumperbot_controller -DCMAKE_INSTALL_PREFIX=/root/AGV/bumperbot_ws/install/bumperbot_controller
[0.376s] -- The C compiler identification is GNU 11.4.0
[0.608s] -- The CXX compiler identification is GNU 11.4.0
[0.880s] -- Detecting C compiler ABI info
[1.028s] -- Detecting C compiler ABI info - done
[1.038s] -- Check for working C compiler: /usr/bin/cc - skipped
[1.038s] -- Detecting C compile features
[1.039s] -- Detecting C compile features - done
[1.045s] -- Detecting CXX compiler ABI info
[1.204s] -- Detecting CXX compiler ABI info - done
[1.209s] -- Check for working CXX compiler: /usr/bin/c++ - skipped
[1.210s] -- Detecting CXX compile features
[1.210s] -- Detecting CXX compile features - done
[1.212s] -- Found ament_cmake: 1.3.10 (/opt/ros/humble/share/ament_cmake/cmake)
[1.494s] -- Found Python3: /usr/bin/python3 (found version "3.10.12") found components: Interpreter 
[1.634s] -- Found rclpy: 3.3.14 (/opt/ros/humble/share/rclpy/cmake)
[1.636s] -- Found std_msgs: 4.2.4 (/opt/ros/humble/share/std_msgs/cmake)
[1.787s] -- Found rosidl_generator_c: 3.1.5 (/opt/ros/humble/share/rosidl_generator_c/cmake)
[1.793s] -- Found rosidl_adapter: 3.1.5 (/opt/ros/humble/share/rosidl_adapter/cmake)
[1.808s] -- Found rosidl_generator_cpp: 3.1.5 (/opt/ros/humble/share/rosidl_generator_cpp/cmake)
[1.828s] -- Using all available rosidl_typesupport_c: rosidl_typesupport_fastrtps_c;rosidl_typesupport_introspection_c
[1.851s] -- Using all available rosidl_typesupport_cpp: rosidl_typesupport_fastrtps_cpp;rosidl_typesupport_introspection_cpp
[1.937s] -- Found geometry_msgs: 4.2.4 (/opt/ros/humble/share/geometry_msgs/cmake)
[1.961s] -- Found sensor_msgs: 4.2.4 (/opt/ros/humble/share/sensor_msgs/cmake)
[1.992s] -- Found nav_msgs: 4.2.4 (/opt/ros/humble/share/nav_msgs/cmake)
[2.015s] -- Found tf2: 0.25.8 (/opt/ros/humble/share/tf2/cmake)
[2.035s] -- Found tf2_ros: 0.25.8 (/opt/ros/humble/share/tf2_ros/cmake)
[2.130s] -- Found rmw_implementation_cmake: 6.1.2 (/opt/ros/humble/share/rmw_implementation_cmake/cmake)
[2.133s] -- Found rmw_fastrtps_cpp: 6.2.7 (/opt/ros/humble/share/rmw_fastrtps_cpp/cmake)
[2.893s] -- Found OpenSSL: /usr/lib/x86_64-linux-gnu/libcrypto.so (found version "3.0.2")  
[3.326s] -- Found FastRTPS: /opt/ros/humble/include  
[3.934s] -- Using RMW implementation 'rmw_fastrtps_cpp' as default
[3.939s] -- Looking for pthread.h
[4.036s] -- Looking for pthread.h - found
[4.037s] -- Performing Test CMAKE_HAVE_LIBC_PTHREAD
[4.136s] -- Performing Test CMAKE_HAVE_LIBC_PTHREAD - Success
[4.138s] -- Found Threads: TRUE  
[4.362s] -- Found ament_lint_auto: 0.12.11 (/opt/ros/humble/share/ament_lint_auto/cmake)
[4.463s] -- Added test 'cppcheck' to perform static code analysis on C / C++ code
[4.463s] -- Configured cppcheck include dirs: /root/AGV/bumperbot_ws/src/bumperbot_controller/include
[4.463s] -- Configured cppcheck exclude dirs and/or files: 
[4.464s] -- Added test 'flake8' to check Python code syntax and style conventions
[4.465s] -- Added test 'lint_cmake' to check CMake code style
[4.466s] -- Added test 'pep257' to check Python code against some of the docstring style conventions in PEP 257
[4.468s] -- Added test 'uncrustify' to check C / C++ code style
[4.468s] -- Configured uncrustify additional arguments: 
[4.469s] -- Added test 'xmllint' to check XML markup files
[4.471s] -- Configuring done
[4.489s] -- Generating done
[4.490s] -- Build files have been written to: /root/AGV/bumperbot_ws/build/bumperbot_controller
[4.507s] Invoked command in '/root/AGV/bumperbot_ws/build/bumperbot_controller' returned '0': CMAKE_PREFIX_PATH=/opt/ros/humble /usr/bin/cmake /root/AGV/bumperbot_ws/src/bumperbot_controller -DCMAKE_INSTALL_PREFIX=/root/AGV/bumperbot_ws/install/bumperbot_controller
[4.509s] Invoking command in '/root/AGV/bumperbot_ws/build/bumperbot_controller': CMAKE_PREFIX_PATH=/opt/ros/humble /usr/bin/cmake --build /root/AGV/bumperbot_ws/build/bumperbot_controller -- -j8 -l8
[4.554s] [ 50%] [32mBuilding CXX object CMakeFiles/simple_speed_controller.dir/src/simple_speed_controller.cpp.o[0m
[4.563s] [ 50%] Built target ament_cmake_python_copy_bumperbot_controller
[4.882s] running egg_info
[4.884s] creating bumperbot_controller.egg-info
[4.886s] writing bumperbot_controller.egg-info/PKG-INFO
[4.887s] writing dependency_links to bumperbot_controller.egg-info/dependency_links.txt
[4.888s] writing top-level names to bumperbot_controller.egg-info/top_level.txt
[4.889s] writing manifest file 'bumperbot_controller.egg-info/SOURCES.txt'
[4.897s] reading manifest file 'bumperbot_controller.egg-info/SOURCES.txt'
[4.898s] writing manifest file 'bumperbot_controller.egg-info/SOURCES.txt'
[4.966s] [ 50%] Built target ament_cmake_python_build_bumperbot_controller_egg
[44.188s] [100%] [32m[1mLinking CXX executable simple_speed_controller[0m
[45.144s] [100%] Built target simple_speed_controller
