[0.095s] Invoking command in '/root/AGV/build/bumperbot_mapping': CMAKE_PREFIX_PATH=/opt/ros/humble /usr/bin/cmake --build /root/AGV/build/bumperbot_mapping -- -j8 -l8
[0.721s] Invoked command in '/root/AGV/build/bumperbot_mapping' returned '0': CMAKE_PREFIX_PATH=/opt/ros/humble /usr/bin/cmake --build /root/AGV/build/bumperbot_mapping -- -j8 -l8
[0.784s] Invoking command in '/root/AGV/build/bumperbot_mapping': CMAKE_PREFIX_PATH=/opt/ros/humble /usr/bin/cmake --install /root/AGV/build/bumperbot_mapping
[1.049s] -- Install configuration: ""
[1.049s] -- Up-to-date: /root/AGV/install/bumperbot_mapping/share/ament_index/resource_index/package_run_dependencies/bumperbot_mapping
[1.049s] -- Up-to-date: /root/AGV/install/bumperbot_mapping/share/ament_index/resource_index/parent_prefix_path/bumperbot_mapping
[1.062s] -- Up-to-date: /root/AGV/install/bumperbot_mapping/share/bumperbot_mapping/environment/ament_prefix_path.sh
[1.063s] -- Up-to-date: /root/AGV/install/bumperbot_mapping/share/bumperbot_mapping/environment/ament_prefix_path.dsv
[1.064s] -- Up-to-date: /root/AGV/install/bumperbot_mapping/share/bumperbot_mapping/environment/path.sh
[1.064s] -- Up-to-date: /root/AGV/install/bumperbot_mapping/share/bumperbot_mapping/environment/path.dsv
[1.064s] -- Up-to-date: /root/AGV/install/bumperbot_mapping/share/bumperbot_mapping/local_setup.bash
[1.064s] -- Up-to-date: /root/AGV/install/bumperbot_mapping/share/bumperbot_mapping/local_setup.sh
[1.065s] -- Up-to-date: /root/AGV/install/bumperbot_mapping/share/bumperbot_mapping/local_setup.zsh
[1.065s] -- Up-to-date: /root/AGV/install/bumperbot_mapping/share/bumperbot_mapping/local_setup.dsv
[1.065s] -- Installing: /root/AGV/install/bumperbot_mapping/share/bumperbot_mapping/package.dsv
[1.076s] -- Up-to-date: /root/AGV/install/bumperbot_mapping/share/ament_index/resource_index/packages/bumperbot_mapping
[1.077s] -- Up-to-date: /root/AGV/install/bumperbot_mapping/share/bumperbot_mapping/cmake/bumperbot_mappingConfig.cmake
[1.077s] -- Up-to-date: /root/AGV/install/bumperbot_mapping/share/bumperbot_mapping/cmake/bumperbot_mappingConfig-version.cmake
[1.077s] -- Up-to-date: /root/AGV/install/bumperbot_mapping/share/bumperbot_mapping/package.xml
[1.259s] Invoked command in '/root/AGV/build/bumperbot_mapping' returned '0': CMAKE_PREFIX_PATH=/opt/ros/humble /usr/bin/cmake --install /root/AGV/build/bumperbot_mapping
