[0.191s] Invoking command in '/home/wapush/AGV/bumperbot_ws/build/bumperbot_utils': CMAKE_PREFIX_PATH=/opt/ros/humble /usr/bin/cmake /home/wapush/AGV/bumperbot_ws/src/bumperbot_utils -DCMAKE_INSTALL_PREFIX=/home/wapush/AGV/bumperbot_ws/install/bumperbot_utils
[0.332s] -- The C compiler identification is GNU 11.4.0
[0.880s] -- The CXX compiler identification is GNU 11.4.0
[1.243s] -- Detecting C compiler ABI info
[1.333s] -- Detecting C compiler ABI info - done
[1.338s] -- Check for working C compiler: /usr/bin/cc - skipped
[1.338s] -- Detecting C compile features
[1.338s] -- Detecting C compile features - done
[1.341s] -- Detecting CXX compiler ABI info
[1.459s] -- Detecting CXX compiler ABI info - done
[1.465s] -- Check for working CXX compiler: /usr/bin/c++ - skipped
[1.465s] -- Detecting CXX compile features
[1.466s] -- Detecting CXX compile features - done
[1.467s] -- Found ament_cmake: 1.3.10 (/opt/ros/humble/share/ament_cmake/cmake)
[1.569s] -- Found Python3: /usr/bin/python3 (found version "3.10.12") found components: Interpreter 
[1.628s] -- Found rclpy: 3.3.14 (/opt/ros/humble/share/rclpy/cmake)
[1.629s] -- Found rclcpp: 16.0.10 (/opt/ros/humble/share/rclcpp/cmake)
[1.798s] -- Found rosidl_generator_c: 3.1.5 (/opt/ros/humble/share/rosidl_generator_c/cmake)
[1.800s] -- Found rosidl_adapter: 3.1.5 (/opt/ros/humble/share/rosidl_adapter/cmake)
[1.806s] -- Found rosidl_generator_cpp: 3.1.5 (/opt/ros/humble/share/rosidl_generator_cpp/cmake)
[1.813s] -- Using all available rosidl_typesupport_c: rosidl_typesupport_fastrtps_c;rosidl_typesupport_introspection_c
[1.823s] -- Using all available rosidl_typesupport_cpp: rosidl_typesupport_fastrtps_cpp;rosidl_typesupport_introspection_cpp
[1.861s] -- Found rmw_implementation_cmake: 6.1.2 (/opt/ros/humble/share/rmw_implementation_cmake/cmake)
[1.863s] -- Found rmw_fastrtps_cpp: 6.2.7 (/opt/ros/humble/share/rmw_fastrtps_cpp/cmake)
[3.333s] -- Found OpenSSL: /usr/lib/x86_64-linux-gnu/libcrypto.so (found version "3.0.2")  
[5.062s] -- Found FastRTPS: /opt/ros/humble/include  
[7.047s] -- Using RMW implementation 'rmw_fastrtps_cpp' as default
[7.052s] -- Looking for pthread.h
[7.141s] -- Looking for pthread.h - found
[7.141s] -- Performing Test CMAKE_HAVE_LIBC_PTHREAD
[7.249s] -- Performing Test CMAKE_HAVE_LIBC_PTHREAD - Success
[7.250s] -- Found Threads: TRUE  
[7.282s] -- Found sensor_msgs: 4.2.4 (/opt/ros/humble/share/sensor_msgs/cmake)
[7.303s] -- Found twist_mux_msgs: 3.0.1 (/opt/ros/humble/share/twist_mux_msgs/cmake)
[7.339s] -- Found visualization_msgs: 4.2.4 (/opt/ros/humble/share/visualization_msgs/cmake)
[7.416s] -- Found ament_lint_auto: 0.12.11 (/opt/ros/humble/share/ament_lint_auto/cmake)
[7.476s] -- Added test 'cppcheck' to perform static code analysis on C / C++ code
[7.476s] -- Configured cppcheck include dirs: 
[7.476s] -- Configured cppcheck exclude dirs and/or files: 
[7.477s] -- Added test 'flake8' to check Python code syntax and style conventions
[7.477s] -- Added test 'lint_cmake' to check CMake code style
[7.477s] -- Added test 'pep257' to check Python code against some of the docstring style conventions in PEP 257
[7.478s] -- Added test 'uncrustify' to check C / C++ code style
[7.478s] -- Configured uncrustify additional arguments: 
[7.478s] -- Added test 'xmllint' to check XML markup files
[7.479s] -- Configuring done
[7.487s] -- Generating done
[7.488s] -- Build files have been written to: /home/wapush/AGV/bumperbot_ws/build/bumperbot_utils
[7.497s] Invoked command in '/home/wapush/AGV/bumperbot_ws/build/bumperbot_utils' returned '0': CMAKE_PREFIX_PATH=/opt/ros/humble /usr/bin/cmake /home/wapush/AGV/bumperbot_ws/src/bumperbot_utils -DCMAKE_INSTALL_PREFIX=/home/wapush/AGV/bumperbot_ws/install/bumperbot_utils
[7.497s] Invoking command in '/home/wapush/AGV/bumperbot_ws/build/bumperbot_utils': CMAKE_PREFIX_PATH=/opt/ros/humble /usr/bin/cmake --build /home/wapush/AGV/bumperbot_ws/build/bumperbot_utils -- -j20 -l20
[7.530s] [ 50%] [32mBuilding CXX object CMakeFiles/safety_stop.dir/src/safety_stop.cpp.o[0m
[7.533s] [ 50%] Built target ament_cmake_python_copy_bumperbot_utils
[7.754s] running egg_info
[7.755s] creating bumperbot_utils.egg-info
[7.755s] writing bumperbot_utils.egg-info/PKG-INFO
[7.756s] writing dependency_links to bumperbot_utils.egg-info/dependency_links.txt
[7.756s] writing top-level names to bumperbot_utils.egg-info/top_level.txt
[7.756s] writing manifest file 'bumperbot_utils.egg-info/SOURCES.txt'
[7.757s] reading manifest file 'bumperbot_utils.egg-info/SOURCES.txt'
[7.757s] writing manifest file 'bumperbot_utils.egg-info/SOURCES.txt'
[7.781s] [ 50%] Built target ament_cmake_python_build_bumperbot_utils_egg
[14.996s] [100%] [32m[1mLinking CXX executable safety_stop[0m
[15.363s] [100%] Built target safety_stop
[15.371s] Invoked command in '/home/wapush/AGV/bumperbot_ws/build/bumperbot_utils' returned '0': CMAKE_PREFIX_PATH=/opt/ros/humble /usr/bin/cmake --build /home/wapush/AGV/bumperbot_ws/build/bumperbot_utils -- -j20 -l20
[15.389s] Invoking command in '/home/wapush/AGV/bumperbot_ws/build/bumperbot_utils': CMAKE_PREFIX_PATH=/opt/ros/humble /usr/bin/cmake --install /home/wapush/AGV/bumperbot_ws/build/bumperbot_utils
[15.394s] -- Install configuration: ""
[15.394s] -- Installing: /home/wapush/AGV/bumperbot_ws/install/bumperbot_utils/lib/bumperbot_utils/safety_stop
[15.396s] -- Set runtime path of "/home/wapush/AGV/bumperbot_ws/install/bumperbot_utils/lib/bumperbot_utils/safety_stop" to ""
[15.397s] -- Installing: /home/wapush/AGV/bumperbot_ws/install/bumperbot_utils/share/bumperbot_utils/environment/pythonpath.sh
[15.397s] -- Installing: /home/wapush/AGV/bumperbot_ws/install/bumperbot_utils/share/bumperbot_utils/environment/pythonpath.dsv
[15.397s] -- Installing: /home/wapush/AGV/bumperbot_ws/install/bumperbot_utils/local/lib/python3.10/dist-packages/bumperbot_utils-0.0.0-py3.10.egg-info
[15.398s] -- Installing: /home/wapush/AGV/bumperbot_ws/install/bumperbot_utils/local/lib/python3.10/dist-packages/bumperbot_utils-0.0.0-py3.10.egg-info/PKG-INFO
[15.398s] -- Installing: /home/wapush/AGV/bumperbot_ws/install/bumperbot_utils/local/lib/python3.10/dist-packages/bumperbot_utils-0.0.0-py3.10.egg-info/top_level.txt
[15.398s] -- Installing: /home/wapush/AGV/bumperbot_ws/install/bumperbot_utils/local/lib/python3.10/dist-packages/bumperbot_utils-0.0.0-py3.10.egg-info/dependency_links.txt
[15.398s] -- Installing: /home/wapush/AGV/bumperbot_ws/install/bumperbot_utils/local/lib/python3.10/dist-packages/bumperbot_utils-0.0.0-py3.10.egg-info/SOURCES.txt
[15.398s] -- Installing: /home/wapush/AGV/bumperbot_ws/install/bumperbot_utils/local/lib/python3.10/dist-packages/bumperbot_utils
[15.398s] -- Installing: /home/wapush/AGV/bumperbot_ws/install/bumperbot_utils/local/lib/python3.10/dist-packages/bumperbot_utils/safety_stop.py
[15.398s] -- Installing: /home/wapush/AGV/bumperbot_ws/install/bumperbot_utils/local/lib/python3.10/dist-packages/bumperbot_utils/__init__.py
[15.433s] Listing '/home/wapush/AGV/bumperbot_ws/install/bumperbot_utils/local/lib/python3.10/dist-packages/bumperbot_utils'...
[15.433s] Compiling '/home/wapush/AGV/bumperbot_ws/install/bumperbot_utils/local/lib/python3.10/dist-packages/bumperbot_utils/__init__.py'...
[15.433s] Compiling '/home/wapush/AGV/bumperbot_ws/install/bumperbot_utils/local/lib/python3.10/dist-packages/bumperbot_utils/safety_stop.py'...
[15.437s] -- Installing: /home/wapush/AGV/bumperbot_ws/install/bumperbot_utils/lib/bumperbot_utils/safety_stop.py
[15.437s] -- Installing: /home/wapush/AGV/bumperbot_ws/install/bumperbot_utils/share/ament_index/resource_index/package_run_dependencies/bumperbot_utils
[15.437s] -- Installing: /home/wapush/AGV/bumperbot_ws/install/bumperbot_utils/share/ament_index/resource_index/parent_prefix_path/bumperbot_utils
[15.437s] -- Installing: /home/wapush/AGV/bumperbot_ws/install/bumperbot_utils/share/bumperbot_utils/environment/ament_prefix_path.sh
[15.438s] -- Installing: /home/wapush/AGV/bumperbot_ws/install/bumperbot_utils/share/bumperbot_utils/environment/ament_prefix_path.dsv
[15.438s] -- Installing: /home/wapush/AGV/bumperbot_ws/install/bumperbot_utils/share/bumperbot_utils/environment/path.sh
[15.438s] -- Installing: /home/wapush/AGV/bumperbot_ws/install/bumperbot_utils/share/bumperbot_utils/environment/path.dsv
[15.438s] -- Installing: /home/wapush/AGV/bumperbot_ws/install/bumperbot_utils/share/bumperbot_utils/local_setup.bash
[15.438s] -- Installing: /home/wapush/AGV/bumperbot_ws/install/bumperbot_utils/share/bumperbot_utils/local_setup.sh
[15.438s] -- Installing: /home/wapush/AGV/bumperbot_ws/install/bumperbot_utils/share/bumperbot_utils/local_setup.zsh
[15.438s] -- Installing: /home/wapush/AGV/bumperbot_ws/install/bumperbot_utils/share/bumperbot_utils/local_setup.dsv
[15.438s] -- Installing: /home/wapush/AGV/bumperbot_ws/install/bumperbot_utils/share/bumperbot_utils/package.dsv
[15.438s] -- Installing: /home/wapush/AGV/bumperbot_ws/install/bumperbot_utils/share/ament_index/resource_index/packages/bumperbot_utils
[15.438s] -- Installing: /home/wapush/AGV/bumperbot_ws/install/bumperbot_utils/share/bumperbot_utils/cmake/bumperbot_utilsConfig.cmake
[15.438s] -- Installing: /home/wapush/AGV/bumperbot_ws/install/bumperbot_utils/share/bumperbot_utils/cmake/bumperbot_utilsConfig-version.cmake
[15.438s] -- Installing: /home/wapush/AGV/bumperbot_ws/install/bumperbot_utils/share/bumperbot_utils/package.xml
[15.439s] Invoked command in '/home/wapush/AGV/bumperbot_ws/build/bumperbot_utils' returned '0': CMAKE_PREFIX_PATH=/opt/ros/humble /usr/bin/cmake --install /home/wapush/AGV/bumperbot_ws/build/bumperbot_utils
