[0.046s] Invoking command in '/root/AGV/build/bumperbot_cpp_examples': CMAKE_PREFIX_PATH=/opt/ros/humble /usr/bin/cmake --build /root/AGV/build/bumperbot_cpp_examples -- -j8 -l8
[0.580s] Invoked command in '/root/AGV/build/bumperbot_cpp_examples' returned '0': CMAKE_PREFIX_PATH=/opt/ros/humble /usr/bin/cmake --build /root/AGV/build/bumperbot_cpp_examples -- -j8 -l8
[0.635s] Invoking command in '/root/AGV/build/bumperbot_cpp_examples': CMAKE_PREFIX_PATH=/opt/ros/humble /usr/bin/cmake --install /root/AGV/build/bumperbot_cpp_examples
[0.714s] -- Install configuration: ""
[0.714s] -- Up-to-date: /root/AGV/install/bumperbot_cpp_examples/share/ament_index/resource_index/package_run_dependencies/bumperbot_cpp_examples
[0.714s] -- Up-to-date: /root/AGV/install/bumperbot_cpp_examples/share/ament_index/resource_index/parent_prefix_path/bumperbot_cpp_examples
[0.718s] -- Up-to-date: /root/AGV/install/bumperbot_cpp_examples/share/bumperbot_cpp_examples/environment/ament_prefix_path.sh
[0.719s] -- Up-to-date: /root/AGV/install/bumperbot_cpp_examples/share/bumperbot_cpp_examples/environment/ament_prefix_path.dsv
[0.722s] -- Up-to-date: /root/AGV/install/bumperbot_cpp_examples/share/bumperbot_cpp_examples/environment/path.sh
[0.722s] -- Up-to-date: /root/AGV/install/bumperbot_cpp_examples/share/bumperbot_cpp_examples/environment/path.dsv
[0.722s] -- Up-to-date: /root/AGV/install/bumperbot_cpp_examples/share/bumperbot_cpp_examples/local_setup.bash
[0.723s] -- Up-to-date: /root/AGV/install/bumperbot_cpp_examples/share/bumperbot_cpp_examples/local_setup.sh
[0.723s] -- Up-to-date: /root/AGV/install/bumperbot_cpp_examples/share/bumperbot_cpp_examples/local_setup.zsh
[0.728s] -- Up-to-date: /root/AGV/install/bumperbot_cpp_examples/share/bumperbot_cpp_examples/local_setup.dsv
[0.729s] -- Installing: /root/AGV/install/bumperbot_cpp_examples/share/bumperbot_cpp_examples/package.dsv
[0.729s] -- Up-to-date: /root/AGV/install/bumperbot_cpp_examples/share/ament_index/resource_index/packages/bumperbot_cpp_examples
[0.729s] -- Up-to-date: /root/AGV/install/bumperbot_cpp_examples/share/bumperbot_cpp_examples/cmake/bumperbot_cpp_examplesConfig.cmake
[0.729s] -- Up-to-date: /root/AGV/install/bumperbot_cpp_examples/share/bumperbot_cpp_examples/cmake/bumperbot_cpp_examplesConfig-version.cmake
[0.729s] -- Up-to-date: /root/AGV/install/bumperbot_cpp_examples/share/bumperbot_cpp_examples/package.xml
[0.912s] Invoked command in '/root/AGV/build/bumperbot_cpp_examples' returned '0': CMAKE_PREFIX_PATH=/opt/ros/humble /usr/bin/cmake --install /root/AGV/build/bumperbot_cpp_examples
