[0.154s] DEBUG:colcon:Command line arguments: ['/usr/bin/colcon', 'build']
[0.154s] DEBUG:colcon:Parsed command line arguments: Namespace(log_base=None, log_level=None, verb_name='build', build_base='build', install_base='install', merge_install=False, symlink_install=False, test_result_base=None, continue_on_error=False, executor='parallel', parallel_workers=8, event_handlers=None, ignore_user_meta=False, metas=['./colcon.meta'], base_paths=['.'], packages_ignore=None, packages_ignore_regex=None, paths=None, packages_up_to=None, packages_up_to_regex=None, packages_above=None, packages_above_and_dependencies=None, packages_above_depth=None, packages_select_by_dep=None, packages_skip_by_dep=None, packages_skip_up_to=None, packages_select_build_failed=False, packages_skip_build_finished=False, packages_select_test_failures=False, packages_skip_test_passed=False, packages_select=None, packages_skip=None, packages_select_regex=None, packages_skip_regex=None, packages_start=None, packages_end=None, allow_overriding=[], cmake_args=None, cmake_target=None, cmake_target_skip_unavailable=False, cmake_clean_cache=False, cmake_clean_first=False, cmake_force_configure=False, ament_cmake_args=None, catkin_cmake_args=None, catkin_skip_building_tests=False, verb_parser=<colcon_defaults.argument_parser.defaults.DefaultArgumentsDecorator object at 0x7f6e56a34520>, verb_extension=<colcon_core.verb.build.BuildVerb object at 0x7f6e56bcd0c0>, main=<bound method BuildVerb.main of <colcon_core.verb.build.BuildVerb object at 0x7f6e56bcd0c0>>)
[0.306s] Level 1:colcon.colcon_core.package_discovery:discover_packages(colcon_meta) check parameters
[0.307s] Level 1:colcon.colcon_core.package_discovery:discover_packages(recursive) check parameters
[0.307s] Level 1:colcon.colcon_core.package_discovery:discover_packages(ignore) check parameters
[0.307s] Level 1:colcon.colcon_core.package_discovery:discover_packages(path) check parameters
[0.307s] Level 1:colcon.colcon_core.package_discovery:discover_packages(colcon_meta) discover
[0.307s] Level 1:colcon.colcon_core.package_discovery:discover_packages(recursive) discover
[0.307s] INFO:colcon.colcon_core.package_discovery:Crawling recursively for packages in '/root/AGV'
[0.307s] Level 1:colcon.colcon_core.package_identification:_identify(.) by extensions ['ignore', 'ignore_ament_install']
[0.308s] Level 1:colcon.colcon_core.package_identification:_identify(.) by extension 'ignore'
[0.308s] Level 1:colcon.colcon_core.package_identification:_identify(.) by extension 'ignore_ament_install'
[0.308s] Level 1:colcon.colcon_core.package_identification:_identify(.) by extensions ['colcon_pkg']
[0.308s] Level 1:colcon.colcon_core.package_identification:_identify(.) by extension 'colcon_pkg'
[0.308s] Level 1:colcon.colcon_core.package_identification:_identify(.) by extensions ['colcon_meta']
[0.308s] Level 1:colcon.colcon_core.package_identification:_identify(.) by extension 'colcon_meta'
[0.308s] Level 1:colcon.colcon_core.package_identification:_identify(.) by extensions ['ros']
[0.308s] Level 1:colcon.colcon_core.package_identification:_identify(.) by extension 'ros'
[0.322s] Level 1:colcon.colcon_core.package_identification:_identify(.) by extensions ['cmake', 'python']
[0.322s] Level 1:colcon.colcon_core.package_identification:_identify(.) by extension 'cmake'
[0.322s] Level 1:colcon.colcon_core.package_identification:_identify(.) by extension 'python'
[0.322s] Level 1:colcon.colcon_core.package_identification:_identify(.) by extensions ['python_setup_py']
[0.322s] Level 1:colcon.colcon_core.package_identification:_identify(.) by extension 'python_setup_py'
[0.322s] Level 1:colcon.colcon_core.package_identification:_identify(build) by extensions ['ignore', 'ignore_ament_install']
[0.322s] Level 1:colcon.colcon_core.package_identification:_identify(build) by extension 'ignore'
[0.322s] Level 1:colcon.colcon_core.package_identification:_identify(build) ignored
[0.322s] Level 1:colcon.colcon_core.package_identification:_identify(bumperbot_ws) by extensions ['ignore', 'ignore_ament_install']
[0.322s] Level 1:colcon.colcon_core.package_identification:_identify(bumperbot_ws) by extension 'ignore'
[0.322s] Level 1:colcon.colcon_core.package_identification:_identify(bumperbot_ws) by extension 'ignore_ament_install'
[0.322s] Level 1:colcon.colcon_core.package_identification:_identify(bumperbot_ws) by extensions ['colcon_pkg']
[0.322s] Level 1:colcon.colcon_core.package_identification:_identify(bumperbot_ws) by extension 'colcon_pkg'
[0.323s] Level 1:colcon.colcon_core.package_identification:_identify(bumperbot_ws) by extensions ['colcon_meta']
[0.323s] Level 1:colcon.colcon_core.package_identification:_identify(bumperbot_ws) by extension 'colcon_meta'
[0.323s] Level 1:colcon.colcon_core.package_identification:_identify(bumperbot_ws) by extensions ['ros']
[0.323s] Level 1:colcon.colcon_core.package_identification:_identify(bumperbot_ws) by extension 'ros'
[0.323s] Level 1:colcon.colcon_core.package_identification:_identify(bumperbot_ws) by extensions ['cmake', 'python']
[0.323s] Level 1:colcon.colcon_core.package_identification:_identify(bumperbot_ws) by extension 'cmake'
[0.323s] Level 1:colcon.colcon_core.package_identification:_identify(bumperbot_ws) by extension 'python'
[0.323s] Level 1:colcon.colcon_core.package_identification:_identify(bumperbot_ws) by extensions ['python_setup_py']
[0.323s] Level 1:colcon.colcon_core.package_identification:_identify(bumperbot_ws) by extension 'python_setup_py'
[0.323s] Level 1:colcon.colcon_core.package_identification:_identify(bumperbot_ws/build) by extensions ['ignore', 'ignore_ament_install']
[0.323s] Level 1:colcon.colcon_core.package_identification:_identify(bumperbot_ws/build) by extension 'ignore'
[0.323s] Level 1:colcon.colcon_core.package_identification:_identify(bumperbot_ws/build) ignored
[0.323s] Level 1:colcon.colcon_core.package_identification:_identify(bumperbot_ws/install) by extensions ['ignore', 'ignore_ament_install']
[0.323s] Level 1:colcon.colcon_core.package_identification:_identify(bumperbot_ws/install) by extension 'ignore'
[0.323s] Level 1:colcon.colcon_core.package_identification:_identify(bumperbot_ws/install) ignored
[0.323s] Level 1:colcon.colcon_core.package_identification:_identify(bumperbot_ws/log) by extensions ['ignore', 'ignore_ament_install']
[0.324s] Level 1:colcon.colcon_core.package_identification:_identify(bumperbot_ws/log) by extension 'ignore'
[0.324s] Level 1:colcon.colcon_core.package_identification:_identify(bumperbot_ws/log) ignored
[0.324s] Level 1:colcon.colcon_core.package_identification:_identify(bumperbot_ws/src) by extensions ['ignore', 'ignore_ament_install']
[0.324s] Level 1:colcon.colcon_core.package_identification:_identify(bumperbot_ws/src) by extension 'ignore'
[0.324s] Level 1:colcon.colcon_core.package_identification:_identify(bumperbot_ws/src) by extension 'ignore_ament_install'
[0.324s] Level 1:colcon.colcon_core.package_identification:_identify(bumperbot_ws/src) by extensions ['colcon_pkg']
[0.324s] Level 1:colcon.colcon_core.package_identification:_identify(bumperbot_ws/src) by extension 'colcon_pkg'
[0.324s] Level 1:colcon.colcon_core.package_identification:_identify(bumperbot_ws/src) by extensions ['colcon_meta']
[0.324s] Level 1:colcon.colcon_core.package_identification:_identify(bumperbot_ws/src) by extension 'colcon_meta'
[0.324s] Level 1:colcon.colcon_core.package_identification:_identify(bumperbot_ws/src) by extensions ['ros']
[0.324s] Level 1:colcon.colcon_core.package_identification:_identify(bumperbot_ws/src) by extension 'ros'
[0.324s] Level 1:colcon.colcon_core.package_identification:_identify(bumperbot_ws/src) by extensions ['cmake', 'python']
[0.324s] Level 1:colcon.colcon_core.package_identification:_identify(bumperbot_ws/src) by extension 'cmake'
[0.324s] Level 1:colcon.colcon_core.package_identification:_identify(bumperbot_ws/src) by extension 'python'
[0.324s] Level 1:colcon.colcon_core.package_identification:_identify(bumperbot_ws/src) by extensions ['python_setup_py']
[0.324s] Level 1:colcon.colcon_core.package_identification:_identify(bumperbot_ws/src) by extension 'python_setup_py'
[0.324s] Level 1:colcon.colcon_core.package_identification:_identify(bumperbot_ws/src/build) by extensions ['ignore', 'ignore_ament_install']
[0.324s] Level 1:colcon.colcon_core.package_identification:_identify(bumperbot_ws/src/build) by extension 'ignore'
[0.324s] Level 1:colcon.colcon_core.package_identification:_identify(bumperbot_ws/src/build) ignored
[0.324s] Level 1:colcon.colcon_core.package_identification:_identify(bumperbot_ws/src/bumperbot_controller) by extensions ['ignore', 'ignore_ament_install']
[0.324s] Level 1:colcon.colcon_core.package_identification:_identify(bumperbot_ws/src/bumperbot_controller) by extension 'ignore'
[0.325s] Level 1:colcon.colcon_core.package_identification:_identify(bumperbot_ws/src/bumperbot_controller) by extension 'ignore_ament_install'
[0.325s] Level 1:colcon.colcon_core.package_identification:_identify(bumperbot_ws/src/bumperbot_controller) by extensions ['colcon_pkg']
[0.325s] Level 1:colcon.colcon_core.package_identification:_identify(bumperbot_ws/src/bumperbot_controller) by extension 'colcon_pkg'
[0.325s] Level 1:colcon.colcon_core.package_identification:_identify(bumperbot_ws/src/bumperbot_controller) by extensions ['colcon_meta']
[0.325s] Level 1:colcon.colcon_core.package_identification:_identify(bumperbot_ws/src/bumperbot_controller) by extension 'colcon_meta'
[0.325s] Level 1:colcon.colcon_core.package_identification:_identify(bumperbot_ws/src/bumperbot_controller) by extensions ['ros']
[0.325s] Level 1:colcon.colcon_core.package_identification:_identify(bumperbot_ws/src/bumperbot_controller) by extension 'ros'
[0.327s] DEBUG:colcon.colcon_core.package_identification:Package 'bumperbot_ws/src/bumperbot_controller' with type 'ros.ament_cmake' and name 'bumperbot_controller'
[0.327s] Level 1:colcon.colcon_core.package_identification:_identify(bumperbot_ws/src/bumperbot_cpp_examples) by extensions ['ignore', 'ignore_ament_install']
[0.327s] Level 1:colcon.colcon_core.package_identification:_identify(bumperbot_ws/src/bumperbot_cpp_examples) by extension 'ignore'
[0.327s] Level 1:colcon.colcon_core.package_identification:_identify(bumperbot_ws/src/bumperbot_cpp_examples) by extension 'ignore_ament_install'
[0.327s] Level 1:colcon.colcon_core.package_identification:_identify(bumperbot_ws/src/bumperbot_cpp_examples) by extensions ['colcon_pkg']
[0.327s] Level 1:colcon.colcon_core.package_identification:_identify(bumperbot_ws/src/bumperbot_cpp_examples) by extension 'colcon_pkg'
[0.327s] Level 1:colcon.colcon_core.package_identification:_identify(bumperbot_ws/src/bumperbot_cpp_examples) by extensions ['colcon_meta']
[0.327s] Level 1:colcon.colcon_core.package_identification:_identify(bumperbot_ws/src/bumperbot_cpp_examples) by extension 'colcon_meta'
[0.328s] Level 1:colcon.colcon_core.package_identification:_identify(bumperbot_ws/src/bumperbot_cpp_examples) by extensions ['ros']
[0.328s] Level 1:colcon.colcon_core.package_identification:_identify(bumperbot_ws/src/bumperbot_cpp_examples) by extension 'ros'
[0.328s] DEBUG:colcon.colcon_core.package_identification:Package 'bumperbot_ws/src/bumperbot_cpp_examples' with type 'ros.ament_cmake' and name 'bumperbot_cpp_examples'
[0.328s] Level 1:colcon.colcon_core.package_identification:_identify(bumperbot_ws/src/bumperbot_description) by extensions ['ignore', 'ignore_ament_install']
[0.328s] Level 1:colcon.colcon_core.package_identification:_identify(bumperbot_ws/src/bumperbot_description) by extension 'ignore'
[0.328s] Level 1:colcon.colcon_core.package_identification:_identify(bumperbot_ws/src/bumperbot_description) by extension 'ignore_ament_install'
[0.328s] Level 1:colcon.colcon_core.package_identification:_identify(bumperbot_ws/src/bumperbot_description) by extensions ['colcon_pkg']
[0.328s] Level 1:colcon.colcon_core.package_identification:_identify(bumperbot_ws/src/bumperbot_description) by extension 'colcon_pkg'
[0.328s] Level 1:colcon.colcon_core.package_identification:_identify(bumperbot_ws/src/bumperbot_description) by extensions ['colcon_meta']
[0.328s] Level 1:colcon.colcon_core.package_identification:_identify(bumperbot_ws/src/bumperbot_description) by extension 'colcon_meta'
[0.328s] Level 1:colcon.colcon_core.package_identification:_identify(bumperbot_ws/src/bumperbot_description) by extensions ['ros']
[0.328s] Level 1:colcon.colcon_core.package_identification:_identify(bumperbot_ws/src/bumperbot_description) by extension 'ros'
[0.329s] DEBUG:colcon.colcon_core.package_identification:Package 'bumperbot_ws/src/bumperbot_description' with type 'ros.ament_cmake' and name 'bumperbot_description'
[0.329s] Level 1:colcon.colcon_core.package_identification:_identify(bumperbot_ws/src/bumperbot_firmware) by extensions ['ignore', 'ignore_ament_install']
[0.329s] Level 1:colcon.colcon_core.package_identification:_identify(bumperbot_ws/src/bumperbot_firmware) by extension 'ignore'
[0.329s] Level 1:colcon.colcon_core.package_identification:_identify(bumperbot_ws/src/bumperbot_firmware) by extension 'ignore_ament_install'
[0.329s] Level 1:colcon.colcon_core.package_identification:_identify(bumperbot_ws/src/bumperbot_firmware) by extensions ['colcon_pkg']
[0.329s] Level 1:colcon.colcon_core.package_identification:_identify(bumperbot_ws/src/bumperbot_firmware) by extension 'colcon_pkg'
[0.329s] Level 1:colcon.colcon_core.package_identification:_identify(bumperbot_ws/src/bumperbot_firmware) by extensions ['colcon_meta']
[0.329s] Level 1:colcon.colcon_core.package_identification:_identify(bumperbot_ws/src/bumperbot_firmware) by extension 'colcon_meta'
[0.329s] Level 1:colcon.colcon_core.package_identification:_identify(bumperbot_ws/src/bumperbot_firmware) by extensions ['ros']
[0.329s] Level 1:colcon.colcon_core.package_identification:_identify(bumperbot_ws/src/bumperbot_firmware) by extension 'ros'
[0.330s] DEBUG:colcon.colcon_core.package_identification:Package 'bumperbot_ws/src/bumperbot_firmware' with type 'ros.ament_cmake' and name 'bumperbot_firmware'
[0.330s] Level 1:colcon.colcon_core.package_identification:_identify(bumperbot_ws/src/bumperbot_localization) by extensions ['ignore', 'ignore_ament_install']
[0.330s] Level 1:colcon.colcon_core.package_identification:_identify(bumperbot_ws/src/bumperbot_localization) by extension 'ignore'
[0.330s] Level 1:colcon.colcon_core.package_identification:_identify(bumperbot_ws/src/bumperbot_localization) by extension 'ignore_ament_install'
[0.330s] Level 1:colcon.colcon_core.package_identification:_identify(bumperbot_ws/src/bumperbot_localization) by extensions ['colcon_pkg']
[0.330s] Level 1:colcon.colcon_core.package_identification:_identify(bumperbot_ws/src/bumperbot_localization) by extension 'colcon_pkg'
[0.330s] Level 1:colcon.colcon_core.package_identification:_identify(bumperbot_ws/src/bumperbot_localization) by extensions ['colcon_meta']
[0.330s] Level 1:colcon.colcon_core.package_identification:_identify(bumperbot_ws/src/bumperbot_localization) by extension 'colcon_meta'
[0.330s] Level 1:colcon.colcon_core.package_identification:_identify(bumperbot_ws/src/bumperbot_localization) by extensions ['ros']
[0.330s] Level 1:colcon.colcon_core.package_identification:_identify(bumperbot_ws/src/bumperbot_localization) by extension 'ros'
[0.332s] DEBUG:colcon.colcon_core.package_identification:Package 'bumperbot_ws/src/bumperbot_localization' with type 'ros.ament_cmake' and name 'bumperbot_localization'
[0.332s] Level 1:colcon.colcon_core.package_identification:_identify(bumperbot_ws/src/bumperbot_mapping) by extensions ['ignore', 'ignore_ament_install']
[0.332s] Level 1:colcon.colcon_core.package_identification:_identify(bumperbot_ws/src/bumperbot_mapping) by extension 'ignore'
[0.332s] Level 1:colcon.colcon_core.package_identification:_identify(bumperbot_ws/src/bumperbot_mapping) by extension 'ignore_ament_install'
[0.332s] Level 1:colcon.colcon_core.package_identification:_identify(bumperbot_ws/src/bumperbot_mapping) by extensions ['colcon_pkg']
[0.332s] Level 1:colcon.colcon_core.package_identification:_identify(bumperbot_ws/src/bumperbot_mapping) by extension 'colcon_pkg'
[0.332s] Level 1:colcon.colcon_core.package_identification:_identify(bumperbot_ws/src/bumperbot_mapping) by extensions ['colcon_meta']
[0.332s] Level 1:colcon.colcon_core.package_identification:_identify(bumperbot_ws/src/bumperbot_mapping) by extension 'colcon_meta'
[0.333s] Level 1:colcon.colcon_core.package_identification:_identify(bumperbot_ws/src/bumperbot_mapping) by extensions ['ros']
[0.333s] Level 1:colcon.colcon_core.package_identification:_identify(bumperbot_ws/src/bumperbot_mapping) by extension 'ros'
[0.333s] DEBUG:colcon.colcon_core.package_identification:Package 'bumperbot_ws/src/bumperbot_mapping' with type 'ros.ament_cmake' and name 'bumperbot_mapping'
[0.333s] Level 1:colcon.colcon_core.package_identification:_identify(bumperbot_ws/src/bumperbot_py_examples) by extensions ['ignore', 'ignore_ament_install']
[0.334s] Level 1:colcon.colcon_core.package_identification:_identify(bumperbot_ws/src/bumperbot_py_examples) by extension 'ignore'
[0.334s] Level 1:colcon.colcon_core.package_identification:_identify(bumperbot_ws/src/bumperbot_py_examples) by extension 'ignore_ament_install'
[0.334s] Level 1:colcon.colcon_core.package_identification:_identify(bumperbot_ws/src/bumperbot_py_examples) by extensions ['colcon_pkg']
[0.334s] Level 1:colcon.colcon_core.package_identification:_identify(bumperbot_ws/src/bumperbot_py_examples) by extension 'colcon_pkg'
[0.334s] Level 1:colcon.colcon_core.package_identification:_identify(bumperbot_ws/src/bumperbot_py_examples) by extensions ['colcon_meta']
[0.334s] Level 1:colcon.colcon_core.package_identification:_identify(bumperbot_ws/src/bumperbot_py_examples) by extension 'colcon_meta'
[0.334s] Level 1:colcon.colcon_core.package_identification:_identify(bumperbot_ws/src/bumperbot_py_examples) by extensions ['ros']
[0.334s] Level 1:colcon.colcon_core.package_identification:_identify(bumperbot_ws/src/bumperbot_py_examples) by extension 'ros'
[0.335s] DEBUG:colcon.colcon_core.package_identification:Package 'bumperbot_ws/src/bumperbot_py_examples' with type 'ros.ament_python' and name 'bumperbot_py_examples'
[0.335s] Level 1:colcon.colcon_core.package_identification:_identify(bumperbot_ws/src/bumperbot_utils) by extensions ['ignore', 'ignore_ament_install']
[0.336s] Level 1:colcon.colcon_core.package_identification:_identify(bumperbot_ws/src/bumperbot_utils) by extension 'ignore'
[0.336s] Level 1:colcon.colcon_core.package_identification:_identify(bumperbot_ws/src/bumperbot_utils) by extension 'ignore_ament_install'
[0.336s] Level 1:colcon.colcon_core.package_identification:_identify(bumperbot_ws/src/bumperbot_utils) by extensions ['colcon_pkg']
[0.336s] Level 1:colcon.colcon_core.package_identification:_identify(bumperbot_ws/src/bumperbot_utils) by extension 'colcon_pkg'
[0.336s] Level 1:colcon.colcon_core.package_identification:_identify(bumperbot_ws/src/bumperbot_utils) by extensions ['colcon_meta']
[0.336s] Level 1:colcon.colcon_core.package_identification:_identify(bumperbot_ws/src/bumperbot_utils) by extension 'colcon_meta'
[0.336s] Level 1:colcon.colcon_core.package_identification:_identify(bumperbot_ws/src/bumperbot_utils) by extensions ['ros']
[0.336s] Level 1:colcon.colcon_core.package_identification:_identify(bumperbot_ws/src/bumperbot_utils) by extension 'ros'
[0.337s] DEBUG:colcon.colcon_core.package_identification:Package 'bumperbot_ws/src/bumperbot_utils' with type 'ros.ament_cmake' and name 'bumperbot_utils'
[0.338s] Level 1:colcon.colcon_core.package_identification:_identify(bumperbot_ws/src/install) by extensions ['ignore', 'ignore_ament_install']
[0.338s] Level 1:colcon.colcon_core.package_identification:_identify(bumperbot_ws/src/install) by extension 'ignore'
[0.338s] Level 1:colcon.colcon_core.package_identification:_identify(bumperbot_ws/src/install) ignored
[0.338s] Level 1:colcon.colcon_core.package_identification:_identify(bumperbot_ws/src/log) by extensions ['ignore', 'ignore_ament_install']
[0.338s] Level 1:colcon.colcon_core.package_identification:_identify(bumperbot_ws/src/log) by extension 'ignore'
[0.338s] Level 1:colcon.colcon_core.package_identification:_identify(bumperbot_ws/src/log) ignored
[0.338s] Level 1:colcon.colcon_core.package_identification:_identify(install) by extensions ['ignore', 'ignore_ament_install']
[0.338s] Level 1:colcon.colcon_core.package_identification:_identify(install) by extension 'ignore'
[0.338s] Level 1:colcon.colcon_core.package_identification:_identify(install) ignored
[0.338s] Level 1:colcon.colcon_core.package_identification:_identify(log) by extensions ['ignore', 'ignore_ament_install']
[0.338s] Level 1:colcon.colcon_core.package_identification:_identify(log) by extension 'ignore'
[0.338s] Level 1:colcon.colcon_core.package_identification:_identify(log) ignored
[0.338s] Level 1:colcon.colcon_core.package_discovery:discover_packages(recursive) using defaults
[0.338s] Level 1:colcon.colcon_core.package_discovery:discover_packages(ignore) discover
[0.338s] Level 1:colcon.colcon_core.package_discovery:discover_packages(ignore) using defaults
[0.338s] Level 1:colcon.colcon_core.package_discovery:discover_packages(path) discover
[0.339s] Level 1:colcon.colcon_core.package_discovery:discover_packages(path) using defaults
[0.363s] Level 1:colcon.colcon_core.package_discovery:discover_packages(prefix_path) check parameters
[0.363s] Level 1:colcon.colcon_core.package_discovery:discover_packages(prefix_path) discover
[0.366s] DEBUG:colcon.colcon_installed_package_information.package_discovery:Found 329 installed packages in /opt/ros/humble
[0.388s] Level 1:colcon.colcon_core.package_discovery:discover_packages(prefix_path) using defaults
[0.422s] Level 5:colcon.colcon_core.verb:set package 'bumperbot_controller' build argument 'cmake_args' from command line to 'None'
[0.422s] Level 5:colcon.colcon_core.verb:set package 'bumperbot_controller' build argument 'cmake_target' from command line to 'None'
[0.422s] Level 5:colcon.colcon_core.verb:set package 'bumperbot_controller' build argument 'cmake_target_skip_unavailable' from command line to 'False'
[0.422s] Level 5:colcon.colcon_core.verb:set package 'bumperbot_controller' build argument 'cmake_clean_cache' from command line to 'False'
[0.422s] Level 5:colcon.colcon_core.verb:set package 'bumperbot_controller' build argument 'cmake_clean_first' from command line to 'False'
[0.422s] Level 5:colcon.colcon_core.verb:set package 'bumperbot_controller' build argument 'cmake_force_configure' from command line to 'False'
[0.422s] Level 5:colcon.colcon_core.verb:set package 'bumperbot_controller' build argument 'ament_cmake_args' from command line to 'None'
[0.422s] Level 5:colcon.colcon_core.verb:set package 'bumperbot_controller' build argument 'catkin_cmake_args' from command line to 'None'
[0.422s] Level 5:colcon.colcon_core.verb:set package 'bumperbot_controller' build argument 'catkin_skip_building_tests' from command line to 'False'
[0.422s] DEBUG:colcon.colcon_core.verb:Building package 'bumperbot_controller' with the following arguments: {'ament_cmake_args': None, 'build_base': '/root/AGV/build/bumperbot_controller', 'catkin_cmake_args': None, 'catkin_skip_building_tests': False, 'cmake_args': None, 'cmake_clean_cache': False, 'cmake_clean_first': False, 'cmake_force_configure': False, 'cmake_target': None, 'cmake_target_skip_unavailable': False, 'install_base': '/root/AGV/install/bumperbot_controller', 'merge_install': False, 'path': '/root/AGV/bumperbot_ws/src/bumperbot_controller', 'symlink_install': False, 'test_result_base': None}
[0.423s] Level 5:colcon.colcon_core.verb:set package 'bumperbot_cpp_examples' build argument 'cmake_args' from command line to 'None'
[0.423s] Level 5:colcon.colcon_core.verb:set package 'bumperbot_cpp_examples' build argument 'cmake_target' from command line to 'None'
[0.423s] Level 5:colcon.colcon_core.verb:set package 'bumperbot_cpp_examples' build argument 'cmake_target_skip_unavailable' from command line to 'False'
[0.423s] Level 5:colcon.colcon_core.verb:set package 'bumperbot_cpp_examples' build argument 'cmake_clean_cache' from command line to 'False'
[0.423s] Level 5:colcon.colcon_core.verb:set package 'bumperbot_cpp_examples' build argument 'cmake_clean_first' from command line to 'False'
[0.423s] Level 5:colcon.colcon_core.verb:set package 'bumperbot_cpp_examples' build argument 'cmake_force_configure' from command line to 'False'
[0.423s] Level 5:colcon.colcon_core.verb:set package 'bumperbot_cpp_examples' build argument 'ament_cmake_args' from command line to 'None'
[0.423s] Level 5:colcon.colcon_core.verb:set package 'bumperbot_cpp_examples' build argument 'catkin_cmake_args' from command line to 'None'
[0.423s] Level 5:colcon.colcon_core.verb:set package 'bumperbot_cpp_examples' build argument 'catkin_skip_building_tests' from command line to 'False'
[0.423s] DEBUG:colcon.colcon_core.verb:Building package 'bumperbot_cpp_examples' with the following arguments: {'ament_cmake_args': None, 'build_base': '/root/AGV/build/bumperbot_cpp_examples', 'catkin_cmake_args': None, 'catkin_skip_building_tests': False, 'cmake_args': None, 'cmake_clean_cache': False, 'cmake_clean_first': False, 'cmake_force_configure': False, 'cmake_target': None, 'cmake_target_skip_unavailable': False, 'install_base': '/root/AGV/install/bumperbot_cpp_examples', 'merge_install': False, 'path': '/root/AGV/bumperbot_ws/src/bumperbot_cpp_examples', 'symlink_install': False, 'test_result_base': None}
[0.423s] Level 5:colcon.colcon_core.verb:set package 'bumperbot_description' build argument 'cmake_args' from command line to 'None'
[0.423s] Level 5:colcon.colcon_core.verb:set package 'bumperbot_description' build argument 'cmake_target' from command line to 'None'
[0.423s] Level 5:colcon.colcon_core.verb:set package 'bumperbot_description' build argument 'cmake_target_skip_unavailable' from command line to 'False'
[0.423s] Level 5:colcon.colcon_core.verb:set package 'bumperbot_description' build argument 'cmake_clean_cache' from command line to 'False'
[0.423s] Level 5:colcon.colcon_core.verb:set package 'bumperbot_description' build argument 'cmake_clean_first' from command line to 'False'
[0.423s] Level 5:colcon.colcon_core.verb:set package 'bumperbot_description' build argument 'cmake_force_configure' from command line to 'False'
[0.423s] Level 5:colcon.colcon_core.verb:set package 'bumperbot_description' build argument 'ament_cmake_args' from command line to 'None'
[0.423s] Level 5:colcon.colcon_core.verb:set package 'bumperbot_description' build argument 'catkin_cmake_args' from command line to 'None'
[0.423s] Level 5:colcon.colcon_core.verb:set package 'bumperbot_description' build argument 'catkin_skip_building_tests' from command line to 'False'
[0.423s] DEBUG:colcon.colcon_core.verb:Building package 'bumperbot_description' with the following arguments: {'ament_cmake_args': None, 'build_base': '/root/AGV/build/bumperbot_description', 'catkin_cmake_args': None, 'catkin_skip_building_tests': False, 'cmake_args': None, 'cmake_clean_cache': False, 'cmake_clean_first': False, 'cmake_force_configure': False, 'cmake_target': None, 'cmake_target_skip_unavailable': False, 'install_base': '/root/AGV/install/bumperbot_description', 'merge_install': False, 'path': '/root/AGV/bumperbot_ws/src/bumperbot_description', 'symlink_install': False, 'test_result_base': None}
[0.423s] Level 5:colcon.colcon_core.verb:set package 'bumperbot_firmware' build argument 'cmake_args' from command line to 'None'
[0.423s] Level 5:colcon.colcon_core.verb:set package 'bumperbot_firmware' build argument 'cmake_target' from command line to 'None'
[0.423s] Level 5:colcon.colcon_core.verb:set package 'bumperbot_firmware' build argument 'cmake_target_skip_unavailable' from command line to 'False'
[0.424s] Level 5:colcon.colcon_core.verb:set package 'bumperbot_firmware' build argument 'cmake_clean_cache' from command line to 'False'
[0.424s] Level 5:colcon.colcon_core.verb:set package 'bumperbot_firmware' build argument 'cmake_clean_first' from command line to 'False'
[0.424s] Level 5:colcon.colcon_core.verb:set package 'bumperbot_firmware' build argument 'cmake_force_configure' from command line to 'False'
[0.424s] Level 5:colcon.colcon_core.verb:set package 'bumperbot_firmware' build argument 'ament_cmake_args' from command line to 'None'
[0.424s] Level 5:colcon.colcon_core.verb:set package 'bumperbot_firmware' build argument 'catkin_cmake_args' from command line to 'None'
[0.424s] Level 5:colcon.colcon_core.verb:set package 'bumperbot_firmware' build argument 'catkin_skip_building_tests' from command line to 'False'
[0.424s] DEBUG:colcon.colcon_core.verb:Building package 'bumperbot_firmware' with the following arguments: {'ament_cmake_args': None, 'build_base': '/root/AGV/build/bumperbot_firmware', 'catkin_cmake_args': None, 'catkin_skip_building_tests': False, 'cmake_args': None, 'cmake_clean_cache': False, 'cmake_clean_first': False, 'cmake_force_configure': False, 'cmake_target': None, 'cmake_target_skip_unavailable': False, 'install_base': '/root/AGV/install/bumperbot_firmware', 'merge_install': False, 'path': '/root/AGV/bumperbot_ws/src/bumperbot_firmware', 'symlink_install': False, 'test_result_base': None}
[0.424s] Level 5:colcon.colcon_core.verb:set package 'bumperbot_localization' build argument 'cmake_args' from command line to 'None'
[0.424s] Level 5:colcon.colcon_core.verb:set package 'bumperbot_localization' build argument 'cmake_target' from command line to 'None'
[0.424s] Level 5:colcon.colcon_core.verb:set package 'bumperbot_localization' build argument 'cmake_target_skip_unavailable' from command line to 'False'
[0.424s] Level 5:colcon.colcon_core.verb:set package 'bumperbot_localization' build argument 'cmake_clean_cache' from command line to 'False'
[0.424s] Level 5:colcon.colcon_core.verb:set package 'bumperbot_localization' build argument 'cmake_clean_first' from command line to 'False'
[0.424s] Level 5:colcon.colcon_core.verb:set package 'bumperbot_localization' build argument 'cmake_force_configure' from command line to 'False'
[0.424s] Level 5:colcon.colcon_core.verb:set package 'bumperbot_localization' build argument 'ament_cmake_args' from command line to 'None'
[0.424s] Level 5:colcon.colcon_core.verb:set package 'bumperbot_localization' build argument 'catkin_cmake_args' from command line to 'None'
[0.424s] Level 5:colcon.colcon_core.verb:set package 'bumperbot_localization' build argument 'catkin_skip_building_tests' from command line to 'False'
[0.424s] DEBUG:colcon.colcon_core.verb:Building package 'bumperbot_localization' with the following arguments: {'ament_cmake_args': None, 'build_base': '/root/AGV/build/bumperbot_localization', 'catkin_cmake_args': None, 'catkin_skip_building_tests': False, 'cmake_args': None, 'cmake_clean_cache': False, 'cmake_clean_first': False, 'cmake_force_configure': False, 'cmake_target': None, 'cmake_target_skip_unavailable': False, 'install_base': '/root/AGV/install/bumperbot_localization', 'merge_install': False, 'path': '/root/AGV/bumperbot_ws/src/bumperbot_localization', 'symlink_install': False, 'test_result_base': None}
[0.424s] Level 5:colcon.colcon_core.verb:set package 'bumperbot_mapping' build argument 'cmake_args' from command line to 'None'
[0.424s] Level 5:colcon.colcon_core.verb:set package 'bumperbot_mapping' build argument 'cmake_target' from command line to 'None'
[0.424s] Level 5:colcon.colcon_core.verb:set package 'bumperbot_mapping' build argument 'cmake_target_skip_unavailable' from command line to 'False'
[0.424s] Level 5:colcon.colcon_core.verb:set package 'bumperbot_mapping' build argument 'cmake_clean_cache' from command line to 'False'
[0.424s] Level 5:colcon.colcon_core.verb:set package 'bumperbot_mapping' build argument 'cmake_clean_first' from command line to 'False'
[0.424s] Level 5:colcon.colcon_core.verb:set package 'bumperbot_mapping' build argument 'cmake_force_configure' from command line to 'False'
[0.424s] Level 5:colcon.colcon_core.verb:set package 'bumperbot_mapping' build argument 'ament_cmake_args' from command line to 'None'
[0.424s] Level 5:colcon.colcon_core.verb:set package 'bumperbot_mapping' build argument 'catkin_cmake_args' from command line to 'None'
[0.424s] Level 5:colcon.colcon_core.verb:set package 'bumperbot_mapping' build argument 'catkin_skip_building_tests' from command line to 'False'
[0.424s] DEBUG:colcon.colcon_core.verb:Building package 'bumperbot_mapping' with the following arguments: {'ament_cmake_args': None, 'build_base': '/root/AGV/build/bumperbot_mapping', 'catkin_cmake_args': None, 'catkin_skip_building_tests': False, 'cmake_args': None, 'cmake_clean_cache': False, 'cmake_clean_first': False, 'cmake_force_configure': False, 'cmake_target': None, 'cmake_target_skip_unavailable': False, 'install_base': '/root/AGV/install/bumperbot_mapping', 'merge_install': False, 'path': '/root/AGV/bumperbot_ws/src/bumperbot_mapping', 'symlink_install': False, 'test_result_base': None}
[0.425s] Level 5:colcon.colcon_core.verb:set package 'bumperbot_py_examples' build argument 'cmake_args' from command line to 'None'
[0.425s] Level 5:colcon.colcon_core.verb:set package 'bumperbot_py_examples' build argument 'cmake_target' from command line to 'None'
[0.425s] Level 5:colcon.colcon_core.verb:set package 'bumperbot_py_examples' build argument 'cmake_target_skip_unavailable' from command line to 'False'
[0.425s] Level 5:colcon.colcon_core.verb:set package 'bumperbot_py_examples' build argument 'cmake_clean_cache' from command line to 'False'
[0.425s] Level 5:colcon.colcon_core.verb:set package 'bumperbot_py_examples' build argument 'cmake_clean_first' from command line to 'False'
[0.425s] Level 5:colcon.colcon_core.verb:set package 'bumperbot_py_examples' build argument 'cmake_force_configure' from command line to 'False'
[0.425s] Level 5:colcon.colcon_core.verb:set package 'bumperbot_py_examples' build argument 'ament_cmake_args' from command line to 'None'
[0.425s] Level 5:colcon.colcon_core.verb:set package 'bumperbot_py_examples' build argument 'catkin_cmake_args' from command line to 'None'
[0.425s] Level 5:colcon.colcon_core.verb:set package 'bumperbot_py_examples' build argument 'catkin_skip_building_tests' from command line to 'False'
[0.425s] DEBUG:colcon.colcon_core.verb:Building package 'bumperbot_py_examples' with the following arguments: {'ament_cmake_args': None, 'build_base': '/root/AGV/build/bumperbot_py_examples', 'catkin_cmake_args': None, 'catkin_skip_building_tests': False, 'cmake_args': None, 'cmake_clean_cache': False, 'cmake_clean_first': False, 'cmake_force_configure': False, 'cmake_target': None, 'cmake_target_skip_unavailable': False, 'install_base': '/root/AGV/install/bumperbot_py_examples', 'merge_install': False, 'path': '/root/AGV/bumperbot_ws/src/bumperbot_py_examples', 'symlink_install': False, 'test_result_base': None}
[0.425s] Level 5:colcon.colcon_core.verb:set package 'bumperbot_utils' build argument 'cmake_args' from command line to 'None'
[0.425s] Level 5:colcon.colcon_core.verb:set package 'bumperbot_utils' build argument 'cmake_target' from command line to 'None'
[0.425s] Level 5:colcon.colcon_core.verb:set package 'bumperbot_utils' build argument 'cmake_target_skip_unavailable' from command line to 'False'
[0.425s] Level 5:colcon.colcon_core.verb:set package 'bumperbot_utils' build argument 'cmake_clean_cache' from command line to 'False'
[0.425s] Level 5:colcon.colcon_core.verb:set package 'bumperbot_utils' build argument 'cmake_clean_first' from command line to 'False'
[0.425s] Level 5:colcon.colcon_core.verb:set package 'bumperbot_utils' build argument 'cmake_force_configure' from command line to 'False'
[0.425s] Level 5:colcon.colcon_core.verb:set package 'bumperbot_utils' build argument 'ament_cmake_args' from command line to 'None'
[0.425s] Level 5:colcon.colcon_core.verb:set package 'bumperbot_utils' build argument 'catkin_cmake_args' from command line to 'None'
[0.425s] Level 5:colcon.colcon_core.verb:set package 'bumperbot_utils' build argument 'catkin_skip_building_tests' from command line to 'False'
[0.425s] DEBUG:colcon.colcon_core.verb:Building package 'bumperbot_utils' with the following arguments: {'ament_cmake_args': None, 'build_base': '/root/AGV/build/bumperbot_utils', 'catkin_cmake_args': None, 'catkin_skip_building_tests': False, 'cmake_args': None, 'cmake_clean_cache': False, 'cmake_clean_first': False, 'cmake_force_configure': False, 'cmake_target': None, 'cmake_target_skip_unavailable': False, 'install_base': '/root/AGV/install/bumperbot_utils', 'merge_install': False, 'path': '/root/AGV/bumperbot_ws/src/bumperbot_utils', 'symlink_install': False, 'test_result_base': None}
[0.425s] INFO:colcon.colcon_core.executor:Executing jobs using 'parallel' executor
[0.426s] DEBUG:colcon.colcon_parallel_executor.executor.parallel:run_until_complete
[0.427s] INFO:colcon.colcon_ros.task.ament_cmake.build:Building ROS package in '/root/AGV/bumperbot_ws/src/bumperbot_controller' with build type 'ament_cmake'
[0.428s] INFO:colcon.colcon_cmake.task.cmake.build:Building CMake package in '/root/AGV/bumperbot_ws/src/bumperbot_controller'
[0.431s] INFO:colcon.colcon_core.plugin_system:Skipping extension 'colcon_core.shell.bat': Not used on non-Windows systems
[0.431s] INFO:colcon.colcon_core.shell:Skip shell extension 'powershell' for command environment: Not usable outside of PowerShell
[0.432s] DEBUG:colcon.colcon_core.shell:Skip shell extension 'dsv' for command environment
[0.437s] INFO:colcon.colcon_ros.task.ament_cmake.build:Building ROS package in '/root/AGV/bumperbot_ws/src/bumperbot_cpp_examples' with build type 'ament_cmake'
[0.438s] INFO:colcon.colcon_cmake.task.cmake.build:Building CMake package in '/root/AGV/bumperbot_ws/src/bumperbot_cpp_examples'
[0.440s] INFO:colcon.colcon_core.shell:Skip shell extension 'powershell' for command environment: Not usable outside of PowerShell
[0.440s] DEBUG:colcon.colcon_core.shell:Skip shell extension 'dsv' for command environment
[0.445s] INFO:colcon.colcon_ros.task.ament_cmake.build:Building ROS package in '/root/AGV/bumperbot_ws/src/bumperbot_description' with build type 'ament_cmake'
[0.445s] INFO:colcon.colcon_cmake.task.cmake.build:Building CMake package in '/root/AGV/bumperbot_ws/src/bumperbot_description'
[0.446s] INFO:colcon.colcon_core.shell:Skip shell extension 'powershell' for command environment: Not usable outside of PowerShell
[0.447s] DEBUG:colcon.colcon_core.shell:Skip shell extension 'dsv' for command environment
[0.449s] INFO:colcon.colcon_ros.task.ament_cmake.build:Building ROS package in '/root/AGV/bumperbot_ws/src/bumperbot_firmware' with build type 'ament_cmake'
[0.449s] INFO:colcon.colcon_cmake.task.cmake.build:Building CMake package in '/root/AGV/bumperbot_ws/src/bumperbot_firmware'
[0.450s] INFO:colcon.colcon_core.shell:Skip shell extension 'powershell' for command environment: Not usable outside of PowerShell
[0.450s] DEBUG:colcon.colcon_core.shell:Skip shell extension 'dsv' for command environment
[0.452s] INFO:colcon.colcon_ros.task.ament_cmake.build:Building ROS package in '/root/AGV/bumperbot_ws/src/bumperbot_localization' with build type 'ament_cmake'
[0.452s] INFO:colcon.colcon_cmake.task.cmake.build:Building CMake package in '/root/AGV/bumperbot_ws/src/bumperbot_localization'
[0.453s] INFO:colcon.colcon_core.shell:Skip shell extension 'powershell' for command environment: Not usable outside of PowerShell
[0.453s] DEBUG:colcon.colcon_core.shell:Skip shell extension 'dsv' for command environment
[0.455s] INFO:colcon.colcon_ros.task.ament_cmake.build:Building ROS package in '/root/AGV/bumperbot_ws/src/bumperbot_mapping' with build type 'ament_cmake'
[0.456s] INFO:colcon.colcon_cmake.task.cmake.build:Building CMake package in '/root/AGV/bumperbot_ws/src/bumperbot_mapping'
[0.456s] INFO:colcon.colcon_core.shell:Skip shell extension 'powershell' for command environment: Not usable outside of PowerShell
[0.456s] DEBUG:colcon.colcon_core.shell:Skip shell extension 'dsv' for command environment
[0.459s] INFO:colcon.colcon_ros.task.ament_python.build:Building ROS package in '/root/AGV/bumperbot_ws/src/bumperbot_py_examples' with build type 'ament_python'
[0.460s] Level 1:colcon.colcon_core.shell:create_environment_hook('bumperbot_py_examples', 'ament_prefix_path')
[0.460s] INFO:colcon.colcon_core.shell:Creating environment hook '/root/AGV/install/bumperbot_py_examples/share/bumperbot_py_examples/hook/ament_prefix_path.ps1'
[0.461s] INFO:colcon.colcon_core.shell:Creating environment descriptor '/root/AGV/install/bumperbot_py_examples/share/bumperbot_py_examples/hook/ament_prefix_path.dsv'
[0.462s] INFO:colcon.colcon_core.shell:Creating environment hook '/root/AGV/install/bumperbot_py_examples/share/bumperbot_py_examples/hook/ament_prefix_path.sh'
[0.463s] INFO:colcon.colcon_core.shell:Skip shell extension 'powershell' for command environment: Not usable outside of PowerShell
[0.463s] DEBUG:colcon.colcon_core.shell:Skip shell extension 'dsv' for command environment
[0.467s] INFO:colcon.colcon_ros.task.ament_cmake.build:Building ROS package in '/root/AGV/bumperbot_ws/src/bumperbot_utils' with build type 'ament_cmake'
[0.468s] INFO:colcon.colcon_cmake.task.cmake.build:Building CMake package in '/root/AGV/bumperbot_ws/src/bumperbot_utils'
[0.468s] INFO:colcon.colcon_core.shell:Skip shell extension 'powershell' for command environment: Not usable outside of PowerShell
[0.468s] DEBUG:colcon.colcon_core.shell:Skip shell extension 'dsv' for command environment
[0.480s] DEBUG:colcon.colcon_core.event_handler.log_command:Invoking command in '/root/AGV/build/bumperbot_controller': CMAKE_PREFIX_PATH=/opt/ros/humble /usr/bin/cmake --build /root/AGV/build/bumperbot_controller -- -j8 -l8
[0.484s] DEBUG:colcon.colcon_core.event_handler.log_command:Invoking command in '/root/AGV/build/bumperbot_cpp_examples': CMAKE_PREFIX_PATH=/opt/ros/humble /usr/bin/cmake --build /root/AGV/build/bumperbot_cpp_examples -- -j8 -l8
[0.490s] DEBUG:colcon.colcon_core.event_handler.log_command:Invoking command in '/root/AGV/build/bumperbot_description': CMAKE_PREFIX_PATH=/opt/ros/humble /usr/bin/cmake --build /root/AGV/build/bumperbot_description -- -j8 -l8
[0.501s] DEBUG:colcon.colcon_core.event_handler.log_command:Invoking command in '/root/AGV/build/bumperbot_firmware': CMAKE_PREFIX_PATH=/opt/ros/humble /usr/bin/cmake --build /root/AGV/build/bumperbot_firmware -- -j8 -l8
[0.523s] DEBUG:colcon.colcon_core.event_handler.log_command:Invoking command in '/root/AGV/build/bumperbot_localization': CMAKE_PREFIX_PATH=/opt/ros/humble /usr/bin/cmake --build /root/AGV/build/bumperbot_localization -- -j8 -l8
[0.535s] DEBUG:colcon.colcon_core.event_handler.log_command:Invoking command in '/root/AGV/build/bumperbot_mapping': CMAKE_PREFIX_PATH=/opt/ros/humble /usr/bin/cmake --build /root/AGV/build/bumperbot_mapping -- -j8 -l8
[0.988s] INFO:colcon.colcon_core.task.python.build:Building Python package in '/root/AGV/bumperbot_ws/src/bumperbot_py_examples'
[0.989s] INFO:colcon.colcon_core.shell:Skip shell extension 'powershell' for command environment: Not usable outside of PowerShell
[0.989s] DEBUG:colcon.colcon_core.shell:Skip shell extension 'dsv' for command environment
[1.031s] DEBUG:colcon.colcon_core.event_handler.log_command:Invoking command in '/root/AGV/build/bumperbot_utils': CMAKE_PREFIX_PATH=/opt/ros/humble /usr/bin/cmake --build /root/AGV/build/bumperbot_utils -- -j8 -l8
[1.032s] DEBUG:colcon.colcon_core.event_handler.log_command:Invoked command in '/root/AGV/build/bumperbot_description' returned '0': CMAKE_PREFIX_PATH=/opt/ros/humble /usr/bin/cmake --build /root/AGV/build/bumperbot_description -- -j8 -l8
[1.032s] DEBUG:colcon.colcon_core.event_handler.log_command:Invoked command in '/root/AGV/build/bumperbot_cpp_examples' returned '0': CMAKE_PREFIX_PATH=/opt/ros/humble /usr/bin/cmake --build /root/AGV/build/bumperbot_cpp_examples -- -j8 -l8
[1.036s] DEBUG:colcon.colcon_core.event_handler.log_command:Invoked command in '/root/AGV/build/bumperbot_mapping' returned '0': CMAKE_PREFIX_PATH=/opt/ros/humble /usr/bin/cmake --build /root/AGV/build/bumperbot_mapping -- -j8 -l8
[1.110s] DEBUG:colcon.colcon_core.event_handler.log_command:Invoking command in '/root/AGV/build/bumperbot_cpp_examples': CMAKE_PREFIX_PATH=/opt/ros/humble /usr/bin/cmake --install /root/AGV/build/bumperbot_cpp_examples
[1.118s] DEBUG:colcon.colcon_core.event_handler.log_command:Invoking command in '/root/AGV/build/bumperbot_description': CMAKE_PREFIX_PATH=/opt/ros/humble /usr/bin/cmake --install /root/AGV/build/bumperbot_description
[1.156s] DEBUG:colcon.colcon_core.event_handler.log_command:Invoking command in '/root/AGV/build/bumperbot_mapping': CMAKE_PREFIX_PATH=/opt/ros/humble /usr/bin/cmake --install /root/AGV/build/bumperbot_mapping
[1.158s] Level 1:colcon.colcon_core.environment:create_environment_scripts_only(bumperbot_cpp_examples)
[1.163s] DEBUG:colcon.colcon_core.event_handler.log_command:Invoked command in '/root/AGV/build/bumperbot_cpp_examples' returned '0': CMAKE_PREFIX_PATH=/opt/ros/humble /usr/bin/cmake --install /root/AGV/build/bumperbot_cpp_examples
[1.194s] Level 1:colcon.colcon_core.environment:checking '/root/AGV/install/bumperbot_cpp_examples' for CMake module files
[1.209s] Level 1:colcon.colcon_core.environment:checking '/root/AGV/install/bumperbot_cpp_examples' for CMake config files
[1.209s] Level 1:colcon.colcon_core.shell:create_environment_hook('bumperbot_cpp_examples', 'cmake_prefix_path')
[1.210s] INFO:colcon.colcon_core.shell:Creating environment hook '/root/AGV/install/bumperbot_cpp_examples/share/bumperbot_cpp_examples/hook/cmake_prefix_path.ps1'
[1.211s] INFO:colcon.colcon_core.shell:Creating environment descriptor '/root/AGV/install/bumperbot_cpp_examples/share/bumperbot_cpp_examples/hook/cmake_prefix_path.dsv'
[1.221s] INFO:colcon.colcon_core.shell:Creating environment hook '/root/AGV/install/bumperbot_cpp_examples/share/bumperbot_cpp_examples/hook/cmake_prefix_path.sh'
[1.225s] Level 1:colcon.colcon_core.environment:checking '/root/AGV/install/bumperbot_cpp_examples/bin'
[1.226s] Level 1:colcon.colcon_core.environment:checking '/root/AGV/install/bumperbot_cpp_examples/lib/pkgconfig/bumperbot_cpp_examples.pc'
[1.226s] Level 1:colcon.colcon_core.environment:checking '/root/AGV/install/bumperbot_cpp_examples/lib/python3.10/site-packages'
[1.227s] Level 1:colcon.colcon_core.environment:checking '/root/AGV/install/bumperbot_cpp_examples/bin'
[1.228s] INFO:colcon.colcon_core.shell:Creating package script '/root/AGV/install/bumperbot_cpp_examples/share/bumperbot_cpp_examples/package.ps1'
[1.230s] INFO:colcon.colcon_core.shell:Creating package descriptor '/root/AGV/install/bumperbot_cpp_examples/share/bumperbot_cpp_examples/package.dsv'
[1.234s] INFO:colcon.colcon_core.shell:Creating package script '/root/AGV/install/bumperbot_cpp_examples/share/bumperbot_cpp_examples/package.sh'
[1.237s] INFO:colcon.colcon_core.shell:Creating package script '/root/AGV/install/bumperbot_cpp_examples/share/bumperbot_cpp_examples/package.bash'
[1.240s] INFO:colcon.colcon_core.shell:Creating package script '/root/AGV/install/bumperbot_cpp_examples/share/bumperbot_cpp_examples/package.zsh'
[1.246s] Level 1:colcon.colcon_core.environment:create_file_with_runtime_dependencies(/root/AGV/install/bumperbot_cpp_examples/share/colcon-core/packages/bumperbot_cpp_examples)
[1.258s] Level 1:colcon.colcon_core.environment:create_environment_scripts_only(bumperbot_mapping)
[1.259s] Level 1:colcon.colcon_core.environment:checking '/root/AGV/install/bumperbot_mapping' for CMake module files
[1.261s] Level 1:colcon.colcon_core.environment:checking '/root/AGV/install/bumperbot_mapping' for CMake config files
[1.266s] Level 1:colcon.colcon_core.shell:create_environment_hook('bumperbot_mapping', 'cmake_prefix_path')
[1.269s] INFO:colcon.colcon_core.shell:Creating environment hook '/root/AGV/install/bumperbot_mapping/share/bumperbot_mapping/hook/cmake_prefix_path.ps1'
[1.273s] INFO:colcon.colcon_core.shell:Creating environment descriptor '/root/AGV/install/bumperbot_mapping/share/bumperbot_mapping/hook/cmake_prefix_path.dsv'
[1.274s] INFO:colcon.colcon_core.shell:Creating environment hook '/root/AGV/install/bumperbot_mapping/share/bumperbot_mapping/hook/cmake_prefix_path.sh'
[1.285s] Level 1:colcon.colcon_core.environment:checking '/root/AGV/install/bumperbot_mapping/bin'
[1.286s] Level 1:colcon.colcon_core.environment:checking '/root/AGV/install/bumperbot_mapping/lib/pkgconfig/bumperbot_mapping.pc'
[1.286s] Level 1:colcon.colcon_core.environment:checking '/root/AGV/install/bumperbot_mapping/lib/python3.10/site-packages'
[1.287s] Level 1:colcon.colcon_core.environment:checking '/root/AGV/install/bumperbot_mapping/bin'
[1.288s] INFO:colcon.colcon_core.shell:Creating package script '/root/AGV/install/bumperbot_mapping/share/bumperbot_mapping/package.ps1'
[1.292s] INFO:colcon.colcon_core.shell:Creating package descriptor '/root/AGV/install/bumperbot_mapping/share/bumperbot_mapping/package.dsv'
[1.297s] INFO:colcon.colcon_core.shell:Creating package script '/root/AGV/install/bumperbot_mapping/share/bumperbot_mapping/package.sh'
[1.301s] INFO:colcon.colcon_core.shell:Creating package script '/root/AGV/install/bumperbot_mapping/share/bumperbot_mapping/package.bash'
[1.306s] INFO:colcon.colcon_core.shell:Creating package script '/root/AGV/install/bumperbot_mapping/share/bumperbot_mapping/package.zsh'
[1.312s] Level 1:colcon.colcon_core.environment:create_file_with_runtime_dependencies(/root/AGV/install/bumperbot_mapping/share/colcon-core/packages/bumperbot_mapping)
[1.363s] Level 1:colcon.colcon_core.environment:create_environment_scripts_only(bumperbot_description)
[1.366s] Level 1:colcon.colcon_core.environment:checking '/root/AGV/install/bumperbot_description' for CMake module files
[1.368s] Level 1:colcon.colcon_core.environment:checking '/root/AGV/install/bumperbot_description' for CMake config files
[1.368s] Level 1:colcon.colcon_core.shell:create_environment_hook('bumperbot_description', 'cmake_prefix_path')
[1.369s] INFO:colcon.colcon_core.shell:Creating environment hook '/root/AGV/install/bumperbot_description/share/bumperbot_description/hook/cmake_prefix_path.ps1'
[1.373s] INFO:colcon.colcon_core.shell:Creating environment descriptor '/root/AGV/install/bumperbot_description/share/bumperbot_description/hook/cmake_prefix_path.dsv'
[1.374s] INFO:colcon.colcon_core.shell:Creating environment hook '/root/AGV/install/bumperbot_description/share/bumperbot_description/hook/cmake_prefix_path.sh'
[1.375s] Level 1:colcon.colcon_core.environment:checking '/root/AGV/install/bumperbot_description/bin'
[1.375s] Level 1:colcon.colcon_core.environment:checking '/root/AGV/install/bumperbot_description/lib/pkgconfig/bumperbot_description.pc'
[1.375s] Level 1:colcon.colcon_core.environment:checking '/root/AGV/install/bumperbot_description/lib/python3.10/site-packages'
[1.375s] Level 1:colcon.colcon_core.environment:checking '/root/AGV/install/bumperbot_description/bin'
[1.376s] INFO:colcon.colcon_core.shell:Creating package script '/root/AGV/install/bumperbot_description/share/bumperbot_description/package.ps1'
[1.377s] INFO:colcon.colcon_core.shell:Creating package descriptor '/root/AGV/install/bumperbot_description/share/bumperbot_description/package.dsv'
[1.378s] INFO:colcon.colcon_core.shell:Creating package script '/root/AGV/install/bumperbot_description/share/bumperbot_description/package.sh'
[1.379s] INFO:colcon.colcon_core.shell:Creating package script '/root/AGV/install/bumperbot_description/share/bumperbot_description/package.bash'
[1.380s] INFO:colcon.colcon_core.shell:Creating package script '/root/AGV/install/bumperbot_description/share/bumperbot_description/package.zsh'
[1.381s] Level 1:colcon.colcon_core.environment:create_file_with_runtime_dependencies(/root/AGV/install/bumperbot_description/share/colcon-core/packages/bumperbot_description)
[1.406s] Level 1:colcon.colcon_core.environment:create_environment_scripts_only(bumperbot_cpp_examples)
[1.409s] Level 1:colcon.colcon_core.environment:checking '/root/AGV/install/bumperbot_cpp_examples' for CMake module files
[1.412s] Level 1:colcon.colcon_core.environment:checking '/root/AGV/install/bumperbot_cpp_examples' for CMake config files
[1.413s] Level 1:colcon.colcon_core.shell:create_environment_hook('bumperbot_cpp_examples', 'cmake_prefix_path')
[1.413s] INFO:colcon.colcon_core.shell:Creating environment hook '/root/AGV/install/bumperbot_cpp_examples/share/bumperbot_cpp_examples/hook/cmake_prefix_path.ps1'
[1.417s] INFO:colcon.colcon_core.shell:Creating environment descriptor '/root/AGV/install/bumperbot_cpp_examples/share/bumperbot_cpp_examples/hook/cmake_prefix_path.dsv'
[1.420s] INFO:colcon.colcon_core.shell:Creating environment hook '/root/AGV/install/bumperbot_cpp_examples/share/bumperbot_cpp_examples/hook/cmake_prefix_path.sh'
[1.424s] Level 1:colcon.colcon_core.environment:checking '/root/AGV/install/bumperbot_cpp_examples/bin'
[1.425s] Level 1:colcon.colcon_core.environment:checking '/root/AGV/install/bumperbot_cpp_examples/lib/pkgconfig/bumperbot_cpp_examples.pc'
[1.426s] Level 1:colcon.colcon_core.environment:checking '/root/AGV/install/bumperbot_cpp_examples/lib/python3.10/site-packages'
[1.426s] Level 1:colcon.colcon_core.environment:checking '/root/AGV/install/bumperbot_cpp_examples/bin'
[1.426s] INFO:colcon.colcon_core.shell:Creating package script '/root/AGV/install/bumperbot_cpp_examples/share/bumperbot_cpp_examples/package.ps1'
[1.428s] INFO:colcon.colcon_core.shell:Creating package descriptor '/root/AGV/install/bumperbot_cpp_examples/share/bumperbot_cpp_examples/package.dsv'
[1.432s] INFO:colcon.colcon_core.shell:Creating package script '/root/AGV/install/bumperbot_cpp_examples/share/bumperbot_cpp_examples/package.sh'
[1.440s] INFO:colcon.colcon_core.shell:Creating package script '/root/AGV/install/bumperbot_cpp_examples/share/bumperbot_cpp_examples/package.bash'
[1.441s] INFO:colcon.colcon_core.shell:Creating package script '/root/AGV/install/bumperbot_cpp_examples/share/bumperbot_cpp_examples/package.zsh'
[1.444s] Level 1:colcon.colcon_core.environment:create_file_with_runtime_dependencies(/root/AGV/install/bumperbot_cpp_examples/share/colcon-core/packages/bumperbot_cpp_examples)
[1.461s] Level 1:colcon.colcon_core.environment:create_environment_scripts_only(bumperbot_mapping)
[1.463s] Level 1:colcon.colcon_core.environment:checking '/root/AGV/install/bumperbot_mapping' for CMake module files
[1.465s] Level 1:colcon.colcon_core.environment:checking '/root/AGV/install/bumperbot_mapping' for CMake config files
[1.481s] Level 1:colcon.colcon_core.shell:create_environment_hook('bumperbot_mapping', 'cmake_prefix_path')
[1.481s] INFO:colcon.colcon_core.shell:Creating environment hook '/root/AGV/install/bumperbot_mapping/share/bumperbot_mapping/hook/cmake_prefix_path.ps1'
[1.485s] INFO:colcon.colcon_core.shell:Creating environment descriptor '/root/AGV/install/bumperbot_mapping/share/bumperbot_mapping/hook/cmake_prefix_path.dsv'
[1.488s] INFO:colcon.colcon_core.shell:Creating environment hook '/root/AGV/install/bumperbot_mapping/share/bumperbot_mapping/hook/cmake_prefix_path.sh'
[1.492s] Level 1:colcon.colcon_core.environment:checking '/root/AGV/install/bumperbot_mapping/bin'
[1.492s] Level 1:colcon.colcon_core.environment:checking '/root/AGV/install/bumperbot_mapping/lib/pkgconfig/bumperbot_mapping.pc'
[1.498s] Level 1:colcon.colcon_core.environment:checking '/root/AGV/install/bumperbot_mapping/lib/python3.10/site-packages'
[1.499s] Level 1:colcon.colcon_core.environment:checking '/root/AGV/install/bumperbot_mapping/bin'
[1.500s] INFO:colcon.colcon_core.shell:Creating package script '/root/AGV/install/bumperbot_mapping/share/bumperbot_mapping/package.ps1'
[1.505s] INFO:colcon.colcon_core.shell:Creating package descriptor '/root/AGV/install/bumperbot_mapping/share/bumperbot_mapping/package.dsv'
[1.507s] INFO:colcon.colcon_core.shell:Creating package script '/root/AGV/install/bumperbot_mapping/share/bumperbot_mapping/package.sh'
[1.511s] INFO:colcon.colcon_core.shell:Creating package script '/root/AGV/install/bumperbot_mapping/share/bumperbot_mapping/package.bash'
[1.515s] INFO:colcon.colcon_core.shell:Creating package script '/root/AGV/install/bumperbot_mapping/share/bumperbot_mapping/package.zsh'
[1.522s] Level 1:colcon.colcon_core.environment:create_file_with_runtime_dependencies(/root/AGV/install/bumperbot_mapping/share/colcon-core/packages/bumperbot_mapping)
[1.559s] DEBUG:colcon.colcon_core.event_handler.log_command:Invoked command in '/root/AGV/build/bumperbot_mapping' returned '0': CMAKE_PREFIX_PATH=/opt/ros/humble /usr/bin/cmake --install /root/AGV/build/bumperbot_mapping
[1.559s] DEBUG:colcon.colcon_core.event_handler.log_command:Invoked command in '/root/AGV/build/bumperbot_controller' returned '0': CMAKE_PREFIX_PATH=/opt/ros/humble /usr/bin/cmake --build /root/AGV/build/bumperbot_controller -- -j8 -l8
[1.561s] DEBUG:colcon.colcon_core.event_handler.log_command:Invoked command in '/root/AGV/build/bumperbot_localization' returned '0': CMAKE_PREFIX_PATH=/opt/ros/humble /usr/bin/cmake --build /root/AGV/build/bumperbot_localization -- -j8 -l8
[1.562s] DEBUG:colcon.colcon_core.event_handler.log_command:Invoked command in '/root/AGV/build/bumperbot_firmware' returned '0': CMAKE_PREFIX_PATH=/opt/ros/humble /usr/bin/cmake --build /root/AGV/build/bumperbot_firmware -- -j8 -l8
[1.562s] DEBUG:colcon.colcon_core.event_handler.log_command:Invoked command in '/root/AGV/build/bumperbot_description' returned '0': CMAKE_PREFIX_PATH=/opt/ros/humble /usr/bin/cmake --install /root/AGV/build/bumperbot_description
[1.563s] DEBUG:colcon.colcon_core.event_handler.log_command:Invoking command in '/root/AGV/build/bumperbot_controller': CMAKE_PREFIX_PATH=/opt/ros/humble /usr/bin/cmake --install /root/AGV/build/bumperbot_controller
[1.572s] DEBUG:colcon.colcon_core.event_handler.log_command:Invoking command in '/root/AGV/build/bumperbot_localization': CMAKE_PREFIX_PATH=/opt/ros/humble /usr/bin/cmake --install /root/AGV/build/bumperbot_localization
[1.574s] DEBUG:colcon.colcon_core.event_handler.log_command:Invoking command in '/root/AGV/build/bumperbot_firmware': CMAKE_PREFIX_PATH=/opt/ros/humble /usr/bin/cmake --install /root/AGV/build/bumperbot_firmware
[1.583s] Level 1:colcon.colcon_core.environment:create_environment_scripts_only(bumperbot_description)
[1.583s] Level 1:colcon.colcon_core.environment:checking '/root/AGV/install/bumperbot_description' for CMake module files
[1.607s] Level 1:colcon.colcon_core.environment:checking '/root/AGV/install/bumperbot_description' for CMake config files
[1.608s] Level 1:colcon.colcon_core.shell:create_environment_hook('bumperbot_description', 'cmake_prefix_path')
[1.609s] INFO:colcon.colcon_core.shell:Creating environment hook '/root/AGV/install/bumperbot_description/share/bumperbot_description/hook/cmake_prefix_path.ps1'
[1.614s] INFO:colcon.colcon_core.shell:Creating environment descriptor '/root/AGV/install/bumperbot_description/share/bumperbot_description/hook/cmake_prefix_path.dsv'
[1.620s] INFO:colcon.colcon_core.shell:Creating environment hook '/root/AGV/install/bumperbot_description/share/bumperbot_description/hook/cmake_prefix_path.sh'
[1.623s] Level 1:colcon.colcon_core.environment:checking '/root/AGV/install/bumperbot_description/bin'
[1.623s] Level 1:colcon.colcon_core.environment:checking '/root/AGV/install/bumperbot_description/lib/pkgconfig/bumperbot_description.pc'
[1.624s] Level 1:colcon.colcon_core.environment:checking '/root/AGV/install/bumperbot_description/lib/python3.10/site-packages'
[1.626s] Level 1:colcon.colcon_core.environment:checking '/root/AGV/install/bumperbot_description/bin'
[1.635s] INFO:colcon.colcon_core.shell:Creating package script '/root/AGV/install/bumperbot_description/share/bumperbot_description/package.ps1'
[1.638s] INFO:colcon.colcon_core.shell:Creating package descriptor '/root/AGV/install/bumperbot_description/share/bumperbot_description/package.dsv'
[1.638s] INFO:colcon.colcon_core.shell:Creating package script '/root/AGV/install/bumperbot_description/share/bumperbot_description/package.sh'
[1.639s] INFO:colcon.colcon_core.shell:Creating package script '/root/AGV/install/bumperbot_description/share/bumperbot_description/package.bash'
[1.640s] INFO:colcon.colcon_core.shell:Creating package script '/root/AGV/install/bumperbot_description/share/bumperbot_description/package.zsh'
[1.640s] Level 1:colcon.colcon_core.environment:create_file_with_runtime_dependencies(/root/AGV/install/bumperbot_description/share/colcon-core/packages/bumperbot_description)
[1.642s] Level 1:colcon.colcon_core.environment:create_environment_scripts_only(bumperbot_controller)
[1.643s] Level 1:colcon.colcon_core.environment:checking '/root/AGV/install/bumperbot_controller' for CMake module files
[1.645s] DEBUG:colcon.colcon_core.event_handler.log_command:Invoked command in '/root/AGV/build/bumperbot_controller' returned '0': CMAKE_PREFIX_PATH=/opt/ros/humble /usr/bin/cmake --install /root/AGV/build/bumperbot_controller
[1.646s] Level 1:colcon.colcon_core.environment:checking '/root/AGV/install/bumperbot_controller' for CMake config files
[1.648s] Level 1:colcon.colcon_core.shell:create_environment_hook('bumperbot_controller', 'cmake_prefix_path')
[1.648s] INFO:colcon.colcon_core.shell:Creating environment hook '/root/AGV/install/bumperbot_controller/share/bumperbot_controller/hook/cmake_prefix_path.ps1'
[1.649s] INFO:colcon.colcon_core.shell:Creating environment descriptor '/root/AGV/install/bumperbot_controller/share/bumperbot_controller/hook/cmake_prefix_path.dsv'
[1.653s] INFO:colcon.colcon_core.shell:Creating environment hook '/root/AGV/install/bumperbot_controller/share/bumperbot_controller/hook/cmake_prefix_path.sh'
[1.664s] Level 1:colcon.colcon_core.environment:checking '/root/AGV/install/bumperbot_controller/lib'
[1.665s] Level 1:colcon.colcon_core.environment:checking '/root/AGV/install/bumperbot_controller/bin'
[1.665s] Level 1:colcon.colcon_core.environment:checking '/root/AGV/install/bumperbot_controller/lib/pkgconfig/bumperbot_controller.pc'
[1.668s] Level 1:colcon.colcon_core.environment:checking '/root/AGV/install/bumperbot_controller/lib/python3.10/site-packages'
[1.672s] Level 1:colcon.colcon_core.environment:checking '/root/AGV/install/bumperbot_controller/bin'
[1.674s] INFO:colcon.colcon_core.shell:Creating package script '/root/AGV/install/bumperbot_controller/share/bumperbot_controller/package.ps1'
[1.676s] INFO:colcon.colcon_core.shell:Creating package descriptor '/root/AGV/install/bumperbot_controller/share/bumperbot_controller/package.dsv'
[1.677s] INFO:colcon.colcon_core.shell:Creating package script '/root/AGV/install/bumperbot_controller/share/bumperbot_controller/package.sh'
[1.678s] INFO:colcon.colcon_core.shell:Creating package script '/root/AGV/install/bumperbot_controller/share/bumperbot_controller/package.bash'
[1.679s] INFO:colcon.colcon_core.shell:Creating package script '/root/AGV/install/bumperbot_controller/share/bumperbot_controller/package.zsh'
[1.679s] Level 1:colcon.colcon_core.environment:create_file_with_runtime_dependencies(/root/AGV/install/bumperbot_controller/share/colcon-core/packages/bumperbot_controller)
[1.698s] Level 1:colcon.colcon_core.environment:create_environment_scripts_only(bumperbot_localization)
[1.700s] Level 1:colcon.colcon_core.environment:checking '/root/AGV/install/bumperbot_localization' for CMake module files
[1.704s] Level 1:colcon.colcon_core.environment:checking '/root/AGV/install/bumperbot_localization' for CMake config files
[1.707s] DEBUG:colcon.colcon_core.event_handler.log_command:Invoked command in '/root/AGV/build/bumperbot_localization' returned '0': CMAKE_PREFIX_PATH=/opt/ros/humble /usr/bin/cmake --install /root/AGV/build/bumperbot_localization
[1.708s] Level 1:colcon.colcon_core.shell:create_environment_hook('bumperbot_localization', 'cmake_prefix_path')
[1.709s] INFO:colcon.colcon_core.shell:Creating environment hook '/root/AGV/install/bumperbot_localization/share/bumperbot_localization/hook/cmake_prefix_path.ps1'
[1.710s] INFO:colcon.colcon_core.shell:Creating environment descriptor '/root/AGV/install/bumperbot_localization/share/bumperbot_localization/hook/cmake_prefix_path.dsv'
[1.710s] INFO:colcon.colcon_core.shell:Creating environment hook '/root/AGV/install/bumperbot_localization/share/bumperbot_localization/hook/cmake_prefix_path.sh'
[1.711s] Level 1:colcon.colcon_core.environment:checking '/root/AGV/install/bumperbot_localization/lib'
[1.712s] Level 1:colcon.colcon_core.environment:checking '/root/AGV/install/bumperbot_localization/bin'
[1.712s] Level 1:colcon.colcon_core.environment:checking '/root/AGV/install/bumperbot_localization/lib/pkgconfig/bumperbot_localization.pc'
[1.712s] Level 1:colcon.colcon_core.environment:checking '/root/AGV/install/bumperbot_localization/lib/python3.10/site-packages'
[1.712s] Level 1:colcon.colcon_core.environment:checking '/root/AGV/install/bumperbot_localization/bin'
[1.713s] INFO:colcon.colcon_core.shell:Creating package script '/root/AGV/install/bumperbot_localization/share/bumperbot_localization/package.ps1'
[1.734s] INFO:colcon.colcon_core.shell:Creating package descriptor '/root/AGV/install/bumperbot_localization/share/bumperbot_localization/package.dsv'
[1.737s] INFO:colcon.colcon_core.shell:Creating package script '/root/AGV/install/bumperbot_localization/share/bumperbot_localization/package.sh'
[1.740s] INFO:colcon.colcon_core.shell:Creating package script '/root/AGV/install/bumperbot_localization/share/bumperbot_localization/package.bash'
[1.740s] INFO:colcon.colcon_core.shell:Creating package script '/root/AGV/install/bumperbot_localization/share/bumperbot_localization/package.zsh'
[1.741s] Level 1:colcon.colcon_core.environment:create_file_with_runtime_dependencies(/root/AGV/install/bumperbot_localization/share/colcon-core/packages/bumperbot_localization)
[1.746s] Level 1:colcon.colcon_core.environment:create_environment_scripts_only(bumperbot_firmware)
[1.749s] DEBUG:colcon.colcon_core.event_handler.log_command:Invoked command in '/root/AGV/build/bumperbot_firmware' returned '0': CMAKE_PREFIX_PATH=/opt/ros/humble /usr/bin/cmake --install /root/AGV/build/bumperbot_firmware
[1.750s] Level 1:colcon.colcon_core.environment:checking '/root/AGV/install/bumperbot_firmware' for CMake module files
[1.752s] Level 1:colcon.colcon_core.environment:checking '/root/AGV/install/bumperbot_firmware' for CMake config files
[1.754s] Level 1:colcon.colcon_core.shell:create_environment_hook('bumperbot_firmware', 'cmake_prefix_path')
[1.754s] INFO:colcon.colcon_core.shell:Creating environment hook '/root/AGV/install/bumperbot_firmware/share/bumperbot_firmware/hook/cmake_prefix_path.ps1'
[1.757s] INFO:colcon.colcon_core.shell:Creating environment descriptor '/root/AGV/install/bumperbot_firmware/share/bumperbot_firmware/hook/cmake_prefix_path.dsv'
[1.758s] INFO:colcon.colcon_core.shell:Creating environment hook '/root/AGV/install/bumperbot_firmware/share/bumperbot_firmware/hook/cmake_prefix_path.sh'
[1.764s] Level 1:colcon.colcon_core.environment:checking '/root/AGV/install/bumperbot_firmware/lib'
[1.764s] Level 1:colcon.colcon_core.shell:create_environment_hook('bumperbot_firmware', 'ld_library_path_lib')
[1.764s] INFO:colcon.colcon_core.shell:Creating environment hook '/root/AGV/install/bumperbot_firmware/share/bumperbot_firmware/hook/ld_library_path_lib.ps1'
[1.765s] INFO:colcon.colcon_core.shell:Creating environment descriptor '/root/AGV/install/bumperbot_firmware/share/bumperbot_firmware/hook/ld_library_path_lib.dsv'
[1.765s] INFO:colcon.colcon_core.shell:Creating environment hook '/root/AGV/install/bumperbot_firmware/share/bumperbot_firmware/hook/ld_library_path_lib.sh'
[1.765s] Level 1:colcon.colcon_core.environment:checking '/root/AGV/install/bumperbot_firmware/bin'
[1.766s] Level 1:colcon.colcon_core.environment:checking '/root/AGV/install/bumperbot_firmware/lib/pkgconfig/bumperbot_firmware.pc'
[1.766s] Level 1:colcon.colcon_core.environment:checking '/root/AGV/install/bumperbot_firmware/lib/python3.10/site-packages'
[1.766s] Level 1:colcon.colcon_core.environment:checking '/root/AGV/install/bumperbot_firmware/bin'
[1.766s] INFO:colcon.colcon_core.shell:Creating package script '/root/AGV/install/bumperbot_firmware/share/bumperbot_firmware/package.ps1'
[1.767s] INFO:colcon.colcon_core.shell:Creating package descriptor '/root/AGV/install/bumperbot_firmware/share/bumperbot_firmware/package.dsv'
[1.768s] INFO:colcon.colcon_core.shell:Creating package script '/root/AGV/install/bumperbot_firmware/share/bumperbot_firmware/package.sh'
[1.768s] INFO:colcon.colcon_core.shell:Creating package script '/root/AGV/install/bumperbot_firmware/share/bumperbot_firmware/package.bash'
[1.768s] INFO:colcon.colcon_core.shell:Creating package script '/root/AGV/install/bumperbot_firmware/share/bumperbot_firmware/package.zsh'
[1.769s] Level 1:colcon.colcon_core.environment:create_file_with_runtime_dependencies(/root/AGV/install/bumperbot_firmware/share/colcon-core/packages/bumperbot_firmware)
[1.771s] Level 1:colcon.colcon_core.environment:create_environment_scripts_only(bumperbot_controller)
[1.771s] Level 1:colcon.colcon_core.environment:checking '/root/AGV/install/bumperbot_controller' for CMake module files
[1.772s] Level 1:colcon.colcon_core.environment:checking '/root/AGV/install/bumperbot_controller' for CMake config files
[1.772s] Level 1:colcon.colcon_core.shell:create_environment_hook('bumperbot_controller', 'cmake_prefix_path')
[1.773s] INFO:colcon.colcon_core.shell:Creating environment hook '/root/AGV/install/bumperbot_controller/share/bumperbot_controller/hook/cmake_prefix_path.ps1'
[1.773s] INFO:colcon.colcon_core.shell:Creating environment descriptor '/root/AGV/install/bumperbot_controller/share/bumperbot_controller/hook/cmake_prefix_path.dsv'
[1.774s] INFO:colcon.colcon_core.shell:Creating environment hook '/root/AGV/install/bumperbot_controller/share/bumperbot_controller/hook/cmake_prefix_path.sh'
[1.774s] Level 1:colcon.colcon_core.environment:checking '/root/AGV/install/bumperbot_controller/lib'
[1.775s] Level 1:colcon.colcon_core.environment:checking '/root/AGV/install/bumperbot_controller/bin'
[1.775s] Level 1:colcon.colcon_core.environment:checking '/root/AGV/install/bumperbot_controller/lib/pkgconfig/bumperbot_controller.pc'
[1.775s] Level 1:colcon.colcon_core.environment:checking '/root/AGV/install/bumperbot_controller/lib/python3.10/site-packages'
[1.776s] Level 1:colcon.colcon_core.environment:checking '/root/AGV/install/bumperbot_controller/bin'
[1.776s] INFO:colcon.colcon_core.shell:Creating package script '/root/AGV/install/bumperbot_controller/share/bumperbot_controller/package.ps1'
[1.780s] INFO:colcon.colcon_core.shell:Creating package descriptor '/root/AGV/install/bumperbot_controller/share/bumperbot_controller/package.dsv'
[1.781s] INFO:colcon.colcon_core.shell:Creating package script '/root/AGV/install/bumperbot_controller/share/bumperbot_controller/package.sh'
[1.782s] INFO:colcon.colcon_core.shell:Creating package script '/root/AGV/install/bumperbot_controller/share/bumperbot_controller/package.bash'
[1.788s] INFO:colcon.colcon_core.shell:Creating package script '/root/AGV/install/bumperbot_controller/share/bumperbot_controller/package.zsh'
[1.789s] Level 1:colcon.colcon_core.environment:create_file_with_runtime_dependencies(/root/AGV/install/bumperbot_controller/share/colcon-core/packages/bumperbot_controller)
[1.797s] Level 1:colcon.colcon_core.environment:create_environment_scripts_only(bumperbot_localization)
[1.797s] Level 1:colcon.colcon_core.environment:checking '/root/AGV/install/bumperbot_localization' for CMake module files
[1.798s] Level 1:colcon.colcon_core.environment:checking '/root/AGV/install/bumperbot_localization' for CMake config files
[1.798s] Level 1:colcon.colcon_core.shell:create_environment_hook('bumperbot_localization', 'cmake_prefix_path')
[1.799s] INFO:colcon.colcon_core.shell:Creating environment hook '/root/AGV/install/bumperbot_localization/share/bumperbot_localization/hook/cmake_prefix_path.ps1'
[1.800s] INFO:colcon.colcon_core.shell:Creating environment descriptor '/root/AGV/install/bumperbot_localization/share/bumperbot_localization/hook/cmake_prefix_path.dsv'
[1.800s] INFO:colcon.colcon_core.shell:Creating environment hook '/root/AGV/install/bumperbot_localization/share/bumperbot_localization/hook/cmake_prefix_path.sh'
[1.801s] Level 1:colcon.colcon_core.environment:checking '/root/AGV/install/bumperbot_localization/lib'
[1.801s] Level 1:colcon.colcon_core.environment:checking '/root/AGV/install/bumperbot_localization/bin'
[1.801s] Level 1:colcon.colcon_core.environment:checking '/root/AGV/install/bumperbot_localization/lib/pkgconfig/bumperbot_localization.pc'
[1.802s] Level 1:colcon.colcon_core.environment:checking '/root/AGV/install/bumperbot_localization/lib/python3.10/site-packages'
[1.802s] Level 1:colcon.colcon_core.environment:checking '/root/AGV/install/bumperbot_localization/bin'
[1.802s] INFO:colcon.colcon_core.shell:Creating package script '/root/AGV/install/bumperbot_localization/share/bumperbot_localization/package.ps1'
[1.804s] INFO:colcon.colcon_core.shell:Creating package descriptor '/root/AGV/install/bumperbot_localization/share/bumperbot_localization/package.dsv'
[1.806s] INFO:colcon.colcon_core.shell:Creating package script '/root/AGV/install/bumperbot_localization/share/bumperbot_localization/package.sh'
[1.807s] INFO:colcon.colcon_core.shell:Creating package script '/root/AGV/install/bumperbot_localization/share/bumperbot_localization/package.bash'
[1.807s] INFO:colcon.colcon_core.shell:Creating package script '/root/AGV/install/bumperbot_localization/share/bumperbot_localization/package.zsh'
[1.808s] Level 1:colcon.colcon_core.environment:create_file_with_runtime_dependencies(/root/AGV/install/bumperbot_localization/share/colcon-core/packages/bumperbot_localization)
[1.821s] DEBUG:colcon.colcon_core.event_handler.log_command:Invoked command in '/root/AGV/build/bumperbot_utils' returned '0': CMAKE_PREFIX_PATH=/opt/ros/humble /usr/bin/cmake --build /root/AGV/build/bumperbot_utils -- -j8 -l8
[1.826s] Level 1:colcon.colcon_core.environment:create_environment_scripts_only(bumperbot_firmware)
[1.826s] Level 1:colcon.colcon_core.environment:checking '/root/AGV/install/bumperbot_firmware' for CMake module files
[1.828s] Level 1:colcon.colcon_core.environment:checking '/root/AGV/install/bumperbot_firmware' for CMake config files
[1.828s] Level 1:colcon.colcon_core.shell:create_environment_hook('bumperbot_firmware', 'cmake_prefix_path')
[1.828s] INFO:colcon.colcon_core.shell:Creating environment hook '/root/AGV/install/bumperbot_firmware/share/bumperbot_firmware/hook/cmake_prefix_path.ps1'
[1.829s] INFO:colcon.colcon_core.shell:Creating environment descriptor '/root/AGV/install/bumperbot_firmware/share/bumperbot_firmware/hook/cmake_prefix_path.dsv'
[1.829s] INFO:colcon.colcon_core.shell:Creating environment hook '/root/AGV/install/bumperbot_firmware/share/bumperbot_firmware/hook/cmake_prefix_path.sh'
[1.830s] Level 1:colcon.colcon_core.environment:checking '/root/AGV/install/bumperbot_firmware/lib'
[1.830s] Level 1:colcon.colcon_core.shell:create_environment_hook('bumperbot_firmware', 'ld_library_path_lib')
[1.831s] INFO:colcon.colcon_core.shell:Creating environment hook '/root/AGV/install/bumperbot_firmware/share/bumperbot_firmware/hook/ld_library_path_lib.ps1'
[1.831s] INFO:colcon.colcon_core.shell:Creating environment descriptor '/root/AGV/install/bumperbot_firmware/share/bumperbot_firmware/hook/ld_library_path_lib.dsv'
[1.831s] INFO:colcon.colcon_core.shell:Creating environment hook '/root/AGV/install/bumperbot_firmware/share/bumperbot_firmware/hook/ld_library_path_lib.sh'
[1.832s] Level 1:colcon.colcon_core.environment:checking '/root/AGV/install/bumperbot_firmware/bin'
[1.832s] Level 1:colcon.colcon_core.environment:checking '/root/AGV/install/bumperbot_firmware/lib/pkgconfig/bumperbot_firmware.pc'
[1.833s] Level 1:colcon.colcon_core.environment:checking '/root/AGV/install/bumperbot_firmware/lib/python3.10/site-packages'
[1.834s] Level 1:colcon.colcon_core.environment:checking '/root/AGV/install/bumperbot_firmware/bin'
[1.835s] INFO:colcon.colcon_core.shell:Creating package script '/root/AGV/install/bumperbot_firmware/share/bumperbot_firmware/package.ps1'
[1.836s] INFO:colcon.colcon_core.shell:Creating package descriptor '/root/AGV/install/bumperbot_firmware/share/bumperbot_firmware/package.dsv'
[1.837s] INFO:colcon.colcon_core.shell:Creating package script '/root/AGV/install/bumperbot_firmware/share/bumperbot_firmware/package.sh'
[1.838s] INFO:colcon.colcon_core.shell:Creating package script '/root/AGV/install/bumperbot_firmware/share/bumperbot_firmware/package.bash'
[1.838s] INFO:colcon.colcon_core.shell:Creating package script '/root/AGV/install/bumperbot_firmware/share/bumperbot_firmware/package.zsh'
[1.839s] Level 1:colcon.colcon_core.environment:create_file_with_runtime_dependencies(/root/AGV/install/bumperbot_firmware/share/colcon-core/packages/bumperbot_firmware)
[1.862s] DEBUG:colcon.colcon_core.event_handler.log_command:Invoking command in '/root/AGV/build/bumperbot_utils': CMAKE_PREFIX_PATH=/opt/ros/humble /usr/bin/cmake --install /root/AGV/build/bumperbot_utils
[1.904s] DEBUG:colcon.colcon_core.event_handler.log_command:Invoking command in '/root/AGV/bumperbot_ws/src/bumperbot_py_examples': PYTHONPATH=/root/AGV/build/bumperbot_py_examples/prefix_override:/usr/lib/python3/dist-packages/colcon_core/task/python/colcon_distutils_commands:/root/AGV/install/bumperbot_py_examples/lib/python3.10/site-packages:${PYTHONPATH} /usr/bin/python3 -W ignore:setup.py install is deprecated setup.py egg_info --egg-base ../../../build/bumperbot_py_examples build --build-base /root/AGV/build/bumperbot_py_examples/build install --record /root/AGV/build/bumperbot_py_examples/install.log --single-version-externally-managed install_data
[1.935s] Level 1:colcon.colcon_core.environment:create_environment_scripts_only(bumperbot_utils)
[1.935s] DEBUG:colcon.colcon_core.event_handler.log_command:Invoked command in '/root/AGV/build/bumperbot_utils' returned '0': CMAKE_PREFIX_PATH=/opt/ros/humble /usr/bin/cmake --install /root/AGV/build/bumperbot_utils
[1.935s] Level 1:colcon.colcon_core.environment:checking '/root/AGV/install/bumperbot_utils' for CMake module files
[1.936s] Level 1:colcon.colcon_core.environment:checking '/root/AGV/install/bumperbot_utils' for CMake config files
[1.936s] Level 1:colcon.colcon_core.shell:create_environment_hook('bumperbot_utils', 'cmake_prefix_path')
[1.937s] INFO:colcon.colcon_core.shell:Creating environment hook '/root/AGV/install/bumperbot_utils/share/bumperbot_utils/hook/cmake_prefix_path.ps1'
[1.938s] INFO:colcon.colcon_core.shell:Creating environment descriptor '/root/AGV/install/bumperbot_utils/share/bumperbot_utils/hook/cmake_prefix_path.dsv'
[1.938s] INFO:colcon.colcon_core.shell:Creating environment hook '/root/AGV/install/bumperbot_utils/share/bumperbot_utils/hook/cmake_prefix_path.sh'
[1.941s] Level 1:colcon.colcon_core.environment:checking '/root/AGV/install/bumperbot_utils/lib'
[1.942s] Level 1:colcon.colcon_core.environment:checking '/root/AGV/install/bumperbot_utils/bin'
[1.942s] Level 1:colcon.colcon_core.environment:checking '/root/AGV/install/bumperbot_utils/lib/pkgconfig/bumperbot_utils.pc'
[1.943s] Level 1:colcon.colcon_core.environment:checking '/root/AGV/install/bumperbot_utils/lib/python3.10/site-packages'
[1.943s] Level 1:colcon.colcon_core.environment:checking '/root/AGV/install/bumperbot_utils/bin'
[1.944s] INFO:colcon.colcon_core.shell:Creating package script '/root/AGV/install/bumperbot_utils/share/bumperbot_utils/package.ps1'
[1.945s] INFO:colcon.colcon_core.shell:Creating package descriptor '/root/AGV/install/bumperbot_utils/share/bumperbot_utils/package.dsv'
[1.945s] INFO:colcon.colcon_core.shell:Creating package script '/root/AGV/install/bumperbot_utils/share/bumperbot_utils/package.sh'
[1.946s] INFO:colcon.colcon_core.shell:Creating package script '/root/AGV/install/bumperbot_utils/share/bumperbot_utils/package.bash'
[1.946s] INFO:colcon.colcon_core.shell:Creating package script '/root/AGV/install/bumperbot_utils/share/bumperbot_utils/package.zsh'
[1.946s] Level 1:colcon.colcon_core.environment:create_file_with_runtime_dependencies(/root/AGV/install/bumperbot_utils/share/colcon-core/packages/bumperbot_utils)
[1.982s] Level 1:colcon.colcon_core.environment:create_environment_scripts_only(bumperbot_utils)
[1.982s] Level 1:colcon.colcon_core.environment:checking '/root/AGV/install/bumperbot_utils' for CMake module files
[1.983s] Level 1:colcon.colcon_core.environment:checking '/root/AGV/install/bumperbot_utils' for CMake config files
[1.983s] Level 1:colcon.colcon_core.shell:create_environment_hook('bumperbot_utils', 'cmake_prefix_path')
[1.983s] INFO:colcon.colcon_core.shell:Creating environment hook '/root/AGV/install/bumperbot_utils/share/bumperbot_utils/hook/cmake_prefix_path.ps1'
[1.984s] INFO:colcon.colcon_core.shell:Creating environment descriptor '/root/AGV/install/bumperbot_utils/share/bumperbot_utils/hook/cmake_prefix_path.dsv'
[1.985s] INFO:colcon.colcon_core.shell:Creating environment hook '/root/AGV/install/bumperbot_utils/share/bumperbot_utils/hook/cmake_prefix_path.sh'
[1.986s] Level 1:colcon.colcon_core.environment:checking '/root/AGV/install/bumperbot_utils/lib'
[1.986s] Level 1:colcon.colcon_core.environment:checking '/root/AGV/install/bumperbot_utils/bin'
[1.987s] Level 1:colcon.colcon_core.environment:checking '/root/AGV/install/bumperbot_utils/lib/pkgconfig/bumperbot_utils.pc'
[1.987s] Level 1:colcon.colcon_core.environment:checking '/root/AGV/install/bumperbot_utils/lib/python3.10/site-packages'
[1.988s] Level 1:colcon.colcon_core.environment:checking '/root/AGV/install/bumperbot_utils/bin'
[1.989s] INFO:colcon.colcon_core.shell:Creating package script '/root/AGV/install/bumperbot_utils/share/bumperbot_utils/package.ps1'
[1.990s] INFO:colcon.colcon_core.shell:Creating package descriptor '/root/AGV/install/bumperbot_utils/share/bumperbot_utils/package.dsv'
[1.990s] INFO:colcon.colcon_core.shell:Creating package script '/root/AGV/install/bumperbot_utils/share/bumperbot_utils/package.sh'
[1.991s] INFO:colcon.colcon_core.shell:Creating package script '/root/AGV/install/bumperbot_utils/share/bumperbot_utils/package.bash'
[1.991s] INFO:colcon.colcon_core.shell:Creating package script '/root/AGV/install/bumperbot_utils/share/bumperbot_utils/package.zsh'
[1.992s] Level 1:colcon.colcon_core.environment:create_file_with_runtime_dependencies(/root/AGV/install/bumperbot_utils/share/colcon-core/packages/bumperbot_utils)
[2.248s] Level 1:colcon.colcon_core.environment:checking '/root/AGV/install/bumperbot_py_examples' for CMake module files
[2.248s] DEBUG:colcon.colcon_core.event_handler.log_command:Invoked command in '/root/AGV/bumperbot_ws/src/bumperbot_py_examples' returned '0': PYTHONPATH=/root/AGV/build/bumperbot_py_examples/prefix_override:/usr/lib/python3/dist-packages/colcon_core/task/python/colcon_distutils_commands:/root/AGV/install/bumperbot_py_examples/lib/python3.10/site-packages:${PYTHONPATH} /usr/bin/python3 -W ignore:setup.py install is deprecated setup.py egg_info --egg-base ../../../build/bumperbot_py_examples build --build-base /root/AGV/build/bumperbot_py_examples/build install --record /root/AGV/build/bumperbot_py_examples/install.log --single-version-externally-managed install_data
[2.248s] Level 1:colcon.colcon_core.environment:checking '/root/AGV/install/bumperbot_py_examples' for CMake config files
[2.249s] Level 1:colcon.colcon_core.environment:checking '/root/AGV/install/bumperbot_py_examples/lib'
[2.249s] Level 1:colcon.colcon_core.environment:checking '/root/AGV/install/bumperbot_py_examples/bin'
[2.249s] Level 1:colcon.colcon_core.environment:checking '/root/AGV/install/bumperbot_py_examples/lib/pkgconfig/bumperbot_py_examples.pc'
[2.249s] Level 1:colcon.colcon_core.environment:checking '/root/AGV/install/bumperbot_py_examples/lib/python3.10/site-packages'
[2.249s] Level 1:colcon.colcon_core.shell:create_environment_hook('bumperbot_py_examples', 'pythonpath')
[2.249s] INFO:colcon.colcon_core.shell:Creating environment hook '/root/AGV/install/bumperbot_py_examples/share/bumperbot_py_examples/hook/pythonpath.ps1'
[2.250s] INFO:colcon.colcon_core.shell:Creating environment descriptor '/root/AGV/install/bumperbot_py_examples/share/bumperbot_py_examples/hook/pythonpath.dsv'
[2.250s] INFO:colcon.colcon_core.shell:Creating environment hook '/root/AGV/install/bumperbot_py_examples/share/bumperbot_py_examples/hook/pythonpath.sh'
[2.251s] Level 1:colcon.colcon_core.environment:checking '/root/AGV/install/bumperbot_py_examples/bin'
[2.251s] Level 1:colcon.colcon_core.environment:create_environment_scripts_only(bumperbot_py_examples)
[2.251s] INFO:colcon.colcon_core.shell:Creating package script '/root/AGV/install/bumperbot_py_examples/share/bumperbot_py_examples/package.ps1'
[2.252s] INFO:colcon.colcon_core.shell:Creating package descriptor '/root/AGV/install/bumperbot_py_examples/share/bumperbot_py_examples/package.dsv'
[2.252s] INFO:colcon.colcon_core.shell:Creating package script '/root/AGV/install/bumperbot_py_examples/share/bumperbot_py_examples/package.sh'
[2.252s] INFO:colcon.colcon_core.shell:Creating package script '/root/AGV/install/bumperbot_py_examples/share/bumperbot_py_examples/package.bash'
[2.253s] INFO:colcon.colcon_core.shell:Creating package script '/root/AGV/install/bumperbot_py_examples/share/bumperbot_py_examples/package.zsh'
[2.253s] Level 1:colcon.colcon_core.environment:create_file_with_runtime_dependencies(/root/AGV/install/bumperbot_py_examples/share/colcon-core/packages/bumperbot_py_examples)
[2.253s] DEBUG:colcon.colcon_parallel_executor.executor.parallel:closing loop
[2.254s] DEBUG:colcon.colcon_parallel_executor.executor.parallel:loop closed
[2.254s] DEBUG:colcon.colcon_parallel_executor.executor.parallel:run_until_complete finished with '0'
[2.255s] DEBUG:colcon.colcon_core.event_reactor:joining thread
[2.286s] INFO:colcon.colcon_core.plugin_system:Skipping extension 'colcon_notification.desktop_notification.notify_send': Could not find 'notify-send'
[2.286s] INFO:colcon.colcon_core.plugin_system:Skipping extension 'colcon_notification.desktop_notification.terminal_notifier': Not used on non-Darwin systems
[2.286s] INFO:colcon.colcon_core.plugin_system:Skipping extension 'colcon_notification.desktop_notification.win32': Not used on non-Windows systems
[2.286s] INFO:colcon.colcon_notification.desktop_notification:Sending desktop notification using 'notify2'
[2.287s] DEBUG:colcon.colcon_notification.desktop_notification.notify2:Failed to initialize notify2: org.freedesktop.DBus.Error.FileNotFound: Failed to connect to socket /run/user/0/bus: No such file or directory
[2.287s] DEBUG:colcon.colcon_core.event_reactor:joined thread
[2.287s] INFO:colcon.colcon_core.shell:Creating prefix script '/root/AGV/install/local_setup.ps1'
[2.288s] INFO:colcon.colcon_core.shell:Creating prefix util module '/root/AGV/install/_local_setup_util_ps1.py'
[2.290s] INFO:colcon.colcon_core.shell:Creating prefix chain script '/root/AGV/install/setup.ps1'
[2.292s] INFO:colcon.colcon_core.shell:Creating prefix script '/root/AGV/install/local_setup.sh'
[2.295s] INFO:colcon.colcon_core.shell:Creating prefix util module '/root/AGV/install/_local_setup_util_sh.py'
[2.296s] INFO:colcon.colcon_core.shell:Creating prefix chain script '/root/AGV/install/setup.sh'
[2.298s] INFO:colcon.colcon_core.shell:Creating prefix script '/root/AGV/install/local_setup.bash'
[2.298s] INFO:colcon.colcon_core.shell:Creating prefix chain script '/root/AGV/install/setup.bash'
[2.299s] INFO:colcon.colcon_core.shell:Creating prefix script '/root/AGV/install/local_setup.zsh'
[2.299s] INFO:colcon.colcon_core.shell:Creating prefix chain script '/root/AGV/install/setup.zsh'
