[0.049s] Invoking command in '/root/AGV/bumperbot_ws/build/bumperbot_controller': CMAKE_PREFIX_PATH=/opt/ros/humble /usr/bin/cmake /root/AGV/bumperbot_ws/src/bumperbot_controller -DCMAKE_INSTALL_PREFIX=/root/AGV/bumperbot_ws/install/bumperbot_controller
[0.428s] -- The C compiler identification is GNU 11.4.0
[0.687s] -- The CXX compiler identification is GNU 11.4.0
[0.954s] -- Detecting C compiler ABI info
[1.159s] -- Detecting C compiler ABI info - done
[1.162s] -- Check for working C compiler: /usr/bin/cc - skipped
[1.162s] -- Detecting C compile features
[1.162s] -- Detecting C compile features - done
[1.167s] -- Detecting CXX compiler ABI info
[1.352s] -- Detecting CXX compiler ABI info - done
[1.370s] -- Check for working CXX compiler: /usr/bin/c++ - skipped
[1.370s] -- Detecting CXX compile features
[1.371s] -- Detecting CXX compile features - done
[1.373s] -- Found ament_cmake: 1.3.10 (/opt/ros/humble/share/ament_cmake/cmake)
[1.590s] -- Found Python3: /usr/bin/python3 (found version "3.10.12") found components: Interpreter 
[1.731s] -- Found rclpy: 3.3.14 (/opt/ros/humble/share/rclpy/cmake)
[1.734s] -- Found std_msgs: 4.2.4 (/opt/ros/humble/share/std_msgs/cmake)
[1.921s] -- Found rosidl_generator_c: 3.1.5 (/opt/ros/humble/share/rosidl_generator_c/cmake)
[1.925s] -- Found rosidl_adapter: 3.1.5 (/opt/ros/humble/share/rosidl_adapter/cmake)
[1.950s] -- Found rosidl_generator_cpp: 3.1.5 (/opt/ros/humble/share/rosidl_generator_cpp/cmake)
[1.980s] -- Using all available rosidl_typesupport_c: rosidl_typesupport_fastrtps_c;rosidl_typesupport_introspection_c
[2.012s] -- Using all available rosidl_typesupport_cpp: rosidl_typesupport_fastrtps_cpp;rosidl_typesupport_introspection_cpp
[2.073s] -- Found geometry_msgs: 4.2.4 (/opt/ros/humble/share/geometry_msgs/cmake)
[2.103s] -- Found sensor_msgs: 4.2.4 (/opt/ros/humble/share/sensor_msgs/cmake)
[2.135s] -- Found nav_msgs: 4.2.4 (/opt/ros/humble/share/nav_msgs/cmake)
[2.164s] -- Found tf2: 0.25.8 (/opt/ros/humble/share/tf2/cmake)
[2.179s] -- Found tf2_ros: 0.25.8 (/opt/ros/humble/share/tf2_ros/cmake)
[2.282s] -- Found rmw_implementation_cmake: 6.1.2 (/opt/ros/humble/share/rmw_implementation_cmake/cmake)
[2.286s] -- Found rmw_fastrtps_cpp: 6.2.7 (/opt/ros/humble/share/rmw_fastrtps_cpp/cmake)
[2.772s] -- Found OpenSSL: /usr/lib/x86_64-linux-gnu/libcrypto.so (found version "3.0.2")  
[3.208s] -- Found FastRTPS: /opt/ros/humble/include  
[3.809s] -- Using RMW implementation 'rmw_fastrtps_cpp' as default
[3.815s] -- Looking for pthread.h
[3.929s] -- Looking for pthread.h - found
[3.929s] -- Performing Test CMAKE_HAVE_LIBC_PTHREAD
[4.022s] -- Performing Test CMAKE_HAVE_LIBC_PTHREAD - Success
[4.023s] -- Found Threads: TRUE  
[4.247s] -- Found ament_lint_auto: 0.12.11 (/opt/ros/humble/share/ament_lint_auto/cmake)
[4.327s] -- Added test 'cppcheck' to perform static code analysis on C / C++ code
[4.328s] -- Configured cppcheck include dirs: /root/AGV/bumperbot_ws/src/bumperbot_controller/include
[4.328s] -- Configured cppcheck exclude dirs and/or files: 
[4.329s] -- Added test 'flake8' to check Python code syntax and style conventions
[4.330s] -- Added test 'lint_cmake' to check CMake code style
[4.330s] -- Added test 'pep257' to check Python code against some of the docstring style conventions in PEP 257
[4.332s] -- Added test 'uncrustify' to check C / C++ code style
[4.332s] -- Configured uncrustify additional arguments: 
[4.332s] -- Added test 'xmllint' to check XML markup files
[4.334s] -- Configuring done
[4.352s] -- Generating done
[4.355s] -- Build files have been written to: /root/AGV/bumperbot_ws/build/bumperbot_controller
[4.379s] Invoked command in '/root/AGV/bumperbot_ws/build/bumperbot_controller' returned '0': CMAKE_PREFIX_PATH=/opt/ros/humble /usr/bin/cmake /root/AGV/bumperbot_ws/src/bumperbot_controller -DCMAKE_INSTALL_PREFIX=/root/AGV/bumperbot_ws/install/bumperbot_controller
[4.381s] Invoking command in '/root/AGV/bumperbot_ws/build/bumperbot_controller': CMAKE_PREFIX_PATH=/opt/ros/humble /usr/bin/cmake --build /root/AGV/bumperbot_ws/build/bumperbot_controller -- -j8 -l8
[4.434s] [ 50%] [32mBuilding CXX object CMakeFiles/simple_speed_controller.dir/src/simple_speed_controller.cpp.o[0m
[4.444s] [ 50%] Built target ament_cmake_python_copy_bumperbot_controller
[4.759s] running egg_info
[4.761s] creating bumperbot_controller.egg-info
[4.762s] writing bumperbot_controller.egg-info/PKG-INFO
[4.762s] writing dependency_links to bumperbot_controller.egg-info/dependency_links.txt
[4.762s] writing top-level names to bumperbot_controller.egg-info/top_level.txt
[4.763s] writing manifest file 'bumperbot_controller.egg-info/SOURCES.txt'
[4.767s] reading manifest file 'bumperbot_controller.egg-info/SOURCES.txt'
[4.768s] writing manifest file 'bumperbot_controller.egg-info/SOURCES.txt'
[4.820s] [ 50%] Built target ament_cmake_python_build_bumperbot_controller_egg
[37.391s] [100%] [32m[1mLinking CXX executable simple_speed_controller[0m
[38.128s] [100%] Built target simple_speed_controller
[38.150s] Invoked command in '/root/AGV/bumperbot_ws/build/bumperbot_controller' returned '0': CMAKE_PREFIX_PATH=/opt/ros/humble /usr/bin/cmake --build /root/AGV/bumperbot_ws/build/bumperbot_controller -- -j8 -l8
[38.172s] Invoking command in '/root/AGV/bumperbot_ws/build/bumperbot_controller': CMAKE_PREFIX_PATH=/opt/ros/humble /usr/bin/cmake --install /root/AGV/bumperbot_ws/build/bumperbot_controller
[38.177s] -- Install configuration: ""
[38.177s] -- Installing: /root/AGV/bumperbot_ws/install/bumperbot_controller/share/bumperbot_controller/environment/pythonpath.sh
[38.177s] -- Installing: /root/AGV/bumperbot_ws/install/bumperbot_controller/share/bumperbot_controller/environment/pythonpath.dsv
[38.178s] -- Installing: /root/AGV/bumperbot_ws/install/bumperbot_controller/local/lib/python3.10/dist-packages/bumperbot_controller-0.0.0-py3.10.egg-info
[38.179s] -- Installing: /root/AGV/bumperbot_ws/install/bumperbot_controller/local/lib/python3.10/dist-packages/bumperbot_controller-0.0.0-py3.10.egg-info/PKG-INFO
[38.179s] -- Installing: /root/AGV/bumperbot_ws/install/bumperbot_controller/local/lib/python3.10/dist-packages/bumperbot_controller-0.0.0-py3.10.egg-info/top_level.txt
[38.179s] -- Installing: /root/AGV/bumperbot_ws/install/bumperbot_controller/local/lib/python3.10/dist-packages/bumperbot_controller-0.0.0-py3.10.egg-info/dependency_links.txt
[38.179s] -- Installing: /root/AGV/bumperbot_ws/install/bumperbot_controller/local/lib/python3.10/dist-packages/bumperbot_controller-0.0.0-py3.10.egg-info/SOURCES.txt
[38.179s] -- Installing: /root/AGV/bumperbot_ws/install/bumperbot_controller/local/lib/python3.10/dist-packages/bumperbot_controller
[38.179s] -- Installing: /root/AGV/bumperbot_ws/install/bumperbot_controller/local/lib/python3.10/dist-packages/bumperbot_controller/__init__.py
[38.180s] -- Installing: /root/AGV/bumperbot_ws/install/bumperbot_controller/local/lib/python3.10/dist-packages/bumperbot_controller/simple_speed_controller.py
[38.205s] Listing '/root/AGV/bumperbot_ws/install/bumperbot_controller/local/lib/python3.10/dist-packages/bumperbot_controller'...
[38.205s] Compiling '/root/AGV/bumperbot_ws/install/bumperbot_controller/local/lib/python3.10/dist-packages/bumperbot_controller/__init__.py'...
[38.205s] Compiling '/root/AGV/bumperbot_ws/install/bumperbot_controller/local/lib/python3.10/dist-packages/bumperbot_controller/simple_speed_controller.py'...
[38.208s] -- Installing: /root/AGV/bumperbot_ws/install/bumperbot_controller/include/include
[38.210s] -- Installing: /root/AGV/bumperbot_ws/install/bumperbot_controller/include/include/bumperbot_controller
[38.210s] -- Installing: /root/AGV/bumperbot_ws/install/bumperbot_controller/include/include/bumperbot_controller/simple_speed_controller.hpp
[38.211s] -- Installing: /root/AGV/bumperbot_ws/install/bumperbot_controller/lib/bumperbot_controller/simple_speed_controller
[38.214s] -- Set runtime path of "/root/AGV/bumperbot_ws/install/bumperbot_controller/lib/bumperbot_controller/simple_speed_controller" to ""
[38.214s] -- Installing: /root/AGV/bumperbot_ws/install/bumperbot_controller/lib/bumperbot_controller/simple_speed_controller.py
[38.215s] -- Installing: /root/AGV/bumperbot_ws/install/bumperbot_controller/share/bumperbot_controller/config
[38.215s] -- Installing: /root/AGV/bumperbot_ws/install/bumperbot_controller/share/bumperbot_controller/config/twist_mux_topics.yaml
[38.215s] -- Installing: /root/AGV/bumperbot_ws/install/bumperbot_controller/share/bumperbot_controller/config/joy_teleop.yaml
[38.216s] -- Installing: /root/AGV/bumperbot_ws/install/bumperbot_controller/share/bumperbot_controller/config/twist_mux_locks.yaml
[38.217s] -- Installing: /root/AGV/bumperbot_ws/install/bumperbot_controller/share/bumperbot_controller/config/twist_mux_joy.yaml
[38.217s] -- Installing: /root/AGV/bumperbot_ws/install/bumperbot_controller/share/bumperbot_controller/config/joy_config.yaml
[38.218s] -- Installing: /root/AGV/bumperbot_ws/install/bumperbot_controller/share/bumperbot_controller/config/bumperbot_controllers.yaml
[38.218s] -- Installing: /root/AGV/bumperbot_ws/install/bumperbot_controller/share/bumperbot_controller/launch
[38.219s] -- Installing: /root/AGV/bumperbot_ws/install/bumperbot_controller/share/bumperbot_controller/launch/controller.launch.py
[38.220s] -- Installing: /root/AGV/bumperbot_ws/install/bumperbot_controller/share/bumperbot_controller/launch/joystick_teleop.launch.py
[38.221s] -- Installing: /root/AGV/bumperbot_ws/install/bumperbot_controller/share/ament_index/resource_index/package_run_dependencies/bumperbot_controller
[38.221s] -- Installing: /root/AGV/bumperbot_ws/install/bumperbot_controller/share/ament_index/resource_index/parent_prefix_path/bumperbot_controller
[38.221s] -- Installing: /root/AGV/bumperbot_ws/install/bumperbot_controller/share/bumperbot_controller/environment/ament_prefix_path.sh
[38.222s] -- Installing: /root/AGV/bumperbot_ws/install/bumperbot_controller/share/bumperbot_controller/environment/ament_prefix_path.dsv
[38.222s] -- Installing: /root/AGV/bumperbot_ws/install/bumperbot_controller/share/bumperbot_controller/environment/path.sh
[38.222s] -- Installing: /root/AGV/bumperbot_ws/install/bumperbot_controller/share/bumperbot_controller/environment/path.dsv
[38.222s] -- Installing: /root/AGV/bumperbot_ws/install/bumperbot_controller/share/bumperbot_controller/local_setup.bash
[38.222s] -- Installing: /root/AGV/bumperbot_ws/install/bumperbot_controller/share/bumperbot_controller/local_setup.sh
[38.223s] -- Installing: /root/AGV/bumperbot_ws/install/bumperbot_controller/share/bumperbot_controller/local_setup.zsh
[38.223s] -- Installing: /root/AGV/bumperbot_ws/install/bumperbot_controller/share/bumperbot_controller/local_setup.dsv
[38.223s] -- Installing: /root/AGV/bumperbot_ws/install/bumperbot_controller/share/bumperbot_controller/package.dsv
[38.224s] -- Installing: /root/AGV/bumperbot_ws/install/bumperbot_controller/share/ament_index/resource_index/packages/bumperbot_controller
[38.224s] -- Installing: /root/AGV/bumperbot_ws/install/bumperbot_controller/share/bumperbot_controller/cmake/bumperbot_controllerConfig.cmake
[38.224s] -- Installing: /root/AGV/bumperbot_ws/install/bumperbot_controller/share/bumperbot_controller/cmake/bumperbot_controllerConfig-version.cmake
[38.224s] -- Installing: /root/AGV/bumperbot_ws/install/bumperbot_controller/share/bumperbot_controller/package.xml
[38.227s] Invoked command in '/root/AGV/bumperbot_ws/build/bumperbot_controller' returned '0': CMAKE_PREFIX_PATH=/opt/ros/humble /usr/bin/cmake --install /root/AGV/bumperbot_ws/build/bumperbot_controller
