[0.178s] DEBUG:colcon:Command line arguments: ['/usr/bin/colcon', 'build']
[0.178s] DEBUG:colcon:Parsed command line arguments: Namespace(log_base=None, log_level=None, verb_name='build', build_base='build', install_base='install', merge_install=False, symlink_install=False, test_result_base=None, continue_on_error=False, executor='parallel', parallel_workers=8, event_handlers=None, ignore_user_meta=False, metas=['./colcon.meta'], base_paths=['.'], packages_ignore=None, packages_ignore_regex=None, paths=None, packages_up_to=None, packages_up_to_regex=None, packages_above=None, packages_above_and_dependencies=None, packages_above_depth=None, packages_select_by_dep=None, packages_skip_by_dep=None, packages_skip_up_to=None, packages_select_build_failed=False, packages_skip_build_finished=False, packages_select_test_failures=False, packages_skip_test_passed=False, packages_select=None, packages_skip=None, packages_select_regex=None, packages_skip_regex=None, packages_start=None, packages_end=None, allow_overriding=[], cmake_args=None, cmake_target=None, cmake_target_skip_unavailable=False, cmake_clean_cache=False, cmake_clean_first=False, cmake_force_configure=False, ament_cmake_args=None, catkin_cmake_args=None, catkin_skip_building_tests=False, verb_parser=<colcon_defaults.argument_parser.defaults.DefaultArgumentsDecorator object at 0x7fe3b3740520>, verb_extension=<colcon_core.verb.build.BuildVerb object at 0x7fe3b38d50c0>, main=<bound method BuildVerb.main of <colcon_core.verb.build.BuildVerb object at 0x7fe3b38d50c0>>)
[0.366s] Level 1:colcon.colcon_core.package_discovery:discover_packages(colcon_meta) check parameters
[0.366s] Level 1:colcon.colcon_core.package_discovery:discover_packages(recursive) check parameters
[0.366s] Level 1:colcon.colcon_core.package_discovery:discover_packages(ignore) check parameters
[0.366s] Level 1:colcon.colcon_core.package_discovery:discover_packages(path) check parameters
[0.366s] Level 1:colcon.colcon_core.package_discovery:discover_packages(colcon_meta) discover
[0.366s] Level 1:colcon.colcon_core.package_discovery:discover_packages(recursive) discover
[0.366s] INFO:colcon.colcon_core.package_discovery:Crawling recursively for packages in '/root/AGV'
[0.366s] Level 1:colcon.colcon_core.package_identification:_identify(.) by extensions ['ignore', 'ignore_ament_install']
[0.366s] Level 1:colcon.colcon_core.package_identification:_identify(.) by extension 'ignore'
[0.366s] Level 1:colcon.colcon_core.package_identification:_identify(.) by extension 'ignore_ament_install'
[0.366s] Level 1:colcon.colcon_core.package_identification:_identify(.) by extensions ['colcon_pkg']
[0.366s] Level 1:colcon.colcon_core.package_identification:_identify(.) by extension 'colcon_pkg'
[0.366s] Level 1:colcon.colcon_core.package_identification:_identify(.) by extensions ['colcon_meta']
[0.367s] Level 1:colcon.colcon_core.package_identification:_identify(.) by extension 'colcon_meta'
[0.367s] Level 1:colcon.colcon_core.package_identification:_identify(.) by extensions ['ros']
[0.367s] Level 1:colcon.colcon_core.package_identification:_identify(.) by extension 'ros'
[0.389s] Level 1:colcon.colcon_core.package_identification:_identify(.) by extensions ['cmake', 'python']
[0.390s] Level 1:colcon.colcon_core.package_identification:_identify(.) by extension 'cmake'
[0.390s] Level 1:colcon.colcon_core.package_identification:_identify(.) by extension 'python'
[0.390s] Level 1:colcon.colcon_core.package_identification:_identify(.) by extensions ['python_setup_py']
[0.390s] Level 1:colcon.colcon_core.package_identification:_identify(.) by extension 'python_setup_py'
[0.390s] Level 1:colcon.colcon_core.package_identification:_identify(build) by extensions ['ignore', 'ignore_ament_install']
[0.390s] Level 1:colcon.colcon_core.package_identification:_identify(build) by extension 'ignore'
[0.390s] Level 1:colcon.colcon_core.package_identification:_identify(build) ignored
[0.390s] Level 1:colcon.colcon_core.package_identification:_identify(bumperbot_ws) by extensions ['ignore', 'ignore_ament_install']
[0.390s] Level 1:colcon.colcon_core.package_identification:_identify(bumperbot_ws) by extension 'ignore'
[0.390s] Level 1:colcon.colcon_core.package_identification:_identify(bumperbot_ws) by extension 'ignore_ament_install'
[0.390s] Level 1:colcon.colcon_core.package_identification:_identify(bumperbot_ws) by extensions ['colcon_pkg']
[0.390s] Level 1:colcon.colcon_core.package_identification:_identify(bumperbot_ws) by extension 'colcon_pkg'
[0.391s] Level 1:colcon.colcon_core.package_identification:_identify(bumperbot_ws) by extensions ['colcon_meta']
[0.391s] Level 1:colcon.colcon_core.package_identification:_identify(bumperbot_ws) by extension 'colcon_meta'
[0.391s] Level 1:colcon.colcon_core.package_identification:_identify(bumperbot_ws) by extensions ['ros']
[0.391s] Level 1:colcon.colcon_core.package_identification:_identify(bumperbot_ws) by extension 'ros'
[0.391s] Level 1:colcon.colcon_core.package_identification:_identify(bumperbot_ws) by extensions ['cmake', 'python']
[0.391s] Level 1:colcon.colcon_core.package_identification:_identify(bumperbot_ws) by extension 'cmake'
[0.391s] Level 1:colcon.colcon_core.package_identification:_identify(bumperbot_ws) by extension 'python'
[0.391s] Level 1:colcon.colcon_core.package_identification:_identify(bumperbot_ws) by extensions ['python_setup_py']
[0.391s] Level 1:colcon.colcon_core.package_identification:_identify(bumperbot_ws) by extension 'python_setup_py'
[0.392s] Level 1:colcon.colcon_core.package_identification:_identify(bumperbot_ws/build) by extensions ['ignore', 'ignore_ament_install']
[0.392s] Level 1:colcon.colcon_core.package_identification:_identify(bumperbot_ws/build) by extension 'ignore'
[0.392s] Level 1:colcon.colcon_core.package_identification:_identify(bumperbot_ws/build) ignored
[0.392s] Level 1:colcon.colcon_core.package_identification:_identify(bumperbot_ws/install) by extensions ['ignore', 'ignore_ament_install']
[0.393s] Level 1:colcon.colcon_core.package_identification:_identify(bumperbot_ws/install) by extension 'ignore'
[0.393s] Level 1:colcon.colcon_core.package_identification:_identify(bumperbot_ws/install) ignored
[0.394s] Level 1:colcon.colcon_core.package_identification:_identify(bumperbot_ws/log) by extensions ['ignore', 'ignore_ament_install']
[0.394s] Level 1:colcon.colcon_core.package_identification:_identify(bumperbot_ws/log) by extension 'ignore'
[0.394s] Level 1:colcon.colcon_core.package_identification:_identify(bumperbot_ws/log) ignored
[0.395s] Level 1:colcon.colcon_core.package_identification:_identify(bumperbot_ws/src) by extensions ['ignore', 'ignore_ament_install']
[0.395s] Level 1:colcon.colcon_core.package_identification:_identify(bumperbot_ws/src) by extension 'ignore'
[0.395s] Level 1:colcon.colcon_core.package_identification:_identify(bumperbot_ws/src) by extension 'ignore_ament_install'
[0.395s] Level 1:colcon.colcon_core.package_identification:_identify(bumperbot_ws/src) by extensions ['colcon_pkg']
[0.395s] Level 1:colcon.colcon_core.package_identification:_identify(bumperbot_ws/src) by extension 'colcon_pkg'
[0.395s] Level 1:colcon.colcon_core.package_identification:_identify(bumperbot_ws/src) by extensions ['colcon_meta']
[0.395s] Level 1:colcon.colcon_core.package_identification:_identify(bumperbot_ws/src) by extension 'colcon_meta'
[0.395s] Level 1:colcon.colcon_core.package_identification:_identify(bumperbot_ws/src) by extensions ['ros']
[0.395s] Level 1:colcon.colcon_core.package_identification:_identify(bumperbot_ws/src) by extension 'ros'
[0.395s] Level 1:colcon.colcon_core.package_identification:_identify(bumperbot_ws/src) by extensions ['cmake', 'python']
[0.395s] Level 1:colcon.colcon_core.package_identification:_identify(bumperbot_ws/src) by extension 'cmake'
[0.395s] Level 1:colcon.colcon_core.package_identification:_identify(bumperbot_ws/src) by extension 'python'
[0.396s] Level 1:colcon.colcon_core.package_identification:_identify(bumperbot_ws/src) by extensions ['python_setup_py']
[0.396s] Level 1:colcon.colcon_core.package_identification:_identify(bumperbot_ws/src) by extension 'python_setup_py'
[0.397s] Level 1:colcon.colcon_core.package_identification:_identify(bumperbot_ws/src/build) by extensions ['ignore', 'ignore_ament_install']
[0.397s] Level 1:colcon.colcon_core.package_identification:_identify(bumperbot_ws/src/build) by extension 'ignore'
[0.397s] Level 1:colcon.colcon_core.package_identification:_identify(bumperbot_ws/src/build) ignored
[0.397s] Level 1:colcon.colcon_core.package_identification:_identify(bumperbot_ws/src/bumperbot_controller) by extensions ['ignore', 'ignore_ament_install']
[0.397s] Level 1:colcon.colcon_core.package_identification:_identify(bumperbot_ws/src/bumperbot_controller) by extension 'ignore'
[0.397s] Level 1:colcon.colcon_core.package_identification:_identify(bumperbot_ws/src/bumperbot_controller) by extension 'ignore_ament_install'
[0.397s] Level 1:colcon.colcon_core.package_identification:_identify(bumperbot_ws/src/bumperbot_controller) by extensions ['colcon_pkg']
[0.397s] Level 1:colcon.colcon_core.package_identification:_identify(bumperbot_ws/src/bumperbot_controller) by extension 'colcon_pkg'
[0.397s] Level 1:colcon.colcon_core.package_identification:_identify(bumperbot_ws/src/bumperbot_controller) by extensions ['colcon_meta']
[0.397s] Level 1:colcon.colcon_core.package_identification:_identify(bumperbot_ws/src/bumperbot_controller) by extension 'colcon_meta'
[0.398s] Level 1:colcon.colcon_core.package_identification:_identify(bumperbot_ws/src/bumperbot_controller) by extensions ['ros']
[0.398s] Level 1:colcon.colcon_core.package_identification:_identify(bumperbot_ws/src/bumperbot_controller) by extension 'ros'
[0.402s] DEBUG:colcon.colcon_core.package_identification:Package 'bumperbot_ws/src/bumperbot_controller' with type 'ros.ament_cmake' and name 'bumperbot_controller'
[0.402s] Level 1:colcon.colcon_core.package_identification:_identify(bumperbot_ws/src/bumperbot_cpp_examples) by extensions ['ignore', 'ignore_ament_install']
[0.402s] Level 1:colcon.colcon_core.package_identification:_identify(bumperbot_ws/src/bumperbot_cpp_examples) by extension 'ignore'
[0.402s] Level 1:colcon.colcon_core.package_identification:_identify(bumperbot_ws/src/bumperbot_cpp_examples) by extension 'ignore_ament_install'
[0.403s] Level 1:colcon.colcon_core.package_identification:_identify(bumperbot_ws/src/bumperbot_cpp_examples) by extensions ['colcon_pkg']
[0.403s] Level 1:colcon.colcon_core.package_identification:_identify(bumperbot_ws/src/bumperbot_cpp_examples) by extension 'colcon_pkg'
[0.403s] Level 1:colcon.colcon_core.package_identification:_identify(bumperbot_ws/src/bumperbot_cpp_examples) by extensions ['colcon_meta']
[0.403s] Level 1:colcon.colcon_core.package_identification:_identify(bumperbot_ws/src/bumperbot_cpp_examples) by extension 'colcon_meta'
[0.403s] Level 1:colcon.colcon_core.package_identification:_identify(bumperbot_ws/src/bumperbot_cpp_examples) by extensions ['ros']
[0.403s] Level 1:colcon.colcon_core.package_identification:_identify(bumperbot_ws/src/bumperbot_cpp_examples) by extension 'ros'
[0.404s] DEBUG:colcon.colcon_core.package_identification:Package 'bumperbot_ws/src/bumperbot_cpp_examples' with type 'ros.ament_cmake' and name 'bumperbot_cpp_examples'
[0.404s] Level 1:colcon.colcon_core.package_identification:_identify(bumperbot_ws/src/bumperbot_description) by extensions ['ignore', 'ignore_ament_install']
[0.404s] Level 1:colcon.colcon_core.package_identification:_identify(bumperbot_ws/src/bumperbot_description) by extension 'ignore'
[0.404s] Level 1:colcon.colcon_core.package_identification:_identify(bumperbot_ws/src/bumperbot_description) by extension 'ignore_ament_install'
[0.404s] Level 1:colcon.colcon_core.package_identification:_identify(bumperbot_ws/src/bumperbot_description) by extensions ['colcon_pkg']
[0.404s] Level 1:colcon.colcon_core.package_identification:_identify(bumperbot_ws/src/bumperbot_description) by extension 'colcon_pkg'
[0.404s] Level 1:colcon.colcon_core.package_identification:_identify(bumperbot_ws/src/bumperbot_description) by extensions ['colcon_meta']
[0.405s] Level 1:colcon.colcon_core.package_identification:_identify(bumperbot_ws/src/bumperbot_description) by extension 'colcon_meta'
[0.405s] Level 1:colcon.colcon_core.package_identification:_identify(bumperbot_ws/src/bumperbot_description) by extensions ['ros']
[0.405s] Level 1:colcon.colcon_core.package_identification:_identify(bumperbot_ws/src/bumperbot_description) by extension 'ros'
[0.405s] DEBUG:colcon.colcon_core.package_identification:Package 'bumperbot_ws/src/bumperbot_description' with type 'ros.ament_cmake' and name 'bumperbot_description'
[0.406s] Level 1:colcon.colcon_core.package_identification:_identify(bumperbot_ws/src/bumperbot_firmware) by extensions ['ignore', 'ignore_ament_install']
[0.406s] Level 1:colcon.colcon_core.package_identification:_identify(bumperbot_ws/src/bumperbot_firmware) by extension 'ignore'
[0.406s] Level 1:colcon.colcon_core.package_identification:_identify(bumperbot_ws/src/bumperbot_firmware) by extension 'ignore_ament_install'
[0.406s] Level 1:colcon.colcon_core.package_identification:_identify(bumperbot_ws/src/bumperbot_firmware) by extensions ['colcon_pkg']
[0.406s] Level 1:colcon.colcon_core.package_identification:_identify(bumperbot_ws/src/bumperbot_firmware) by extension 'colcon_pkg'
[0.406s] Level 1:colcon.colcon_core.package_identification:_identify(bumperbot_ws/src/bumperbot_firmware) by extensions ['colcon_meta']
[0.406s] Level 1:colcon.colcon_core.package_identification:_identify(bumperbot_ws/src/bumperbot_firmware) by extension 'colcon_meta'
[0.406s] Level 1:colcon.colcon_core.package_identification:_identify(bumperbot_ws/src/bumperbot_firmware) by extensions ['ros']
[0.406s] Level 1:colcon.colcon_core.package_identification:_identify(bumperbot_ws/src/bumperbot_firmware) by extension 'ros'
[0.407s] DEBUG:colcon.colcon_core.package_identification:Package 'bumperbot_ws/src/bumperbot_firmware' with type 'ros.ament_cmake' and name 'bumperbot_firmware'
[0.407s] Level 1:colcon.colcon_core.package_identification:_identify(bumperbot_ws/src/bumperbot_localization) by extensions ['ignore', 'ignore_ament_install']
[0.407s] Level 1:colcon.colcon_core.package_identification:_identify(bumperbot_ws/src/bumperbot_localization) by extension 'ignore'
[0.407s] Level 1:colcon.colcon_core.package_identification:_identify(bumperbot_ws/src/bumperbot_localization) by extension 'ignore_ament_install'
[0.407s] Level 1:colcon.colcon_core.package_identification:_identify(bumperbot_ws/src/bumperbot_localization) by extensions ['colcon_pkg']
[0.407s] Level 1:colcon.colcon_core.package_identification:_identify(bumperbot_ws/src/bumperbot_localization) by extension 'colcon_pkg'
[0.407s] Level 1:colcon.colcon_core.package_identification:_identify(bumperbot_ws/src/bumperbot_localization) by extensions ['colcon_meta']
[0.407s] Level 1:colcon.colcon_core.package_identification:_identify(bumperbot_ws/src/bumperbot_localization) by extension 'colcon_meta'
[0.408s] Level 1:colcon.colcon_core.package_identification:_identify(bumperbot_ws/src/bumperbot_localization) by extensions ['ros']
[0.408s] Level 1:colcon.colcon_core.package_identification:_identify(bumperbot_ws/src/bumperbot_localization) by extension 'ros'
[0.408s] DEBUG:colcon.colcon_core.package_identification:Package 'bumperbot_ws/src/bumperbot_localization' with type 'ros.ament_cmake' and name 'bumperbot_localization'
[0.409s] Level 1:colcon.colcon_core.package_identification:_identify(bumperbot_ws/src/bumperbot_mapping) by extensions ['ignore', 'ignore_ament_install']
[0.409s] Level 1:colcon.colcon_core.package_identification:_identify(bumperbot_ws/src/bumperbot_mapping) by extension 'ignore'
[0.409s] Level 1:colcon.colcon_core.package_identification:_identify(bumperbot_ws/src/bumperbot_mapping) by extension 'ignore_ament_install'
[0.409s] Level 1:colcon.colcon_core.package_identification:_identify(bumperbot_ws/src/bumperbot_mapping) by extensions ['colcon_pkg']
[0.409s] Level 1:colcon.colcon_core.package_identification:_identify(bumperbot_ws/src/bumperbot_mapping) by extension 'colcon_pkg'
[0.409s] Level 1:colcon.colcon_core.package_identification:_identify(bumperbot_ws/src/bumperbot_mapping) by extensions ['colcon_meta']
[0.409s] Level 1:colcon.colcon_core.package_identification:_identify(bumperbot_ws/src/bumperbot_mapping) by extension 'colcon_meta'
[0.409s] Level 1:colcon.colcon_core.package_identification:_identify(bumperbot_ws/src/bumperbot_mapping) by extensions ['ros']
[0.409s] Level 1:colcon.colcon_core.package_identification:_identify(bumperbot_ws/src/bumperbot_mapping) by extension 'ros'
[0.410s] DEBUG:colcon.colcon_core.package_identification:Package 'bumperbot_ws/src/bumperbot_mapping' with type 'ros.ament_cmake' and name 'bumperbot_mapping'
[0.410s] Level 1:colcon.colcon_core.package_identification:_identify(bumperbot_ws/src/bumperbot_py_examples) by extensions ['ignore', 'ignore_ament_install']
[0.410s] Level 1:colcon.colcon_core.package_identification:_identify(bumperbot_ws/src/bumperbot_py_examples) by extension 'ignore'
[0.410s] Level 1:colcon.colcon_core.package_identification:_identify(bumperbot_ws/src/bumperbot_py_examples) by extension 'ignore_ament_install'
[0.410s] Level 1:colcon.colcon_core.package_identification:_identify(bumperbot_ws/src/bumperbot_py_examples) by extensions ['colcon_pkg']
[0.410s] Level 1:colcon.colcon_core.package_identification:_identify(bumperbot_ws/src/bumperbot_py_examples) by extension 'colcon_pkg'
[0.410s] Level 1:colcon.colcon_core.package_identification:_identify(bumperbot_ws/src/bumperbot_py_examples) by extensions ['colcon_meta']
[0.410s] Level 1:colcon.colcon_core.package_identification:_identify(bumperbot_ws/src/bumperbot_py_examples) by extension 'colcon_meta'
[0.410s] Level 1:colcon.colcon_core.package_identification:_identify(bumperbot_ws/src/bumperbot_py_examples) by extensions ['ros']
[0.410s] Level 1:colcon.colcon_core.package_identification:_identify(bumperbot_ws/src/bumperbot_py_examples) by extension 'ros'
[0.411s] DEBUG:colcon.colcon_core.package_identification:Package 'bumperbot_ws/src/bumperbot_py_examples' with type 'ros.ament_python' and name 'bumperbot_py_examples'
[0.411s] Level 1:colcon.colcon_core.package_identification:_identify(bumperbot_ws/src/bumperbot_utils) by extensions ['ignore', 'ignore_ament_install']
[0.411s] Level 1:colcon.colcon_core.package_identification:_identify(bumperbot_ws/src/bumperbot_utils) by extension 'ignore'
[0.411s] Level 1:colcon.colcon_core.package_identification:_identify(bumperbot_ws/src/bumperbot_utils) by extension 'ignore_ament_install'
[0.411s] Level 1:colcon.colcon_core.package_identification:_identify(bumperbot_ws/src/bumperbot_utils) by extensions ['colcon_pkg']
[0.411s] Level 1:colcon.colcon_core.package_identification:_identify(bumperbot_ws/src/bumperbot_utils) by extension 'colcon_pkg'
[0.411s] Level 1:colcon.colcon_core.package_identification:_identify(bumperbot_ws/src/bumperbot_utils) by extensions ['colcon_meta']
[0.411s] Level 1:colcon.colcon_core.package_identification:_identify(bumperbot_ws/src/bumperbot_utils) by extension 'colcon_meta'
[0.412s] Level 1:colcon.colcon_core.package_identification:_identify(bumperbot_ws/src/bumperbot_utils) by extensions ['ros']
[0.412s] Level 1:colcon.colcon_core.package_identification:_identify(bumperbot_ws/src/bumperbot_utils) by extension 'ros'
[0.412s] DEBUG:colcon.colcon_core.package_identification:Package 'bumperbot_ws/src/bumperbot_utils' with type 'ros.ament_cmake' and name 'bumperbot_utils'
[0.412s] Level 1:colcon.colcon_core.package_identification:_identify(bumperbot_ws/src/install) by extensions ['ignore', 'ignore_ament_install']
[0.413s] Level 1:colcon.colcon_core.package_identification:_identify(bumperbot_ws/src/install) by extension 'ignore'
[0.413s] Level 1:colcon.colcon_core.package_identification:_identify(bumperbot_ws/src/install) ignored
[0.413s] Level 1:colcon.colcon_core.package_identification:_identify(bumperbot_ws/src/log) by extensions ['ignore', 'ignore_ament_install']
[0.413s] Level 1:colcon.colcon_core.package_identification:_identify(bumperbot_ws/src/log) by extension 'ignore'
[0.413s] Level 1:colcon.colcon_core.package_identification:_identify(bumperbot_ws/src/log) ignored
[0.413s] Level 1:colcon.colcon_core.package_identification:_identify(install) by extensions ['ignore', 'ignore_ament_install']
[0.414s] Level 1:colcon.colcon_core.package_identification:_identify(install) by extension 'ignore'
[0.414s] Level 1:colcon.colcon_core.package_identification:_identify(install) ignored
[0.414s] Level 1:colcon.colcon_core.package_identification:_identify(log) by extensions ['ignore', 'ignore_ament_install']
[0.414s] Level 1:colcon.colcon_core.package_identification:_identify(log) by extension 'ignore'
[0.414s] Level 1:colcon.colcon_core.package_identification:_identify(log) ignored
[0.414s] Level 1:colcon.colcon_core.package_discovery:discover_packages(recursive) using defaults
[0.414s] Level 1:colcon.colcon_core.package_discovery:discover_packages(ignore) discover
[0.414s] Level 1:colcon.colcon_core.package_discovery:discover_packages(ignore) using defaults
[0.414s] Level 1:colcon.colcon_core.package_discovery:discover_packages(path) discover
[0.414s] Level 1:colcon.colcon_core.package_discovery:discover_packages(path) using defaults
[0.441s] Level 1:colcon.colcon_core.package_discovery:discover_packages(prefix_path) check parameters
[0.441s] Level 1:colcon.colcon_core.package_discovery:discover_packages(prefix_path) discover
[0.444s] DEBUG:colcon.colcon_installed_package_information.package_discovery:Found 329 installed packages in /opt/ros/humble
[0.455s] Level 1:colcon.colcon_core.package_discovery:discover_packages(prefix_path) using defaults
[0.486s] Level 5:colcon.colcon_core.verb:set package 'bumperbot_controller' build argument 'cmake_args' from command line to 'None'
[0.486s] Level 5:colcon.colcon_core.verb:set package 'bumperbot_controller' build argument 'cmake_target' from command line to 'None'
[0.486s] Level 5:colcon.colcon_core.verb:set package 'bumperbot_controller' build argument 'cmake_target_skip_unavailable' from command line to 'False'
[0.486s] Level 5:colcon.colcon_core.verb:set package 'bumperbot_controller' build argument 'cmake_clean_cache' from command line to 'False'
[0.486s] Level 5:colcon.colcon_core.verb:set package 'bumperbot_controller' build argument 'cmake_clean_first' from command line to 'False'
[0.486s] Level 5:colcon.colcon_core.verb:set package 'bumperbot_controller' build argument 'cmake_force_configure' from command line to 'False'
[0.486s] Level 5:colcon.colcon_core.verb:set package 'bumperbot_controller' build argument 'ament_cmake_args' from command line to 'None'
[0.486s] Level 5:colcon.colcon_core.verb:set package 'bumperbot_controller' build argument 'catkin_cmake_args' from command line to 'None'
[0.486s] Level 5:colcon.colcon_core.verb:set package 'bumperbot_controller' build argument 'catkin_skip_building_tests' from command line to 'False'
[0.486s] DEBUG:colcon.colcon_core.verb:Building package 'bumperbot_controller' with the following arguments: {'ament_cmake_args': None, 'build_base': '/root/AGV/build/bumperbot_controller', 'catkin_cmake_args': None, 'catkin_skip_building_tests': False, 'cmake_args': None, 'cmake_clean_cache': False, 'cmake_clean_first': False, 'cmake_force_configure': False, 'cmake_target': None, 'cmake_target_skip_unavailable': False, 'install_base': '/root/AGV/install/bumperbot_controller', 'merge_install': False, 'path': '/root/AGV/bumperbot_ws/src/bumperbot_controller', 'symlink_install': False, 'test_result_base': None}
[0.487s] Level 5:colcon.colcon_core.verb:set package 'bumperbot_cpp_examples' build argument 'cmake_args' from command line to 'None'
[0.487s] Level 5:colcon.colcon_core.verb:set package 'bumperbot_cpp_examples' build argument 'cmake_target' from command line to 'None'
[0.487s] Level 5:colcon.colcon_core.verb:set package 'bumperbot_cpp_examples' build argument 'cmake_target_skip_unavailable' from command line to 'False'
[0.487s] Level 5:colcon.colcon_core.verb:set package 'bumperbot_cpp_examples' build argument 'cmake_clean_cache' from command line to 'False'
[0.487s] Level 5:colcon.colcon_core.verb:set package 'bumperbot_cpp_examples' build argument 'cmake_clean_first' from command line to 'False'
[0.487s] Level 5:colcon.colcon_core.verb:set package 'bumperbot_cpp_examples' build argument 'cmake_force_configure' from command line to 'False'
[0.487s] Level 5:colcon.colcon_core.verb:set package 'bumperbot_cpp_examples' build argument 'ament_cmake_args' from command line to 'None'
[0.487s] Level 5:colcon.colcon_core.verb:set package 'bumperbot_cpp_examples' build argument 'catkin_cmake_args' from command line to 'None'
[0.487s] Level 5:colcon.colcon_core.verb:set package 'bumperbot_cpp_examples' build argument 'catkin_skip_building_tests' from command line to 'False'
[0.487s] DEBUG:colcon.colcon_core.verb:Building package 'bumperbot_cpp_examples' with the following arguments: {'ament_cmake_args': None, 'build_base': '/root/AGV/build/bumperbot_cpp_examples', 'catkin_cmake_args': None, 'catkin_skip_building_tests': False, 'cmake_args': None, 'cmake_clean_cache': False, 'cmake_clean_first': False, 'cmake_force_configure': False, 'cmake_target': None, 'cmake_target_skip_unavailable': False, 'install_base': '/root/AGV/install/bumperbot_cpp_examples', 'merge_install': False, 'path': '/root/AGV/bumperbot_ws/src/bumperbot_cpp_examples', 'symlink_install': False, 'test_result_base': None}
[0.487s] Level 5:colcon.colcon_core.verb:set package 'bumperbot_description' build argument 'cmake_args' from command line to 'None'
[0.487s] Level 5:colcon.colcon_core.verb:set package 'bumperbot_description' build argument 'cmake_target' from command line to 'None'
[0.487s] Level 5:colcon.colcon_core.verb:set package 'bumperbot_description' build argument 'cmake_target_skip_unavailable' from command line to 'False'
[0.487s] Level 5:colcon.colcon_core.verb:set package 'bumperbot_description' build argument 'cmake_clean_cache' from command line to 'False'
[0.487s] Level 5:colcon.colcon_core.verb:set package 'bumperbot_description' build argument 'cmake_clean_first' from command line to 'False'
[0.487s] Level 5:colcon.colcon_core.verb:set package 'bumperbot_description' build argument 'cmake_force_configure' from command line to 'False'
[0.487s] Level 5:colcon.colcon_core.verb:set package 'bumperbot_description' build argument 'ament_cmake_args' from command line to 'None'
[0.487s] Level 5:colcon.colcon_core.verb:set package 'bumperbot_description' build argument 'catkin_cmake_args' from command line to 'None'
[0.487s] Level 5:colcon.colcon_core.verb:set package 'bumperbot_description' build argument 'catkin_skip_building_tests' from command line to 'False'
[0.487s] DEBUG:colcon.colcon_core.verb:Building package 'bumperbot_description' with the following arguments: {'ament_cmake_args': None, 'build_base': '/root/AGV/build/bumperbot_description', 'catkin_cmake_args': None, 'catkin_skip_building_tests': False, 'cmake_args': None, 'cmake_clean_cache': False, 'cmake_clean_first': False, 'cmake_force_configure': False, 'cmake_target': None, 'cmake_target_skip_unavailable': False, 'install_base': '/root/AGV/install/bumperbot_description', 'merge_install': False, 'path': '/root/AGV/bumperbot_ws/src/bumperbot_description', 'symlink_install': False, 'test_result_base': None}
[0.487s] Level 5:colcon.colcon_core.verb:set package 'bumperbot_firmware' build argument 'cmake_args' from command line to 'None'
[0.487s] Level 5:colcon.colcon_core.verb:set package 'bumperbot_firmware' build argument 'cmake_target' from command line to 'None'
[0.487s] Level 5:colcon.colcon_core.verb:set package 'bumperbot_firmware' build argument 'cmake_target_skip_unavailable' from command line to 'False'
[0.487s] Level 5:colcon.colcon_core.verb:set package 'bumperbot_firmware' build argument 'cmake_clean_cache' from command line to 'False'
[0.487s] Level 5:colcon.colcon_core.verb:set package 'bumperbot_firmware' build argument 'cmake_clean_first' from command line to 'False'
[0.488s] Level 5:colcon.colcon_core.verb:set package 'bumperbot_firmware' build argument 'cmake_force_configure' from command line to 'False'
[0.488s] Level 5:colcon.colcon_core.verb:set package 'bumperbot_firmware' build argument 'ament_cmake_args' from command line to 'None'
[0.488s] Level 5:colcon.colcon_core.verb:set package 'bumperbot_firmware' build argument 'catkin_cmake_args' from command line to 'None'
[0.488s] Level 5:colcon.colcon_core.verb:set package 'bumperbot_firmware' build argument 'catkin_skip_building_tests' from command line to 'False'
[0.488s] DEBUG:colcon.colcon_core.verb:Building package 'bumperbot_firmware' with the following arguments: {'ament_cmake_args': None, 'build_base': '/root/AGV/build/bumperbot_firmware', 'catkin_cmake_args': None, 'catkin_skip_building_tests': False, 'cmake_args': None, 'cmake_clean_cache': False, 'cmake_clean_first': False, 'cmake_force_configure': False, 'cmake_target': None, 'cmake_target_skip_unavailable': False, 'install_base': '/root/AGV/install/bumperbot_firmware', 'merge_install': False, 'path': '/root/AGV/bumperbot_ws/src/bumperbot_firmware', 'symlink_install': False, 'test_result_base': None}
[0.488s] Level 5:colcon.colcon_core.verb:set package 'bumperbot_localization' build argument 'cmake_args' from command line to 'None'
[0.488s] Level 5:colcon.colcon_core.verb:set package 'bumperbot_localization' build argument 'cmake_target' from command line to 'None'
[0.488s] Level 5:colcon.colcon_core.verb:set package 'bumperbot_localization' build argument 'cmake_target_skip_unavailable' from command line to 'False'
[0.488s] Level 5:colcon.colcon_core.verb:set package 'bumperbot_localization' build argument 'cmake_clean_cache' from command line to 'False'
[0.488s] Level 5:colcon.colcon_core.verb:set package 'bumperbot_localization' build argument 'cmake_clean_first' from command line to 'False'
[0.488s] Level 5:colcon.colcon_core.verb:set package 'bumperbot_localization' build argument 'cmake_force_configure' from command line to 'False'
[0.488s] Level 5:colcon.colcon_core.verb:set package 'bumperbot_localization' build argument 'ament_cmake_args' from command line to 'None'
[0.488s] Level 5:colcon.colcon_core.verb:set package 'bumperbot_localization' build argument 'catkin_cmake_args' from command line to 'None'
[0.488s] Level 5:colcon.colcon_core.verb:set package 'bumperbot_localization' build argument 'catkin_skip_building_tests' from command line to 'False'
[0.488s] DEBUG:colcon.colcon_core.verb:Building package 'bumperbot_localization' with the following arguments: {'ament_cmake_args': None, 'build_base': '/root/AGV/build/bumperbot_localization', 'catkin_cmake_args': None, 'catkin_skip_building_tests': False, 'cmake_args': None, 'cmake_clean_cache': False, 'cmake_clean_first': False, 'cmake_force_configure': False, 'cmake_target': None, 'cmake_target_skip_unavailable': False, 'install_base': '/root/AGV/install/bumperbot_localization', 'merge_install': False, 'path': '/root/AGV/bumperbot_ws/src/bumperbot_localization', 'symlink_install': False, 'test_result_base': None}
[0.488s] Level 5:colcon.colcon_core.verb:set package 'bumperbot_mapping' build argument 'cmake_args' from command line to 'None'
[0.488s] Level 5:colcon.colcon_core.verb:set package 'bumperbot_mapping' build argument 'cmake_target' from command line to 'None'
[0.488s] Level 5:colcon.colcon_core.verb:set package 'bumperbot_mapping' build argument 'cmake_target_skip_unavailable' from command line to 'False'
[0.488s] Level 5:colcon.colcon_core.verb:set package 'bumperbot_mapping' build argument 'cmake_clean_cache' from command line to 'False'
[0.488s] Level 5:colcon.colcon_core.verb:set package 'bumperbot_mapping' build argument 'cmake_clean_first' from command line to 'False'
[0.488s] Level 5:colcon.colcon_core.verb:set package 'bumperbot_mapping' build argument 'cmake_force_configure' from command line to 'False'
[0.488s] Level 5:colcon.colcon_core.verb:set package 'bumperbot_mapping' build argument 'ament_cmake_args' from command line to 'None'
[0.488s] Level 5:colcon.colcon_core.verb:set package 'bumperbot_mapping' build argument 'catkin_cmake_args' from command line to 'None'
[0.488s] Level 5:colcon.colcon_core.verb:set package 'bumperbot_mapping' build argument 'catkin_skip_building_tests' from command line to 'False'
[0.489s] DEBUG:colcon.colcon_core.verb:Building package 'bumperbot_mapping' with the following arguments: {'ament_cmake_args': None, 'build_base': '/root/AGV/build/bumperbot_mapping', 'catkin_cmake_args': None, 'catkin_skip_building_tests': False, 'cmake_args': None, 'cmake_clean_cache': False, 'cmake_clean_first': False, 'cmake_force_configure': False, 'cmake_target': None, 'cmake_target_skip_unavailable': False, 'install_base': '/root/AGV/install/bumperbot_mapping', 'merge_install': False, 'path': '/root/AGV/bumperbot_ws/src/bumperbot_mapping', 'symlink_install': False, 'test_result_base': None}
[0.489s] Level 5:colcon.colcon_core.verb:set package 'bumperbot_py_examples' build argument 'cmake_args' from command line to 'None'
[0.489s] Level 5:colcon.colcon_core.verb:set package 'bumperbot_py_examples' build argument 'cmake_target' from command line to 'None'
[0.489s] Level 5:colcon.colcon_core.verb:set package 'bumperbot_py_examples' build argument 'cmake_target_skip_unavailable' from command line to 'False'
[0.489s] Level 5:colcon.colcon_core.verb:set package 'bumperbot_py_examples' build argument 'cmake_clean_cache' from command line to 'False'
[0.489s] Level 5:colcon.colcon_core.verb:set package 'bumperbot_py_examples' build argument 'cmake_clean_first' from command line to 'False'
[0.489s] Level 5:colcon.colcon_core.verb:set package 'bumperbot_py_examples' build argument 'cmake_force_configure' from command line to 'False'
[0.489s] Level 5:colcon.colcon_core.verb:set package 'bumperbot_py_examples' build argument 'ament_cmake_args' from command line to 'None'
[0.489s] Level 5:colcon.colcon_core.verb:set package 'bumperbot_py_examples' build argument 'catkin_cmake_args' from command line to 'None'
[0.489s] Level 5:colcon.colcon_core.verb:set package 'bumperbot_py_examples' build argument 'catkin_skip_building_tests' from command line to 'False'
[0.489s] DEBUG:colcon.colcon_core.verb:Building package 'bumperbot_py_examples' with the following arguments: {'ament_cmake_args': None, 'build_base': '/root/AGV/build/bumperbot_py_examples', 'catkin_cmake_args': None, 'catkin_skip_building_tests': False, 'cmake_args': None, 'cmake_clean_cache': False, 'cmake_clean_first': False, 'cmake_force_configure': False, 'cmake_target': None, 'cmake_target_skip_unavailable': False, 'install_base': '/root/AGV/install/bumperbot_py_examples', 'merge_install': False, 'path': '/root/AGV/bumperbot_ws/src/bumperbot_py_examples', 'symlink_install': False, 'test_result_base': None}
[0.489s] Level 5:colcon.colcon_core.verb:set package 'bumperbot_utils' build argument 'cmake_args' from command line to 'None'
[0.489s] Level 5:colcon.colcon_core.verb:set package 'bumperbot_utils' build argument 'cmake_target' from command line to 'None'
[0.489s] Level 5:colcon.colcon_core.verb:set package 'bumperbot_utils' build argument 'cmake_target_skip_unavailable' from command line to 'False'
[0.489s] Level 5:colcon.colcon_core.verb:set package 'bumperbot_utils' build argument 'cmake_clean_cache' from command line to 'False'
[0.489s] Level 5:colcon.colcon_core.verb:set package 'bumperbot_utils' build argument 'cmake_clean_first' from command line to 'False'
[0.489s] Level 5:colcon.colcon_core.verb:set package 'bumperbot_utils' build argument 'cmake_force_configure' from command line to 'False'
[0.489s] Level 5:colcon.colcon_core.verb:set package 'bumperbot_utils' build argument 'ament_cmake_args' from command line to 'None'
[0.489s] Level 5:colcon.colcon_core.verb:set package 'bumperbot_utils' build argument 'catkin_cmake_args' from command line to 'None'
[0.489s] Level 5:colcon.colcon_core.verb:set package 'bumperbot_utils' build argument 'catkin_skip_building_tests' from command line to 'False'
[0.489s] DEBUG:colcon.colcon_core.verb:Building package 'bumperbot_utils' with the following arguments: {'ament_cmake_args': None, 'build_base': '/root/AGV/build/bumperbot_utils', 'catkin_cmake_args': None, 'catkin_skip_building_tests': False, 'cmake_args': None, 'cmake_clean_cache': False, 'cmake_clean_first': False, 'cmake_force_configure': False, 'cmake_target': None, 'cmake_target_skip_unavailable': False, 'install_base': '/root/AGV/install/bumperbot_utils', 'merge_install': False, 'path': '/root/AGV/bumperbot_ws/src/bumperbot_utils', 'symlink_install': False, 'test_result_base': None}
[0.489s] INFO:colcon.colcon_core.executor:Executing jobs using 'parallel' executor
[0.490s] DEBUG:colcon.colcon_parallel_executor.executor.parallel:run_until_complete
[0.491s] INFO:colcon.colcon_ros.task.ament_cmake.build:Building ROS package in '/root/AGV/bumperbot_ws/src/bumperbot_controller' with build type 'ament_cmake'
[0.491s] INFO:colcon.colcon_cmake.task.cmake.build:Building CMake package in '/root/AGV/bumperbot_ws/src/bumperbot_controller'
[0.495s] INFO:colcon.colcon_core.plugin_system:Skipping extension 'colcon_core.shell.bat': Not used on non-Windows systems
[0.495s] INFO:colcon.colcon_core.shell:Skip shell extension 'powershell' for command environment: Not usable outside of PowerShell
[0.495s] DEBUG:colcon.colcon_core.shell:Skip shell extension 'dsv' for command environment
[0.500s] INFO:colcon.colcon_ros.task.ament_cmake.build:Building ROS package in '/root/AGV/bumperbot_ws/src/bumperbot_cpp_examples' with build type 'ament_cmake'
[0.500s] INFO:colcon.colcon_cmake.task.cmake.build:Building CMake package in '/root/AGV/bumperbot_ws/src/bumperbot_cpp_examples'
[0.500s] INFO:colcon.colcon_core.shell:Skip shell extension 'powershell' for command environment: Not usable outside of PowerShell
[0.501s] DEBUG:colcon.colcon_core.shell:Skip shell extension 'dsv' for command environment
[0.505s] INFO:colcon.colcon_ros.task.ament_cmake.build:Building ROS package in '/root/AGV/bumperbot_ws/src/bumperbot_description' with build type 'ament_cmake'
[0.505s] INFO:colcon.colcon_cmake.task.cmake.build:Building CMake package in '/root/AGV/bumperbot_ws/src/bumperbot_description'
[0.505s] INFO:colcon.colcon_core.shell:Skip shell extension 'powershell' for command environment: Not usable outside of PowerShell
[0.505s] DEBUG:colcon.colcon_core.shell:Skip shell extension 'dsv' for command environment
[0.509s] INFO:colcon.colcon_ros.task.ament_cmake.build:Building ROS package in '/root/AGV/bumperbot_ws/src/bumperbot_firmware' with build type 'ament_cmake'
[0.510s] INFO:colcon.colcon_cmake.task.cmake.build:Building CMake package in '/root/AGV/bumperbot_ws/src/bumperbot_firmware'
[0.510s] INFO:colcon.colcon_core.shell:Skip shell extension 'powershell' for command environment: Not usable outside of PowerShell
[0.510s] DEBUG:colcon.colcon_core.shell:Skip shell extension 'dsv' for command environment
[0.513s] INFO:colcon.colcon_ros.task.ament_cmake.build:Building ROS package in '/root/AGV/bumperbot_ws/src/bumperbot_localization' with build type 'ament_cmake'
[0.513s] INFO:colcon.colcon_cmake.task.cmake.build:Building CMake package in '/root/AGV/bumperbot_ws/src/bumperbot_localization'
[0.513s] INFO:colcon.colcon_core.shell:Skip shell extension 'powershell' for command environment: Not usable outside of PowerShell
[0.514s] DEBUG:colcon.colcon_core.shell:Skip shell extension 'dsv' for command environment
[0.516s] INFO:colcon.colcon_ros.task.ament_cmake.build:Building ROS package in '/root/AGV/bumperbot_ws/src/bumperbot_mapping' with build type 'ament_cmake'
[0.517s] INFO:colcon.colcon_cmake.task.cmake.build:Building CMake package in '/root/AGV/bumperbot_ws/src/bumperbot_mapping'
[0.517s] INFO:colcon.colcon_core.shell:Skip shell extension 'powershell' for command environment: Not usable outside of PowerShell
[0.517s] DEBUG:colcon.colcon_core.shell:Skip shell extension 'dsv' for command environment
[0.521s] INFO:colcon.colcon_ros.task.ament_python.build:Building ROS package in '/root/AGV/bumperbot_ws/src/bumperbot_py_examples' with build type 'ament_python'
[0.521s] Level 1:colcon.colcon_core.shell:create_environment_hook('bumperbot_py_examples', 'ament_prefix_path')
[0.522s] INFO:colcon.colcon_core.shell:Creating environment hook '/root/AGV/install/bumperbot_py_examples/share/bumperbot_py_examples/hook/ament_prefix_path.ps1'
[0.524s] INFO:colcon.colcon_core.shell:Creating environment descriptor '/root/AGV/install/bumperbot_py_examples/share/bumperbot_py_examples/hook/ament_prefix_path.dsv'
[0.525s] INFO:colcon.colcon_core.shell:Creating environment hook '/root/AGV/install/bumperbot_py_examples/share/bumperbot_py_examples/hook/ament_prefix_path.sh'
[0.526s] INFO:colcon.colcon_core.shell:Skip shell extension 'powershell' for command environment: Not usable outside of PowerShell
[0.526s] DEBUG:colcon.colcon_core.shell:Skip shell extension 'dsv' for command environment
[0.530s] INFO:colcon.colcon_ros.task.ament_cmake.build:Building ROS package in '/root/AGV/bumperbot_ws/src/bumperbot_utils' with build type 'ament_cmake'
[0.530s] INFO:colcon.colcon_cmake.task.cmake.build:Building CMake package in '/root/AGV/bumperbot_ws/src/bumperbot_utils'
[0.531s] INFO:colcon.colcon_core.shell:Skip shell extension 'powershell' for command environment: Not usable outside of PowerShell
[0.531s] DEBUG:colcon.colcon_core.shell:Skip shell extension 'dsv' for command environment
[0.545s] DEBUG:colcon.colcon_core.event_handler.log_command:Invoking command in '/root/AGV/build/bumperbot_controller': CMAKE_PREFIX_PATH=/opt/ros/humble /usr/bin/cmake --build /root/AGV/build/bumperbot_controller -- -j8 -l8
[0.549s] DEBUG:colcon.colcon_core.event_handler.log_command:Invoking command in '/root/AGV/build/bumperbot_cpp_examples': CMAKE_PREFIX_PATH=/opt/ros/humble /usr/bin/cmake --build /root/AGV/build/bumperbot_cpp_examples -- -j8 -l8
[0.554s] DEBUG:colcon.colcon_core.event_handler.log_command:Invoking command in '/root/AGV/build/bumperbot_description': CMAKE_PREFIX_PATH=/opt/ros/humble /usr/bin/cmake --build /root/AGV/build/bumperbot_description -- -j8 -l8
[0.564s] DEBUG:colcon.colcon_core.event_handler.log_command:Invoking command in '/root/AGV/build/bumperbot_firmware': CMAKE_PREFIX_PATH=/opt/ros/humble /usr/bin/cmake --build /root/AGV/build/bumperbot_firmware -- -j8 -l8
[0.566s] DEBUG:colcon.colcon_core.event_handler.log_command:Invoking command in '/root/AGV/build/bumperbot_localization': CMAKE_PREFIX_PATH=/opt/ros/humble /usr/bin/cmake --build /root/AGV/build/bumperbot_localization -- -j8 -l8
[0.579s] DEBUG:colcon.colcon_core.event_handler.log_command:Invoking command in '/root/AGV/build/bumperbot_mapping': CMAKE_PREFIX_PATH=/opt/ros/humble /usr/bin/cmake --build /root/AGV/build/bumperbot_mapping -- -j8 -l8
[1.094s] INFO:colcon.colcon_core.task.python.build:Building Python package in '/root/AGV/bumperbot_ws/src/bumperbot_py_examples'
[1.095s] INFO:colcon.colcon_core.shell:Skip shell extension 'powershell' for command environment: Not usable outside of PowerShell
[1.095s] DEBUG:colcon.colcon_core.shell:Skip shell extension 'dsv' for command environment
[1.129s] DEBUG:colcon.colcon_core.event_handler.log_command:Invoking command in '/root/AGV/build/bumperbot_utils': CMAKE_PREFIX_PATH=/opt/ros/humble /usr/bin/cmake --build /root/AGV/build/bumperbot_utils -- -j8 -l8
[1.134s] DEBUG:colcon.colcon_core.event_handler.log_command:Invoked command in '/root/AGV/build/bumperbot_cpp_examples' returned '0': CMAKE_PREFIX_PATH=/opt/ros/humble /usr/bin/cmake --build /root/AGV/build/bumperbot_cpp_examples -- -j8 -l8
[1.142s] DEBUG:colcon.colcon_core.event_handler.log_command:Invoked command in '/root/AGV/build/bumperbot_description' returned '0': CMAKE_PREFIX_PATH=/opt/ros/humble /usr/bin/cmake --build /root/AGV/build/bumperbot_description -- -j8 -l8
[1.145s] DEBUG:colcon.colcon_core.event_handler.log_command:Invoked command in '/root/AGV/build/bumperbot_mapping' returned '0': CMAKE_PREFIX_PATH=/opt/ros/humble /usr/bin/cmake --build /root/AGV/build/bumperbot_mapping -- -j8 -l8
[1.163s] DEBUG:colcon.colcon_core.event_handler.log_command:Invoked command in '/root/AGV/build/bumperbot_localization' returned '0': CMAKE_PREFIX_PATH=/opt/ros/humble /usr/bin/cmake --build /root/AGV/build/bumperbot_localization -- -j8 -l8
[1.206s] DEBUG:colcon.colcon_core.event_handler.log_command:Invoking command in '/root/AGV/build/bumperbot_cpp_examples': CMAKE_PREFIX_PATH=/opt/ros/humble /usr/bin/cmake --install /root/AGV/build/bumperbot_cpp_examples
[1.219s] DEBUG:colcon.colcon_core.event_handler.log_command:Invoked command in '/root/AGV/build/bumperbot_firmware' returned '0': CMAKE_PREFIX_PATH=/opt/ros/humble /usr/bin/cmake --build /root/AGV/build/bumperbot_firmware -- -j8 -l8
[1.234s] DEBUG:colcon.colcon_core.event_handler.log_command:Invoking command in '/root/AGV/build/bumperbot_mapping': CMAKE_PREFIX_PATH=/opt/ros/humble /usr/bin/cmake --install /root/AGV/build/bumperbot_mapping
[1.245s] DEBUG:colcon.colcon_core.event_handler.log_command:Invoking command in '/root/AGV/build/bumperbot_description': CMAKE_PREFIX_PATH=/opt/ros/humble /usr/bin/cmake --install /root/AGV/build/bumperbot_description
[1.246s] DEBUG:colcon.colcon_core.event_handler.log_command:Invoking command in '/root/AGV/build/bumperbot_localization': CMAKE_PREFIX_PATH=/opt/ros/humble /usr/bin/cmake --install /root/AGV/build/bumperbot_localization
[1.250s] Level 1:colcon.colcon_core.environment:create_environment_scripts_only(bumperbot_cpp_examples)
[1.266s] DEBUG:colcon.colcon_core.event_handler.log_command:Invoked command in '/root/AGV/build/bumperbot_cpp_examples' returned '0': CMAKE_PREFIX_PATH=/opt/ros/humble /usr/bin/cmake --install /root/AGV/build/bumperbot_cpp_examples
[1.274s] Level 1:colcon.colcon_core.environment:checking '/root/AGV/install/bumperbot_cpp_examples' for CMake module files
[1.277s] Level 1:colcon.colcon_core.environment:checking '/root/AGV/install/bumperbot_cpp_examples' for CMake config files
[1.283s] Level 1:colcon.colcon_core.shell:create_environment_hook('bumperbot_cpp_examples', 'cmake_prefix_path')
[1.283s] INFO:colcon.colcon_core.shell:Creating environment hook '/root/AGV/install/bumperbot_cpp_examples/share/bumperbot_cpp_examples/hook/cmake_prefix_path.ps1'
[1.286s] INFO:colcon.colcon_core.shell:Creating environment descriptor '/root/AGV/install/bumperbot_cpp_examples/share/bumperbot_cpp_examples/hook/cmake_prefix_path.dsv'
[1.290s] INFO:colcon.colcon_core.shell:Creating environment hook '/root/AGV/install/bumperbot_cpp_examples/share/bumperbot_cpp_examples/hook/cmake_prefix_path.sh'
[1.310s] Level 1:colcon.colcon_core.environment:checking '/root/AGV/install/bumperbot_cpp_examples/bin'
[1.311s] Level 1:colcon.colcon_core.environment:checking '/root/AGV/install/bumperbot_cpp_examples/lib/pkgconfig/bumperbot_cpp_examples.pc'
[1.312s] Level 1:colcon.colcon_core.environment:checking '/root/AGV/install/bumperbot_cpp_examples/lib/python3.10/site-packages'
[1.313s] Level 1:colcon.colcon_core.environment:checking '/root/AGV/install/bumperbot_cpp_examples/bin'
[1.313s] INFO:colcon.colcon_core.shell:Creating package script '/root/AGV/install/bumperbot_cpp_examples/share/bumperbot_cpp_examples/package.ps1'
[1.316s] INFO:colcon.colcon_core.shell:Creating package descriptor '/root/AGV/install/bumperbot_cpp_examples/share/bumperbot_cpp_examples/package.dsv'
[1.321s] INFO:colcon.colcon_core.shell:Creating package script '/root/AGV/install/bumperbot_cpp_examples/share/bumperbot_cpp_examples/package.sh'
[1.324s] INFO:colcon.colcon_core.shell:Creating package script '/root/AGV/install/bumperbot_cpp_examples/share/bumperbot_cpp_examples/package.bash'
[1.335s] INFO:colcon.colcon_core.shell:Creating package script '/root/AGV/install/bumperbot_cpp_examples/share/bumperbot_cpp_examples/package.zsh'
[1.338s] Level 1:colcon.colcon_core.environment:create_file_with_runtime_dependencies(/root/AGV/install/bumperbot_cpp_examples/share/colcon-core/packages/bumperbot_cpp_examples)
[1.352s] Level 1:colcon.colcon_core.environment:create_environment_scripts_only(bumperbot_mapping)
[1.354s] Level 1:colcon.colcon_core.environment:checking '/root/AGV/install/bumperbot_mapping' for CMake module files
[1.355s] Level 1:colcon.colcon_core.environment:checking '/root/AGV/install/bumperbot_mapping' for CMake config files
[1.356s] Level 1:colcon.colcon_core.shell:create_environment_hook('bumperbot_mapping', 'cmake_prefix_path')
[1.357s] INFO:colcon.colcon_core.shell:Creating environment hook '/root/AGV/install/bumperbot_mapping/share/bumperbot_mapping/hook/cmake_prefix_path.ps1'
[1.359s] INFO:colcon.colcon_core.shell:Creating environment descriptor '/root/AGV/install/bumperbot_mapping/share/bumperbot_mapping/hook/cmake_prefix_path.dsv'
[1.360s] INFO:colcon.colcon_core.shell:Creating environment hook '/root/AGV/install/bumperbot_mapping/share/bumperbot_mapping/hook/cmake_prefix_path.sh'
[1.363s] Level 1:colcon.colcon_core.environment:checking '/root/AGV/install/bumperbot_mapping/bin'
[1.363s] Level 1:colcon.colcon_core.environment:checking '/root/AGV/install/bumperbot_mapping/lib/pkgconfig/bumperbot_mapping.pc'
[1.363s] Level 1:colcon.colcon_core.environment:checking '/root/AGV/install/bumperbot_mapping/lib/python3.10/site-packages'
[1.364s] Level 1:colcon.colcon_core.environment:checking '/root/AGV/install/bumperbot_mapping/bin'
[1.364s] INFO:colcon.colcon_core.shell:Creating package script '/root/AGV/install/bumperbot_mapping/share/bumperbot_mapping/package.ps1'
[1.366s] INFO:colcon.colcon_core.shell:Creating package descriptor '/root/AGV/install/bumperbot_mapping/share/bumperbot_mapping/package.dsv'
[1.368s] INFO:colcon.colcon_core.shell:Creating package script '/root/AGV/install/bumperbot_mapping/share/bumperbot_mapping/package.sh'
[1.373s] INFO:colcon.colcon_core.shell:Creating package script '/root/AGV/install/bumperbot_mapping/share/bumperbot_mapping/package.bash'
[1.379s] INFO:colcon.colcon_core.shell:Creating package script '/root/AGV/install/bumperbot_mapping/share/bumperbot_mapping/package.zsh'
[1.380s] Level 1:colcon.colcon_core.environment:create_file_with_runtime_dependencies(/root/AGV/install/bumperbot_mapping/share/colcon-core/packages/bumperbot_mapping)
[1.386s] Level 1:colcon.colcon_core.environment:create_environment_scripts_only(bumperbot_localization)
[1.386s] Level 1:colcon.colcon_core.environment:checking '/root/AGV/install/bumperbot_localization' for CMake module files
[1.394s] Level 1:colcon.colcon_core.environment:checking '/root/AGV/install/bumperbot_localization' for CMake config files
[1.395s] Level 1:colcon.colcon_core.shell:create_environment_hook('bumperbot_localization', 'cmake_prefix_path')
[1.395s] INFO:colcon.colcon_core.shell:Creating environment hook '/root/AGV/install/bumperbot_localization/share/bumperbot_localization/hook/cmake_prefix_path.ps1'
[1.396s] INFO:colcon.colcon_core.shell:Creating environment descriptor '/root/AGV/install/bumperbot_localization/share/bumperbot_localization/hook/cmake_prefix_path.dsv'
[1.397s] INFO:colcon.colcon_core.shell:Creating environment hook '/root/AGV/install/bumperbot_localization/share/bumperbot_localization/hook/cmake_prefix_path.sh'
[1.397s] Level 1:colcon.colcon_core.environment:checking '/root/AGV/install/bumperbot_localization/lib'
[1.398s] Level 1:colcon.colcon_core.environment:checking '/root/AGV/install/bumperbot_localization/bin'
[1.398s] Level 1:colcon.colcon_core.environment:checking '/root/AGV/install/bumperbot_localization/lib/pkgconfig/bumperbot_localization.pc'
[1.399s] Level 1:colcon.colcon_core.environment:checking '/root/AGV/install/bumperbot_localization/lib/python3.10/site-packages'
[1.399s] Level 1:colcon.colcon_core.environment:checking '/root/AGV/install/bumperbot_localization/bin'
[1.400s] INFO:colcon.colcon_core.shell:Creating package script '/root/AGV/install/bumperbot_localization/share/bumperbot_localization/package.ps1'
[1.401s] INFO:colcon.colcon_core.shell:Creating package descriptor '/root/AGV/install/bumperbot_localization/share/bumperbot_localization/package.dsv'
[1.402s] INFO:colcon.colcon_core.shell:Creating package script '/root/AGV/install/bumperbot_localization/share/bumperbot_localization/package.sh'
[1.402s] INFO:colcon.colcon_core.shell:Creating package script '/root/AGV/install/bumperbot_localization/share/bumperbot_localization/package.bash'
[1.403s] INFO:colcon.colcon_core.shell:Creating package script '/root/AGV/install/bumperbot_localization/share/bumperbot_localization/package.zsh'
[1.404s] Level 1:colcon.colcon_core.environment:create_file_with_runtime_dependencies(/root/AGV/install/bumperbot_localization/share/colcon-core/packages/bumperbot_localization)
[1.423s] Level 1:colcon.colcon_core.environment:create_environment_scripts_only(bumperbot_description)
[1.424s] Level 1:colcon.colcon_core.environment:checking '/root/AGV/install/bumperbot_description' for CMake module files
[1.428s] Level 1:colcon.colcon_core.environment:checking '/root/AGV/install/bumperbot_description' for CMake config files
[1.429s] Level 1:colcon.colcon_core.shell:create_environment_hook('bumperbot_description', 'cmake_prefix_path')
[1.430s] INFO:colcon.colcon_core.shell:Creating environment hook '/root/AGV/install/bumperbot_description/share/bumperbot_description/hook/cmake_prefix_path.ps1'
[1.434s] INFO:colcon.colcon_core.shell:Creating environment descriptor '/root/AGV/install/bumperbot_description/share/bumperbot_description/hook/cmake_prefix_path.dsv'
[1.436s] INFO:colcon.colcon_core.shell:Creating environment hook '/root/AGV/install/bumperbot_description/share/bumperbot_description/hook/cmake_prefix_path.sh'
[1.438s] Level 1:colcon.colcon_core.environment:checking '/root/AGV/install/bumperbot_description/bin'
[1.438s] Level 1:colcon.colcon_core.environment:checking '/root/AGV/install/bumperbot_description/lib/pkgconfig/bumperbot_description.pc'
[1.438s] Level 1:colcon.colcon_core.environment:checking '/root/AGV/install/bumperbot_description/lib/python3.10/site-packages'
[1.438s] Level 1:colcon.colcon_core.environment:checking '/root/AGV/install/bumperbot_description/bin'
[1.439s] INFO:colcon.colcon_core.shell:Creating package script '/root/AGV/install/bumperbot_description/share/bumperbot_description/package.ps1'
[1.441s] INFO:colcon.colcon_core.shell:Creating package descriptor '/root/AGV/install/bumperbot_description/share/bumperbot_description/package.dsv'
[1.442s] INFO:colcon.colcon_core.shell:Creating package script '/root/AGV/install/bumperbot_description/share/bumperbot_description/package.sh'
[1.444s] INFO:colcon.colcon_core.shell:Creating package script '/root/AGV/install/bumperbot_description/share/bumperbot_description/package.bash'
[1.448s] INFO:colcon.colcon_core.shell:Creating package script '/root/AGV/install/bumperbot_description/share/bumperbot_description/package.zsh'
[1.451s] Level 1:colcon.colcon_core.environment:create_file_with_runtime_dependencies(/root/AGV/install/bumperbot_description/share/colcon-core/packages/bumperbot_description)
[1.465s] Level 1:colcon.colcon_core.environment:create_environment_scripts_only(bumperbot_cpp_examples)
[1.466s] Level 1:colcon.colcon_core.environment:checking '/root/AGV/install/bumperbot_cpp_examples' for CMake module files
[1.467s] Level 1:colcon.colcon_core.environment:checking '/root/AGV/install/bumperbot_cpp_examples' for CMake config files
[1.467s] Level 1:colcon.colcon_core.shell:create_environment_hook('bumperbot_cpp_examples', 'cmake_prefix_path')
[1.468s] INFO:colcon.colcon_core.shell:Creating environment hook '/root/AGV/install/bumperbot_cpp_examples/share/bumperbot_cpp_examples/hook/cmake_prefix_path.ps1'
[1.468s] INFO:colcon.colcon_core.shell:Creating environment descriptor '/root/AGV/install/bumperbot_cpp_examples/share/bumperbot_cpp_examples/hook/cmake_prefix_path.dsv'
[1.469s] INFO:colcon.colcon_core.shell:Creating environment hook '/root/AGV/install/bumperbot_cpp_examples/share/bumperbot_cpp_examples/hook/cmake_prefix_path.sh'
[1.469s] Level 1:colcon.colcon_core.environment:checking '/root/AGV/install/bumperbot_cpp_examples/bin'
[1.470s] Level 1:colcon.colcon_core.environment:checking '/root/AGV/install/bumperbot_cpp_examples/lib/pkgconfig/bumperbot_cpp_examples.pc'
[1.470s] Level 1:colcon.colcon_core.environment:checking '/root/AGV/install/bumperbot_cpp_examples/lib/python3.10/site-packages'
[1.470s] Level 1:colcon.colcon_core.environment:checking '/root/AGV/install/bumperbot_cpp_examples/bin'
[1.471s] INFO:colcon.colcon_core.shell:Creating package script '/root/AGV/install/bumperbot_cpp_examples/share/bumperbot_cpp_examples/package.ps1'
[1.473s] INFO:colcon.colcon_core.shell:Creating package descriptor '/root/AGV/install/bumperbot_cpp_examples/share/bumperbot_cpp_examples/package.dsv'
[1.476s] INFO:colcon.colcon_core.shell:Creating package script '/root/AGV/install/bumperbot_cpp_examples/share/bumperbot_cpp_examples/package.sh'
[1.481s] INFO:colcon.colcon_core.shell:Creating package script '/root/AGV/install/bumperbot_cpp_examples/share/bumperbot_cpp_examples/package.bash'
[1.484s] INFO:colcon.colcon_core.shell:Creating package script '/root/AGV/install/bumperbot_cpp_examples/share/bumperbot_cpp_examples/package.zsh'
[1.486s] Level 1:colcon.colcon_core.environment:create_file_with_runtime_dependencies(/root/AGV/install/bumperbot_cpp_examples/share/colcon-core/packages/bumperbot_cpp_examples)
[1.492s] Level 1:colcon.colcon_core.environment:create_environment_scripts_only(bumperbot_mapping)
[1.493s] Level 1:colcon.colcon_core.environment:checking '/root/AGV/install/bumperbot_mapping' for CMake module files
[1.497s] Level 1:colcon.colcon_core.environment:checking '/root/AGV/install/bumperbot_mapping' for CMake config files
[1.505s] Level 1:colcon.colcon_core.shell:create_environment_hook('bumperbot_mapping', 'cmake_prefix_path')
[1.505s] INFO:colcon.colcon_core.shell:Creating environment hook '/root/AGV/install/bumperbot_mapping/share/bumperbot_mapping/hook/cmake_prefix_path.ps1'
[1.507s] INFO:colcon.colcon_core.shell:Creating environment descriptor '/root/AGV/install/bumperbot_mapping/share/bumperbot_mapping/hook/cmake_prefix_path.dsv'
[1.508s] DEBUG:colcon.colcon_core.event_handler.log_command:Invoked command in '/root/AGV/build/bumperbot_controller' returned '0': CMAKE_PREFIX_PATH=/opt/ros/humble /usr/bin/cmake --build /root/AGV/build/bumperbot_controller -- -j8 -l8
[1.514s] DEBUG:colcon.colcon_core.event_handler.log_command:Invoked command in '/root/AGV/build/bumperbot_mapping' returned '0': CMAKE_PREFIX_PATH=/opt/ros/humble /usr/bin/cmake --install /root/AGV/build/bumperbot_mapping
[1.514s] INFO:colcon.colcon_core.shell:Creating environment hook '/root/AGV/install/bumperbot_mapping/share/bumperbot_mapping/hook/cmake_prefix_path.sh'
[1.514s] DEBUG:colcon.colcon_core.event_handler.log_command:Invoked command in '/root/AGV/build/bumperbot_localization' returned '0': CMAKE_PREFIX_PATH=/opt/ros/humble /usr/bin/cmake --install /root/AGV/build/bumperbot_localization
[1.516s] DEBUG:colcon.colcon_core.event_handler.log_command:Invoking command in '/root/AGV/build/bumperbot_firmware': CMAKE_PREFIX_PATH=/opt/ros/humble /usr/bin/cmake --install /root/AGV/build/bumperbot_firmware
[1.516s] DEBUG:colcon.colcon_core.event_handler.log_command:Invoked command in '/root/AGV/build/bumperbot_description' returned '0': CMAKE_PREFIX_PATH=/opt/ros/humble /usr/bin/cmake --install /root/AGV/build/bumperbot_description
[1.519s] Level 1:colcon.colcon_core.environment:checking '/root/AGV/install/bumperbot_mapping/bin'
[1.519s] Level 1:colcon.colcon_core.environment:checking '/root/AGV/install/bumperbot_mapping/lib/pkgconfig/bumperbot_mapping.pc'
[1.519s] Level 1:colcon.colcon_core.environment:checking '/root/AGV/install/bumperbot_mapping/lib/python3.10/site-packages'
[1.521s] Level 1:colcon.colcon_core.environment:checking '/root/AGV/install/bumperbot_mapping/bin'
[1.522s] INFO:colcon.colcon_core.shell:Creating package script '/root/AGV/install/bumperbot_mapping/share/bumperbot_mapping/package.ps1'
[1.526s] INFO:colcon.colcon_core.shell:Creating package descriptor '/root/AGV/install/bumperbot_mapping/share/bumperbot_mapping/package.dsv'
[1.528s] DEBUG:colcon.colcon_core.event_handler.log_command:Invoking command in '/root/AGV/build/bumperbot_controller': CMAKE_PREFIX_PATH=/opt/ros/humble /usr/bin/cmake --install /root/AGV/build/bumperbot_controller
[1.529s] INFO:colcon.colcon_core.shell:Creating package script '/root/AGV/install/bumperbot_mapping/share/bumperbot_mapping/package.sh'
[1.531s] INFO:colcon.colcon_core.shell:Creating package script '/root/AGV/install/bumperbot_mapping/share/bumperbot_mapping/package.bash'
[1.534s] INFO:colcon.colcon_core.shell:Creating package script '/root/AGV/install/bumperbot_mapping/share/bumperbot_mapping/package.zsh'
[1.535s] Level 1:colcon.colcon_core.environment:create_file_with_runtime_dependencies(/root/AGV/install/bumperbot_mapping/share/colcon-core/packages/bumperbot_mapping)
[1.536s] Level 1:colcon.colcon_core.environment:create_environment_scripts_only(bumperbot_localization)
[1.537s] Level 1:colcon.colcon_core.environment:checking '/root/AGV/install/bumperbot_localization' for CMake module files
[1.541s] Level 1:colcon.colcon_core.environment:checking '/root/AGV/install/bumperbot_localization' for CMake config files
[1.549s] Level 1:colcon.colcon_core.shell:create_environment_hook('bumperbot_localization', 'cmake_prefix_path')
[1.549s] INFO:colcon.colcon_core.shell:Creating environment hook '/root/AGV/install/bumperbot_localization/share/bumperbot_localization/hook/cmake_prefix_path.ps1'
[1.550s] INFO:colcon.colcon_core.shell:Creating environment descriptor '/root/AGV/install/bumperbot_localization/share/bumperbot_localization/hook/cmake_prefix_path.dsv'
[1.550s] INFO:colcon.colcon_core.shell:Creating environment hook '/root/AGV/install/bumperbot_localization/share/bumperbot_localization/hook/cmake_prefix_path.sh'
[1.551s] Level 1:colcon.colcon_core.environment:checking '/root/AGV/install/bumperbot_localization/lib'
[1.551s] Level 1:colcon.colcon_core.environment:checking '/root/AGV/install/bumperbot_localization/bin'
[1.551s] Level 1:colcon.colcon_core.environment:checking '/root/AGV/install/bumperbot_localization/lib/pkgconfig/bumperbot_localization.pc'
[1.551s] Level 1:colcon.colcon_core.environment:checking '/root/AGV/install/bumperbot_localization/lib/python3.10/site-packages'
[1.552s] Level 1:colcon.colcon_core.environment:checking '/root/AGV/install/bumperbot_localization/bin'
[1.552s] INFO:colcon.colcon_core.shell:Creating package script '/root/AGV/install/bumperbot_localization/share/bumperbot_localization/package.ps1'
[1.553s] INFO:colcon.colcon_core.shell:Creating package descriptor '/root/AGV/install/bumperbot_localization/share/bumperbot_localization/package.dsv'
[1.554s] INFO:colcon.colcon_core.shell:Creating package script '/root/AGV/install/bumperbot_localization/share/bumperbot_localization/package.sh'
[1.554s] INFO:colcon.colcon_core.shell:Creating package script '/root/AGV/install/bumperbot_localization/share/bumperbot_localization/package.bash'
[1.555s] INFO:colcon.colcon_core.shell:Creating package script '/root/AGV/install/bumperbot_localization/share/bumperbot_localization/package.zsh'
[1.555s] Level 1:colcon.colcon_core.environment:create_file_with_runtime_dependencies(/root/AGV/install/bumperbot_localization/share/colcon-core/packages/bumperbot_localization)
[1.557s] Level 1:colcon.colcon_core.environment:create_environment_scripts_only(bumperbot_description)
[1.557s] Level 1:colcon.colcon_core.environment:checking '/root/AGV/install/bumperbot_description' for CMake module files
[1.559s] Level 1:colcon.colcon_core.environment:checking '/root/AGV/install/bumperbot_description' for CMake config files
[1.559s] Level 1:colcon.colcon_core.shell:create_environment_hook('bumperbot_description', 'cmake_prefix_path')
[1.559s] INFO:colcon.colcon_core.shell:Creating environment hook '/root/AGV/install/bumperbot_description/share/bumperbot_description/hook/cmake_prefix_path.ps1'
[1.560s] INFO:colcon.colcon_core.shell:Creating environment descriptor '/root/AGV/install/bumperbot_description/share/bumperbot_description/hook/cmake_prefix_path.dsv'
[1.560s] INFO:colcon.colcon_core.shell:Creating environment hook '/root/AGV/install/bumperbot_description/share/bumperbot_description/hook/cmake_prefix_path.sh'
[1.560s] Level 1:colcon.colcon_core.environment:checking '/root/AGV/install/bumperbot_description/bin'
[1.560s] Level 1:colcon.colcon_core.environment:checking '/root/AGV/install/bumperbot_description/lib/pkgconfig/bumperbot_description.pc'
[1.560s] Level 1:colcon.colcon_core.environment:checking '/root/AGV/install/bumperbot_description/lib/python3.10/site-packages'
[1.561s] Level 1:colcon.colcon_core.environment:checking '/root/AGV/install/bumperbot_description/bin'
[1.561s] INFO:colcon.colcon_core.shell:Creating package script '/root/AGV/install/bumperbot_description/share/bumperbot_description/package.ps1'
[1.561s] INFO:colcon.colcon_core.shell:Creating package descriptor '/root/AGV/install/bumperbot_description/share/bumperbot_description/package.dsv'
[1.562s] INFO:colcon.colcon_core.shell:Creating package script '/root/AGV/install/bumperbot_description/share/bumperbot_description/package.sh'
[1.562s] INFO:colcon.colcon_core.shell:Creating package script '/root/AGV/install/bumperbot_description/share/bumperbot_description/package.bash'
[1.563s] INFO:colcon.colcon_core.shell:Creating package script '/root/AGV/install/bumperbot_description/share/bumperbot_description/package.zsh'
[1.563s] Level 1:colcon.colcon_core.environment:create_file_with_runtime_dependencies(/root/AGV/install/bumperbot_description/share/colcon-core/packages/bumperbot_description)
[1.564s] Level 1:colcon.colcon_core.environment:create_environment_scripts_only(bumperbot_firmware)
[1.565s] Level 1:colcon.colcon_core.environment:checking '/root/AGV/install/bumperbot_firmware' for CMake module files
[1.567s] Level 1:colcon.colcon_core.environment:checking '/root/AGV/install/bumperbot_firmware' for CMake config files
[1.567s] DEBUG:colcon.colcon_core.event_handler.log_command:Invoked command in '/root/AGV/build/bumperbot_firmware' returned '0': CMAKE_PREFIX_PATH=/opt/ros/humble /usr/bin/cmake --install /root/AGV/build/bumperbot_firmware
[1.567s] Level 1:colcon.colcon_core.shell:create_environment_hook('bumperbot_firmware', 'cmake_prefix_path')
[1.568s] INFO:colcon.colcon_core.shell:Creating environment hook '/root/AGV/install/bumperbot_firmware/share/bumperbot_firmware/hook/cmake_prefix_path.ps1'
[1.568s] INFO:colcon.colcon_core.shell:Creating environment descriptor '/root/AGV/install/bumperbot_firmware/share/bumperbot_firmware/hook/cmake_prefix_path.dsv'
[1.569s] INFO:colcon.colcon_core.shell:Creating environment hook '/root/AGV/install/bumperbot_firmware/share/bumperbot_firmware/hook/cmake_prefix_path.sh'
[1.570s] Level 1:colcon.colcon_core.environment:checking '/root/AGV/install/bumperbot_firmware/lib'
[1.570s] Level 1:colcon.colcon_core.shell:create_environment_hook('bumperbot_firmware', 'ld_library_path_lib')
[1.570s] INFO:colcon.colcon_core.shell:Creating environment hook '/root/AGV/install/bumperbot_firmware/share/bumperbot_firmware/hook/ld_library_path_lib.ps1'
[1.570s] INFO:colcon.colcon_core.shell:Creating environment descriptor '/root/AGV/install/bumperbot_firmware/share/bumperbot_firmware/hook/ld_library_path_lib.dsv'
[1.571s] INFO:colcon.colcon_core.shell:Creating environment hook '/root/AGV/install/bumperbot_firmware/share/bumperbot_firmware/hook/ld_library_path_lib.sh'
[1.571s] Level 1:colcon.colcon_core.environment:checking '/root/AGV/install/bumperbot_firmware/bin'
[1.571s] Level 1:colcon.colcon_core.environment:checking '/root/AGV/install/bumperbot_firmware/lib/pkgconfig/bumperbot_firmware.pc'
[1.572s] Level 1:colcon.colcon_core.environment:checking '/root/AGV/install/bumperbot_firmware/lib/python3.10/site-packages'
[1.572s] Level 1:colcon.colcon_core.environment:checking '/root/AGV/install/bumperbot_firmware/bin'
[1.572s] INFO:colcon.colcon_core.shell:Creating package script '/root/AGV/install/bumperbot_firmware/share/bumperbot_firmware/package.ps1'
[1.573s] INFO:colcon.colcon_core.shell:Creating package descriptor '/root/AGV/install/bumperbot_firmware/share/bumperbot_firmware/package.dsv'
[1.573s] INFO:colcon.colcon_core.shell:Creating package script '/root/AGV/install/bumperbot_firmware/share/bumperbot_firmware/package.sh'
[1.574s] INFO:colcon.colcon_core.shell:Creating package script '/root/AGV/install/bumperbot_firmware/share/bumperbot_firmware/package.bash'
[1.574s] INFO:colcon.colcon_core.shell:Creating package script '/root/AGV/install/bumperbot_firmware/share/bumperbot_firmware/package.zsh'
[1.575s] Level 1:colcon.colcon_core.environment:create_file_with_runtime_dependencies(/root/AGV/install/bumperbot_firmware/share/colcon-core/packages/bumperbot_firmware)
[1.576s] Level 1:colcon.colcon_core.environment:create_environment_scripts_only(bumperbot_controller)
[1.577s] Level 1:colcon.colcon_core.environment:checking '/root/AGV/install/bumperbot_controller' for CMake module files
[1.577s] DEBUG:colcon.colcon_core.event_handler.log_command:Invoked command in '/root/AGV/build/bumperbot_controller' returned '0': CMAKE_PREFIX_PATH=/opt/ros/humble /usr/bin/cmake --install /root/AGV/build/bumperbot_controller
[1.578s] Level 1:colcon.colcon_core.environment:checking '/root/AGV/install/bumperbot_controller' for CMake config files
[1.578s] Level 1:colcon.colcon_core.shell:create_environment_hook('bumperbot_controller', 'cmake_prefix_path')
[1.579s] INFO:colcon.colcon_core.shell:Creating environment hook '/root/AGV/install/bumperbot_controller/share/bumperbot_controller/hook/cmake_prefix_path.ps1'
[1.580s] INFO:colcon.colcon_core.shell:Creating environment descriptor '/root/AGV/install/bumperbot_controller/share/bumperbot_controller/hook/cmake_prefix_path.dsv'
[1.580s] INFO:colcon.colcon_core.shell:Creating environment hook '/root/AGV/install/bumperbot_controller/share/bumperbot_controller/hook/cmake_prefix_path.sh'
[1.581s] Level 1:colcon.colcon_core.environment:checking '/root/AGV/install/bumperbot_controller/lib'
[1.581s] Level 1:colcon.colcon_core.environment:checking '/root/AGV/install/bumperbot_controller/bin'
[1.581s] Level 1:colcon.colcon_core.environment:checking '/root/AGV/install/bumperbot_controller/lib/pkgconfig/bumperbot_controller.pc'
[1.581s] Level 1:colcon.colcon_core.environment:checking '/root/AGV/install/bumperbot_controller/lib/python3.10/site-packages'
[1.581s] Level 1:colcon.colcon_core.environment:checking '/root/AGV/install/bumperbot_controller/bin'
[1.582s] INFO:colcon.colcon_core.shell:Creating package script '/root/AGV/install/bumperbot_controller/share/bumperbot_controller/package.ps1'
[1.582s] INFO:colcon.colcon_core.shell:Creating package descriptor '/root/AGV/install/bumperbot_controller/share/bumperbot_controller/package.dsv'
[1.583s] INFO:colcon.colcon_core.shell:Creating package script '/root/AGV/install/bumperbot_controller/share/bumperbot_controller/package.sh'
[1.584s] INFO:colcon.colcon_core.shell:Creating package script '/root/AGV/install/bumperbot_controller/share/bumperbot_controller/package.bash'
[1.585s] INFO:colcon.colcon_core.shell:Creating package script '/root/AGV/install/bumperbot_controller/share/bumperbot_controller/package.zsh'
[1.585s] Level 1:colcon.colcon_core.environment:create_file_with_runtime_dependencies(/root/AGV/install/bumperbot_controller/share/colcon-core/packages/bumperbot_controller)
[1.587s] DEBUG:colcon.colcon_core.event_handler.log_command:Invoked command in '/root/AGV/build/bumperbot_utils' returned '0': CMAKE_PREFIX_PATH=/opt/ros/humble /usr/bin/cmake --build /root/AGV/build/bumperbot_utils -- -j8 -l8
[1.605s] Level 1:colcon.colcon_core.environment:create_environment_scripts_only(bumperbot_firmware)
[1.606s] Level 1:colcon.colcon_core.environment:checking '/root/AGV/install/bumperbot_firmware' for CMake module files
[1.606s] Level 1:colcon.colcon_core.environment:checking '/root/AGV/install/bumperbot_firmware' for CMake config files
[1.607s] Level 1:colcon.colcon_core.shell:create_environment_hook('bumperbot_firmware', 'cmake_prefix_path')
[1.607s] INFO:colcon.colcon_core.shell:Creating environment hook '/root/AGV/install/bumperbot_firmware/share/bumperbot_firmware/hook/cmake_prefix_path.ps1'
[1.608s] INFO:colcon.colcon_core.shell:Creating environment descriptor '/root/AGV/install/bumperbot_firmware/share/bumperbot_firmware/hook/cmake_prefix_path.dsv'
[1.608s] INFO:colcon.colcon_core.shell:Creating environment hook '/root/AGV/install/bumperbot_firmware/share/bumperbot_firmware/hook/cmake_prefix_path.sh'
[1.609s] Level 1:colcon.colcon_core.environment:checking '/root/AGV/install/bumperbot_firmware/lib'
[1.609s] Level 1:colcon.colcon_core.shell:create_environment_hook('bumperbot_firmware', 'ld_library_path_lib')
[1.610s] INFO:colcon.colcon_core.shell:Creating environment hook '/root/AGV/install/bumperbot_firmware/share/bumperbot_firmware/hook/ld_library_path_lib.ps1'
[1.610s] INFO:colcon.colcon_core.shell:Creating environment descriptor '/root/AGV/install/bumperbot_firmware/share/bumperbot_firmware/hook/ld_library_path_lib.dsv'
[1.611s] INFO:colcon.colcon_core.shell:Creating environment hook '/root/AGV/install/bumperbot_firmware/share/bumperbot_firmware/hook/ld_library_path_lib.sh'
[1.611s] Level 1:colcon.colcon_core.environment:checking '/root/AGV/install/bumperbot_firmware/bin'
[1.612s] Level 1:colcon.colcon_core.environment:checking '/root/AGV/install/bumperbot_firmware/lib/pkgconfig/bumperbot_firmware.pc'
[1.612s] Level 1:colcon.colcon_core.environment:checking '/root/AGV/install/bumperbot_firmware/lib/python3.10/site-packages'
[1.612s] Level 1:colcon.colcon_core.environment:checking '/root/AGV/install/bumperbot_firmware/bin'
[1.613s] INFO:colcon.colcon_core.shell:Creating package script '/root/AGV/install/bumperbot_firmware/share/bumperbot_firmware/package.ps1'
[1.614s] INFO:colcon.colcon_core.shell:Creating package descriptor '/root/AGV/install/bumperbot_firmware/share/bumperbot_firmware/package.dsv'
[1.615s] INFO:colcon.colcon_core.shell:Creating package script '/root/AGV/install/bumperbot_firmware/share/bumperbot_firmware/package.sh'
[1.616s] INFO:colcon.colcon_core.shell:Creating package script '/root/AGV/install/bumperbot_firmware/share/bumperbot_firmware/package.bash'
[1.617s] INFO:colcon.colcon_core.shell:Creating package script '/root/AGV/install/bumperbot_firmware/share/bumperbot_firmware/package.zsh'
[1.617s] Level 1:colcon.colcon_core.environment:create_file_with_runtime_dependencies(/root/AGV/install/bumperbot_firmware/share/colcon-core/packages/bumperbot_firmware)
[1.619s] Level 1:colcon.colcon_core.environment:create_environment_scripts_only(bumperbot_controller)
[1.619s] Level 1:colcon.colcon_core.environment:checking '/root/AGV/install/bumperbot_controller' for CMake module files
[1.620s] Level 1:colcon.colcon_core.environment:checking '/root/AGV/install/bumperbot_controller' for CMake config files
[1.621s] Level 1:colcon.colcon_core.shell:create_environment_hook('bumperbot_controller', 'cmake_prefix_path')
[1.621s] INFO:colcon.colcon_core.shell:Creating environment hook '/root/AGV/install/bumperbot_controller/share/bumperbot_controller/hook/cmake_prefix_path.ps1'
[1.622s] INFO:colcon.colcon_core.shell:Creating environment descriptor '/root/AGV/install/bumperbot_controller/share/bumperbot_controller/hook/cmake_prefix_path.dsv'
[1.622s] INFO:colcon.colcon_core.shell:Creating environment hook '/root/AGV/install/bumperbot_controller/share/bumperbot_controller/hook/cmake_prefix_path.sh'
[1.623s] Level 1:colcon.colcon_core.environment:checking '/root/AGV/install/bumperbot_controller/lib'
[1.623s] Level 1:colcon.colcon_core.environment:checking '/root/AGV/install/bumperbot_controller/bin'
[1.623s] Level 1:colcon.colcon_core.environment:checking '/root/AGV/install/bumperbot_controller/lib/pkgconfig/bumperbot_controller.pc'
[1.623s] Level 1:colcon.colcon_core.environment:checking '/root/AGV/install/bumperbot_controller/lib/python3.10/site-packages'
[1.623s] Level 1:colcon.colcon_core.environment:checking '/root/AGV/install/bumperbot_controller/bin'
[1.624s] INFO:colcon.colcon_core.shell:Creating package script '/root/AGV/install/bumperbot_controller/share/bumperbot_controller/package.ps1'
[1.625s] INFO:colcon.colcon_core.shell:Creating package descriptor '/root/AGV/install/bumperbot_controller/share/bumperbot_controller/package.dsv'
[1.625s] INFO:colcon.colcon_core.shell:Creating package script '/root/AGV/install/bumperbot_controller/share/bumperbot_controller/package.sh'
[1.625s] INFO:colcon.colcon_core.shell:Creating package script '/root/AGV/install/bumperbot_controller/share/bumperbot_controller/package.bash'
[1.626s] INFO:colcon.colcon_core.shell:Creating package script '/root/AGV/install/bumperbot_controller/share/bumperbot_controller/package.zsh'
[1.626s] Level 1:colcon.colcon_core.environment:create_file_with_runtime_dependencies(/root/AGV/install/bumperbot_controller/share/colcon-core/packages/bumperbot_controller)
[1.630s] DEBUG:colcon.colcon_core.event_handler.log_command:Invoking command in '/root/AGV/build/bumperbot_utils': CMAKE_PREFIX_PATH=/opt/ros/humble /usr/bin/cmake --install /root/AGV/build/bumperbot_utils
[1.679s] Level 1:colcon.colcon_core.environment:create_environment_scripts_only(bumperbot_utils)
[1.680s] Level 1:colcon.colcon_core.environment:checking '/root/AGV/install/bumperbot_utils' for CMake module files
[1.680s] DEBUG:colcon.colcon_core.event_handler.log_command:Invoked command in '/root/AGV/build/bumperbot_utils' returned '0': CMAKE_PREFIX_PATH=/opt/ros/humble /usr/bin/cmake --install /root/AGV/build/bumperbot_utils
[1.681s] Level 1:colcon.colcon_core.environment:checking '/root/AGV/install/bumperbot_utils' for CMake config files
[1.682s] Level 1:colcon.colcon_core.shell:create_environment_hook('bumperbot_utils', 'cmake_prefix_path')
[1.682s] INFO:colcon.colcon_core.shell:Creating environment hook '/root/AGV/install/bumperbot_utils/share/bumperbot_utils/hook/cmake_prefix_path.ps1'
[1.685s] INFO:colcon.colcon_core.shell:Creating environment descriptor '/root/AGV/install/bumperbot_utils/share/bumperbot_utils/hook/cmake_prefix_path.dsv'
[1.685s] INFO:colcon.colcon_core.shell:Creating environment hook '/root/AGV/install/bumperbot_utils/share/bumperbot_utils/hook/cmake_prefix_path.sh'
[1.686s] Level 1:colcon.colcon_core.environment:checking '/root/AGV/install/bumperbot_utils/lib'
[1.686s] Level 1:colcon.colcon_core.environment:checking '/root/AGV/install/bumperbot_utils/bin'
[1.686s] Level 1:colcon.colcon_core.environment:checking '/root/AGV/install/bumperbot_utils/lib/pkgconfig/bumperbot_utils.pc'
[1.686s] Level 1:colcon.colcon_core.environment:checking '/root/AGV/install/bumperbot_utils/lib/python3.10/site-packages'
[1.687s] Level 1:colcon.colcon_core.environment:checking '/root/AGV/install/bumperbot_utils/bin'
[1.687s] INFO:colcon.colcon_core.shell:Creating package script '/root/AGV/install/bumperbot_utils/share/bumperbot_utils/package.ps1'
[1.688s] INFO:colcon.colcon_core.shell:Creating package descriptor '/root/AGV/install/bumperbot_utils/share/bumperbot_utils/package.dsv'
[1.688s] INFO:colcon.colcon_core.shell:Creating package script '/root/AGV/install/bumperbot_utils/share/bumperbot_utils/package.sh'
[1.688s] INFO:colcon.colcon_core.shell:Creating package script '/root/AGV/install/bumperbot_utils/share/bumperbot_utils/package.bash'
[1.689s] INFO:colcon.colcon_core.shell:Creating package script '/root/AGV/install/bumperbot_utils/share/bumperbot_utils/package.zsh'
[1.689s] Level 1:colcon.colcon_core.environment:create_file_with_runtime_dependencies(/root/AGV/install/bumperbot_utils/share/colcon-core/packages/bumperbot_utils)
[1.696s] DEBUG:colcon.colcon_core.event_handler.log_command:Invoking command in '/root/AGV/bumperbot_ws/src/bumperbot_py_examples': PYTHONPATH=/root/AGV/build/bumperbot_py_examples/prefix_override:/usr/lib/python3/dist-packages/colcon_core/task/python/colcon_distutils_commands:/root/AGV/install/bumperbot_py_examples/lib/python3.10/site-packages:${PYTHONPATH} /usr/bin/python3 -W ignore:setup.py install is deprecated setup.py egg_info --egg-base ../../../build/bumperbot_py_examples build --build-base /root/AGV/build/bumperbot_py_examples/build install --record /root/AGV/build/bumperbot_py_examples/install.log --single-version-externally-managed install_data
[1.715s] Level 1:colcon.colcon_core.environment:create_environment_scripts_only(bumperbot_utils)
[1.716s] Level 1:colcon.colcon_core.environment:checking '/root/AGV/install/bumperbot_utils' for CMake module files
[1.716s] Level 1:colcon.colcon_core.environment:checking '/root/AGV/install/bumperbot_utils' for CMake config files
[1.716s] Level 1:colcon.colcon_core.shell:create_environment_hook('bumperbot_utils', 'cmake_prefix_path')
[1.717s] INFO:colcon.colcon_core.shell:Creating environment hook '/root/AGV/install/bumperbot_utils/share/bumperbot_utils/hook/cmake_prefix_path.ps1'
[1.717s] INFO:colcon.colcon_core.shell:Creating environment descriptor '/root/AGV/install/bumperbot_utils/share/bumperbot_utils/hook/cmake_prefix_path.dsv'
[1.718s] INFO:colcon.colcon_core.shell:Creating environment hook '/root/AGV/install/bumperbot_utils/share/bumperbot_utils/hook/cmake_prefix_path.sh'
[1.718s] Level 1:colcon.colcon_core.environment:checking '/root/AGV/install/bumperbot_utils/lib'
[1.718s] Level 1:colcon.colcon_core.environment:checking '/root/AGV/install/bumperbot_utils/bin'
[1.719s] Level 1:colcon.colcon_core.environment:checking '/root/AGV/install/bumperbot_utils/lib/pkgconfig/bumperbot_utils.pc'
[1.719s] Level 1:colcon.colcon_core.environment:checking '/root/AGV/install/bumperbot_utils/lib/python3.10/site-packages'
[1.719s] Level 1:colcon.colcon_core.environment:checking '/root/AGV/install/bumperbot_utils/bin'
[1.720s] INFO:colcon.colcon_core.shell:Creating package script '/root/AGV/install/bumperbot_utils/share/bumperbot_utils/package.ps1'
[1.720s] INFO:colcon.colcon_core.shell:Creating package descriptor '/root/AGV/install/bumperbot_utils/share/bumperbot_utils/package.dsv'
[1.721s] INFO:colcon.colcon_core.shell:Creating package script '/root/AGV/install/bumperbot_utils/share/bumperbot_utils/package.sh'
[1.722s] INFO:colcon.colcon_core.shell:Creating package script '/root/AGV/install/bumperbot_utils/share/bumperbot_utils/package.bash'
[1.722s] INFO:colcon.colcon_core.shell:Creating package script '/root/AGV/install/bumperbot_utils/share/bumperbot_utils/package.zsh'
[1.722s] Level 1:colcon.colcon_core.environment:create_file_with_runtime_dependencies(/root/AGV/install/bumperbot_utils/share/colcon-core/packages/bumperbot_utils)
[1.949s] Level 1:colcon.colcon_core.environment:checking '/root/AGV/install/bumperbot_py_examples' for CMake module files
[1.950s] DEBUG:colcon.colcon_core.event_handler.log_command:Invoked command in '/root/AGV/bumperbot_ws/src/bumperbot_py_examples' returned '0': PYTHONPATH=/root/AGV/build/bumperbot_py_examples/prefix_override:/usr/lib/python3/dist-packages/colcon_core/task/python/colcon_distutils_commands:/root/AGV/install/bumperbot_py_examples/lib/python3.10/site-packages:${PYTHONPATH} /usr/bin/python3 -W ignore:setup.py install is deprecated setup.py egg_info --egg-base ../../../build/bumperbot_py_examples build --build-base /root/AGV/build/bumperbot_py_examples/build install --record /root/AGV/build/bumperbot_py_examples/install.log --single-version-externally-managed install_data
[1.950s] Level 1:colcon.colcon_core.environment:checking '/root/AGV/install/bumperbot_py_examples' for CMake config files
[1.951s] Level 1:colcon.colcon_core.environment:checking '/root/AGV/install/bumperbot_py_examples/lib'
[1.951s] Level 1:colcon.colcon_core.environment:checking '/root/AGV/install/bumperbot_py_examples/bin'
[1.951s] Level 1:colcon.colcon_core.environment:checking '/root/AGV/install/bumperbot_py_examples/lib/pkgconfig/bumperbot_py_examples.pc'
[1.951s] Level 1:colcon.colcon_core.environment:checking '/root/AGV/install/bumperbot_py_examples/lib/python3.10/site-packages'
[1.952s] Level 1:colcon.colcon_core.shell:create_environment_hook('bumperbot_py_examples', 'pythonpath')
[1.952s] INFO:colcon.colcon_core.shell:Creating environment hook '/root/AGV/install/bumperbot_py_examples/share/bumperbot_py_examples/hook/pythonpath.ps1'
[1.952s] INFO:colcon.colcon_core.shell:Creating environment descriptor '/root/AGV/install/bumperbot_py_examples/share/bumperbot_py_examples/hook/pythonpath.dsv'
[1.953s] INFO:colcon.colcon_core.shell:Creating environment hook '/root/AGV/install/bumperbot_py_examples/share/bumperbot_py_examples/hook/pythonpath.sh'
[1.954s] Level 1:colcon.colcon_core.environment:checking '/root/AGV/install/bumperbot_py_examples/bin'
[1.954s] Level 1:colcon.colcon_core.environment:create_environment_scripts_only(bumperbot_py_examples)
[1.954s] INFO:colcon.colcon_core.shell:Creating package script '/root/AGV/install/bumperbot_py_examples/share/bumperbot_py_examples/package.ps1'
[1.955s] INFO:colcon.colcon_core.shell:Creating package descriptor '/root/AGV/install/bumperbot_py_examples/share/bumperbot_py_examples/package.dsv'
[1.955s] INFO:colcon.colcon_core.shell:Creating package script '/root/AGV/install/bumperbot_py_examples/share/bumperbot_py_examples/package.sh'
[1.956s] INFO:colcon.colcon_core.shell:Creating package script '/root/AGV/install/bumperbot_py_examples/share/bumperbot_py_examples/package.bash'
[1.956s] INFO:colcon.colcon_core.shell:Creating package script '/root/AGV/install/bumperbot_py_examples/share/bumperbot_py_examples/package.zsh'
[1.957s] Level 1:colcon.colcon_core.environment:create_file_with_runtime_dependencies(/root/AGV/install/bumperbot_py_examples/share/colcon-core/packages/bumperbot_py_examples)
[1.957s] DEBUG:colcon.colcon_parallel_executor.executor.parallel:closing loop
[1.958s] DEBUG:colcon.colcon_parallel_executor.executor.parallel:loop closed
[1.958s] DEBUG:colcon.colcon_parallel_executor.executor.parallel:run_until_complete finished with '0'
[1.958s] DEBUG:colcon.colcon_core.event_reactor:joining thread
[1.988s] INFO:colcon.colcon_core.plugin_system:Skipping extension 'colcon_notification.desktop_notification.notify_send': Could not find 'notify-send'
[1.988s] INFO:colcon.colcon_core.plugin_system:Skipping extension 'colcon_notification.desktop_notification.terminal_notifier': Not used on non-Darwin systems
[1.988s] INFO:colcon.colcon_core.plugin_system:Skipping extension 'colcon_notification.desktop_notification.win32': Not used on non-Windows systems
[1.988s] INFO:colcon.colcon_notification.desktop_notification:Sending desktop notification using 'notify2'
[1.989s] DEBUG:colcon.colcon_notification.desktop_notification.notify2:Failed to initialize notify2: org.freedesktop.DBus.Error.FileNotFound: Failed to connect to socket /run/user/0/bus: No such file or directory
[1.989s] DEBUG:colcon.colcon_core.event_reactor:joined thread
[1.989s] INFO:colcon.colcon_core.shell:Creating prefix script '/root/AGV/install/local_setup.ps1'
[1.990s] INFO:colcon.colcon_core.shell:Creating prefix util module '/root/AGV/install/_local_setup_util_ps1.py'
[1.991s] INFO:colcon.colcon_core.shell:Creating prefix chain script '/root/AGV/install/setup.ps1'
[1.992s] INFO:colcon.colcon_core.shell:Creating prefix script '/root/AGV/install/local_setup.sh'
[1.993s] INFO:colcon.colcon_core.shell:Creating prefix util module '/root/AGV/install/_local_setup_util_sh.py'
[1.993s] INFO:colcon.colcon_core.shell:Creating prefix chain script '/root/AGV/install/setup.sh'
[1.994s] INFO:colcon.colcon_core.shell:Creating prefix script '/root/AGV/install/local_setup.bash'
[1.995s] INFO:colcon.colcon_core.shell:Creating prefix chain script '/root/AGV/install/setup.bash'
[1.996s] INFO:colcon.colcon_core.shell:Creating prefix script '/root/AGV/install/local_setup.zsh'
[1.996s] INFO:colcon.colcon_core.shell:Creating prefix chain script '/root/AGV/install/setup.zsh'
