[0.055s] Invoking command in '/home/wapush/AGV/bumperbot_ws/build/bumperbot_controller': CMAKE_PREFIX_PATH=/opt/ros/humble /usr/bin/cmake --build /home/wapush/AGV/bumperbot_ws/build/bumperbot_controller -- -j20 -l20
[0.312s] -- Found ament_cmake: 1.3.10 (/opt/ros/humble/share/ament_cmake/cmake)
[0.313s] -- Found rclcpp: 16.0.10 (/opt/ros/humble/share/rclcpp/cmake)
[0.561s] -- Found rosidl_generator_c: 3.1.5 (/opt/ros/humble/share/rosidl_generator_c/cmake)
[0.565s] -- Found rosidl_adapter: 3.1.5 (/opt/ros/humble/share/rosidl_adapter/cmake)
[0.576s] -- Found rosidl_generator_cpp: 3.1.5 (/opt/ros/humble/share/rosidl_generator_cpp/cmake)
[0.587s] -- Using all available rosidl_typesupport_c: rosidl_typesupport_fastrtps_c;rosidl_typesupport_introspection_c
[0.587s] -- Using all available rosidl_typesupport_cpp: rosidl_typesupport_fastrtps_cpp;rosidl_typesupport_introspection_cpp
[0.590s] -- Found rmw_implementation_cmake: 6.1.2 (/opt/ros/humble/share/rmw_implementation_cmake/cmake)
[0.590s] -- Found rmw_fastrtps_cpp: 6.2.7 (/opt/ros/humble/share/rmw_fastrtps_cpp/cmake)
[10.687s] -- Using RMW implementation 'rmw_fastrtps_cpp' as default
[10.750s] -- Found rclpy: 3.3.14 (/opt/ros/humble/share/rclpy/cmake)
[10.750s] -- Found geometry_msgs: 4.2.4 (/opt/ros/humble/share/geometry_msgs/cmake)
[10.766s] -- Found sensor_msgs: 4.2.4 (/opt/ros/humble/share/sensor_msgs/cmake)
[10.783s] -- Found nav_msgs: 4.2.4 (/opt/ros/humble/share/nav_msgs/cmake)
[10.800s] -- Found tf2_ros: 0.25.7 (/opt/ros/humble/share/tf2_ros/cmake)
[11.049s] -- Configuring done
[11.074s] -- Generating done
[11.077s] -- Build files have been written to: /home/wapush/AGV/bumperbot_ws/build/bumperbot_controller
[11.097s] [35m[1mConsolidate compiler generated dependencies of target simple_speed_controller[0m
[11.097s] [35m[1mConsolidate compiler generated dependencies of target noisy_controller[0m
[11.109s] [  0%] Built target ament_cmake_python_copy_bumperbot_controller
[11.109s] [ 50%] Built target noisy_controller
[11.110s] [100%] Built target simple_speed_controller
[11.287s] running egg_info
[11.288s] writing bumperbot_controller.egg-info/PKG-INFO
[11.289s] writing dependency_links to bumperbot_controller.egg-info/dependency_links.txt
[11.289s] writing top-level names to bumperbot_controller.egg-info/top_level.txt
[11.291s] reading manifest file 'bumperbot_controller.egg-info/SOURCES.txt'
[11.292s] writing manifest file 'bumperbot_controller.egg-info/SOURCES.txt'
[11.313s] [100%] Built target ament_cmake_python_build_bumperbot_controller_egg
[11.322s] Invoked command in '/home/wapush/AGV/bumperbot_ws/build/bumperbot_controller' returned '0': CMAKE_PREFIX_PATH=/opt/ros/humble /usr/bin/cmake --build /home/wapush/AGV/bumperbot_ws/build/bumperbot_controller -- -j20 -l20
[11.346s] Invoking command in '/home/wapush/AGV/bumperbot_ws/build/bumperbot_controller': CMAKE_PREFIX_PATH=/opt/ros/humble /usr/bin/cmake --install /home/wapush/AGV/bumperbot_ws/build/bumperbot_controller
[11.351s] -- Install configuration: ""
[11.351s] -- Up-to-date: /home/wapush/AGV/bumperbot_ws/install/bumperbot_controller/share/bumperbot_controller/environment/pythonpath.sh
[11.351s] -- Installing: /home/wapush/AGV/bumperbot_ws/install/bumperbot_controller/share/bumperbot_controller/environment/pythonpath.dsv
[11.351s] -- Up-to-date: /home/wapush/AGV/bumperbot_ws/install/bumperbot_controller/local/lib/python3.10/dist-packages/bumperbot_controller-0.0.0-py3.10.egg-info
[11.351s] -- Installing: /home/wapush/AGV/bumperbot_ws/install/bumperbot_controller/local/lib/python3.10/dist-packages/bumperbot_controller-0.0.0-py3.10.egg-info/PKG-INFO
[11.352s] -- Installing: /home/wapush/AGV/bumperbot_ws/install/bumperbot_controller/local/lib/python3.10/dist-packages/bumperbot_controller-0.0.0-py3.10.egg-info/top_level.txt
[11.352s] -- Installing: /home/wapush/AGV/bumperbot_ws/install/bumperbot_controller/local/lib/python3.10/dist-packages/bumperbot_controller-0.0.0-py3.10.egg-info/dependency_links.txt
[11.352s] -- Installing: /home/wapush/AGV/bumperbot_ws/install/bumperbot_controller/local/lib/python3.10/dist-packages/bumperbot_controller-0.0.0-py3.10.egg-info/SOURCES.txt
[11.352s] -- Up-to-date: /home/wapush/AGV/bumperbot_ws/install/bumperbot_controller/local/lib/python3.10/dist-packages/bumperbot_controller
[11.352s] -- Up-to-date: /home/wapush/AGV/bumperbot_ws/install/bumperbot_controller/local/lib/python3.10/dist-packages/bumperbot_controller/noisy_controller.py
[11.352s] -- Up-to-date: /home/wapush/AGV/bumperbot_ws/install/bumperbot_controller/local/lib/python3.10/dist-packages/bumperbot_controller/simple_speed_controller.py
[11.352s] -- Up-to-date: /home/wapush/AGV/bumperbot_ws/install/bumperbot_controller/local/lib/python3.10/dist-packages/bumperbot_controller/gps_waypoint_logger.py
[11.352s] -- Up-to-date: /home/wapush/AGV/bumperbot_ws/install/bumperbot_controller/local/lib/python3.10/dist-packages/bumperbot_controller/trajectory_plotter.py
[11.352s] -- Installing: /home/wapush/AGV/bumperbot_ws/install/bumperbot_controller/local/lib/python3.10/dist-packages/bumperbot_controller/logged_waypoint_follower.py
[11.352s] -- Up-to-date: /home/wapush/AGV/bumperbot_ws/install/bumperbot_controller/local/lib/python3.10/dist-packages/bumperbot_controller/__init__.py
[11.377s] Listing '/home/wapush/AGV/bumperbot_ws/install/bumperbot_controller/local/lib/python3.10/dist-packages/bumperbot_controller'...
[11.377s] Compiling '/home/wapush/AGV/bumperbot_ws/install/bumperbot_controller/local/lib/python3.10/dist-packages/bumperbot_controller/logged_waypoint_follower.py'...
[11.380s] -- Up-to-date: /home/wapush/AGV/bumperbot_ws/install/bumperbot_controller/include/include
[11.380s] -- Up-to-date: /home/wapush/AGV/bumperbot_ws/install/bumperbot_controller/include/include/bumperbot_controller
[11.380s] -- Up-to-date: /home/wapush/AGV/bumperbot_ws/install/bumperbot_controller/include/include/bumperbot_controller/noisy_controller.hpp
[11.380s] -- Up-to-date: /home/wapush/AGV/bumperbot_ws/install/bumperbot_controller/include/include/bumperbot_controller/simple_speed_controller.hpp
[11.381s] -- Up-to-date: /home/wapush/AGV/bumperbot_ws/install/bumperbot_controller/lib/bumperbot_controller/simple_speed_controller
[11.382s] -- Up-to-date: /home/wapush/AGV/bumperbot_ws/install/bumperbot_controller/lib/bumperbot_controller/noisy_controller
[11.382s] -- Up-to-date: /home/wapush/AGV/bumperbot_ws/install/bumperbot_controller/share/bumperbot_controller/launch
[11.382s] -- Up-to-date: /home/wapush/AGV/bumperbot_ws/install/bumperbot_controller/share/bumperbot_controller/launch/joystick_teleop.launch.py
[11.382s] -- Up-to-date: /home/wapush/AGV/bumperbot_ws/install/bumperbot_controller/share/bumperbot_controller/launch/controller.launch.py
[11.383s] -- Up-to-date: /home/wapush/AGV/bumperbot_ws/install/bumperbot_controller/share/bumperbot_controller/config
[11.383s] -- Up-to-date: /home/wapush/AGV/bumperbot_ws/install/bumperbot_controller/share/bumperbot_controller/config/joy_config.yaml
[11.383s] -- Up-to-date: /home/wapush/AGV/bumperbot_ws/install/bumperbot_controller/share/bumperbot_controller/config/joy_teleop.yaml
[11.383s] -- Up-to-date: /home/wapush/AGV/bumperbot_ws/install/bumperbot_controller/share/bumperbot_controller/config/twist_mux_locks.yaml
[11.383s] -- Up-to-date: /home/wapush/AGV/bumperbot_ws/install/bumperbot_controller/share/bumperbot_controller/config/twist_mux_topics.yaml
[11.383s] -- Up-to-date: /home/wapush/AGV/bumperbot_ws/install/bumperbot_controller/share/bumperbot_controller/config/twist_mux_joy.yaml
[11.383s] -- Up-to-date: /home/wapush/AGV/bumperbot_ws/install/bumperbot_controller/share/bumperbot_controller/config/bumperbot_controllers.yaml
[11.383s] -- Up-to-date: /home/wapush/AGV/bumperbot_ws/install/bumperbot_controller/lib/bumperbot_controller/simple_speed_controller.py
[11.383s] -- Up-to-date: /home/wapush/AGV/bumperbot_ws/install/bumperbot_controller/lib/bumperbot_controller/noisy_controller.py
[11.383s] -- Up-to-date: /home/wapush/AGV/bumperbot_ws/install/bumperbot_controller/lib/bumperbot_controller/gps_waypoint_logger.py
[11.383s] -- Installing: /home/wapush/AGV/bumperbot_ws/install/bumperbot_controller/lib/bumperbot_controller/logged_waypoint_follower.py
[11.383s] -- Up-to-date: /home/wapush/AGV/bumperbot_ws/install/bumperbot_controller/lib/bumperbot_controller/trajectory_plotter.py
[11.383s] -- Up-to-date: /home/wapush/AGV/bumperbot_ws/install/bumperbot_controller/share/ament_index/resource_index/package_run_dependencies/bumperbot_controller
[11.384s] -- Up-to-date: /home/wapush/AGV/bumperbot_ws/install/bumperbot_controller/share/ament_index/resource_index/parent_prefix_path/bumperbot_controller
[11.384s] -- Up-to-date: /home/wapush/AGV/bumperbot_ws/install/bumperbot_controller/share/bumperbot_controller/environment/ament_prefix_path.sh
[11.384s] -- Installing: /home/wapush/AGV/bumperbot_ws/install/bumperbot_controller/share/bumperbot_controller/environment/ament_prefix_path.dsv
[11.384s] -- Up-to-date: /home/wapush/AGV/bumperbot_ws/install/bumperbot_controller/share/bumperbot_controller/environment/path.sh
[11.384s] -- Installing: /home/wapush/AGV/bumperbot_ws/install/bumperbot_controller/share/bumperbot_controller/environment/path.dsv
[11.384s] -- Up-to-date: /home/wapush/AGV/bumperbot_ws/install/bumperbot_controller/share/bumperbot_controller/local_setup.bash
[11.384s] -- Up-to-date: /home/wapush/AGV/bumperbot_ws/install/bumperbot_controller/share/bumperbot_controller/local_setup.sh
[11.384s] -- Up-to-date: /home/wapush/AGV/bumperbot_ws/install/bumperbot_controller/share/bumperbot_controller/local_setup.zsh
[11.384s] -- Installing: /home/wapush/AGV/bumperbot_ws/install/bumperbot_controller/share/bumperbot_controller/local_setup.dsv
[11.384s] -- Installing: /home/wapush/AGV/bumperbot_ws/install/bumperbot_controller/share/bumperbot_controller/package.dsv
[11.384s] -- Up-to-date: /home/wapush/AGV/bumperbot_ws/install/bumperbot_controller/share/ament_index/resource_index/packages/bumperbot_controller
[11.384s] -- Up-to-date: /home/wapush/AGV/bumperbot_ws/install/bumperbot_controller/share/bumperbot_controller/cmake/bumperbot_controllerConfig.cmake
[11.384s] -- Up-to-date: /home/wapush/AGV/bumperbot_ws/install/bumperbot_controller/share/bumperbot_controller/cmake/bumperbot_controllerConfig-version.cmake
[11.384s] -- Up-to-date: /home/wapush/AGV/bumperbot_ws/install/bumperbot_controller/share/bumperbot_controller/package.xml
[11.386s] Invoked command in '/home/wapush/AGV/bumperbot_ws/build/bumperbot_controller' returned '0': CMAKE_PREFIX_PATH=/opt/ros/humble /usr/bin/cmake --install /home/wapush/AGV/bumperbot_ws/build/bumperbot_controller
