[0.051s] Invoking command in '/root/AGV/build/bumperbot_mapping': CMAKE_PREFIX_PATH=/opt/ros/humble /usr/bin/cmake /root/AGV/bumperbot_ws/src/bumperbot_mapping -DCMAKE_INSTALL_PREFIX=/root/AGV/install/bumperbot_mapping
[0.559s] -- The C compiler identification is GNU 11.4.0
[0.999s] -- The CXX compiler identification is GNU 11.4.0
[1.285s] -- Detecting C compiler ABI info
[1.472s] -- Detecting C compiler ABI info - done
[1.483s] -- Check for working C compiler: /usr/bin/cc - skipped
[1.483s] -- Detecting C compile features
[1.484s] -- Detecting C compile features - done
[1.488s] -- Detecting CXX compiler ABI info
[1.666s] -- Detecting CXX compiler ABI info - done
[1.676s] -- Check for working CXX compiler: /usr/bin/c++ - skipped
[1.677s] -- Detecting CXX compile features
[1.677s] -- Detecting CXX compile features - done
[1.680s] -- Found ament_cmake: 1.3.10 (/opt/ros/humble/share/ament_cmake/cmake)
[1.892s] -- Found Python3: /usr/bin/python3 (found version "3.10.12") found components: Interpreter 
[2.012s] -- Found ament_lint_auto: 0.12.11 (/opt/ros/humble/share/ament_lint_auto/cmake)
[2.130s] -- Added test 'lint_cmake' to check CMake code style
[2.131s] -- Added test 'xmllint' to check XML markup files
[2.136s] -- Configuring done
[2.142s] -- Generating done
[2.142s] -- Build files have been written to: /root/AGV/build/bumperbot_mapping
[2.150s] Invoked command in '/root/AGV/build/bumperbot_mapping' returned '0': CMAKE_PREFIX_PATH=/opt/ros/humble /usr/bin/cmake /root/AGV/bumperbot_ws/src/bumperbot_mapping -DCMAKE_INSTALL_PREFIX=/root/AGV/install/bumperbot_mapping
[2.161s] Invoking command in '/root/AGV/build/bumperbot_mapping': CMAKE_PREFIX_PATH=/opt/ros/humble /usr/bin/cmake --build /root/AGV/build/bumperbot_mapping -- -j8 -l8
[2.196s] Invoked command in '/root/AGV/build/bumperbot_mapping' returned '0': CMAKE_PREFIX_PATH=/opt/ros/humble /usr/bin/cmake --build /root/AGV/build/bumperbot_mapping -- -j8 -l8
[2.232s] Invoking command in '/root/AGV/build/bumperbot_mapping': CMAKE_PREFIX_PATH=/opt/ros/humble /usr/bin/cmake --install /root/AGV/build/bumperbot_mapping
[2.242s] -- Install configuration: ""
[2.245s] -- Installing: /root/AGV/install/bumperbot_mapping/share/ament_index/resource_index/package_run_dependencies/bumperbot_mapping
[2.245s] -- Installing: /root/AGV/install/bumperbot_mapping/share/ament_index/resource_index/parent_prefix_path/bumperbot_mapping
[2.245s] -- Installing: /root/AGV/install/bumperbot_mapping/share/bumperbot_mapping/environment/ament_prefix_path.sh
[2.246s] -- Installing: /root/AGV/install/bumperbot_mapping/share/bumperbot_mapping/environment/ament_prefix_path.dsv
[2.247s] -- Installing: /root/AGV/install/bumperbot_mapping/share/bumperbot_mapping/environment/path.sh
[2.247s] -- Installing: /root/AGV/install/bumperbot_mapping/share/bumperbot_mapping/environment/path.dsv
[2.247s] -- Installing: /root/AGV/install/bumperbot_mapping/share/bumperbot_mapping/local_setup.bash
[2.248s] -- Installing: /root/AGV/install/bumperbot_mapping/share/bumperbot_mapping/local_setup.sh
[2.248s] -- Installing: /root/AGV/install/bumperbot_mapping/share/bumperbot_mapping/local_setup.zsh
[2.248s] -- Installing: /root/AGV/install/bumperbot_mapping/share/bumperbot_mapping/local_setup.dsv
[2.248s] -- Installing: /root/AGV/install/bumperbot_mapping/share/bumperbot_mapping/package.dsv
[2.248s] -- Installing: /root/AGV/install/bumperbot_mapping/share/ament_index/resource_index/packages/bumperbot_mapping
[2.249s] -- Installing: /root/AGV/install/bumperbot_mapping/share/bumperbot_mapping/cmake/bumperbot_mappingConfig.cmake
[2.249s] -- Installing: /root/AGV/install/bumperbot_mapping/share/bumperbot_mapping/cmake/bumperbot_mappingConfig-version.cmake
[2.249s] -- Installing: /root/AGV/install/bumperbot_mapping/share/bumperbot_mapping/package.xml
[2.261s] Invoked command in '/root/AGV/build/bumperbot_mapping' returned '0': CMAKE_PREFIX_PATH=/opt/ros/humble /usr/bin/cmake --install /root/AGV/build/bumperbot_mapping
