[0.202s] Invoking command in '/home/wapush/AGV/bumperbot_ws/build/nav2_straightline_planner': CMAKE_PREFIX_PATH=/opt/ros/iron /usr/bin/cmake --build /home/wapush/AGV/bumperbot_ws/build/nav2_straightline_planner -- -j20 -l20
[0.310s] [100%] Built target nav2_straightline_planner_plugin
[0.467s] Invoked command in '/home/wapush/AGV/bumperbot_ws/build/nav2_straightline_planner' returned '0': CMAKE_PREFIX_PATH=/opt/ros/iron /usr/bin/cmake --build /home/wapush/AGV/bumperbot_ws/build/nav2_straightline_planner -- -j20 -l20
[0.469s] Invoking command in '/home/wapush/AGV/bumperbot_ws/build/nav2_straightline_planner': CMAKE_PREFIX_PATH=/opt/ros/iron /usr/bin/cmake --install /home/wapush/AGV/bumperbot_ws/build/nav2_straightline_planner
[0.481s] -- Install configuration: ""
[0.481s] -- Up-to-date: /home/wapush/AGV/bumperbot_ws/install/nav2_straightline_planner/share/nav2_straightline_planner/global_planner_plugin.xml
[0.482s] -- Up-to-date: /home/wapush/AGV/bumperbot_ws/install/nav2_straightline_planner/lib/libnav2_straightline_planner_plugin.so
[0.482s] -- Up-to-date: /home/wapush/AGV/bumperbot_ws/install/nav2_straightline_planner/include/
[0.482s] -- Up-to-date: /home/wapush/AGV/bumperbot_ws/install/nav2_straightline_planner/include//nav2_straightline_planner
[0.482s] -- Up-to-date: /home/wapush/AGV/bumperbot_ws/install/nav2_straightline_planner/include//nav2_straightline_planner/straight_line_planner.hpp
[0.482s] -- Up-to-date: /home/wapush/AGV/bumperbot_ws/install/nav2_straightline_planner/share/nav2_straightline_planner/global_planner_plugin.xml
[0.482s] -- Up-to-date: /home/wapush/AGV/bumperbot_ws/install/nav2_straightline_planner/share/nav2_straightline_planner/environment/library_path.sh
[0.482s] -- Up-to-date: /home/wapush/AGV/bumperbot_ws/install/nav2_straightline_planner/share/nav2_straightline_planner/environment/library_path.dsv
[0.482s] -- Up-to-date: /home/wapush/AGV/bumperbot_ws/install/nav2_straightline_planner/share/ament_index/resource_index/package_run_dependencies/nav2_straightline_planner
[0.482s] -- Up-to-date: /home/wapush/AGV/bumperbot_ws/install/nav2_straightline_planner/share/ament_index/resource_index/parent_prefix_path/nav2_straightline_planner
[0.482s] -- Up-to-date: /home/wapush/AGV/bumperbot_ws/install/nav2_straightline_planner/share/nav2_straightline_planner/environment/ament_prefix_path.sh
[0.483s] -- Up-to-date: /home/wapush/AGV/bumperbot_ws/install/nav2_straightline_planner/share/nav2_straightline_planner/environment/ament_prefix_path.dsv
[0.483s] -- Up-to-date: /home/wapush/AGV/bumperbot_ws/install/nav2_straightline_planner/share/nav2_straightline_planner/environment/path.sh
[0.483s] -- Up-to-date: /home/wapush/AGV/bumperbot_ws/install/nav2_straightline_planner/share/nav2_straightline_planner/environment/path.dsv
[0.483s] -- Up-to-date: /home/wapush/AGV/bumperbot_ws/install/nav2_straightline_planner/share/nav2_straightline_planner/local_setup.bash
[0.483s] -- Up-to-date: /home/wapush/AGV/bumperbot_ws/install/nav2_straightline_planner/share/nav2_straightline_planner/local_setup.sh
[0.483s] -- Up-to-date: /home/wapush/AGV/bumperbot_ws/install/nav2_straightline_planner/share/nav2_straightline_planner/local_setup.zsh
[0.483s] -- Up-to-date: /home/wapush/AGV/bumperbot_ws/install/nav2_straightline_planner/share/nav2_straightline_planner/local_setup.dsv
[0.483s] -- Installing: /home/wapush/AGV/bumperbot_ws/install/nav2_straightline_planner/share/nav2_straightline_planner/package.dsv
[0.483s] -- Up-to-date: /home/wapush/AGV/bumperbot_ws/install/nav2_straightline_planner/share/ament_index/resource_index/packages/nav2_straightline_planner
[0.484s] -- Up-to-date: /home/wapush/AGV/bumperbot_ws/install/nav2_straightline_planner/share/ament_index/resource_index/nav2_core__pluginlib__plugin/nav2_straightline_planner
[0.484s] -- Up-to-date: /home/wapush/AGV/bumperbot_ws/install/nav2_straightline_planner/share/nav2_straightline_planner/cmake/ament_cmake_export_include_directories-extras.cmake
[0.484s] -- Up-to-date: /home/wapush/AGV/bumperbot_ws/install/nav2_straightline_planner/share/nav2_straightline_planner/cmake/ament_cmake_export_libraries-extras.cmake
[0.484s] -- Up-to-date: /home/wapush/AGV/bumperbot_ws/install/nav2_straightline_planner/share/nav2_straightline_planner/cmake/ament_cmake_export_dependencies-extras.cmake
[0.484s] -- Up-to-date: /home/wapush/AGV/bumperbot_ws/install/nav2_straightline_planner/share/nav2_straightline_planner/cmake/nav2_straightline_plannerConfig.cmake
[0.484s] -- Up-to-date: /home/wapush/AGV/bumperbot_ws/install/nav2_straightline_planner/share/nav2_straightline_planner/cmake/nav2_straightline_plannerConfig-version.cmake
[0.484s] -- Up-to-date: /home/wapush/AGV/bumperbot_ws/install/nav2_straightline_planner/share/nav2_straightline_planner/package.xml
[0.496s] Invoked command in '/home/wapush/AGV/bumperbot_ws/build/nav2_straightline_planner' returned '0': CMAKE_PREFIX_PATH=/opt/ros/iron /usr/bin/cmake --install /home/wapush/AGV/bumperbot_ws/build/nav2_straightline_planner
