[1.076s] Invoking command in '/root/AGV/bumperbot_ws/src/bumperbot_py_examples': PYTHONPATH=/root/AGV/build/bumperbot_py_examples/prefix_override:/usr/lib/python3/dist-packages/colcon_core/task/python/colcon_distutils_commands:/root/AGV/install/bumperbot_py_examples/lib/python3.10/site-packages:${PYTHONPATH} /usr/bin/python3 -W ignore:setup.py install is deprecated setup.py egg_info --egg-base ../../../build/bumperbot_py_examples build --build-base /root/AGV/build/bumperbot_py_examples/build install --record /root/AGV/build/bumperbot_py_examples/install.log --single-version-externally-managed install_data
[2.154s] running egg_info
[2.154s] creating ../../../build/bumperbot_py_examples/bumperbot_py_examples.egg-info
[2.154s] writing ../../../build/bumperbot_py_examples/bumperbot_py_examples.egg-info/PKG-INFO
[2.154s] writing dependency_links to ../../../build/bumperbot_py_examples/bumperbot_py_examples.egg-info/dependency_links.txt
[2.154s] writing entry points to ../../../build/bumperbot_py_examples/bumperbot_py_examples.egg-info/entry_points.txt
[2.154s] writing requirements to ../../../build/bumperbot_py_examples/bumperbot_py_examples.egg-info/requires.txt
[2.155s] writing top-level names to ../../../build/bumperbot_py_examples/bumperbot_py_examples.egg-info/top_level.txt
[2.155s] writing manifest file '../../../build/bumperbot_py_examples/bumperbot_py_examples.egg-info/SOURCES.txt'
[2.155s] reading manifest file '../../../build/bumperbot_py_examples/bumperbot_py_examples.egg-info/SOURCES.txt'
[2.155s] writing manifest file '../../../build/bumperbot_py_examples/bumperbot_py_examples.egg-info/SOURCES.txt'
[2.155s] running build
[2.155s] running build_py
[2.155s] creating /root/AGV/build/bumperbot_py_examples/build
[2.155s] creating /root/AGV/build/bumperbot_py_examples/build/lib
[2.155s] creating /root/AGV/build/bumperbot_py_examples/build/lib/bumperbot_py_examples
[2.155s] copying bumperbot_py_examples/simple_publisher.py -> /root/AGV/build/bumperbot_py_examples/build/lib/bumperbot_py_examples
[2.155s] copying bumperbot_py_examples/__init__.py -> /root/AGV/build/bumperbot_py_examples/build/lib/bumperbot_py_examples
[2.156s] copying bumperbot_py_examples/turtlesim_kinematics.py -> /root/AGV/build/bumperbot_py_examples/build/lib/bumperbot_py_examples
[2.156s] running install
[2.156s] running install_lib
[2.156s] creating /root/AGV/install/bumperbot_py_examples/lib/python3.10/site-packages/bumperbot_py_examples
[2.156s] copying /root/AGV/build/bumperbot_py_examples/build/lib/bumperbot_py_examples/simple_publisher.py -> /root/AGV/install/bumperbot_py_examples/lib/python3.10/site-packages/bumperbot_py_examples
[2.156s] copying /root/AGV/build/bumperbot_py_examples/build/lib/bumperbot_py_examples/__init__.py -> /root/AGV/install/bumperbot_py_examples/lib/python3.10/site-packages/bumperbot_py_examples
[2.156s] copying /root/AGV/build/bumperbot_py_examples/build/lib/bumperbot_py_examples/turtlesim_kinematics.py -> /root/AGV/install/bumperbot_py_examples/lib/python3.10/site-packages/bumperbot_py_examples
[2.156s] byte-compiling /root/AGV/install/bumperbot_py_examples/lib/python3.10/site-packages/bumperbot_py_examples/simple_publisher.py to simple_publisher.cpython-310.pyc
[2.156s] byte-compiling /root/AGV/install/bumperbot_py_examples/lib/python3.10/site-packages/bumperbot_py_examples/__init__.py to __init__.cpython-310.pyc
[2.156s] byte-compiling /root/AGV/install/bumperbot_py_examples/lib/python3.10/site-packages/bumperbot_py_examples/turtlesim_kinematics.py to turtlesim_kinematics.cpython-310.pyc
[2.157s] running install_data
[2.157s] creating /root/AGV/install/bumperbot_py_examples/share/ament_index
[2.157s] creating /root/AGV/install/bumperbot_py_examples/share/ament_index/resource_index
[2.157s] creating /root/AGV/install/bumperbot_py_examples/share/ament_index/resource_index/packages
[2.157s] copying resource/bumperbot_py_examples -> /root/AGV/install/bumperbot_py_examples/share/ament_index/resource_index/packages
[2.157s] copying package.xml -> /root/AGV/install/bumperbot_py_examples/share/bumperbot_py_examples
[2.158s] running install_egg_info
[2.158s] Copying ../../../build/bumperbot_py_examples/bumperbot_py_examples.egg-info to /root/AGV/install/bumperbot_py_examples/lib/python3.10/site-packages/bumperbot_py_examples-0.0.0-py3.10.egg-info
[2.158s] running install_scripts
[2.158s] Installing simple_turtulesim_kinematics script to /root/AGV/install/bumperbot_py_examples/lib/bumperbot_py_examples
[2.158s] writing list of installed files to '/root/AGV/build/bumperbot_py_examples/install.log'
[2.163s] Invoked command in '/root/AGV/bumperbot_ws/src/bumperbot_py_examples' returned '0': PYTHONPATH=/root/AGV/build/bumperbot_py_examples/prefix_override:/usr/lib/python3/dist-packages/colcon_core/task/python/colcon_distutils_commands:/root/AGV/install/bumperbot_py_examples/lib/python3.10/site-packages:${PYTHONPATH} /usr/bin/python3 -W ignore:setup.py install is deprecated setup.py egg_info --egg-base ../../../build/bumperbot_py_examples build --build-base /root/AGV/build/bumperbot_py_examples/build install --record /root/AGV/build/bumperbot_py_examples/install.log --single-version-externally-managed install_data
