[0.041s] Invoking command in '/home/wapush/AGV/bumperbot_ws/build/bumperbot_bringup': CMAKE_PREFIX_PATH=/opt/ros/iron /usr/bin/cmake /home/wapush/AGV/bumperbot_ws/src/bumperbot_bringup -DCMAKE_INSTALL_PREFIX=/home/wapush/AGV/bumperbot_ws/install/bumperbot_bringup
[0.484s] -- The C compiler identification is GNU 11.4.0
[1.030s] -- The CXX compiler identification is GNU 11.4.0
[1.601s] -- Detecting C compiler ABI info
[1.772s] -- Detecting C compiler ABI info - done
[1.776s] -- Check for working C compiler: /usr/bin/cc - skipped
[1.777s] -- Detecting C compile features
[1.777s] -- Detecting C compile features - done
[1.780s] -- Detecting CXX compiler ABI info
[1.964s] -- Detecting CXX compiler ABI info - done
[1.969s] -- Check for working CXX compiler: /usr/bin/c++ - skipped
[1.969s] -- Detecting CXX compile features
[1.969s] -- Detecting CXX compile features - done
[1.980s] -- Found ament_cmake: 2.0.7 (/opt/ros/iron/share/ament_cmake/cmake)
[2.080s] -- Found Python3: /usr/bin/python3.10 (found version "3.10.12") found components: Interpreter 
[2.151s] -- Found ament_lint_auto: 0.14.4 (/opt/ros/iron/share/ament_lint_auto/cmake)
[2.206s] -- Added test 'lint_cmake' to check CMake code style
[2.207s] -- Added test 'xmllint' to check XML markup files
[2.209s] -- Configuring done
[2.213s] -- Generating done
[2.215s] -- Build files have been written to: /home/wapush/AGV/bumperbot_ws/build/bumperbot_bringup
[2.218s] Invoked command in '/home/wapush/AGV/bumperbot_ws/build/bumperbot_bringup' returned '0': CMAKE_PREFIX_PATH=/opt/ros/iron /usr/bin/cmake /home/wapush/AGV/bumperbot_ws/src/bumperbot_bringup -DCMAKE_INSTALL_PREFIX=/home/wapush/AGV/bumperbot_ws/install/bumperbot_bringup
[2.219s] Invoking command in '/home/wapush/AGV/bumperbot_ws/build/bumperbot_bringup': CMAKE_PREFIX_PATH=/opt/ros/iron /usr/bin/cmake --build /home/wapush/AGV/bumperbot_ws/build/bumperbot_bringup -- -j20 -l20
[2.236s] Invoked command in '/home/wapush/AGV/bumperbot_ws/build/bumperbot_bringup' returned '0': CMAKE_PREFIX_PATH=/opt/ros/iron /usr/bin/cmake --build /home/wapush/AGV/bumperbot_ws/build/bumperbot_bringup -- -j20 -l20
[2.238s] Invoking command in '/home/wapush/AGV/bumperbot_ws/build/bumperbot_bringup': CMAKE_PREFIX_PATH=/opt/ros/iron /usr/bin/cmake --install /home/wapush/AGV/bumperbot_ws/build/bumperbot_bringup
[2.241s] -- Install configuration: ""
[2.243s] -- Installing: /home/wapush/AGV/bumperbot_ws/install/bumperbot_bringup/share/ament_index/resource_index/package_run_dependencies/bumperbot_bringup
[2.243s] -- Installing: /home/wapush/AGV/bumperbot_ws/install/bumperbot_bringup/share/ament_index/resource_index/parent_prefix_path/bumperbot_bringup
[2.244s] -- Installing: /home/wapush/AGV/bumperbot_ws/install/bumperbot_bringup/share/bumperbot_bringup/environment/ament_prefix_path.sh
[2.244s] -- Installing: /home/wapush/AGV/bumperbot_ws/install/bumperbot_bringup/share/bumperbot_bringup/environment/ament_prefix_path.dsv
[2.244s] -- Installing: /home/wapush/AGV/bumperbot_ws/install/bumperbot_bringup/share/bumperbot_bringup/environment/path.sh
[2.244s] -- Installing: /home/wapush/AGV/bumperbot_ws/install/bumperbot_bringup/share/bumperbot_bringup/environment/path.dsv
[2.244s] -- Installing: /home/wapush/AGV/bumperbot_ws/install/bumperbot_bringup/share/bumperbot_bringup/local_setup.bash
[2.244s] -- Installing: /home/wapush/AGV/bumperbot_ws/install/bumperbot_bringup/share/bumperbot_bringup/local_setup.sh
[2.244s] -- Installing: /home/wapush/AGV/bumperbot_ws/install/bumperbot_bringup/share/bumperbot_bringup/local_setup.zsh
[2.244s] -- Installing: /home/wapush/AGV/bumperbot_ws/install/bumperbot_bringup/share/bumperbot_bringup/local_setup.dsv
[2.244s] -- Installing: /home/wapush/AGV/bumperbot_ws/install/bumperbot_bringup/share/bumperbot_bringup/package.dsv
[2.245s] -- Installing: /home/wapush/AGV/bumperbot_ws/install/bumperbot_bringup/share/ament_index/resource_index/packages/bumperbot_bringup
[2.245s] -- Installing: /home/wapush/AGV/bumperbot_ws/install/bumperbot_bringup/share/bumperbot_bringup/cmake/bumperbot_bringupConfig.cmake
[2.245s] -- Installing: /home/wapush/AGV/bumperbot_ws/install/bumperbot_bringup/share/bumperbot_bringup/cmake/bumperbot_bringupConfig-version.cmake
[2.245s] -- Installing: /home/wapush/AGV/bumperbot_ws/install/bumperbot_bringup/share/bumperbot_bringup/package.xml
[2.247s] Invoked command in '/home/wapush/AGV/bumperbot_ws/build/bumperbot_bringup' returned '0': CMAKE_PREFIX_PATH=/opt/ros/iron /usr/bin/cmake --install /home/wapush/AGV/bumperbot_ws/build/bumperbot_bringup
