[0.056s] Invoking command in '/root/AGV/build/bumperbot_localization': CMAKE_PREFIX_PATH=/opt/ros/humble /usr/bin/cmake --build /root/AGV/build/bumperbot_localization -- -j8 -l8
[0.547s] [100%] Built target imu_republisher
[0.548s] [100%] Built target ament_cmake_python_copy_bumperbot_localization
[0.765s] running egg_info
[0.788s] writing bumperbot_localization.egg-info/PKG-INFO
[0.790s] writing dependency_links to bumperbot_localization.egg-info/dependency_links.txt
[0.790s] writing top-level names to bumperbot_localization.egg-info/top_level.txt
[0.806s] reading manifest file 'bumperbot_localization.egg-info/SOURCES.txt'
[0.811s] writing manifest file 'bumperbot_localization.egg-info/SOURCES.txt'
[0.900s] [100%] Built target ament_cmake_python_build_bumperbot_localization_egg
[0.901s] Invoked command in '/root/AGV/build/bumperbot_localization' returned '0': CMAKE_PREFIX_PATH=/opt/ros/humble /usr/bin/cmake --build /root/AGV/build/bumperbot_localization -- -j8 -l8
[0.927s] Invoking command in '/root/AGV/build/bumperbot_localization': CMAKE_PREFIX_PATH=/opt/ros/humble /usr/bin/cmake --install /root/AGV/build/bumperbot_localization
[0.934s] -- Install configuration: ""
[0.934s] -- Up-to-date: /root/AGV/install/bumperbot_localization/share/bumperbot_localization/environment/pythonpath.sh
[0.934s] -- Up-to-date: /root/AGV/install/bumperbot_localization/share/bumperbot_localization/environment/pythonpath.dsv
[0.934s] -- Up-to-date: /root/AGV/install/bumperbot_localization/local/lib/python3.10/dist-packages/bumperbot_localization-0.0.0-py3.10.egg-info
[0.935s] -- Installing: /root/AGV/install/bumperbot_localization/local/lib/python3.10/dist-packages/bumperbot_localization-0.0.0-py3.10.egg-info/PKG-INFO
[0.935s] -- Installing: /root/AGV/install/bumperbot_localization/local/lib/python3.10/dist-packages/bumperbot_localization-0.0.0-py3.10.egg-info/top_level.txt
[0.937s] -- Installing: /root/AGV/install/bumperbot_localization/local/lib/python3.10/dist-packages/bumperbot_localization-0.0.0-py3.10.egg-info/dependency_links.txt
[0.937s] -- Installing: /root/AGV/install/bumperbot_localization/local/lib/python3.10/dist-packages/bumperbot_localization-0.0.0-py3.10.egg-info/SOURCES.txt
[0.937s] -- Up-to-date: /root/AGV/install/bumperbot_localization/local/lib/python3.10/dist-packages/bumperbot_localization
[0.937s] -- Up-to-date: /root/AGV/install/bumperbot_localization/local/lib/python3.10/dist-packages/bumperbot_localization/kalman_filter.py
[0.937s] -- Up-to-date: /root/AGV/install/bumperbot_localization/local/lib/python3.10/dist-packages/bumperbot_localization/__init__.py
[0.937s] -- Up-to-date: /root/AGV/install/bumperbot_localization/local/lib/python3.10/dist-packages/bumperbot_localization/imu_republisher.py
[0.973s] Listing '/root/AGV/install/bumperbot_localization/local/lib/python3.10/dist-packages/bumperbot_localization'...
[0.983s] -- Up-to-date: /root/AGV/install/bumperbot_localization/include/include
[0.984s] -- Up-to-date: /root/AGV/install/bumperbot_localization/include/include/bumperbot_localization
[0.984s] -- Up-to-date: /root/AGV/install/bumperbot_localization/include/include/bumperbot_localization/kalman_filter.hpp
[0.985s] -- Up-to-date: /root/AGV/install/bumperbot_localization/lib/bumperbot_localization/imu_republisher
[0.992s] -- Up-to-date: /root/AGV/install/bumperbot_localization/share/bumperbot_localization/launch
[0.992s] -- Up-to-date: /root/AGV/install/bumperbot_localization/share/bumperbot_localization/launch/local_localization.launch.py
[0.992s] -- Up-to-date: /root/AGV/install/bumperbot_localization/share/bumperbot_localization/config
[0.992s] -- Up-to-date: /root/AGV/install/bumperbot_localization/share/bumperbot_localization/config/ekf.yaml
[0.993s] -- Up-to-date: /root/AGV/install/bumperbot_localization/lib/bumperbot_localization/imu_republisher.py
[0.993s] -- Up-to-date: /root/AGV/install/bumperbot_localization/share/ament_index/resource_index/package_run_dependencies/bumperbot_localization
[0.994s] -- Up-to-date: /root/AGV/install/bumperbot_localization/share/ament_index/resource_index/parent_prefix_path/bumperbot_localization
[0.994s] -- Up-to-date: /root/AGV/install/bumperbot_localization/share/bumperbot_localization/environment/ament_prefix_path.sh
[0.994s] -- Up-to-date: /root/AGV/install/bumperbot_localization/share/bumperbot_localization/environment/ament_prefix_path.dsv
[0.994s] -- Up-to-date: /root/AGV/install/bumperbot_localization/share/bumperbot_localization/environment/path.sh
[0.994s] -- Up-to-date: /root/AGV/install/bumperbot_localization/share/bumperbot_localization/environment/path.dsv
[0.995s] -- Up-to-date: /root/AGV/install/bumperbot_localization/share/bumperbot_localization/local_setup.bash
[0.995s] -- Up-to-date: /root/AGV/install/bumperbot_localization/share/bumperbot_localization/local_setup.sh
[0.995s] -- Up-to-date: /root/AGV/install/bumperbot_localization/share/bumperbot_localization/local_setup.zsh
[0.995s] -- Up-to-date: /root/AGV/install/bumperbot_localization/share/bumperbot_localization/local_setup.dsv
[0.995s] -- Installing: /root/AGV/install/bumperbot_localization/share/bumperbot_localization/package.dsv
[0.995s] -- Up-to-date: /root/AGV/install/bumperbot_localization/share/ament_index/resource_index/packages/bumperbot_localization
[0.996s] -- Up-to-date: /root/AGV/install/bumperbot_localization/share/bumperbot_localization/cmake/bumperbot_localizationConfig.cmake
[0.996s] -- Up-to-date: /root/AGV/install/bumperbot_localization/share/bumperbot_localization/cmake/bumperbot_localizationConfig-version.cmake
[0.996s] -- Up-to-date: /root/AGV/install/bumperbot_localization/share/bumperbot_localization/package.xml
[1.007s] Invoked command in '/root/AGV/build/bumperbot_localization' returned '0': CMAKE_PREFIX_PATH=/opt/ros/humble /usr/bin/cmake --install /root/AGV/build/bumperbot_localization
