[0.418s] Invoking command in '/root/AGV/build/bumperbot_utils': CMAKE_PREFIX_PATH=/opt/ros/humble /usr/bin/cmake --build /root/AGV/build/bumperbot_utils -- -j8 -l8
[0.491s] [100%] Built target safety_stop
[0.581s] [100%] Built target ament_cmake_python_copy_bumperbot_utils
[0.784s] running egg_info
[0.786s] writing bumperbot_utils.egg-info/PKG-INFO
[0.786s] writing dependency_links to bumperbot_utils.egg-info/dependency_links.txt
[0.787s] writing top-level names to bumperbot_utils.egg-info/top_level.txt
[0.800s] reading manifest file 'bumperbot_utils.egg-info/SOURCES.txt'
[0.800s] writing manifest file 'bumperbot_utils.egg-info/SOURCES.txt'
[0.856s] [100%] Built target ament_cmake_python_build_bumperbot_utils_egg
[0.882s] Invoked command in '/root/AGV/build/bumperbot_utils' returned '0': CMAKE_PREFIX_PATH=/opt/ros/humble /usr/bin/cmake --build /root/AGV/build/bumperbot_utils -- -j8 -l8
[0.915s] Invoking command in '/root/AGV/build/bumperbot_utils': CMAKE_PREFIX_PATH=/opt/ros/humble /usr/bin/cmake --install /root/AGV/build/bumperbot_utils
[0.922s] -- Install configuration: ""
[0.923s] -- Up-to-date: /root/AGV/install/bumperbot_utils/lib/bumperbot_utils/safety_stop
[0.923s] -- Up-to-date: /root/AGV/install/bumperbot_utils/share/bumperbot_utils/environment/pythonpath.sh
[0.923s] -- Up-to-date: /root/AGV/install/bumperbot_utils/share/bumperbot_utils/environment/pythonpath.dsv
[0.923s] -- Up-to-date: /root/AGV/install/bumperbot_utils/local/lib/python3.10/dist-packages/bumperbot_utils-0.0.0-py3.10.egg-info
[0.923s] -- Installing: /root/AGV/install/bumperbot_utils/local/lib/python3.10/dist-packages/bumperbot_utils-0.0.0-py3.10.egg-info/PKG-INFO
[0.923s] -- Installing: /root/AGV/install/bumperbot_utils/local/lib/python3.10/dist-packages/bumperbot_utils-0.0.0-py3.10.egg-info/top_level.txt
[0.923s] -- Installing: /root/AGV/install/bumperbot_utils/local/lib/python3.10/dist-packages/bumperbot_utils-0.0.0-py3.10.egg-info/dependency_links.txt
[0.924s] -- Installing: /root/AGV/install/bumperbot_utils/local/lib/python3.10/dist-packages/bumperbot_utils-0.0.0-py3.10.egg-info/SOURCES.txt
[0.924s] -- Up-to-date: /root/AGV/install/bumperbot_utils/local/lib/python3.10/dist-packages/bumperbot_utils
[0.924s] -- Up-to-date: /root/AGV/install/bumperbot_utils/local/lib/python3.10/dist-packages/bumperbot_utils/__init__.py
[0.924s] -- Up-to-date: /root/AGV/install/bumperbot_utils/local/lib/python3.10/dist-packages/bumperbot_utils/safety_stop.py
[0.956s] Listing '/root/AGV/install/bumperbot_utils/local/lib/python3.10/dist-packages/bumperbot_utils'...
[0.965s] -- Up-to-date: /root/AGV/install/bumperbot_utils/lib/bumperbot_utils/safety_stop.py
[0.965s] -- Up-to-date: /root/AGV/install/bumperbot_utils/share/ament_index/resource_index/package_run_dependencies/bumperbot_utils
[0.965s] -- Up-to-date: /root/AGV/install/bumperbot_utils/share/ament_index/resource_index/parent_prefix_path/bumperbot_utils
[0.965s] -- Up-to-date: /root/AGV/install/bumperbot_utils/share/bumperbot_utils/environment/ament_prefix_path.sh
[0.965s] -- Up-to-date: /root/AGV/install/bumperbot_utils/share/bumperbot_utils/environment/ament_prefix_path.dsv
[0.965s] -- Up-to-date: /root/AGV/install/bumperbot_utils/share/bumperbot_utils/environment/path.sh
[0.965s] -- Up-to-date: /root/AGV/install/bumperbot_utils/share/bumperbot_utils/environment/path.dsv
[0.966s] -- Up-to-date: /root/AGV/install/bumperbot_utils/share/bumperbot_utils/local_setup.bash
[0.966s] -- Up-to-date: /root/AGV/install/bumperbot_utils/share/bumperbot_utils/local_setup.sh
[0.966s] -- Up-to-date: /root/AGV/install/bumperbot_utils/share/bumperbot_utils/local_setup.zsh
[0.966s] -- Up-to-date: /root/AGV/install/bumperbot_utils/share/bumperbot_utils/local_setup.dsv
[0.966s] -- Installing: /root/AGV/install/bumperbot_utils/share/bumperbot_utils/package.dsv
[0.966s] -- Up-to-date: /root/AGV/install/bumperbot_utils/share/ament_index/resource_index/packages/bumperbot_utils
[0.966s] -- Up-to-date: /root/AGV/install/bumperbot_utils/share/bumperbot_utils/cmake/bumperbot_utilsConfig.cmake
[0.966s] -- Up-to-date: /root/AGV/install/bumperbot_utils/share/bumperbot_utils/cmake/bumperbot_utilsConfig-version.cmake
[0.967s] -- Up-to-date: /root/AGV/install/bumperbot_utils/share/bumperbot_utils/package.xml
[0.968s] Invoked command in '/root/AGV/build/bumperbot_utils' returned '0': CMAKE_PREFIX_PATH=/opt/ros/humble /usr/bin/cmake --install /root/AGV/build/bumperbot_utils
