[0.141s] DEBUG:colcon:Command line arguments: ['/usr/bin/colcon', 'build']
[0.141s] DEBUG:colcon:Parsed command line arguments: Namespace(log_base=None, log_level=None, verb_name='build', build_base='build', install_base='install', merge_install=False, symlink_install=False, test_result_base=None, continue_on_error=False, executor='parallel', parallel_workers=8, event_handlers=None, ignore_user_meta=False, metas=['./colcon.meta'], base_paths=['.'], packages_ignore=None, packages_ignore_regex=None, paths=None, packages_up_to=None, packages_up_to_regex=None, packages_above=None, packages_above_and_dependencies=None, packages_above_depth=None, packages_select_by_dep=None, packages_skip_by_dep=None, packages_skip_up_to=None, packages_select_build_failed=False, packages_skip_build_finished=False, packages_select_test_failures=False, packages_skip_test_passed=False, packages_select=None, packages_skip=None, packages_select_regex=None, packages_skip_regex=None, packages_start=None, packages_end=None, allow_overriding=[], cmake_args=None, cmake_target=None, cmake_target_skip_unavailable=False, cmake_clean_cache=False, cmake_clean_first=False, cmake_force_configure=False, ament_cmake_args=None, catkin_cmake_args=None, catkin_skip_building_tests=False, verb_parser=<colcon_defaults.argument_parser.defaults.DefaultArgumentsDecorator object at 0x7f135f160520>, verb_extension=<colcon_core.verb.build.BuildVerb object at 0x7f135f2f90c0>, main=<bound method BuildVerb.main of <colcon_core.verb.build.BuildVerb object at 0x7f135f2f90c0>>)
[0.331s] Level 1:colcon.colcon_core.package_discovery:discover_packages(colcon_meta) check parameters
[0.331s] Level 1:colcon.colcon_core.package_discovery:discover_packages(recursive) check parameters
[0.332s] Level 1:colcon.colcon_core.package_discovery:discover_packages(ignore) check parameters
[0.332s] Level 1:colcon.colcon_core.package_discovery:discover_packages(path) check parameters
[0.332s] Level 1:colcon.colcon_core.package_discovery:discover_packages(colcon_meta) discover
[0.332s] Level 1:colcon.colcon_core.package_discovery:discover_packages(recursive) discover
[0.332s] INFO:colcon.colcon_core.package_discovery:Crawling recursively for packages in '/root/AGV'
[0.332s] Level 1:colcon.colcon_core.package_identification:_identify(.) by extensions ['ignore', 'ignore_ament_install']
[0.332s] Level 1:colcon.colcon_core.package_identification:_identify(.) by extension 'ignore'
[0.332s] Level 1:colcon.colcon_core.package_identification:_identify(.) by extension 'ignore_ament_install'
[0.332s] Level 1:colcon.colcon_core.package_identification:_identify(.) by extensions ['colcon_pkg']
[0.332s] Level 1:colcon.colcon_core.package_identification:_identify(.) by extension 'colcon_pkg'
[0.332s] Level 1:colcon.colcon_core.package_identification:_identify(.) by extensions ['colcon_meta']
[0.332s] Level 1:colcon.colcon_core.package_identification:_identify(.) by extension 'colcon_meta'
[0.332s] Level 1:colcon.colcon_core.package_identification:_identify(.) by extensions ['ros']
[0.332s] Level 1:colcon.colcon_core.package_identification:_identify(.) by extension 'ros'
[0.351s] Level 1:colcon.colcon_core.package_identification:_identify(.) by extensions ['cmake', 'python']
[0.351s] Level 1:colcon.colcon_core.package_identification:_identify(.) by extension 'cmake'
[0.351s] Level 1:colcon.colcon_core.package_identification:_identify(.) by extension 'python'
[0.351s] Level 1:colcon.colcon_core.package_identification:_identify(.) by extensions ['python_setup_py']
[0.351s] Level 1:colcon.colcon_core.package_identification:_identify(.) by extension 'python_setup_py'
[0.351s] Level 1:colcon.colcon_core.package_identification:_identify(build) by extensions ['ignore', 'ignore_ament_install']
[0.351s] Level 1:colcon.colcon_core.package_identification:_identify(build) by extension 'ignore'
[0.351s] Level 1:colcon.colcon_core.package_identification:_identify(build) ignored
[0.351s] Level 1:colcon.colcon_core.package_identification:_identify(bumperbot_ws) by extensions ['ignore', 'ignore_ament_install']
[0.351s] Level 1:colcon.colcon_core.package_identification:_identify(bumperbot_ws) by extension 'ignore'
[0.351s] Level 1:colcon.colcon_core.package_identification:_identify(bumperbot_ws) by extension 'ignore_ament_install'
[0.351s] Level 1:colcon.colcon_core.package_identification:_identify(bumperbot_ws) by extensions ['colcon_pkg']
[0.351s] Level 1:colcon.colcon_core.package_identification:_identify(bumperbot_ws) by extension 'colcon_pkg'
[0.351s] Level 1:colcon.colcon_core.package_identification:_identify(bumperbot_ws) by extensions ['colcon_meta']
[0.352s] Level 1:colcon.colcon_core.package_identification:_identify(bumperbot_ws) by extension 'colcon_meta'
[0.352s] Level 1:colcon.colcon_core.package_identification:_identify(bumperbot_ws) by extensions ['ros']
[0.352s] Level 1:colcon.colcon_core.package_identification:_identify(bumperbot_ws) by extension 'ros'
[0.352s] Level 1:colcon.colcon_core.package_identification:_identify(bumperbot_ws) by extensions ['cmake', 'python']
[0.352s] Level 1:colcon.colcon_core.package_identification:_identify(bumperbot_ws) by extension 'cmake'
[0.352s] Level 1:colcon.colcon_core.package_identification:_identify(bumperbot_ws) by extension 'python'
[0.352s] Level 1:colcon.colcon_core.package_identification:_identify(bumperbot_ws) by extensions ['python_setup_py']
[0.352s] Level 1:colcon.colcon_core.package_identification:_identify(bumperbot_ws) by extension 'python_setup_py'
[0.352s] Level 1:colcon.colcon_core.package_identification:_identify(bumperbot_ws/build) by extensions ['ignore', 'ignore_ament_install']
[0.352s] Level 1:colcon.colcon_core.package_identification:_identify(bumperbot_ws/build) by extension 'ignore'
[0.352s] Level 1:colcon.colcon_core.package_identification:_identify(bumperbot_ws/build) ignored
[0.352s] Level 1:colcon.colcon_core.package_identification:_identify(bumperbot_ws/install) by extensions ['ignore', 'ignore_ament_install']
[0.352s] Level 1:colcon.colcon_core.package_identification:_identify(bumperbot_ws/install) by extension 'ignore'
[0.352s] Level 1:colcon.colcon_core.package_identification:_identify(bumperbot_ws/install) ignored
[0.352s] Level 1:colcon.colcon_core.package_identification:_identify(bumperbot_ws/log) by extensions ['ignore', 'ignore_ament_install']
[0.352s] Level 1:colcon.colcon_core.package_identification:_identify(bumperbot_ws/log) by extension 'ignore'
[0.352s] Level 1:colcon.colcon_core.package_identification:_identify(bumperbot_ws/log) ignored
[0.352s] Level 1:colcon.colcon_core.package_identification:_identify(bumperbot_ws/src) by extensions ['ignore', 'ignore_ament_install']
[0.352s] Level 1:colcon.colcon_core.package_identification:_identify(bumperbot_ws/src) by extension 'ignore'
[0.352s] Level 1:colcon.colcon_core.package_identification:_identify(bumperbot_ws/src) by extension 'ignore_ament_install'
[0.353s] Level 1:colcon.colcon_core.package_identification:_identify(bumperbot_ws/src) by extensions ['colcon_pkg']
[0.353s] Level 1:colcon.colcon_core.package_identification:_identify(bumperbot_ws/src) by extension 'colcon_pkg'
[0.353s] Level 1:colcon.colcon_core.package_identification:_identify(bumperbot_ws/src) by extensions ['colcon_meta']
[0.353s] Level 1:colcon.colcon_core.package_identification:_identify(bumperbot_ws/src) by extension 'colcon_meta'
[0.353s] Level 1:colcon.colcon_core.package_identification:_identify(bumperbot_ws/src) by extensions ['ros']
[0.353s] Level 1:colcon.colcon_core.package_identification:_identify(bumperbot_ws/src) by extension 'ros'
[0.353s] Level 1:colcon.colcon_core.package_identification:_identify(bumperbot_ws/src) by extensions ['cmake', 'python']
[0.353s] Level 1:colcon.colcon_core.package_identification:_identify(bumperbot_ws/src) by extension 'cmake'
[0.353s] Level 1:colcon.colcon_core.package_identification:_identify(bumperbot_ws/src) by extension 'python'
[0.353s] Level 1:colcon.colcon_core.package_identification:_identify(bumperbot_ws/src) by extensions ['python_setup_py']
[0.353s] Level 1:colcon.colcon_core.package_identification:_identify(bumperbot_ws/src) by extension 'python_setup_py'
[0.353s] Level 1:colcon.colcon_core.package_identification:_identify(bumperbot_ws/src/build) by extensions ['ignore', 'ignore_ament_install']
[0.353s] Level 1:colcon.colcon_core.package_identification:_identify(bumperbot_ws/src/build) by extension 'ignore'
[0.353s] Level 1:colcon.colcon_core.package_identification:_identify(bumperbot_ws/src/build) ignored
[0.353s] Level 1:colcon.colcon_core.package_identification:_identify(bumperbot_ws/src/bumperbot_controller) by extensions ['ignore', 'ignore_ament_install']
[0.353s] Level 1:colcon.colcon_core.package_identification:_identify(bumperbot_ws/src/bumperbot_controller) by extension 'ignore'
[0.353s] Level 1:colcon.colcon_core.package_identification:_identify(bumperbot_ws/src/bumperbot_controller) by extension 'ignore_ament_install'
[0.353s] Level 1:colcon.colcon_core.package_identification:_identify(bumperbot_ws/src/bumperbot_controller) by extensions ['colcon_pkg']
[0.353s] Level 1:colcon.colcon_core.package_identification:_identify(bumperbot_ws/src/bumperbot_controller) by extension 'colcon_pkg'
[0.353s] Level 1:colcon.colcon_core.package_identification:_identify(bumperbot_ws/src/bumperbot_controller) by extensions ['colcon_meta']
[0.353s] Level 1:colcon.colcon_core.package_identification:_identify(bumperbot_ws/src/bumperbot_controller) by extension 'colcon_meta'
[0.353s] Level 1:colcon.colcon_core.package_identification:_identify(bumperbot_ws/src/bumperbot_controller) by extensions ['ros']
[0.353s] Level 1:colcon.colcon_core.package_identification:_identify(bumperbot_ws/src/bumperbot_controller) by extension 'ros'
[0.356s] DEBUG:colcon.colcon_core.package_identification:Package 'bumperbot_ws/src/bumperbot_controller' with type 'ros.ament_cmake' and name 'bumperbot_controller'
[0.356s] Level 1:colcon.colcon_core.package_identification:_identify(bumperbot_ws/src/bumperbot_cpp_examples) by extensions ['ignore', 'ignore_ament_install']
[0.356s] Level 1:colcon.colcon_core.package_identification:_identify(bumperbot_ws/src/bumperbot_cpp_examples) by extension 'ignore'
[0.356s] Level 1:colcon.colcon_core.package_identification:_identify(bumperbot_ws/src/bumperbot_cpp_examples) by extension 'ignore_ament_install'
[0.357s] Level 1:colcon.colcon_core.package_identification:_identify(bumperbot_ws/src/bumperbot_cpp_examples) by extensions ['colcon_pkg']
[0.357s] Level 1:colcon.colcon_core.package_identification:_identify(bumperbot_ws/src/bumperbot_cpp_examples) by extension 'colcon_pkg'
[0.357s] Level 1:colcon.colcon_core.package_identification:_identify(bumperbot_ws/src/bumperbot_cpp_examples) by extensions ['colcon_meta']
[0.357s] Level 1:colcon.colcon_core.package_identification:_identify(bumperbot_ws/src/bumperbot_cpp_examples) by extension 'colcon_meta'
[0.357s] Level 1:colcon.colcon_core.package_identification:_identify(bumperbot_ws/src/bumperbot_cpp_examples) by extensions ['ros']
[0.357s] Level 1:colcon.colcon_core.package_identification:_identify(bumperbot_ws/src/bumperbot_cpp_examples) by extension 'ros'
[0.357s] DEBUG:colcon.colcon_core.package_identification:Package 'bumperbot_ws/src/bumperbot_cpp_examples' with type 'ros.ament_cmake' and name 'bumperbot_cpp_examples'
[0.357s] Level 1:colcon.colcon_core.package_identification:_identify(bumperbot_ws/src/bumperbot_description) by extensions ['ignore', 'ignore_ament_install']
[0.357s] Level 1:colcon.colcon_core.package_identification:_identify(bumperbot_ws/src/bumperbot_description) by extension 'ignore'
[0.357s] Level 1:colcon.colcon_core.package_identification:_identify(bumperbot_ws/src/bumperbot_description) by extension 'ignore_ament_install'
[0.357s] Level 1:colcon.colcon_core.package_identification:_identify(bumperbot_ws/src/bumperbot_description) by extensions ['colcon_pkg']
[0.357s] Level 1:colcon.colcon_core.package_identification:_identify(bumperbot_ws/src/bumperbot_description) by extension 'colcon_pkg'
[0.357s] Level 1:colcon.colcon_core.package_identification:_identify(bumperbot_ws/src/bumperbot_description) by extensions ['colcon_meta']
[0.357s] Level 1:colcon.colcon_core.package_identification:_identify(bumperbot_ws/src/bumperbot_description) by extension 'colcon_meta'
[0.358s] Level 1:colcon.colcon_core.package_identification:_identify(bumperbot_ws/src/bumperbot_description) by extensions ['ros']
[0.358s] Level 1:colcon.colcon_core.package_identification:_identify(bumperbot_ws/src/bumperbot_description) by extension 'ros'
[0.358s] DEBUG:colcon.colcon_core.package_identification:Package 'bumperbot_ws/src/bumperbot_description' with type 'ros.ament_cmake' and name 'bumperbot_description'
[0.358s] Level 1:colcon.colcon_core.package_identification:_identify(bumperbot_ws/src/bumperbot_firmware) by extensions ['ignore', 'ignore_ament_install']
[0.358s] Level 1:colcon.colcon_core.package_identification:_identify(bumperbot_ws/src/bumperbot_firmware) by extension 'ignore'
[0.358s] Level 1:colcon.colcon_core.package_identification:_identify(bumperbot_ws/src/bumperbot_firmware) by extension 'ignore_ament_install'
[0.358s] Level 1:colcon.colcon_core.package_identification:_identify(bumperbot_ws/src/bumperbot_firmware) by extensions ['colcon_pkg']
[0.358s] Level 1:colcon.colcon_core.package_identification:_identify(bumperbot_ws/src/bumperbot_firmware) by extension 'colcon_pkg'
[0.358s] Level 1:colcon.colcon_core.package_identification:_identify(bumperbot_ws/src/bumperbot_firmware) by extensions ['colcon_meta']
[0.358s] Level 1:colcon.colcon_core.package_identification:_identify(bumperbot_ws/src/bumperbot_firmware) by extension 'colcon_meta'
[0.358s] Level 1:colcon.colcon_core.package_identification:_identify(bumperbot_ws/src/bumperbot_firmware) by extensions ['ros']
[0.358s] Level 1:colcon.colcon_core.package_identification:_identify(bumperbot_ws/src/bumperbot_firmware) by extension 'ros'
[0.360s] DEBUG:colcon.colcon_core.package_identification:Package 'bumperbot_ws/src/bumperbot_firmware' with type 'ros.ament_cmake' and name 'bumperbot_firmware'
[0.360s] Level 1:colcon.colcon_core.package_identification:_identify(bumperbot_ws/src/bumperbot_localization) by extensions ['ignore', 'ignore_ament_install']
[0.360s] Level 1:colcon.colcon_core.package_identification:_identify(bumperbot_ws/src/bumperbot_localization) by extension 'ignore'
[0.360s] Level 1:colcon.colcon_core.package_identification:_identify(bumperbot_ws/src/bumperbot_localization) by extension 'ignore_ament_install'
[0.360s] Level 1:colcon.colcon_core.package_identification:_identify(bumperbot_ws/src/bumperbot_localization) by extensions ['colcon_pkg']
[0.360s] Level 1:colcon.colcon_core.package_identification:_identify(bumperbot_ws/src/bumperbot_localization) by extension 'colcon_pkg'
[0.360s] Level 1:colcon.colcon_core.package_identification:_identify(bumperbot_ws/src/bumperbot_localization) by extensions ['colcon_meta']
[0.360s] Level 1:colcon.colcon_core.package_identification:_identify(bumperbot_ws/src/bumperbot_localization) by extension 'colcon_meta'
[0.360s] Level 1:colcon.colcon_core.package_identification:_identify(bumperbot_ws/src/bumperbot_localization) by extensions ['ros']
[0.360s] Level 1:colcon.colcon_core.package_identification:_identify(bumperbot_ws/src/bumperbot_localization) by extension 'ros'
[0.361s] DEBUG:colcon.colcon_core.package_identification:Package 'bumperbot_ws/src/bumperbot_localization' with type 'ros.ament_cmake' and name 'bumperbot_localization'
[0.361s] Level 1:colcon.colcon_core.package_identification:_identify(bumperbot_ws/src/bumperbot_mapping) by extensions ['ignore', 'ignore_ament_install']
[0.361s] Level 1:colcon.colcon_core.package_identification:_identify(bumperbot_ws/src/bumperbot_mapping) by extension 'ignore'
[0.361s] Level 1:colcon.colcon_core.package_identification:_identify(bumperbot_ws/src/bumperbot_mapping) by extension 'ignore_ament_install'
[0.361s] Level 1:colcon.colcon_core.package_identification:_identify(bumperbot_ws/src/bumperbot_mapping) by extensions ['colcon_pkg']
[0.361s] Level 1:colcon.colcon_core.package_identification:_identify(bumperbot_ws/src/bumperbot_mapping) by extension 'colcon_pkg'
[0.361s] Level 1:colcon.colcon_core.package_identification:_identify(bumperbot_ws/src/bumperbot_mapping) by extensions ['colcon_meta']
[0.361s] Level 1:colcon.colcon_core.package_identification:_identify(bumperbot_ws/src/bumperbot_mapping) by extension 'colcon_meta'
[0.361s] Level 1:colcon.colcon_core.package_identification:_identify(bumperbot_ws/src/bumperbot_mapping) by extensions ['ros']
[0.361s] Level 1:colcon.colcon_core.package_identification:_identify(bumperbot_ws/src/bumperbot_mapping) by extension 'ros'
[0.361s] DEBUG:colcon.colcon_core.package_identification:Package 'bumperbot_ws/src/bumperbot_mapping' with type 'ros.ament_cmake' and name 'bumperbot_mapping'
[0.362s] Level 1:colcon.colcon_core.package_identification:_identify(bumperbot_ws/src/bumperbot_py_examples) by extensions ['ignore', 'ignore_ament_install']
[0.362s] Level 1:colcon.colcon_core.package_identification:_identify(bumperbot_ws/src/bumperbot_py_examples) by extension 'ignore'
[0.362s] Level 1:colcon.colcon_core.package_identification:_identify(bumperbot_ws/src/bumperbot_py_examples) by extension 'ignore_ament_install'
[0.362s] Level 1:colcon.colcon_core.package_identification:_identify(bumperbot_ws/src/bumperbot_py_examples) by extensions ['colcon_pkg']
[0.362s] Level 1:colcon.colcon_core.package_identification:_identify(bumperbot_ws/src/bumperbot_py_examples) by extension 'colcon_pkg'
[0.362s] Level 1:colcon.colcon_core.package_identification:_identify(bumperbot_ws/src/bumperbot_py_examples) by extensions ['colcon_meta']
[0.362s] Level 1:colcon.colcon_core.package_identification:_identify(bumperbot_ws/src/bumperbot_py_examples) by extension 'colcon_meta'
[0.362s] Level 1:colcon.colcon_core.package_identification:_identify(bumperbot_ws/src/bumperbot_py_examples) by extensions ['ros']
[0.362s] Level 1:colcon.colcon_core.package_identification:_identify(bumperbot_ws/src/bumperbot_py_examples) by extension 'ros'
[0.362s] DEBUG:colcon.colcon_core.package_identification:Package 'bumperbot_ws/src/bumperbot_py_examples' with type 'ros.ament_python' and name 'bumperbot_py_examples'
[0.362s] Level 1:colcon.colcon_core.package_identification:_identify(bumperbot_ws/src/bumperbot_utils) by extensions ['ignore', 'ignore_ament_install']
[0.363s] Level 1:colcon.colcon_core.package_identification:_identify(bumperbot_ws/src/bumperbot_utils) by extension 'ignore'
[0.363s] Level 1:colcon.colcon_core.package_identification:_identify(bumperbot_ws/src/bumperbot_utils) by extension 'ignore_ament_install'
[0.363s] Level 1:colcon.colcon_core.package_identification:_identify(bumperbot_ws/src/bumperbot_utils) by extensions ['colcon_pkg']
[0.363s] Level 1:colcon.colcon_core.package_identification:_identify(bumperbot_ws/src/bumperbot_utils) by extension 'colcon_pkg'
[0.363s] Level 1:colcon.colcon_core.package_identification:_identify(bumperbot_ws/src/bumperbot_utils) by extensions ['colcon_meta']
[0.363s] Level 1:colcon.colcon_core.package_identification:_identify(bumperbot_ws/src/bumperbot_utils) by extension 'colcon_meta'
[0.363s] Level 1:colcon.colcon_core.package_identification:_identify(bumperbot_ws/src/bumperbot_utils) by extensions ['ros']
[0.363s] Level 1:colcon.colcon_core.package_identification:_identify(bumperbot_ws/src/bumperbot_utils) by extension 'ros'
[0.364s] DEBUG:colcon.colcon_core.package_identification:Package 'bumperbot_ws/src/bumperbot_utils' with type 'ros.ament_cmake' and name 'bumperbot_utils'
[0.364s] Level 1:colcon.colcon_core.package_identification:_identify(bumperbot_ws/src/install) by extensions ['ignore', 'ignore_ament_install']
[0.364s] Level 1:colcon.colcon_core.package_identification:_identify(bumperbot_ws/src/install) by extension 'ignore'
[0.364s] Level 1:colcon.colcon_core.package_identification:_identify(bumperbot_ws/src/install) ignored
[0.364s] Level 1:colcon.colcon_core.package_identification:_identify(bumperbot_ws/src/log) by extensions ['ignore', 'ignore_ament_install']
[0.364s] Level 1:colcon.colcon_core.package_identification:_identify(bumperbot_ws/src/log) by extension 'ignore'
[0.364s] Level 1:colcon.colcon_core.package_identification:_identify(bumperbot_ws/src/log) ignored
[0.364s] Level 1:colcon.colcon_core.package_identification:_identify(install) by extensions ['ignore', 'ignore_ament_install']
[0.364s] Level 1:colcon.colcon_core.package_identification:_identify(install) by extension 'ignore'
[0.364s] Level 1:colcon.colcon_core.package_identification:_identify(install) ignored
[0.364s] Level 1:colcon.colcon_core.package_identification:_identify(log) by extensions ['ignore', 'ignore_ament_install']
[0.364s] Level 1:colcon.colcon_core.package_identification:_identify(log) by extension 'ignore'
[0.364s] Level 1:colcon.colcon_core.package_identification:_identify(log) ignored
[0.364s] Level 1:colcon.colcon_core.package_discovery:discover_packages(recursive) using defaults
[0.364s] Level 1:colcon.colcon_core.package_discovery:discover_packages(ignore) discover
[0.365s] Level 1:colcon.colcon_core.package_discovery:discover_packages(ignore) using defaults
[0.365s] Level 1:colcon.colcon_core.package_discovery:discover_packages(path) discover
[0.365s] Level 1:colcon.colcon_core.package_discovery:discover_packages(path) using defaults
[0.392s] Level 1:colcon.colcon_core.package_discovery:discover_packages(prefix_path) check parameters
[0.392s] Level 1:colcon.colcon_core.package_discovery:discover_packages(prefix_path) discover
[0.395s] DEBUG:colcon.colcon_installed_package_information.package_discovery:Found 329 installed packages in /opt/ros/humble
[0.405s] Level 1:colcon.colcon_core.package_discovery:discover_packages(prefix_path) using defaults
[0.436s] Level 5:colcon.colcon_core.verb:set package 'bumperbot_controller' build argument 'cmake_args' from command line to 'None'
[0.436s] Level 5:colcon.colcon_core.verb:set package 'bumperbot_controller' build argument 'cmake_target' from command line to 'None'
[0.436s] Level 5:colcon.colcon_core.verb:set package 'bumperbot_controller' build argument 'cmake_target_skip_unavailable' from command line to 'False'
[0.436s] Level 5:colcon.colcon_core.verb:set package 'bumperbot_controller' build argument 'cmake_clean_cache' from command line to 'False'
[0.436s] Level 5:colcon.colcon_core.verb:set package 'bumperbot_controller' build argument 'cmake_clean_first' from command line to 'False'
[0.436s] Level 5:colcon.colcon_core.verb:set package 'bumperbot_controller' build argument 'cmake_force_configure' from command line to 'False'
[0.436s] Level 5:colcon.colcon_core.verb:set package 'bumperbot_controller' build argument 'ament_cmake_args' from command line to 'None'
[0.436s] Level 5:colcon.colcon_core.verb:set package 'bumperbot_controller' build argument 'catkin_cmake_args' from command line to 'None'
[0.436s] Level 5:colcon.colcon_core.verb:set package 'bumperbot_controller' build argument 'catkin_skip_building_tests' from command line to 'False'
[0.436s] DEBUG:colcon.colcon_core.verb:Building package 'bumperbot_controller' with the following arguments: {'ament_cmake_args': None, 'build_base': '/root/AGV/build/bumperbot_controller', 'catkin_cmake_args': None, 'catkin_skip_building_tests': False, 'cmake_args': None, 'cmake_clean_cache': False, 'cmake_clean_first': False, 'cmake_force_configure': False, 'cmake_target': None, 'cmake_target_skip_unavailable': False, 'install_base': '/root/AGV/install/bumperbot_controller', 'merge_install': False, 'path': '/root/AGV/bumperbot_ws/src/bumperbot_controller', 'symlink_install': False, 'test_result_base': None}
[0.437s] Level 5:colcon.colcon_core.verb:set package 'bumperbot_cpp_examples' build argument 'cmake_args' from command line to 'None'
[0.437s] Level 5:colcon.colcon_core.verb:set package 'bumperbot_cpp_examples' build argument 'cmake_target' from command line to 'None'
[0.437s] Level 5:colcon.colcon_core.verb:set package 'bumperbot_cpp_examples' build argument 'cmake_target_skip_unavailable' from command line to 'False'
[0.437s] Level 5:colcon.colcon_core.verb:set package 'bumperbot_cpp_examples' build argument 'cmake_clean_cache' from command line to 'False'
[0.437s] Level 5:colcon.colcon_core.verb:set package 'bumperbot_cpp_examples' build argument 'cmake_clean_first' from command line to 'False'
[0.437s] Level 5:colcon.colcon_core.verb:set package 'bumperbot_cpp_examples' build argument 'cmake_force_configure' from command line to 'False'
[0.437s] Level 5:colcon.colcon_core.verb:set package 'bumperbot_cpp_examples' build argument 'ament_cmake_args' from command line to 'None'
[0.437s] Level 5:colcon.colcon_core.verb:set package 'bumperbot_cpp_examples' build argument 'catkin_cmake_args' from command line to 'None'
[0.437s] Level 5:colcon.colcon_core.verb:set package 'bumperbot_cpp_examples' build argument 'catkin_skip_building_tests' from command line to 'False'
[0.437s] DEBUG:colcon.colcon_core.verb:Building package 'bumperbot_cpp_examples' with the following arguments: {'ament_cmake_args': None, 'build_base': '/root/AGV/build/bumperbot_cpp_examples', 'catkin_cmake_args': None, 'catkin_skip_building_tests': False, 'cmake_args': None, 'cmake_clean_cache': False, 'cmake_clean_first': False, 'cmake_force_configure': False, 'cmake_target': None, 'cmake_target_skip_unavailable': False, 'install_base': '/root/AGV/install/bumperbot_cpp_examples', 'merge_install': False, 'path': '/root/AGV/bumperbot_ws/src/bumperbot_cpp_examples', 'symlink_install': False, 'test_result_base': None}
[0.437s] Level 5:colcon.colcon_core.verb:set package 'bumperbot_description' build argument 'cmake_args' from command line to 'None'
[0.437s] Level 5:colcon.colcon_core.verb:set package 'bumperbot_description' build argument 'cmake_target' from command line to 'None'
[0.437s] Level 5:colcon.colcon_core.verb:set package 'bumperbot_description' build argument 'cmake_target_skip_unavailable' from command line to 'False'
[0.437s] Level 5:colcon.colcon_core.verb:set package 'bumperbot_description' build argument 'cmake_clean_cache' from command line to 'False'
[0.437s] Level 5:colcon.colcon_core.verb:set package 'bumperbot_description' build argument 'cmake_clean_first' from command line to 'False'
[0.437s] Level 5:colcon.colcon_core.verb:set package 'bumperbot_description' build argument 'cmake_force_configure' from command line to 'False'
[0.437s] Level 5:colcon.colcon_core.verb:set package 'bumperbot_description' build argument 'ament_cmake_args' from command line to 'None'
[0.437s] Level 5:colcon.colcon_core.verb:set package 'bumperbot_description' build argument 'catkin_cmake_args' from command line to 'None'
[0.437s] Level 5:colcon.colcon_core.verb:set package 'bumperbot_description' build argument 'catkin_skip_building_tests' from command line to 'False'
[0.437s] DEBUG:colcon.colcon_core.verb:Building package 'bumperbot_description' with the following arguments: {'ament_cmake_args': None, 'build_base': '/root/AGV/build/bumperbot_description', 'catkin_cmake_args': None, 'catkin_skip_building_tests': False, 'cmake_args': None, 'cmake_clean_cache': False, 'cmake_clean_first': False, 'cmake_force_configure': False, 'cmake_target': None, 'cmake_target_skip_unavailable': False, 'install_base': '/root/AGV/install/bumperbot_description', 'merge_install': False, 'path': '/root/AGV/bumperbot_ws/src/bumperbot_description', 'symlink_install': False, 'test_result_base': None}
[0.438s] Level 5:colcon.colcon_core.verb:set package 'bumperbot_firmware' build argument 'cmake_args' from command line to 'None'
[0.438s] Level 5:colcon.colcon_core.verb:set package 'bumperbot_firmware' build argument 'cmake_target' from command line to 'None'
[0.438s] Level 5:colcon.colcon_core.verb:set package 'bumperbot_firmware' build argument 'cmake_target_skip_unavailable' from command line to 'False'
[0.438s] Level 5:colcon.colcon_core.verb:set package 'bumperbot_firmware' build argument 'cmake_clean_cache' from command line to 'False'
[0.438s] Level 5:colcon.colcon_core.verb:set package 'bumperbot_firmware' build argument 'cmake_clean_first' from command line to 'False'
[0.438s] Level 5:colcon.colcon_core.verb:set package 'bumperbot_firmware' build argument 'cmake_force_configure' from command line to 'False'
[0.438s] Level 5:colcon.colcon_core.verb:set package 'bumperbot_firmware' build argument 'ament_cmake_args' from command line to 'None'
[0.438s] Level 5:colcon.colcon_core.verb:set package 'bumperbot_firmware' build argument 'catkin_cmake_args' from command line to 'None'
[0.438s] Level 5:colcon.colcon_core.verb:set package 'bumperbot_firmware' build argument 'catkin_skip_building_tests' from command line to 'False'
[0.438s] DEBUG:colcon.colcon_core.verb:Building package 'bumperbot_firmware' with the following arguments: {'ament_cmake_args': None, 'build_base': '/root/AGV/build/bumperbot_firmware', 'catkin_cmake_args': None, 'catkin_skip_building_tests': False, 'cmake_args': None, 'cmake_clean_cache': False, 'cmake_clean_first': False, 'cmake_force_configure': False, 'cmake_target': None, 'cmake_target_skip_unavailable': False, 'install_base': '/root/AGV/install/bumperbot_firmware', 'merge_install': False, 'path': '/root/AGV/bumperbot_ws/src/bumperbot_firmware', 'symlink_install': False, 'test_result_base': None}
[0.438s] Level 5:colcon.colcon_core.verb:set package 'bumperbot_localization' build argument 'cmake_args' from command line to 'None'
[0.438s] Level 5:colcon.colcon_core.verb:set package 'bumperbot_localization' build argument 'cmake_target' from command line to 'None'
[0.438s] Level 5:colcon.colcon_core.verb:set package 'bumperbot_localization' build argument 'cmake_target_skip_unavailable' from command line to 'False'
[0.438s] Level 5:colcon.colcon_core.verb:set package 'bumperbot_localization' build argument 'cmake_clean_cache' from command line to 'False'
[0.438s] Level 5:colcon.colcon_core.verb:set package 'bumperbot_localization' build argument 'cmake_clean_first' from command line to 'False'
[0.438s] Level 5:colcon.colcon_core.verb:set package 'bumperbot_localization' build argument 'cmake_force_configure' from command line to 'False'
[0.438s] Level 5:colcon.colcon_core.verb:set package 'bumperbot_localization' build argument 'ament_cmake_args' from command line to 'None'
[0.438s] Level 5:colcon.colcon_core.verb:set package 'bumperbot_localization' build argument 'catkin_cmake_args' from command line to 'None'
[0.438s] Level 5:colcon.colcon_core.verb:set package 'bumperbot_localization' build argument 'catkin_skip_building_tests' from command line to 'False'
[0.438s] DEBUG:colcon.colcon_core.verb:Building package 'bumperbot_localization' with the following arguments: {'ament_cmake_args': None, 'build_base': '/root/AGV/build/bumperbot_localization', 'catkin_cmake_args': None, 'catkin_skip_building_tests': False, 'cmake_args': None, 'cmake_clean_cache': False, 'cmake_clean_first': False, 'cmake_force_configure': False, 'cmake_target': None, 'cmake_target_skip_unavailable': False, 'install_base': '/root/AGV/install/bumperbot_localization', 'merge_install': False, 'path': '/root/AGV/bumperbot_ws/src/bumperbot_localization', 'symlink_install': False, 'test_result_base': None}
[0.438s] Level 5:colcon.colcon_core.verb:set package 'bumperbot_mapping' build argument 'cmake_args' from command line to 'None'
[0.438s] Level 5:colcon.colcon_core.verb:set package 'bumperbot_mapping' build argument 'cmake_target' from command line to 'None'
[0.439s] Level 5:colcon.colcon_core.verb:set package 'bumperbot_mapping' build argument 'cmake_target_skip_unavailable' from command line to 'False'
[0.439s] Level 5:colcon.colcon_core.verb:set package 'bumperbot_mapping' build argument 'cmake_clean_cache' from command line to 'False'
[0.439s] Level 5:colcon.colcon_core.verb:set package 'bumperbot_mapping' build argument 'cmake_clean_first' from command line to 'False'
[0.439s] Level 5:colcon.colcon_core.verb:set package 'bumperbot_mapping' build argument 'cmake_force_configure' from command line to 'False'
[0.439s] Level 5:colcon.colcon_core.verb:set package 'bumperbot_mapping' build argument 'ament_cmake_args' from command line to 'None'
[0.439s] Level 5:colcon.colcon_core.verb:set package 'bumperbot_mapping' build argument 'catkin_cmake_args' from command line to 'None'
[0.439s] Level 5:colcon.colcon_core.verb:set package 'bumperbot_mapping' build argument 'catkin_skip_building_tests' from command line to 'False'
[0.439s] DEBUG:colcon.colcon_core.verb:Building package 'bumperbot_mapping' with the following arguments: {'ament_cmake_args': None, 'build_base': '/root/AGV/build/bumperbot_mapping', 'catkin_cmake_args': None, 'catkin_skip_building_tests': False, 'cmake_args': None, 'cmake_clean_cache': False, 'cmake_clean_first': False, 'cmake_force_configure': False, 'cmake_target': None, 'cmake_target_skip_unavailable': False, 'install_base': '/root/AGV/install/bumperbot_mapping', 'merge_install': False, 'path': '/root/AGV/bumperbot_ws/src/bumperbot_mapping', 'symlink_install': False, 'test_result_base': None}
[0.439s] Level 5:colcon.colcon_core.verb:set package 'bumperbot_py_examples' build argument 'cmake_args' from command line to 'None'
[0.439s] Level 5:colcon.colcon_core.verb:set package 'bumperbot_py_examples' build argument 'cmake_target' from command line to 'None'
[0.439s] Level 5:colcon.colcon_core.verb:set package 'bumperbot_py_examples' build argument 'cmake_target_skip_unavailable' from command line to 'False'
[0.439s] Level 5:colcon.colcon_core.verb:set package 'bumperbot_py_examples' build argument 'cmake_clean_cache' from command line to 'False'
[0.439s] Level 5:colcon.colcon_core.verb:set package 'bumperbot_py_examples' build argument 'cmake_clean_first' from command line to 'False'
[0.439s] Level 5:colcon.colcon_core.verb:set package 'bumperbot_py_examples' build argument 'cmake_force_configure' from command line to 'False'
[0.439s] Level 5:colcon.colcon_core.verb:set package 'bumperbot_py_examples' build argument 'ament_cmake_args' from command line to 'None'
[0.439s] Level 5:colcon.colcon_core.verb:set package 'bumperbot_py_examples' build argument 'catkin_cmake_args' from command line to 'None'
[0.439s] Level 5:colcon.colcon_core.verb:set package 'bumperbot_py_examples' build argument 'catkin_skip_building_tests' from command line to 'False'
[0.439s] DEBUG:colcon.colcon_core.verb:Building package 'bumperbot_py_examples' with the following arguments: {'ament_cmake_args': None, 'build_base': '/root/AGV/build/bumperbot_py_examples', 'catkin_cmake_args': None, 'catkin_skip_building_tests': False, 'cmake_args': None, 'cmake_clean_cache': False, 'cmake_clean_first': False, 'cmake_force_configure': False, 'cmake_target': None, 'cmake_target_skip_unavailable': False, 'install_base': '/root/AGV/install/bumperbot_py_examples', 'merge_install': False, 'path': '/root/AGV/bumperbot_ws/src/bumperbot_py_examples', 'symlink_install': False, 'test_result_base': None}
[0.439s] Level 5:colcon.colcon_core.verb:set package 'bumperbot_utils' build argument 'cmake_args' from command line to 'None'
[0.439s] Level 5:colcon.colcon_core.verb:set package 'bumperbot_utils' build argument 'cmake_target' from command line to 'None'
[0.439s] Level 5:colcon.colcon_core.verb:set package 'bumperbot_utils' build argument 'cmake_target_skip_unavailable' from command line to 'False'
[0.439s] Level 5:colcon.colcon_core.verb:set package 'bumperbot_utils' build argument 'cmake_clean_cache' from command line to 'False'
[0.439s] Level 5:colcon.colcon_core.verb:set package 'bumperbot_utils' build argument 'cmake_clean_first' from command line to 'False'
[0.439s] Level 5:colcon.colcon_core.verb:set package 'bumperbot_utils' build argument 'cmake_force_configure' from command line to 'False'
[0.439s] Level 5:colcon.colcon_core.verb:set package 'bumperbot_utils' build argument 'ament_cmake_args' from command line to 'None'
[0.439s] Level 5:colcon.colcon_core.verb:set package 'bumperbot_utils' build argument 'catkin_cmake_args' from command line to 'None'
[0.439s] Level 5:colcon.colcon_core.verb:set package 'bumperbot_utils' build argument 'catkin_skip_building_tests' from command line to 'False'
[0.439s] DEBUG:colcon.colcon_core.verb:Building package 'bumperbot_utils' with the following arguments: {'ament_cmake_args': None, 'build_base': '/root/AGV/build/bumperbot_utils', 'catkin_cmake_args': None, 'catkin_skip_building_tests': False, 'cmake_args': None, 'cmake_clean_cache': False, 'cmake_clean_first': False, 'cmake_force_configure': False, 'cmake_target': None, 'cmake_target_skip_unavailable': False, 'install_base': '/root/AGV/install/bumperbot_utils', 'merge_install': False, 'path': '/root/AGV/bumperbot_ws/src/bumperbot_utils', 'symlink_install': False, 'test_result_base': None}
[0.440s] INFO:colcon.colcon_core.executor:Executing jobs using 'parallel' executor
[0.440s] DEBUG:colcon.colcon_parallel_executor.executor.parallel:run_until_complete
[0.441s] INFO:colcon.colcon_ros.task.ament_cmake.build:Building ROS package in '/root/AGV/bumperbot_ws/src/bumperbot_controller' with build type 'ament_cmake'
[0.441s] INFO:colcon.colcon_cmake.task.cmake.build:Building CMake package in '/root/AGV/bumperbot_ws/src/bumperbot_controller'
[0.444s] INFO:colcon.colcon_core.plugin_system:Skipping extension 'colcon_core.shell.bat': Not used on non-Windows systems
[0.444s] INFO:colcon.colcon_core.shell:Skip shell extension 'powershell' for command environment: Not usable outside of PowerShell
[0.444s] DEBUG:colcon.colcon_core.shell:Skip shell extension 'dsv' for command environment
[0.447s] INFO:colcon.colcon_ros.task.ament_cmake.build:Building ROS package in '/root/AGV/bumperbot_ws/src/bumperbot_cpp_examples' with build type 'ament_cmake'
[0.447s] INFO:colcon.colcon_cmake.task.cmake.build:Building CMake package in '/root/AGV/bumperbot_ws/src/bumperbot_cpp_examples'
[0.447s] INFO:colcon.colcon_core.shell:Skip shell extension 'powershell' for command environment: Not usable outside of PowerShell
[0.447s] DEBUG:colcon.colcon_core.shell:Skip shell extension 'dsv' for command environment
[0.450s] INFO:colcon.colcon_ros.task.ament_cmake.build:Building ROS package in '/root/AGV/bumperbot_ws/src/bumperbot_description' with build type 'ament_cmake'
[0.450s] INFO:colcon.colcon_cmake.task.cmake.build:Building CMake package in '/root/AGV/bumperbot_ws/src/bumperbot_description'
[0.451s] INFO:colcon.colcon_core.shell:Skip shell extension 'powershell' for command environment: Not usable outside of PowerShell
[0.451s] DEBUG:colcon.colcon_core.shell:Skip shell extension 'dsv' for command environment
[0.454s] INFO:colcon.colcon_ros.task.ament_cmake.build:Building ROS package in '/root/AGV/bumperbot_ws/src/bumperbot_firmware' with build type 'ament_cmake'
[0.455s] INFO:colcon.colcon_cmake.task.cmake.build:Building CMake package in '/root/AGV/bumperbot_ws/src/bumperbot_firmware'
[0.455s] INFO:colcon.colcon_core.shell:Skip shell extension 'powershell' for command environment: Not usable outside of PowerShell
[0.455s] DEBUG:colcon.colcon_core.shell:Skip shell extension 'dsv' for command environment
[0.458s] INFO:colcon.colcon_ros.task.ament_cmake.build:Building ROS package in '/root/AGV/bumperbot_ws/src/bumperbot_localization' with build type 'ament_cmake'
[0.458s] INFO:colcon.colcon_cmake.task.cmake.build:Building CMake package in '/root/AGV/bumperbot_ws/src/bumperbot_localization'
[0.459s] INFO:colcon.colcon_core.shell:Skip shell extension 'powershell' for command environment: Not usable outside of PowerShell
[0.459s] DEBUG:colcon.colcon_core.shell:Skip shell extension 'dsv' for command environment
[0.461s] INFO:colcon.colcon_ros.task.ament_cmake.build:Building ROS package in '/root/AGV/bumperbot_ws/src/bumperbot_mapping' with build type 'ament_cmake'
[0.462s] INFO:colcon.colcon_cmake.task.cmake.build:Building CMake package in '/root/AGV/bumperbot_ws/src/bumperbot_mapping'
[0.462s] INFO:colcon.colcon_core.shell:Skip shell extension 'powershell' for command environment: Not usable outside of PowerShell
[0.462s] DEBUG:colcon.colcon_core.shell:Skip shell extension 'dsv' for command environment
[0.466s] INFO:colcon.colcon_ros.task.ament_python.build:Building ROS package in '/root/AGV/bumperbot_ws/src/bumperbot_py_examples' with build type 'ament_python'
[0.466s] Level 1:colcon.colcon_core.shell:create_environment_hook('bumperbot_py_examples', 'ament_prefix_path')
[0.466s] INFO:colcon.colcon_core.shell:Creating environment hook '/root/AGV/install/bumperbot_py_examples/share/bumperbot_py_examples/hook/ament_prefix_path.ps1'
[0.467s] INFO:colcon.colcon_core.shell:Creating environment descriptor '/root/AGV/install/bumperbot_py_examples/share/bumperbot_py_examples/hook/ament_prefix_path.dsv'
[0.468s] INFO:colcon.colcon_core.shell:Creating environment hook '/root/AGV/install/bumperbot_py_examples/share/bumperbot_py_examples/hook/ament_prefix_path.sh'
[0.469s] INFO:colcon.colcon_core.shell:Skip shell extension 'powershell' for command environment: Not usable outside of PowerShell
[0.469s] DEBUG:colcon.colcon_core.shell:Skip shell extension 'dsv' for command environment
[0.471s] INFO:colcon.colcon_ros.task.ament_cmake.build:Building ROS package in '/root/AGV/bumperbot_ws/src/bumperbot_utils' with build type 'ament_cmake'
[0.471s] INFO:colcon.colcon_cmake.task.cmake.build:Building CMake package in '/root/AGV/bumperbot_ws/src/bumperbot_utils'
[0.471s] INFO:colcon.colcon_core.shell:Skip shell extension 'powershell' for command environment: Not usable outside of PowerShell
[0.471s] DEBUG:colcon.colcon_core.shell:Skip shell extension 'dsv' for command environment
[0.484s] DEBUG:colcon.colcon_core.event_handler.log_command:Invoking command in '/root/AGV/build/bumperbot_controller': CMAKE_PREFIX_PATH=/opt/ros/humble /usr/bin/cmake --build /root/AGV/build/bumperbot_controller -- -j8 -l8
[0.491s] DEBUG:colcon.colcon_core.event_handler.log_command:Invoking command in '/root/AGV/build/bumperbot_cpp_examples': CMAKE_PREFIX_PATH=/opt/ros/humble /usr/bin/cmake --build /root/AGV/build/bumperbot_cpp_examples -- -j8 -l8
[0.497s] DEBUG:colcon.colcon_core.event_handler.log_command:Invoking command in '/root/AGV/build/bumperbot_description': CMAKE_PREFIX_PATH=/opt/ros/humble /usr/bin/cmake --build /root/AGV/build/bumperbot_description -- -j8 -l8
[0.502s] DEBUG:colcon.colcon_core.event_handler.log_command:Invoking command in '/root/AGV/build/bumperbot_firmware': CMAKE_PREFIX_PATH=/opt/ros/humble /usr/bin/cmake --build /root/AGV/build/bumperbot_firmware -- -j8 -l8
[0.510s] DEBUG:colcon.colcon_core.event_handler.log_command:Invoking command in '/root/AGV/build/bumperbot_localization': CMAKE_PREFIX_PATH=/opt/ros/humble /usr/bin/cmake --build /root/AGV/build/bumperbot_localization -- -j8 -l8
[0.513s] DEBUG:colcon.colcon_core.event_handler.log_command:Invoking command in '/root/AGV/build/bumperbot_mapping': CMAKE_PREFIX_PATH=/opt/ros/humble /usr/bin/cmake --build /root/AGV/build/bumperbot_mapping -- -j8 -l8
[0.874s] INFO:colcon.colcon_core.task.python.build:Building Python package in '/root/AGV/bumperbot_ws/src/bumperbot_py_examples'
[0.874s] INFO:colcon.colcon_core.shell:Skip shell extension 'powershell' for command environment: Not usable outside of PowerShell
[0.875s] DEBUG:colcon.colcon_core.shell:Skip shell extension 'dsv' for command environment
[0.889s] DEBUG:colcon.colcon_core.event_handler.log_command:Invoking command in '/root/AGV/build/bumperbot_utils': CMAKE_PREFIX_PATH=/opt/ros/humble /usr/bin/cmake --build /root/AGV/build/bumperbot_utils -- -j8 -l8
[0.901s] DEBUG:colcon.colcon_core.event_handler.log_command:Invoked command in '/root/AGV/build/bumperbot_cpp_examples' returned '0': CMAKE_PREFIX_PATH=/opt/ros/humble /usr/bin/cmake --build /root/AGV/build/bumperbot_cpp_examples -- -j8 -l8
[0.902s] DEBUG:colcon.colcon_core.event_handler.log_command:Invoked command in '/root/AGV/build/bumperbot_mapping' returned '0': CMAKE_PREFIX_PATH=/opt/ros/humble /usr/bin/cmake --build /root/AGV/build/bumperbot_mapping -- -j8 -l8
[0.908s] DEBUG:colcon.colcon_core.event_handler.log_command:Invoked command in '/root/AGV/build/bumperbot_description' returned '0': CMAKE_PREFIX_PATH=/opt/ros/humble /usr/bin/cmake --build /root/AGV/build/bumperbot_description -- -j8 -l8
[0.946s] DEBUG:colcon.colcon_core.event_handler.log_command:Invoking command in '/root/AGV/build/bumperbot_cpp_examples': CMAKE_PREFIX_PATH=/opt/ros/humble /usr/bin/cmake --install /root/AGV/build/bumperbot_cpp_examples
[0.952s] DEBUG:colcon.colcon_core.event_handler.log_command:Invoking command in '/root/AGV/build/bumperbot_description': CMAKE_PREFIX_PATH=/opt/ros/humble /usr/bin/cmake --install /root/AGV/build/bumperbot_description
[0.960s] DEBUG:colcon.colcon_core.event_handler.log_command:Invoking command in '/root/AGV/build/bumperbot_mapping': CMAKE_PREFIX_PATH=/opt/ros/humble /usr/bin/cmake --install /root/AGV/build/bumperbot_mapping
[0.966s] Level 1:colcon.colcon_core.environment:create_environment_scripts_only(bumperbot_cpp_examples)
[0.977s] DEBUG:colcon.colcon_core.event_handler.log_command:Invoked command in '/root/AGV/build/bumperbot_cpp_examples' returned '0': CMAKE_PREFIX_PATH=/opt/ros/humble /usr/bin/cmake --install /root/AGV/build/bumperbot_cpp_examples
[0.990s] Level 1:colcon.colcon_core.environment:checking '/root/AGV/install/bumperbot_cpp_examples' for CMake module files
[0.994s] Level 1:colcon.colcon_core.environment:checking '/root/AGV/install/bumperbot_cpp_examples' for CMake config files
[0.995s] Level 1:colcon.colcon_core.shell:create_environment_hook('bumperbot_cpp_examples', 'cmake_prefix_path')
[0.996s] INFO:colcon.colcon_core.shell:Creating environment hook '/root/AGV/install/bumperbot_cpp_examples/share/bumperbot_cpp_examples/hook/cmake_prefix_path.ps1'
[0.999s] INFO:colcon.colcon_core.shell:Creating environment descriptor '/root/AGV/install/bumperbot_cpp_examples/share/bumperbot_cpp_examples/hook/cmake_prefix_path.dsv'
[0.999s] INFO:colcon.colcon_core.shell:Creating environment hook '/root/AGV/install/bumperbot_cpp_examples/share/bumperbot_cpp_examples/hook/cmake_prefix_path.sh'
[1.011s] Level 1:colcon.colcon_core.environment:checking '/root/AGV/install/bumperbot_cpp_examples/bin'
[1.011s] Level 1:colcon.colcon_core.environment:checking '/root/AGV/install/bumperbot_cpp_examples/lib/pkgconfig/bumperbot_cpp_examples.pc'
[1.014s] Level 1:colcon.colcon_core.environment:checking '/root/AGV/install/bumperbot_cpp_examples/lib/python3.10/site-packages'
[1.015s] Level 1:colcon.colcon_core.environment:checking '/root/AGV/install/bumperbot_cpp_examples/bin'
[1.016s] INFO:colcon.colcon_core.shell:Creating package script '/root/AGV/install/bumperbot_cpp_examples/share/bumperbot_cpp_examples/package.ps1'
[1.022s] INFO:colcon.colcon_core.shell:Creating package descriptor '/root/AGV/install/bumperbot_cpp_examples/share/bumperbot_cpp_examples/package.dsv'
[1.026s] INFO:colcon.colcon_core.shell:Creating package script '/root/AGV/install/bumperbot_cpp_examples/share/bumperbot_cpp_examples/package.sh'
[1.031s] INFO:colcon.colcon_core.shell:Creating package script '/root/AGV/install/bumperbot_cpp_examples/share/bumperbot_cpp_examples/package.bash'
[1.035s] INFO:colcon.colcon_core.shell:Creating package script '/root/AGV/install/bumperbot_cpp_examples/share/bumperbot_cpp_examples/package.zsh'
[1.041s] Level 1:colcon.colcon_core.environment:create_file_with_runtime_dependencies(/root/AGV/install/bumperbot_cpp_examples/share/colcon-core/packages/bumperbot_cpp_examples)
[1.058s] Level 1:colcon.colcon_core.environment:create_environment_scripts_only(bumperbot_description)
[1.058s] Level 1:colcon.colcon_core.environment:checking '/root/AGV/install/bumperbot_description' for CMake module files
[1.061s] Level 1:colcon.colcon_core.environment:checking '/root/AGV/install/bumperbot_description' for CMake config files
[1.064s] Level 1:colcon.colcon_core.shell:create_environment_hook('bumperbot_description', 'cmake_prefix_path')
[1.065s] INFO:colcon.colcon_core.shell:Creating environment hook '/root/AGV/install/bumperbot_description/share/bumperbot_description/hook/cmake_prefix_path.ps1'
[1.068s] INFO:colcon.colcon_core.shell:Creating environment descriptor '/root/AGV/install/bumperbot_description/share/bumperbot_description/hook/cmake_prefix_path.dsv'
[1.070s] INFO:colcon.colcon_core.shell:Creating environment hook '/root/AGV/install/bumperbot_description/share/bumperbot_description/hook/cmake_prefix_path.sh'
[1.077s] Level 1:colcon.colcon_core.environment:checking '/root/AGV/install/bumperbot_description/bin'
[1.078s] Level 1:colcon.colcon_core.environment:checking '/root/AGV/install/bumperbot_description/lib/pkgconfig/bumperbot_description.pc'
[1.078s] Level 1:colcon.colcon_core.environment:checking '/root/AGV/install/bumperbot_description/lib/python3.10/site-packages'
[1.078s] Level 1:colcon.colcon_core.environment:checking '/root/AGV/install/bumperbot_description/bin'
[1.079s] INFO:colcon.colcon_core.shell:Creating package script '/root/AGV/install/bumperbot_description/share/bumperbot_description/package.ps1'
[1.081s] INFO:colcon.colcon_core.shell:Creating package descriptor '/root/AGV/install/bumperbot_description/share/bumperbot_description/package.dsv'
[1.082s] INFO:colcon.colcon_core.shell:Creating package script '/root/AGV/install/bumperbot_description/share/bumperbot_description/package.sh'
[1.085s] INFO:colcon.colcon_core.shell:Creating package script '/root/AGV/install/bumperbot_description/share/bumperbot_description/package.bash'
[1.090s] INFO:colcon.colcon_core.shell:Creating package script '/root/AGV/install/bumperbot_description/share/bumperbot_description/package.zsh'
[1.091s] Level 1:colcon.colcon_core.environment:create_file_with_runtime_dependencies(/root/AGV/install/bumperbot_description/share/colcon-core/packages/bumperbot_description)
[1.110s] Level 1:colcon.colcon_core.environment:create_environment_scripts_only(bumperbot_mapping)
[1.111s] Level 1:colcon.colcon_core.environment:checking '/root/AGV/install/bumperbot_mapping' for CMake module files
[1.112s] Level 1:colcon.colcon_core.environment:checking '/root/AGV/install/bumperbot_mapping' for CMake config files
[1.135s] Level 1:colcon.colcon_core.shell:create_environment_hook('bumperbot_mapping', 'cmake_prefix_path')
[1.135s] INFO:colcon.colcon_core.shell:Creating environment hook '/root/AGV/install/bumperbot_mapping/share/bumperbot_mapping/hook/cmake_prefix_path.ps1'
[1.142s] INFO:colcon.colcon_core.shell:Creating environment descriptor '/root/AGV/install/bumperbot_mapping/share/bumperbot_mapping/hook/cmake_prefix_path.dsv'
[1.144s] INFO:colcon.colcon_core.shell:Creating environment hook '/root/AGV/install/bumperbot_mapping/share/bumperbot_mapping/hook/cmake_prefix_path.sh'
[1.149s] Level 1:colcon.colcon_core.environment:checking '/root/AGV/install/bumperbot_mapping/bin'
[1.150s] Level 1:colcon.colcon_core.environment:checking '/root/AGV/install/bumperbot_mapping/lib/pkgconfig/bumperbot_mapping.pc'
[1.150s] Level 1:colcon.colcon_core.environment:checking '/root/AGV/install/bumperbot_mapping/lib/python3.10/site-packages'
[1.150s] Level 1:colcon.colcon_core.environment:checking '/root/AGV/install/bumperbot_mapping/bin'
[1.150s] INFO:colcon.colcon_core.shell:Creating package script '/root/AGV/install/bumperbot_mapping/share/bumperbot_mapping/package.ps1'
[1.152s] INFO:colcon.colcon_core.shell:Creating package descriptor '/root/AGV/install/bumperbot_mapping/share/bumperbot_mapping/package.dsv'
[1.153s] INFO:colcon.colcon_core.shell:Creating package script '/root/AGV/install/bumperbot_mapping/share/bumperbot_mapping/package.sh'
[1.155s] INFO:colcon.colcon_core.shell:Creating package script '/root/AGV/install/bumperbot_mapping/share/bumperbot_mapping/package.bash'
[1.160s] INFO:colcon.colcon_core.shell:Creating package script '/root/AGV/install/bumperbot_mapping/share/bumperbot_mapping/package.zsh'
[1.163s] Level 1:colcon.colcon_core.environment:create_file_with_runtime_dependencies(/root/AGV/install/bumperbot_mapping/share/colcon-core/packages/bumperbot_mapping)
[1.178s] Level 1:colcon.colcon_core.environment:create_environment_scripts_only(bumperbot_cpp_examples)
[1.178s] Level 1:colcon.colcon_core.environment:checking '/root/AGV/install/bumperbot_cpp_examples' for CMake module files
[1.179s] Level 1:colcon.colcon_core.environment:checking '/root/AGV/install/bumperbot_cpp_examples' for CMake config files
[1.179s] Level 1:colcon.colcon_core.shell:create_environment_hook('bumperbot_cpp_examples', 'cmake_prefix_path')
[1.179s] INFO:colcon.colcon_core.shell:Creating environment hook '/root/AGV/install/bumperbot_cpp_examples/share/bumperbot_cpp_examples/hook/cmake_prefix_path.ps1'
[1.180s] INFO:colcon.colcon_core.shell:Creating environment descriptor '/root/AGV/install/bumperbot_cpp_examples/share/bumperbot_cpp_examples/hook/cmake_prefix_path.dsv'
[1.180s] INFO:colcon.colcon_core.shell:Creating environment hook '/root/AGV/install/bumperbot_cpp_examples/share/bumperbot_cpp_examples/hook/cmake_prefix_path.sh'
[1.181s] Level 1:colcon.colcon_core.environment:checking '/root/AGV/install/bumperbot_cpp_examples/bin'
[1.181s] Level 1:colcon.colcon_core.environment:checking '/root/AGV/install/bumperbot_cpp_examples/lib/pkgconfig/bumperbot_cpp_examples.pc'
[1.182s] Level 1:colcon.colcon_core.environment:checking '/root/AGV/install/bumperbot_cpp_examples/lib/python3.10/site-packages'
[1.182s] Level 1:colcon.colcon_core.environment:checking '/root/AGV/install/bumperbot_cpp_examples/bin'
[1.182s] INFO:colcon.colcon_core.shell:Creating package script '/root/AGV/install/bumperbot_cpp_examples/share/bumperbot_cpp_examples/package.ps1'
[1.183s] INFO:colcon.colcon_core.shell:Creating package descriptor '/root/AGV/install/bumperbot_cpp_examples/share/bumperbot_cpp_examples/package.dsv'
[1.185s] INFO:colcon.colcon_core.shell:Creating package script '/root/AGV/install/bumperbot_cpp_examples/share/bumperbot_cpp_examples/package.sh'
[1.185s] INFO:colcon.colcon_core.shell:Creating package script '/root/AGV/install/bumperbot_cpp_examples/share/bumperbot_cpp_examples/package.bash'
[1.195s] INFO:colcon.colcon_core.shell:Creating package script '/root/AGV/install/bumperbot_cpp_examples/share/bumperbot_cpp_examples/package.zsh'
[1.196s] Level 1:colcon.colcon_core.environment:create_file_with_runtime_dependencies(/root/AGV/install/bumperbot_cpp_examples/share/colcon-core/packages/bumperbot_cpp_examples)
[1.197s] Level 1:colcon.colcon_core.environment:create_environment_scripts_only(bumperbot_description)
[1.197s] Level 1:colcon.colcon_core.environment:checking '/root/AGV/install/bumperbot_description' for CMake module files
[1.198s] Level 1:colcon.colcon_core.environment:checking '/root/AGV/install/bumperbot_description' for CMake config files
[1.198s] Level 1:colcon.colcon_core.shell:create_environment_hook('bumperbot_description', 'cmake_prefix_path')
[1.198s] INFO:colcon.colcon_core.shell:Creating environment hook '/root/AGV/install/bumperbot_description/share/bumperbot_description/hook/cmake_prefix_path.ps1'
[1.199s] INFO:colcon.colcon_core.shell:Creating environment descriptor '/root/AGV/install/bumperbot_description/share/bumperbot_description/hook/cmake_prefix_path.dsv'
[1.199s] INFO:colcon.colcon_core.shell:Creating environment hook '/root/AGV/install/bumperbot_description/share/bumperbot_description/hook/cmake_prefix_path.sh'
[1.200s] Level 1:colcon.colcon_core.environment:checking '/root/AGV/install/bumperbot_description/bin'
[1.201s] Level 1:colcon.colcon_core.environment:checking '/root/AGV/install/bumperbot_description/lib/pkgconfig/bumperbot_description.pc'
[1.201s] Level 1:colcon.colcon_core.environment:checking '/root/AGV/install/bumperbot_description/lib/python3.10/site-packages'
[1.201s] Level 1:colcon.colcon_core.environment:checking '/root/AGV/install/bumperbot_description/bin'
[1.202s] INFO:colcon.colcon_core.shell:Creating package script '/root/AGV/install/bumperbot_description/share/bumperbot_description/package.ps1'
[1.202s] INFO:colcon.colcon_core.shell:Creating package descriptor '/root/AGV/install/bumperbot_description/share/bumperbot_description/package.dsv'
[1.203s] INFO:colcon.colcon_core.shell:Creating package script '/root/AGV/install/bumperbot_description/share/bumperbot_description/package.sh'
[1.203s] INFO:colcon.colcon_core.shell:Creating package script '/root/AGV/install/bumperbot_description/share/bumperbot_description/package.bash'
[1.204s] INFO:colcon.colcon_core.shell:Creating package script '/root/AGV/install/bumperbot_description/share/bumperbot_description/package.zsh'
[1.204s] Level 1:colcon.colcon_core.environment:create_file_with_runtime_dependencies(/root/AGV/install/bumperbot_description/share/colcon-core/packages/bumperbot_description)
[1.211s] Level 1:colcon.colcon_core.environment:create_environment_scripts_only(bumperbot_mapping)
[1.212s] Level 1:colcon.colcon_core.environment:checking '/root/AGV/install/bumperbot_mapping' for CMake module files
[1.213s] Level 1:colcon.colcon_core.environment:checking '/root/AGV/install/bumperbot_mapping' for CMake config files
[1.221s] DEBUG:colcon.colcon_core.event_handler.log_command:Invoked command in '/root/AGV/build/bumperbot_description' returned '0': CMAKE_PREFIX_PATH=/opt/ros/humble /usr/bin/cmake --install /root/AGV/build/bumperbot_description
[1.222s] Level 1:colcon.colcon_core.shell:create_environment_hook('bumperbot_mapping', 'cmake_prefix_path')
[1.222s] DEBUG:colcon.colcon_core.event_handler.log_command:Invoked command in '/root/AGV/build/bumperbot_mapping' returned '0': CMAKE_PREFIX_PATH=/opt/ros/humble /usr/bin/cmake --install /root/AGV/build/bumperbot_mapping
[1.222s] INFO:colcon.colcon_core.shell:Creating environment hook '/root/AGV/install/bumperbot_mapping/share/bumperbot_mapping/hook/cmake_prefix_path.ps1'
[1.223s] DEBUG:colcon.colcon_core.event_handler.log_command:Invoked command in '/root/AGV/build/bumperbot_firmware' returned '0': CMAKE_PREFIX_PATH=/opt/ros/humble /usr/bin/cmake --build /root/AGV/build/bumperbot_firmware -- -j8 -l8
[1.223s] DEBUG:colcon.colcon_core.event_handler.log_command:Invoked command in '/root/AGV/build/bumperbot_localization' returned '0': CMAKE_PREFIX_PATH=/opt/ros/humble /usr/bin/cmake --build /root/AGV/build/bumperbot_localization -- -j8 -l8
[1.224s] INFO:colcon.colcon_core.shell:Creating environment descriptor '/root/AGV/install/bumperbot_mapping/share/bumperbot_mapping/hook/cmake_prefix_path.dsv'
[1.225s] INFO:colcon.colcon_core.shell:Creating environment hook '/root/AGV/install/bumperbot_mapping/share/bumperbot_mapping/hook/cmake_prefix_path.sh'
[1.226s] Level 1:colcon.colcon_core.environment:checking '/root/AGV/install/bumperbot_mapping/bin'
[1.227s] Level 1:colcon.colcon_core.environment:checking '/root/AGV/install/bumperbot_mapping/lib/pkgconfig/bumperbot_mapping.pc'
[1.227s] Level 1:colcon.colcon_core.environment:checking '/root/AGV/install/bumperbot_mapping/lib/python3.10/site-packages'
[1.227s] Level 1:colcon.colcon_core.environment:checking '/root/AGV/install/bumperbot_mapping/bin'
[1.228s] INFO:colcon.colcon_core.shell:Creating package script '/root/AGV/install/bumperbot_mapping/share/bumperbot_mapping/package.ps1'
[1.228s] DEBUG:colcon.colcon_core.event_handler.log_command:Invoked command in '/root/AGV/build/bumperbot_controller' returned '0': CMAKE_PREFIX_PATH=/opt/ros/humble /usr/bin/cmake --build /root/AGV/build/bumperbot_controller -- -j8 -l8
[1.229s] INFO:colcon.colcon_core.shell:Creating package descriptor '/root/AGV/install/bumperbot_mapping/share/bumperbot_mapping/package.dsv'
[1.229s] INFO:colcon.colcon_core.shell:Creating package script '/root/AGV/install/bumperbot_mapping/share/bumperbot_mapping/package.sh'
[1.230s] INFO:colcon.colcon_core.shell:Creating package script '/root/AGV/install/bumperbot_mapping/share/bumperbot_mapping/package.bash'
[1.230s] INFO:colcon.colcon_core.shell:Creating package script '/root/AGV/install/bumperbot_mapping/share/bumperbot_mapping/package.zsh'
[1.231s] Level 1:colcon.colcon_core.environment:create_file_with_runtime_dependencies(/root/AGV/install/bumperbot_mapping/share/colcon-core/packages/bumperbot_mapping)
[1.236s] DEBUG:colcon.colcon_core.event_handler.log_command:Invoking command in '/root/AGV/build/bumperbot_localization': CMAKE_PREFIX_PATH=/opt/ros/humble /usr/bin/cmake --install /root/AGV/build/bumperbot_localization
[1.238s] DEBUG:colcon.colcon_core.event_handler.log_command:Invoking command in '/root/AGV/build/bumperbot_firmware': CMAKE_PREFIX_PATH=/opt/ros/humble /usr/bin/cmake --install /root/AGV/build/bumperbot_firmware
[1.243s] DEBUG:colcon.colcon_core.event_handler.log_command:Invoking command in '/root/AGV/build/bumperbot_controller': CMAKE_PREFIX_PATH=/opt/ros/humble /usr/bin/cmake --install /root/AGV/build/bumperbot_controller
[1.319s] Level 1:colcon.colcon_core.environment:create_environment_scripts_only(bumperbot_firmware)
[1.320s] Level 1:colcon.colcon_core.environment:checking '/root/AGV/install/bumperbot_firmware' for CMake module files
[1.323s] Level 1:colcon.colcon_core.environment:checking '/root/AGV/install/bumperbot_firmware' for CMake config files
[1.327s] DEBUG:colcon.colcon_core.event_handler.log_command:Invoked command in '/root/AGV/build/bumperbot_firmware' returned '0': CMAKE_PREFIX_PATH=/opt/ros/humble /usr/bin/cmake --install /root/AGV/build/bumperbot_firmware
[1.327s] Level 1:colcon.colcon_core.shell:create_environment_hook('bumperbot_firmware', 'cmake_prefix_path')
[1.327s] INFO:colcon.colcon_core.shell:Creating environment hook '/root/AGV/install/bumperbot_firmware/share/bumperbot_firmware/hook/cmake_prefix_path.ps1'
[1.328s] INFO:colcon.colcon_core.shell:Creating environment descriptor '/root/AGV/install/bumperbot_firmware/share/bumperbot_firmware/hook/cmake_prefix_path.dsv'
[1.328s] INFO:colcon.colcon_core.shell:Creating environment hook '/root/AGV/install/bumperbot_firmware/share/bumperbot_firmware/hook/cmake_prefix_path.sh'
[1.329s] Level 1:colcon.colcon_core.environment:checking '/root/AGV/install/bumperbot_firmware/lib'
[1.329s] Level 1:colcon.colcon_core.shell:create_environment_hook('bumperbot_firmware', 'ld_library_path_lib')
[1.329s] INFO:colcon.colcon_core.shell:Creating environment hook '/root/AGV/install/bumperbot_firmware/share/bumperbot_firmware/hook/ld_library_path_lib.ps1'
[1.329s] INFO:colcon.colcon_core.shell:Creating environment descriptor '/root/AGV/install/bumperbot_firmware/share/bumperbot_firmware/hook/ld_library_path_lib.dsv'
[1.330s] INFO:colcon.colcon_core.shell:Creating environment hook '/root/AGV/install/bumperbot_firmware/share/bumperbot_firmware/hook/ld_library_path_lib.sh'
[1.330s] Level 1:colcon.colcon_core.environment:checking '/root/AGV/install/bumperbot_firmware/bin'
[1.330s] Level 1:colcon.colcon_core.environment:checking '/root/AGV/install/bumperbot_firmware/lib/pkgconfig/bumperbot_firmware.pc'
[1.330s] Level 1:colcon.colcon_core.environment:checking '/root/AGV/install/bumperbot_firmware/lib/python3.10/site-packages'
[1.330s] Level 1:colcon.colcon_core.environment:checking '/root/AGV/install/bumperbot_firmware/bin'
[1.331s] INFO:colcon.colcon_core.shell:Creating package script '/root/AGV/install/bumperbot_firmware/share/bumperbot_firmware/package.ps1'
[1.331s] INFO:colcon.colcon_core.shell:Creating package descriptor '/root/AGV/install/bumperbot_firmware/share/bumperbot_firmware/package.dsv'
[1.331s] INFO:colcon.colcon_core.shell:Creating package script '/root/AGV/install/bumperbot_firmware/share/bumperbot_firmware/package.sh'
[1.332s] INFO:colcon.colcon_core.shell:Creating package script '/root/AGV/install/bumperbot_firmware/share/bumperbot_firmware/package.bash'
[1.332s] INFO:colcon.colcon_core.shell:Creating package script '/root/AGV/install/bumperbot_firmware/share/bumperbot_firmware/package.zsh'
[1.332s] Level 1:colcon.colcon_core.environment:create_file_with_runtime_dependencies(/root/AGV/install/bumperbot_firmware/share/colcon-core/packages/bumperbot_firmware)
[1.334s] Level 1:colcon.colcon_core.environment:create_environment_scripts_only(bumperbot_localization)
[1.334s] Level 1:colcon.colcon_core.environment:checking '/root/AGV/install/bumperbot_localization' for CMake module files
[1.335s] DEBUG:colcon.colcon_core.event_handler.log_command:Invoked command in '/root/AGV/build/bumperbot_localization' returned '0': CMAKE_PREFIX_PATH=/opt/ros/humble /usr/bin/cmake --install /root/AGV/build/bumperbot_localization
[1.335s] Level 1:colcon.colcon_core.environment:checking '/root/AGV/install/bumperbot_localization' for CMake config files
[1.336s] Level 1:colcon.colcon_core.shell:create_environment_hook('bumperbot_localization', 'cmake_prefix_path')
[1.336s] INFO:colcon.colcon_core.shell:Creating environment hook '/root/AGV/install/bumperbot_localization/share/bumperbot_localization/hook/cmake_prefix_path.ps1'
[1.337s] INFO:colcon.colcon_core.shell:Creating environment descriptor '/root/AGV/install/bumperbot_localization/share/bumperbot_localization/hook/cmake_prefix_path.dsv'
[1.337s] INFO:colcon.colcon_core.shell:Creating environment hook '/root/AGV/install/bumperbot_localization/share/bumperbot_localization/hook/cmake_prefix_path.sh'
[1.338s] Level 1:colcon.colcon_core.environment:checking '/root/AGV/install/bumperbot_localization/lib'
[1.338s] Level 1:colcon.colcon_core.environment:checking '/root/AGV/install/bumperbot_localization/bin'
[1.338s] Level 1:colcon.colcon_core.environment:checking '/root/AGV/install/bumperbot_localization/lib/pkgconfig/bumperbot_localization.pc'
[1.338s] Level 1:colcon.colcon_core.environment:checking '/root/AGV/install/bumperbot_localization/lib/python3.10/site-packages'
[1.338s] Level 1:colcon.colcon_core.environment:checking '/root/AGV/install/bumperbot_localization/bin'
[1.339s] INFO:colcon.colcon_core.shell:Creating package script '/root/AGV/install/bumperbot_localization/share/bumperbot_localization/package.ps1'
[1.339s] INFO:colcon.colcon_core.shell:Creating package descriptor '/root/AGV/install/bumperbot_localization/share/bumperbot_localization/package.dsv'
[1.340s] INFO:colcon.colcon_core.shell:Creating package script '/root/AGV/install/bumperbot_localization/share/bumperbot_localization/package.sh'
[1.340s] INFO:colcon.colcon_core.shell:Creating package script '/root/AGV/install/bumperbot_localization/share/bumperbot_localization/package.bash'
[1.340s] INFO:colcon.colcon_core.shell:Creating package script '/root/AGV/install/bumperbot_localization/share/bumperbot_localization/package.zsh'
[1.341s] Level 1:colcon.colcon_core.environment:create_file_with_runtime_dependencies(/root/AGV/install/bumperbot_localization/share/colcon-core/packages/bumperbot_localization)
[1.344s] Level 1:colcon.colcon_core.environment:create_environment_scripts_only(bumperbot_controller)
[1.344s] Level 1:colcon.colcon_core.environment:checking '/root/AGV/install/bumperbot_controller' for CMake module files
[1.345s] DEBUG:colcon.colcon_core.event_handler.log_command:Invoked command in '/root/AGV/build/bumperbot_controller' returned '0': CMAKE_PREFIX_PATH=/opt/ros/humble /usr/bin/cmake --install /root/AGV/build/bumperbot_controller
[1.345s] Level 1:colcon.colcon_core.environment:checking '/root/AGV/install/bumperbot_controller' for CMake config files
[1.346s] Level 1:colcon.colcon_core.shell:create_environment_hook('bumperbot_controller', 'cmake_prefix_path')
[1.346s] INFO:colcon.colcon_core.shell:Creating environment hook '/root/AGV/install/bumperbot_controller/share/bumperbot_controller/hook/cmake_prefix_path.ps1'
[1.347s] INFO:colcon.colcon_core.shell:Creating environment descriptor '/root/AGV/install/bumperbot_controller/share/bumperbot_controller/hook/cmake_prefix_path.dsv'
[1.347s] INFO:colcon.colcon_core.shell:Creating environment hook '/root/AGV/install/bumperbot_controller/share/bumperbot_controller/hook/cmake_prefix_path.sh'
[1.348s] Level 1:colcon.colcon_core.environment:checking '/root/AGV/install/bumperbot_controller/lib'
[1.348s] Level 1:colcon.colcon_core.environment:checking '/root/AGV/install/bumperbot_controller/bin'
[1.348s] Level 1:colcon.colcon_core.environment:checking '/root/AGV/install/bumperbot_controller/lib/pkgconfig/bumperbot_controller.pc'
[1.349s] Level 1:colcon.colcon_core.environment:checking '/root/AGV/install/bumperbot_controller/lib/python3.10/site-packages'
[1.349s] Level 1:colcon.colcon_core.environment:checking '/root/AGV/install/bumperbot_controller/bin'
[1.349s] INFO:colcon.colcon_core.shell:Creating package script '/root/AGV/install/bumperbot_controller/share/bumperbot_controller/package.ps1'
[1.350s] INFO:colcon.colcon_core.shell:Creating package descriptor '/root/AGV/install/bumperbot_controller/share/bumperbot_controller/package.dsv'
[1.350s] INFO:colcon.colcon_core.shell:Creating package script '/root/AGV/install/bumperbot_controller/share/bumperbot_controller/package.sh'
[1.350s] INFO:colcon.colcon_core.shell:Creating package script '/root/AGV/install/bumperbot_controller/share/bumperbot_controller/package.bash'
[1.351s] INFO:colcon.colcon_core.shell:Creating package script '/root/AGV/install/bumperbot_controller/share/bumperbot_controller/package.zsh'
[1.351s] Level 1:colcon.colcon_core.environment:create_file_with_runtime_dependencies(/root/AGV/install/bumperbot_controller/share/colcon-core/packages/bumperbot_controller)
[1.353s] DEBUG:colcon.colcon_core.event_handler.log_command:Invoked command in '/root/AGV/build/bumperbot_utils' returned '0': CMAKE_PREFIX_PATH=/opt/ros/humble /usr/bin/cmake --build /root/AGV/build/bumperbot_utils -- -j8 -l8
[1.360s] Level 1:colcon.colcon_core.environment:create_environment_scripts_only(bumperbot_firmware)
[1.361s] Level 1:colcon.colcon_core.environment:checking '/root/AGV/install/bumperbot_firmware' for CMake module files
[1.362s] Level 1:colcon.colcon_core.environment:checking '/root/AGV/install/bumperbot_firmware' for CMake config files
[1.362s] Level 1:colcon.colcon_core.shell:create_environment_hook('bumperbot_firmware', 'cmake_prefix_path')
[1.363s] INFO:colcon.colcon_core.shell:Creating environment hook '/root/AGV/install/bumperbot_firmware/share/bumperbot_firmware/hook/cmake_prefix_path.ps1'
[1.363s] INFO:colcon.colcon_core.shell:Creating environment descriptor '/root/AGV/install/bumperbot_firmware/share/bumperbot_firmware/hook/cmake_prefix_path.dsv'
[1.364s] INFO:colcon.colcon_core.shell:Creating environment hook '/root/AGV/install/bumperbot_firmware/share/bumperbot_firmware/hook/cmake_prefix_path.sh'
[1.365s] Level 1:colcon.colcon_core.environment:checking '/root/AGV/install/bumperbot_firmware/lib'
[1.365s] Level 1:colcon.colcon_core.shell:create_environment_hook('bumperbot_firmware', 'ld_library_path_lib')
[1.365s] INFO:colcon.colcon_core.shell:Creating environment hook '/root/AGV/install/bumperbot_firmware/share/bumperbot_firmware/hook/ld_library_path_lib.ps1'
[1.366s] INFO:colcon.colcon_core.shell:Creating environment descriptor '/root/AGV/install/bumperbot_firmware/share/bumperbot_firmware/hook/ld_library_path_lib.dsv'
[1.366s] INFO:colcon.colcon_core.shell:Creating environment hook '/root/AGV/install/bumperbot_firmware/share/bumperbot_firmware/hook/ld_library_path_lib.sh'
[1.367s] Level 1:colcon.colcon_core.environment:checking '/root/AGV/install/bumperbot_firmware/bin'
[1.367s] Level 1:colcon.colcon_core.environment:checking '/root/AGV/install/bumperbot_firmware/lib/pkgconfig/bumperbot_firmware.pc'
[1.367s] Level 1:colcon.colcon_core.environment:checking '/root/AGV/install/bumperbot_firmware/lib/python3.10/site-packages'
[1.368s] Level 1:colcon.colcon_core.environment:checking '/root/AGV/install/bumperbot_firmware/bin'
[1.369s] INFO:colcon.colcon_core.shell:Creating package script '/root/AGV/install/bumperbot_firmware/share/bumperbot_firmware/package.ps1'
[1.370s] INFO:colcon.colcon_core.shell:Creating package descriptor '/root/AGV/install/bumperbot_firmware/share/bumperbot_firmware/package.dsv'
[1.371s] INFO:colcon.colcon_core.shell:Creating package script '/root/AGV/install/bumperbot_firmware/share/bumperbot_firmware/package.sh'
[1.372s] INFO:colcon.colcon_core.shell:Creating package script '/root/AGV/install/bumperbot_firmware/share/bumperbot_firmware/package.bash'
[1.372s] INFO:colcon.colcon_core.shell:Creating package script '/root/AGV/install/bumperbot_firmware/share/bumperbot_firmware/package.zsh'
[1.373s] Level 1:colcon.colcon_core.environment:create_file_with_runtime_dependencies(/root/AGV/install/bumperbot_firmware/share/colcon-core/packages/bumperbot_firmware)
[1.376s] Level 1:colcon.colcon_core.environment:create_environment_scripts_only(bumperbot_localization)
[1.377s] Level 1:colcon.colcon_core.environment:checking '/root/AGV/install/bumperbot_localization' for CMake module files
[1.377s] Level 1:colcon.colcon_core.environment:checking '/root/AGV/install/bumperbot_localization' for CMake config files
[1.378s] Level 1:colcon.colcon_core.shell:create_environment_hook('bumperbot_localization', 'cmake_prefix_path')
[1.378s] INFO:colcon.colcon_core.shell:Creating environment hook '/root/AGV/install/bumperbot_localization/share/bumperbot_localization/hook/cmake_prefix_path.ps1'
[1.379s] INFO:colcon.colcon_core.shell:Creating environment descriptor '/root/AGV/install/bumperbot_localization/share/bumperbot_localization/hook/cmake_prefix_path.dsv'
[1.379s] INFO:colcon.colcon_core.shell:Creating environment hook '/root/AGV/install/bumperbot_localization/share/bumperbot_localization/hook/cmake_prefix_path.sh'
[1.380s] Level 1:colcon.colcon_core.environment:checking '/root/AGV/install/bumperbot_localization/lib'
[1.380s] Level 1:colcon.colcon_core.environment:checking '/root/AGV/install/bumperbot_localization/bin'
[1.380s] Level 1:colcon.colcon_core.environment:checking '/root/AGV/install/bumperbot_localization/lib/pkgconfig/bumperbot_localization.pc'
[1.380s] Level 1:colcon.colcon_core.environment:checking '/root/AGV/install/bumperbot_localization/lib/python3.10/site-packages'
[1.380s] Level 1:colcon.colcon_core.environment:checking '/root/AGV/install/bumperbot_localization/bin'
[1.380s] INFO:colcon.colcon_core.shell:Creating package script '/root/AGV/install/bumperbot_localization/share/bumperbot_localization/package.ps1'
[1.381s] INFO:colcon.colcon_core.shell:Creating package descriptor '/root/AGV/install/bumperbot_localization/share/bumperbot_localization/package.dsv'
[1.381s] INFO:colcon.colcon_core.shell:Creating package script '/root/AGV/install/bumperbot_localization/share/bumperbot_localization/package.sh'
[1.382s] INFO:colcon.colcon_core.shell:Creating package script '/root/AGV/install/bumperbot_localization/share/bumperbot_localization/package.bash'
[1.382s] INFO:colcon.colcon_core.shell:Creating package script '/root/AGV/install/bumperbot_localization/share/bumperbot_localization/package.zsh'
[1.382s] Level 1:colcon.colcon_core.environment:create_file_with_runtime_dependencies(/root/AGV/install/bumperbot_localization/share/colcon-core/packages/bumperbot_localization)
[1.385s] Level 1:colcon.colcon_core.environment:create_environment_scripts_only(bumperbot_controller)
[1.386s] Level 1:colcon.colcon_core.environment:checking '/root/AGV/install/bumperbot_controller' for CMake module files
[1.386s] DEBUG:colcon.colcon_core.event_handler.log_command:Invoking command in '/root/AGV/build/bumperbot_utils': CMAKE_PREFIX_PATH=/opt/ros/humble /usr/bin/cmake --install /root/AGV/build/bumperbot_utils
[1.386s] Level 1:colcon.colcon_core.environment:checking '/root/AGV/install/bumperbot_controller' for CMake config files
[1.387s] Level 1:colcon.colcon_core.shell:create_environment_hook('bumperbot_controller', 'cmake_prefix_path')
[1.387s] INFO:colcon.colcon_core.shell:Creating environment hook '/root/AGV/install/bumperbot_controller/share/bumperbot_controller/hook/cmake_prefix_path.ps1'
[1.387s] INFO:colcon.colcon_core.shell:Creating environment descriptor '/root/AGV/install/bumperbot_controller/share/bumperbot_controller/hook/cmake_prefix_path.dsv'
[1.387s] INFO:colcon.colcon_core.shell:Creating environment hook '/root/AGV/install/bumperbot_controller/share/bumperbot_controller/hook/cmake_prefix_path.sh'
[1.388s] Level 1:colcon.colcon_core.environment:checking '/root/AGV/install/bumperbot_controller/lib'
[1.388s] Level 1:colcon.colcon_core.environment:checking '/root/AGV/install/bumperbot_controller/bin'
[1.388s] Level 1:colcon.colcon_core.environment:checking '/root/AGV/install/bumperbot_controller/lib/pkgconfig/bumperbot_controller.pc'
[1.388s] Level 1:colcon.colcon_core.environment:checking '/root/AGV/install/bumperbot_controller/lib/python3.10/site-packages'
[1.389s] Level 1:colcon.colcon_core.environment:checking '/root/AGV/install/bumperbot_controller/bin'
[1.389s] INFO:colcon.colcon_core.shell:Creating package script '/root/AGV/install/bumperbot_controller/share/bumperbot_controller/package.ps1'
[1.389s] INFO:colcon.colcon_core.shell:Creating package descriptor '/root/AGV/install/bumperbot_controller/share/bumperbot_controller/package.dsv'
[1.390s] INFO:colcon.colcon_core.shell:Creating package script '/root/AGV/install/bumperbot_controller/share/bumperbot_controller/package.sh'
[1.390s] INFO:colcon.colcon_core.shell:Creating package script '/root/AGV/install/bumperbot_controller/share/bumperbot_controller/package.bash'
[1.391s] INFO:colcon.colcon_core.shell:Creating package script '/root/AGV/install/bumperbot_controller/share/bumperbot_controller/package.zsh'
[1.391s] Level 1:colcon.colcon_core.environment:create_file_with_runtime_dependencies(/root/AGV/install/bumperbot_controller/share/colcon-core/packages/bumperbot_controller)
[1.438s] Level 1:colcon.colcon_core.environment:create_environment_scripts_only(bumperbot_utils)
[1.439s] Level 1:colcon.colcon_core.environment:checking '/root/AGV/install/bumperbot_utils' for CMake module files
[1.439s] DEBUG:colcon.colcon_core.event_handler.log_command:Invoked command in '/root/AGV/build/bumperbot_utils' returned '0': CMAKE_PREFIX_PATH=/opt/ros/humble /usr/bin/cmake --install /root/AGV/build/bumperbot_utils
[1.440s] Level 1:colcon.colcon_core.environment:checking '/root/AGV/install/bumperbot_utils' for CMake config files
[1.440s] Level 1:colcon.colcon_core.shell:create_environment_hook('bumperbot_utils', 'cmake_prefix_path')
[1.441s] INFO:colcon.colcon_core.shell:Creating environment hook '/root/AGV/install/bumperbot_utils/share/bumperbot_utils/hook/cmake_prefix_path.ps1'
[1.441s] INFO:colcon.colcon_core.shell:Creating environment descriptor '/root/AGV/install/bumperbot_utils/share/bumperbot_utils/hook/cmake_prefix_path.dsv'
[1.442s] INFO:colcon.colcon_core.shell:Creating environment hook '/root/AGV/install/bumperbot_utils/share/bumperbot_utils/hook/cmake_prefix_path.sh'
[1.442s] Level 1:colcon.colcon_core.environment:checking '/root/AGV/install/bumperbot_utils/lib'
[1.442s] Level 1:colcon.colcon_core.environment:checking '/root/AGV/install/bumperbot_utils/bin'
[1.443s] Level 1:colcon.colcon_core.environment:checking '/root/AGV/install/bumperbot_utils/lib/pkgconfig/bumperbot_utils.pc'
[1.443s] Level 1:colcon.colcon_core.environment:checking '/root/AGV/install/bumperbot_utils/lib/python3.10/site-packages'
[1.443s] Level 1:colcon.colcon_core.environment:checking '/root/AGV/install/bumperbot_utils/bin'
[1.443s] INFO:colcon.colcon_core.shell:Creating package script '/root/AGV/install/bumperbot_utils/share/bumperbot_utils/package.ps1'
[1.444s] INFO:colcon.colcon_core.shell:Creating package descriptor '/root/AGV/install/bumperbot_utils/share/bumperbot_utils/package.dsv'
[1.444s] INFO:colcon.colcon_core.shell:Creating package script '/root/AGV/install/bumperbot_utils/share/bumperbot_utils/package.sh'
[1.445s] INFO:colcon.colcon_core.shell:Creating package script '/root/AGV/install/bumperbot_utils/share/bumperbot_utils/package.bash'
[1.445s] INFO:colcon.colcon_core.shell:Creating package script '/root/AGV/install/bumperbot_utils/share/bumperbot_utils/package.zsh'
[1.446s] Level 1:colcon.colcon_core.environment:create_file_with_runtime_dependencies(/root/AGV/install/bumperbot_utils/share/colcon-core/packages/bumperbot_utils)
[1.461s] DEBUG:colcon.colcon_core.event_handler.log_command:Invoking command in '/root/AGV/bumperbot_ws/src/bumperbot_py_examples': PYTHONPATH=/root/AGV/build/bumperbot_py_examples/prefix_override:/usr/lib/python3/dist-packages/colcon_core/task/python/colcon_distutils_commands:/root/AGV/install/bumperbot_py_examples/lib/python3.10/site-packages:${PYTHONPATH} /usr/bin/python3 -W ignore:setup.py install is deprecated setup.py egg_info --egg-base ../../../build/bumperbot_py_examples build --build-base /root/AGV/build/bumperbot_py_examples/build install --record /root/AGV/build/bumperbot_py_examples/install.log --single-version-externally-managed install_data
[1.466s] Level 1:colcon.colcon_core.environment:create_environment_scripts_only(bumperbot_utils)
[1.466s] Level 1:colcon.colcon_core.environment:checking '/root/AGV/install/bumperbot_utils' for CMake module files
[1.467s] Level 1:colcon.colcon_core.environment:checking '/root/AGV/install/bumperbot_utils' for CMake config files
[1.467s] Level 1:colcon.colcon_core.shell:create_environment_hook('bumperbot_utils', 'cmake_prefix_path')
[1.467s] INFO:colcon.colcon_core.shell:Creating environment hook '/root/AGV/install/bumperbot_utils/share/bumperbot_utils/hook/cmake_prefix_path.ps1'
[1.467s] INFO:colcon.colcon_core.shell:Creating environment descriptor '/root/AGV/install/bumperbot_utils/share/bumperbot_utils/hook/cmake_prefix_path.dsv'
[1.468s] INFO:colcon.colcon_core.shell:Creating environment hook '/root/AGV/install/bumperbot_utils/share/bumperbot_utils/hook/cmake_prefix_path.sh'
[1.468s] Level 1:colcon.colcon_core.environment:checking '/root/AGV/install/bumperbot_utils/lib'
[1.468s] Level 1:colcon.colcon_core.environment:checking '/root/AGV/install/bumperbot_utils/bin'
[1.468s] Level 1:colcon.colcon_core.environment:checking '/root/AGV/install/bumperbot_utils/lib/pkgconfig/bumperbot_utils.pc'
[1.468s] Level 1:colcon.colcon_core.environment:checking '/root/AGV/install/bumperbot_utils/lib/python3.10/site-packages'
[1.468s] Level 1:colcon.colcon_core.environment:checking '/root/AGV/install/bumperbot_utils/bin'
[1.469s] INFO:colcon.colcon_core.shell:Creating package script '/root/AGV/install/bumperbot_utils/share/bumperbot_utils/package.ps1'
[1.469s] INFO:colcon.colcon_core.shell:Creating package descriptor '/root/AGV/install/bumperbot_utils/share/bumperbot_utils/package.dsv'
[1.469s] INFO:colcon.colcon_core.shell:Creating package script '/root/AGV/install/bumperbot_utils/share/bumperbot_utils/package.sh'
[1.470s] INFO:colcon.colcon_core.shell:Creating package script '/root/AGV/install/bumperbot_utils/share/bumperbot_utils/package.bash'
[1.470s] INFO:colcon.colcon_core.shell:Creating package script '/root/AGV/install/bumperbot_utils/share/bumperbot_utils/package.zsh'
[1.470s] Level 1:colcon.colcon_core.environment:create_file_with_runtime_dependencies(/root/AGV/install/bumperbot_utils/share/colcon-core/packages/bumperbot_utils)
[1.688s] Level 1:colcon.colcon_core.environment:checking '/root/AGV/install/bumperbot_py_examples' for CMake module files
[1.689s] DEBUG:colcon.colcon_core.event_handler.log_command:Invoked command in '/root/AGV/bumperbot_ws/src/bumperbot_py_examples' returned '0': PYTHONPATH=/root/AGV/build/bumperbot_py_examples/prefix_override:/usr/lib/python3/dist-packages/colcon_core/task/python/colcon_distutils_commands:/root/AGV/install/bumperbot_py_examples/lib/python3.10/site-packages:${PYTHONPATH} /usr/bin/python3 -W ignore:setup.py install is deprecated setup.py egg_info --egg-base ../../../build/bumperbot_py_examples build --build-base /root/AGV/build/bumperbot_py_examples/build install --record /root/AGV/build/bumperbot_py_examples/install.log --single-version-externally-managed install_data
[1.689s] Level 1:colcon.colcon_core.environment:checking '/root/AGV/install/bumperbot_py_examples' for CMake config files
[1.690s] Level 1:colcon.colcon_core.environment:checking '/root/AGV/install/bumperbot_py_examples/lib'
[1.690s] Level 1:colcon.colcon_core.environment:checking '/root/AGV/install/bumperbot_py_examples/bin'
[1.690s] Level 1:colcon.colcon_core.environment:checking '/root/AGV/install/bumperbot_py_examples/lib/pkgconfig/bumperbot_py_examples.pc'
[1.690s] Level 1:colcon.colcon_core.environment:checking '/root/AGV/install/bumperbot_py_examples/lib/python3.10/site-packages'
[1.690s] Level 1:colcon.colcon_core.shell:create_environment_hook('bumperbot_py_examples', 'pythonpath')
[1.690s] INFO:colcon.colcon_core.shell:Creating environment hook '/root/AGV/install/bumperbot_py_examples/share/bumperbot_py_examples/hook/pythonpath.ps1'
[1.691s] INFO:colcon.colcon_core.shell:Creating environment descriptor '/root/AGV/install/bumperbot_py_examples/share/bumperbot_py_examples/hook/pythonpath.dsv'
[1.691s] INFO:colcon.colcon_core.shell:Creating environment hook '/root/AGV/install/bumperbot_py_examples/share/bumperbot_py_examples/hook/pythonpath.sh'
[1.692s] Level 1:colcon.colcon_core.environment:checking '/root/AGV/install/bumperbot_py_examples/bin'
[1.692s] Level 1:colcon.colcon_core.environment:create_environment_scripts_only(bumperbot_py_examples)
[1.692s] INFO:colcon.colcon_core.shell:Creating package script '/root/AGV/install/bumperbot_py_examples/share/bumperbot_py_examples/package.ps1'
[1.693s] INFO:colcon.colcon_core.shell:Creating package descriptor '/root/AGV/install/bumperbot_py_examples/share/bumperbot_py_examples/package.dsv'
[1.693s] INFO:colcon.colcon_core.shell:Creating package script '/root/AGV/install/bumperbot_py_examples/share/bumperbot_py_examples/package.sh'
[1.694s] INFO:colcon.colcon_core.shell:Creating package script '/root/AGV/install/bumperbot_py_examples/share/bumperbot_py_examples/package.bash'
[1.694s] INFO:colcon.colcon_core.shell:Creating package script '/root/AGV/install/bumperbot_py_examples/share/bumperbot_py_examples/package.zsh'
[1.694s] Level 1:colcon.colcon_core.environment:create_file_with_runtime_dependencies(/root/AGV/install/bumperbot_py_examples/share/colcon-core/packages/bumperbot_py_examples)
[1.695s] DEBUG:colcon.colcon_parallel_executor.executor.parallel:closing loop
[1.695s] DEBUG:colcon.colcon_parallel_executor.executor.parallel:loop closed
[1.695s] DEBUG:colcon.colcon_parallel_executor.executor.parallel:run_until_complete finished with '0'
[1.695s] DEBUG:colcon.colcon_core.event_reactor:joining thread
[1.720s] INFO:colcon.colcon_core.plugin_system:Skipping extension 'colcon_notification.desktop_notification.notify_send': Could not find 'notify-send'
[1.720s] INFO:colcon.colcon_core.plugin_system:Skipping extension 'colcon_notification.desktop_notification.terminal_notifier': Not used on non-Darwin systems
[1.720s] INFO:colcon.colcon_core.plugin_system:Skipping extension 'colcon_notification.desktop_notification.win32': Not used on non-Windows systems
[1.720s] INFO:colcon.colcon_notification.desktop_notification:Sending desktop notification using 'notify2'
[1.721s] DEBUG:colcon.colcon_notification.desktop_notification.notify2:Failed to initialize notify2: org.freedesktop.DBus.Error.FileNotFound: Failed to connect to socket /run/user/0/bus: No such file or directory
[1.721s] DEBUG:colcon.colcon_core.event_reactor:joined thread
[1.721s] INFO:colcon.colcon_core.shell:Creating prefix script '/root/AGV/install/local_setup.ps1'
[1.722s] INFO:colcon.colcon_core.shell:Creating prefix util module '/root/AGV/install/_local_setup_util_ps1.py'
[1.724s] INFO:colcon.colcon_core.shell:Creating prefix chain script '/root/AGV/install/setup.ps1'
[1.724s] INFO:colcon.colcon_core.shell:Creating prefix script '/root/AGV/install/local_setup.sh'
[1.725s] INFO:colcon.colcon_core.shell:Creating prefix util module '/root/AGV/install/_local_setup_util_sh.py'
[1.726s] INFO:colcon.colcon_core.shell:Creating prefix chain script '/root/AGV/install/setup.sh'
[1.727s] INFO:colcon.colcon_core.shell:Creating prefix script '/root/AGV/install/local_setup.bash'
[1.728s] INFO:colcon.colcon_core.shell:Creating prefix chain script '/root/AGV/install/setup.bash'
[1.728s] INFO:colcon.colcon_core.shell:Creating prefix script '/root/AGV/install/local_setup.zsh'
[1.729s] INFO:colcon.colcon_core.shell:Creating prefix chain script '/root/AGV/install/setup.zsh'
