[0.045s] Invoking command in '/home/wapush/AGV/bumperbot_ws/build/bumperbot_firmware': CMAKE_PREFIX_PATH=/opt/ros/iron /usr/bin/cmake --build /home/wapush/AGV/bumperbot_ws/build/bumperbot_firmware -- -j20 -l20
[0.325s] [35m[1mConsolidate compiler generated dependencies of target bumperbot_firmware[0m
[0.325s] [  0%] Built target ament_cmake_python_copy_bumperbot_firmware
[0.325s] [ 25%] Built target simple_serial_transmitter
[0.325s] [ 50%] Built target imu_serial_receiver
[0.325s] [ 75%] Built target simple_serial_receiver
[0.325s] [100%] Built target bumperbot_firmware
[0.355s] running egg_info
[0.381s] writing bumperbot_firmware.egg-info/PKG-INFO
[0.381s] writing dependency_links to bumperbot_firmware.egg-info/dependency_links.txt
[0.414s] writing top-level names to bumperbot_firmware.egg-info/top_level.txt
[0.414s] reading manifest file 'bumperbot_firmware.egg-info/SOURCES.txt'
[0.415s] writing manifest file 'bumperbot_firmware.egg-info/SOURCES.txt'
[0.594s] [100%] Built target ament_cmake_python_build_bumperbot_firmware_egg
[0.627s] Invoked command in '/home/wapush/AGV/bumperbot_ws/build/bumperbot_firmware' returned '0': CMAKE_PREFIX_PATH=/opt/ros/iron /usr/bin/cmake --build /home/wapush/AGV/bumperbot_ws/build/bumperbot_firmware -- -j20 -l20
[0.628s] Invoking command in '/home/wapush/AGV/bumperbot_ws/build/bumperbot_firmware': CMAKE_PREFIX_PATH=/opt/ros/iron /usr/bin/cmake --install /home/wapush/AGV/bumperbot_ws/build/bumperbot_firmware
[0.639s] -- Install configuration: ""
[0.640s] -- Up-to-date: /home/wapush/AGV/bumperbot_ws/install/bumperbot_firmware/share/bumperbot_firmware/environment/pythonpath.sh
[0.640s] -- Up-to-date: /home/wapush/AGV/bumperbot_ws/install/bumperbot_firmware/share/bumperbot_firmware/environment/pythonpath.dsv
[0.640s] -- Up-to-date: /home/wapush/AGV/bumperbot_ws/install/bumperbot_firmware/lib/python3.10/site-packages/bumperbot_firmware-0.0.0-py3.10.egg-info
[0.640s] -- Installing: /home/wapush/AGV/bumperbot_ws/install/bumperbot_firmware/lib/python3.10/site-packages/bumperbot_firmware-0.0.0-py3.10.egg-info/PKG-INFO
[0.640s] -- Installing: /home/wapush/AGV/bumperbot_ws/install/bumperbot_firmware/lib/python3.10/site-packages/bumperbot_firmware-0.0.0-py3.10.egg-info/top_level.txt
[0.640s] -- Installing: /home/wapush/AGV/bumperbot_ws/install/bumperbot_firmware/lib/python3.10/site-packages/bumperbot_firmware-0.0.0-py3.10.egg-info/dependency_links.txt
[0.641s] -- Installing: /home/wapush/AGV/bumperbot_ws/install/bumperbot_firmware/lib/python3.10/site-packages/bumperbot_firmware-0.0.0-py3.10.egg-info/SOURCES.txt
[0.641s] -- Up-to-date: /home/wapush/AGV/bumperbot_ws/install/bumperbot_firmware/lib/python3.10/site-packages/bumperbot_firmware
[0.641s] -- Up-to-date: /home/wapush/AGV/bumperbot_ws/install/bumperbot_firmware/lib/python3.10/site-packages/bumperbot_firmware/simple_serial_transmitter.py
[0.641s] -- Up-to-date: /home/wapush/AGV/bumperbot_ws/install/bumperbot_firmware/lib/python3.10/site-packages/bumperbot_firmware/simple_serial_receiver.py
[0.641s] -- Up-to-date: /home/wapush/AGV/bumperbot_ws/install/bumperbot_firmware/lib/python3.10/site-packages/bumperbot_firmware/__init__.py
[0.664s] Listing '/home/wapush/AGV/bumperbot_ws/install/bumperbot_firmware/lib/python3.10/site-packages/bumperbot_firmware'...
[0.668s] -- Up-to-date: /home/wapush/AGV/bumperbot_ws/install/bumperbot_firmware/share/bumperbot_firmware/bumperbot_interface.xml
[0.668s] -- Up-to-date: /home/wapush/AGV/bumperbot_ws/install/bumperbot_firmware/lib/libbumperbot_firmware.so
[0.668s] -- Up-to-date: /home/wapush/AGV/bumperbot_ws/install/bumperbot_firmware/include/include
[0.669s] -- Up-to-date: /home/wapush/AGV/bumperbot_ws/install/bumperbot_firmware/include/include/bumperbot_interface.hpp
[0.669s] -- Up-to-date: /home/wapush/AGV/bumperbot_ws/install/bumperbot_firmware/include/include/bumperbot_firmware
[0.669s] -- Up-to-date: /home/wapush/AGV/bumperbot_ws/install/bumperbot_firmware/lib/bumperbot_firmware/simple_serial_transmitter
[0.670s] -- Up-to-date: /home/wapush/AGV/bumperbot_ws/install/bumperbot_firmware/lib/bumperbot_firmware/simple_serial_receiver
[0.670s] -- Up-to-date: /home/wapush/AGV/bumperbot_ws/install/bumperbot_firmware/lib/bumperbot_firmware/imu_serial_receiver
[0.670s] -- Up-to-date: /home/wapush/AGV/bumperbot_ws/install/bumperbot_firmware/lib/bumperbot_firmware/simple_serial_transmitter.py
[0.671s] -- Up-to-date: /home/wapush/AGV/bumperbot_ws/install/bumperbot_firmware/lib/bumperbot_firmware/simple_serial_receiver.py
[0.671s] -- Up-to-date: /home/wapush/AGV/bumperbot_ws/install/bumperbot_firmware/share/bumperbot_firmware/launch
[0.671s] -- Up-to-date: /home/wapush/AGV/bumperbot_ws/install/bumperbot_firmware/share/bumperbot_firmware/launch/hardware_interface.launch.py
[0.671s] -- Up-to-date: /home/wapush/AGV/bumperbot_ws/install/bumperbot_firmware/share/bumperbot_firmware/environment/library_path.sh
[0.671s] -- Up-to-date: /home/wapush/AGV/bumperbot_ws/install/bumperbot_firmware/share/bumperbot_firmware/environment/library_path.dsv
[0.671s] -- Up-to-date: /home/wapush/AGV/bumperbot_ws/install/bumperbot_firmware/share/ament_index/resource_index/package_run_dependencies/bumperbot_firmware
[0.672s] -- Up-to-date: /home/wapush/AGV/bumperbot_ws/install/bumperbot_firmware/share/ament_index/resource_index/parent_prefix_path/bumperbot_firmware
[0.672s] -- Up-to-date: /home/wapush/AGV/bumperbot_ws/install/bumperbot_firmware/share/bumperbot_firmware/environment/ament_prefix_path.sh
[0.672s] -- Up-to-date: /home/wapush/AGV/bumperbot_ws/install/bumperbot_firmware/share/bumperbot_firmware/environment/ament_prefix_path.dsv
[0.672s] -- Up-to-date: /home/wapush/AGV/bumperbot_ws/install/bumperbot_firmware/share/bumperbot_firmware/environment/path.sh
[0.672s] -- Up-to-date: /home/wapush/AGV/bumperbot_ws/install/bumperbot_firmware/share/bumperbot_firmware/environment/path.dsv
[0.673s] -- Up-to-date: /home/wapush/AGV/bumperbot_ws/install/bumperbot_firmware/share/bumperbot_firmware/local_setup.bash
[0.673s] -- Up-to-date: /home/wapush/AGV/bumperbot_ws/install/bumperbot_firmware/share/bumperbot_firmware/local_setup.sh
[0.673s] -- Up-to-date: /home/wapush/AGV/bumperbot_ws/install/bumperbot_firmware/share/bumperbot_firmware/local_setup.zsh
[0.674s] -- Up-to-date: /home/wapush/AGV/bumperbot_ws/install/bumperbot_firmware/share/bumperbot_firmware/local_setup.dsv
[0.674s] -- Installing: /home/wapush/AGV/bumperbot_ws/install/bumperbot_firmware/share/bumperbot_firmware/package.dsv
[0.674s] -- Up-to-date: /home/wapush/AGV/bumperbot_ws/install/bumperbot_firmware/share/ament_index/resource_index/packages/bumperbot_firmware
[0.674s] -- Up-to-date: /home/wapush/AGV/bumperbot_ws/install/bumperbot_firmware/share/ament_index/resource_index/hardware_interface__pluginlib__plugin/bumperbot_firmware
[0.674s] -- Up-to-date: /home/wapush/AGV/bumperbot_ws/install/bumperbot_firmware/share/bumperbot_firmware/cmake/ament_cmake_export_include_directories-extras.cmake
[0.675s] -- Up-to-date: /home/wapush/AGV/bumperbot_ws/install/bumperbot_firmware/share/bumperbot_firmware/cmake/ament_cmake_export_libraries-extras.cmake
[0.675s] -- Up-to-date: /home/wapush/AGV/bumperbot_ws/install/bumperbot_firmware/share/bumperbot_firmware/cmake/ament_cmake_export_dependencies-extras.cmake
[0.675s] -- Up-to-date: /home/wapush/AGV/bumperbot_ws/install/bumperbot_firmware/share/bumperbot_firmware/cmake/bumperbot_firmwareConfig.cmake
[0.675s] -- Up-to-date: /home/wapush/AGV/bumperbot_ws/install/bumperbot_firmware/share/bumperbot_firmware/cmake/bumperbot_firmwareConfig-version.cmake
[0.676s] -- Up-to-date: /home/wapush/AGV/bumperbot_ws/install/bumperbot_firmware/share/bumperbot_firmware/package.xml
[0.709s] Invoked command in '/home/wapush/AGV/bumperbot_ws/build/bumperbot_firmware' returned '0': CMAKE_PREFIX_PATH=/opt/ros/iron /usr/bin/cmake --install /home/wapush/AGV/bumperbot_ws/build/bumperbot_firmware
