[0.255s] Invoking command in '/home/wapush/AGV/bumperbot_ws/build/nav2_straightline_planner': CMAKE_PREFIX_PATH=${CMAKE_PREFIX_PATH}:/home/wapush/AGV/bumperbot_ws/install/bumperbot_py_examples:/opt/ros/iron /usr/bin/cmake --build /home/wapush/AGV/bumperbot_ws/build/nav2_straightline_planner -- -j20 -l20
[0.354s] [ 50%] [32mBuilding CXX object CMakeFiles/nav2_straightline_planner_plugin.dir/src/straight_line_planner.cpp.o[0m
[23.169s] [100%] [32m[1mLinking CXX shared library libnav2_straightline_planner_plugin.so[0m
[25.032s] [100%] Built target nav2_straightline_planner_plugin
[25.238s] Invoked command in '/home/wapush/AGV/bumperbot_ws/build/nav2_straightline_planner' returned '0': CMAKE_PREFIX_PATH=${CMAKE_PREFIX_PATH}:/home/wapush/AGV/bumperbot_ws/install/bumperbot_py_examples:/opt/ros/iron /usr/bin/cmake --build /home/wapush/AGV/bumperbot_ws/build/nav2_straightline_planner -- -j20 -l20
[25.354s] Invoking command in '/home/wapush/AGV/bumperbot_ws/build/nav2_straightline_planner': CMAKE_PREFIX_PATH=${CMAKE_PREFIX_PATH}:/home/wapush/AGV/bumperbot_ws/install/bumperbot_py_examples:/opt/ros/iron /usr/bin/cmake --install /home/wapush/AGV/bumperbot_ws/build/nav2_straightline_planner
[25.384s] -- Install configuration: ""
[25.384s] -- Up-to-date: /home/wapush/AGV/bumperbot_ws/install/nav2_straightline_planner/share/nav2_straightline_planner/global_planner_plugin.xml
[25.384s] -- Installing: /home/wapush/AGV/bumperbot_ws/install/nav2_straightline_planner/lib/libnav2_straightline_planner_plugin.so
[25.387s] -- Set runtime path of "/home/wapush/AGV/bumperbot_ws/install/nav2_straightline_planner/lib/libnav2_straightline_planner_plugin.so" to ""
[25.387s] -- Up-to-date: /home/wapush/AGV/bumperbot_ws/install/nav2_straightline_planner/include/
[25.387s] -- Up-to-date: /home/wapush/AGV/bumperbot_ws/install/nav2_straightline_planner/include//nav2_straightline_planner
[25.389s] -- Up-to-date: /home/wapush/AGV/bumperbot_ws/install/nav2_straightline_planner/include//nav2_straightline_planner/straight_line_planner.hpp
[25.389s] -- Up-to-date: /home/wapush/AGV/bumperbot_ws/install/nav2_straightline_planner/share/nav2_straightline_planner/global_planner_plugin.xml
[25.395s] -- Up-to-date: /home/wapush/AGV/bumperbot_ws/install/nav2_straightline_planner/share/nav2_straightline_planner/environment/library_path.sh
[25.396s] -- Up-to-date: /home/wapush/AGV/bumperbot_ws/install/nav2_straightline_planner/share/nav2_straightline_planner/environment/library_path.dsv
[25.396s] -- Up-to-date: /home/wapush/AGV/bumperbot_ws/install/nav2_straightline_planner/share/ament_index/resource_index/package_run_dependencies/nav2_straightline_planner
[25.396s] -- Up-to-date: /home/wapush/AGV/bumperbot_ws/install/nav2_straightline_planner/share/ament_index/resource_index/parent_prefix_path/nav2_straightline_planner
[25.398s] -- Up-to-date: /home/wapush/AGV/bumperbot_ws/install/nav2_straightline_planner/share/nav2_straightline_planner/environment/ament_prefix_path.sh
[25.398s] -- Up-to-date: /home/wapush/AGV/bumperbot_ws/install/nav2_straightline_planner/share/nav2_straightline_planner/environment/ament_prefix_path.dsv
[25.398s] -- Up-to-date: /home/wapush/AGV/bumperbot_ws/install/nav2_straightline_planner/share/nav2_straightline_planner/environment/path.sh
[25.399s] -- Up-to-date: /home/wapush/AGV/bumperbot_ws/install/nav2_straightline_planner/share/nav2_straightline_planner/environment/path.dsv
[25.399s] -- Up-to-date: /home/wapush/AGV/bumperbot_ws/install/nav2_straightline_planner/share/nav2_straightline_planner/local_setup.bash
[25.399s] -- Up-to-date: /home/wapush/AGV/bumperbot_ws/install/nav2_straightline_planner/share/nav2_straightline_planner/local_setup.sh
[25.399s] -- Up-to-date: /home/wapush/AGV/bumperbot_ws/install/nav2_straightline_planner/share/nav2_straightline_planner/local_setup.zsh
[25.399s] -- Up-to-date: /home/wapush/AGV/bumperbot_ws/install/nav2_straightline_planner/share/nav2_straightline_planner/local_setup.dsv
[25.399s] -- Installing: /home/wapush/AGV/bumperbot_ws/install/nav2_straightline_planner/share/nav2_straightline_planner/package.dsv
[25.402s] -- Up-to-date: /home/wapush/AGV/bumperbot_ws/install/nav2_straightline_planner/share/ament_index/resource_index/packages/nav2_straightline_planner
[25.403s] -- Up-to-date: /home/wapush/AGV/bumperbot_ws/install/nav2_straightline_planner/share/ament_index/resource_index/nav2_core__pluginlib__plugin/nav2_straightline_planner
[25.403s] -- Up-to-date: /home/wapush/AGV/bumperbot_ws/install/nav2_straightline_planner/share/nav2_straightline_planner/cmake/ament_cmake_export_include_directories-extras.cmake
[25.404s] -- Up-to-date: /home/wapush/AGV/bumperbot_ws/install/nav2_straightline_planner/share/nav2_straightline_planner/cmake/ament_cmake_export_libraries-extras.cmake
[25.404s] -- Up-to-date: /home/wapush/AGV/bumperbot_ws/install/nav2_straightline_planner/share/nav2_straightline_planner/cmake/ament_cmake_export_dependencies-extras.cmake
[25.404s] -- Up-to-date: /home/wapush/AGV/bumperbot_ws/install/nav2_straightline_planner/share/nav2_straightline_planner/cmake/nav2_straightline_plannerConfig.cmake
[25.404s] -- Up-to-date: /home/wapush/AGV/bumperbot_ws/install/nav2_straightline_planner/share/nav2_straightline_planner/cmake/nav2_straightline_plannerConfig-version.cmake
[25.404s] -- Up-to-date: /home/wapush/AGV/bumperbot_ws/install/nav2_straightline_planner/share/nav2_straightline_planner/package.xml
[25.423s] Invoked command in '/home/wapush/AGV/bumperbot_ws/build/nav2_straightline_planner' returned '0': CMAKE_PREFIX_PATH=${CMAKE_PREFIX_PATH}:/home/wapush/AGV/bumperbot_ws/install/bumperbot_py_examples:/opt/ros/iron /usr/bin/cmake --install /home/wapush/AGV/bumperbot_ws/build/nav2_straightline_planner
