[0.107s] Invoking command in '/root/AGV/build/bumperbot_controller': CMAKE_PREFIX_PATH=/opt/ros/humble /usr/bin/cmake --build /root/AGV/build/bumperbot_controller -- -j8 -l8
[0.738s] [35m[1mConsolidate compiler generated dependencies of target simple_speed_controller[0m
[0.744s] [35m[1mConsolidate compiler generated dependencies of target noisy_controller[0m
[0.749s] [  0%] Built target ament_cmake_python_copy_bumperbot_controller
[0.752s] [ 50%] Built target noisy_controller
[0.753s] [100%] Built target simple_speed_controller
[1.319s] running egg_info
[1.319s] writing bumperbot_controller.egg-info/PKG-INFO
[1.319s] writing dependency_links to bumperbot_controller.egg-info/dependency_links.txt
[1.320s] writing top-level names to bumperbot_controller.egg-info/top_level.txt
[1.320s] reading manifest file 'bumperbot_controller.egg-info/SOURCES.txt'
[1.320s] writing manifest file 'bumperbot_controller.egg-info/SOURCES.txt'
[1.322s] [100%] Built target ament_cmake_python_build_bumperbot_controller_egg
[1.333s] Invoked command in '/root/AGV/build/bumperbot_controller' returned '0': CMAKE_PREFIX_PATH=/opt/ros/humble /usr/bin/cmake --build /root/AGV/build/bumperbot_controller -- -j8 -l8
[1.359s] Invoking command in '/root/AGV/build/bumperbot_controller': CMAKE_PREFIX_PATH=/opt/ros/humble /usr/bin/cmake --install /root/AGV/build/bumperbot_controller
[1.380s] -- Install configuration: ""
[1.380s] -- Up-to-date: /root/AGV/install/bumperbot_controller/share/bumperbot_controller/environment/pythonpath.sh
[1.380s] -- Up-to-date: /root/AGV/install/bumperbot_controller/share/bumperbot_controller/environment/pythonpath.dsv
[1.380s] -- Up-to-date: /root/AGV/install/bumperbot_controller/local/lib/python3.10/dist-packages/bumperbot_controller-0.0.0-py3.10.egg-info
[1.380s] -- Installing: /root/AGV/install/bumperbot_controller/local/lib/python3.10/dist-packages/bumperbot_controller-0.0.0-py3.10.egg-info/PKG-INFO
[1.380s] -- Installing: /root/AGV/install/bumperbot_controller/local/lib/python3.10/dist-packages/bumperbot_controller-0.0.0-py3.10.egg-info/top_level.txt
[1.380s] -- Installing: /root/AGV/install/bumperbot_controller/local/lib/python3.10/dist-packages/bumperbot_controller-0.0.0-py3.10.egg-info/dependency_links.txt
[1.381s] -- Installing: /root/AGV/install/bumperbot_controller/local/lib/python3.10/dist-packages/bumperbot_controller-0.0.0-py3.10.egg-info/SOURCES.txt
[1.381s] -- Up-to-date: /root/AGV/install/bumperbot_controller/local/lib/python3.10/dist-packages/bumperbot_controller
[1.381s] -- Up-to-date: /root/AGV/install/bumperbot_controller/local/lib/python3.10/dist-packages/bumperbot_controller/__init__.py
[1.381s] -- Up-to-date: /root/AGV/install/bumperbot_controller/local/lib/python3.10/dist-packages/bumperbot_controller/noisy_controller.py
[1.381s] -- Up-to-date: /root/AGV/install/bumperbot_controller/local/lib/python3.10/dist-packages/bumperbot_controller/simple_speed_controller.py
[1.434s] Listing '/root/AGV/install/bumperbot_controller/local/lib/python3.10/dist-packages/bumperbot_controller'...
[1.466s] -- Up-to-date: /root/AGV/install/bumperbot_controller/include/include
[1.466s] -- Up-to-date: /root/AGV/install/bumperbot_controller/include/include/bumperbot_controller
[1.466s] -- Up-to-date: /root/AGV/install/bumperbot_controller/include/include/bumperbot_controller/simple_speed_controller.hpp
[1.466s] -- Up-to-date: /root/AGV/install/bumperbot_controller/include/include/bumperbot_controller/noisy_controller.hpp
[1.467s] -- Up-to-date: /root/AGV/install/bumperbot_controller/lib/bumperbot_controller/simple_speed_controller
[1.470s] -- Up-to-date: /root/AGV/install/bumperbot_controller/lib/bumperbot_controller/noisy_controller
[1.474s] -- Up-to-date: /root/AGV/install/bumperbot_controller/share/bumperbot_controller/launch
[1.475s] -- Installing: /root/AGV/install/bumperbot_controller/share/bumperbot_controller/launch/controller.launch.py
[1.484s] -- Up-to-date: /root/AGV/install/bumperbot_controller/share/bumperbot_controller/launch/joystick_teleop.launch.py
[1.484s] -- Up-to-date: /root/AGV/install/bumperbot_controller/share/bumperbot_controller/config
[1.485s] -- Up-to-date: /root/AGV/install/bumperbot_controller/share/bumperbot_controller/config/twist_mux_topics.yaml
[1.486s] -- Up-to-date: /root/AGV/install/bumperbot_controller/share/bumperbot_controller/config/joy_teleop.yaml
[1.486s] -- Up-to-date: /root/AGV/install/bumperbot_controller/share/bumperbot_controller/config/twist_mux_locks.yaml
[1.487s] -- Up-to-date: /root/AGV/install/bumperbot_controller/share/bumperbot_controller/config/twist_mux_joy.yaml
[1.487s] -- Up-to-date: /root/AGV/install/bumperbot_controller/share/bumperbot_controller/config/joy_config.yaml
[1.487s] -- Up-to-date: /root/AGV/install/bumperbot_controller/share/bumperbot_controller/config/bumperbot_controllers.yaml
[1.487s] -- Up-to-date: /root/AGV/install/bumperbot_controller/lib/bumperbot_controller/simple_speed_controller.py
[1.490s] -- Up-to-date: /root/AGV/install/bumperbot_controller/lib/bumperbot_controller/noisy_controller.py
[1.491s] -- Up-to-date: /root/AGV/install/bumperbot_controller/share/ament_index/resource_index/package_run_dependencies/bumperbot_controller
[1.492s] -- Up-to-date: /root/AGV/install/bumperbot_controller/share/ament_index/resource_index/parent_prefix_path/bumperbot_controller
[1.492s] -- Up-to-date: /root/AGV/install/bumperbot_controller/share/bumperbot_controller/environment/ament_prefix_path.sh
[1.492s] -- Up-to-date: /root/AGV/install/bumperbot_controller/share/bumperbot_controller/environment/ament_prefix_path.dsv
[1.492s] -- Up-to-date: /root/AGV/install/bumperbot_controller/share/bumperbot_controller/environment/path.sh
[1.492s] -- Up-to-date: /root/AGV/install/bumperbot_controller/share/bumperbot_controller/environment/path.dsv
[1.493s] -- Up-to-date: /root/AGV/install/bumperbot_controller/share/bumperbot_controller/local_setup.bash
[1.493s] -- Up-to-date: /root/AGV/install/bumperbot_controller/share/bumperbot_controller/local_setup.sh
[1.493s] -- Up-to-date: /root/AGV/install/bumperbot_controller/share/bumperbot_controller/local_setup.zsh
[1.493s] -- Up-to-date: /root/AGV/install/bumperbot_controller/share/bumperbot_controller/local_setup.dsv
[1.493s] -- Installing: /root/AGV/install/bumperbot_controller/share/bumperbot_controller/package.dsv
[1.493s] -- Up-to-date: /root/AGV/install/bumperbot_controller/share/ament_index/resource_index/packages/bumperbot_controller
[1.493s] -- Up-to-date: /root/AGV/install/bumperbot_controller/share/bumperbot_controller/cmake/bumperbot_controllerConfig.cmake
[1.493s] -- Up-to-date: /root/AGV/install/bumperbot_controller/share/bumperbot_controller/cmake/bumperbot_controllerConfig-version.cmake
[1.494s] -- Up-to-date: /root/AGV/install/bumperbot_controller/share/bumperbot_controller/package.xml
[1.545s] Invoked command in '/root/AGV/build/bumperbot_controller' returned '0': CMAKE_PREFIX_PATH=/opt/ros/humble /usr/bin/cmake --install /root/AGV/build/bumperbot_controller
