[0.057s] Invoking command in '/home/wapush/AGV/bumperbot_ws/build/bumperbot_controller': CMAKE_PREFIX_PATH=/opt/ros/humble /usr/bin/cmake --build /home/wapush/AGV/bumperbot_ws/build/bumperbot_controller -- -j20 -l20
[0.530s] [ 75%] Built target simple_speed_controller
[0.532s] [100%] Built target noisy_controller
[0.532s] [100%] Built target ament_cmake_python_copy_bumperbot_controller
[0.533s] running egg_info
[0.533s] writing bumperbot_controller.egg-info/PKG-INFO
[0.534s] writing dependency_links to bumperbot_controller.egg-info/dependency_links.txt
[0.534s] writing top-level names to bumperbot_controller.egg-info/top_level.txt
[0.537s] reading manifest file 'bumperbot_controller.egg-info/SOURCES.txt'
[0.539s] writing manifest file 'bumperbot_controller.egg-info/SOURCES.txt'
[0.631s] [100%] Built target ament_cmake_python_build_bumperbot_controller_egg
[1.146s] Invoked command in '/home/wapush/AGV/bumperbot_ws/build/bumperbot_controller' returned '0': CMAKE_PREFIX_PATH=/opt/ros/humble /usr/bin/cmake --build /home/wapush/AGV/bumperbot_ws/build/bumperbot_controller -- -j20 -l20
[1.147s] Invoking command in '/home/wapush/AGV/bumperbot_ws/build/bumperbot_controller': CMAKE_PREFIX_PATH=/opt/ros/humble /usr/bin/cmake --install /home/wapush/AGV/bumperbot_ws/build/bumperbot_controller
[1.152s] -- Install configuration: ""
[1.152s] -- Up-to-date: /home/wapush/AGV/bumperbot_ws/install/bumperbot_controller/share/bumperbot_controller/environment/pythonpath.sh
[1.153s] -- Up-to-date: /home/wapush/AGV/bumperbot_ws/install/bumperbot_controller/share/bumperbot_controller/environment/pythonpath.dsv
[1.153s] -- Up-to-date: /home/wapush/AGV/bumperbot_ws/install/bumperbot_controller/local/lib/python3.10/dist-packages/bumperbot_controller-0.0.0-py3.10.egg-info
[1.154s] -- Installing: /home/wapush/AGV/bumperbot_ws/install/bumperbot_controller/local/lib/python3.10/dist-packages/bumperbot_controller-0.0.0-py3.10.egg-info/PKG-INFO
[1.154s] -- Installing: /home/wapush/AGV/bumperbot_ws/install/bumperbot_controller/local/lib/python3.10/dist-packages/bumperbot_controller-0.0.0-py3.10.egg-info/top_level.txt
[1.154s] -- Installing: /home/wapush/AGV/bumperbot_ws/install/bumperbot_controller/local/lib/python3.10/dist-packages/bumperbot_controller-0.0.0-py3.10.egg-info/dependency_links.txt
[1.155s] -- Installing: /home/wapush/AGV/bumperbot_ws/install/bumperbot_controller/local/lib/python3.10/dist-packages/bumperbot_controller-0.0.0-py3.10.egg-info/SOURCES.txt
[1.155s] -- Up-to-date: /home/wapush/AGV/bumperbot_ws/install/bumperbot_controller/local/lib/python3.10/dist-packages/bumperbot_controller
[1.155s] -- Up-to-date: /home/wapush/AGV/bumperbot_ws/install/bumperbot_controller/local/lib/python3.10/dist-packages/bumperbot_controller/noisy_controller.py
[1.155s] -- Up-to-date: /home/wapush/AGV/bumperbot_ws/install/bumperbot_controller/local/lib/python3.10/dist-packages/bumperbot_controller/simple_speed_controller.py
[1.156s] -- Up-to-date: /home/wapush/AGV/bumperbot_ws/install/bumperbot_controller/local/lib/python3.10/dist-packages/bumperbot_controller/gps_waypoint_logger.py
[1.158s] -- Up-to-date: /home/wapush/AGV/bumperbot_ws/install/bumperbot_controller/local/lib/python3.10/dist-packages/bumperbot_controller/trajectory_plotter.py
[1.162s] -- Installing: /home/wapush/AGV/bumperbot_ws/install/bumperbot_controller/local/lib/python3.10/dist-packages/bumperbot_controller/logged_waypoint_follower.py
[1.162s] -- Up-to-date: /home/wapush/AGV/bumperbot_ws/install/bumperbot_controller/local/lib/python3.10/dist-packages/bumperbot_controller/__init__.py
[1.176s] Listing '/home/wapush/AGV/bumperbot_ws/install/bumperbot_controller/local/lib/python3.10/dist-packages/bumperbot_controller'...
[1.177s] Compiling '/home/wapush/AGV/bumperbot_ws/install/bumperbot_controller/local/lib/python3.10/dist-packages/bumperbot_controller/logged_waypoint_follower.py'...
[1.188s] -- Up-to-date: /home/wapush/AGV/bumperbot_ws/install/bumperbot_controller/include/include
[1.189s] -- Up-to-date: /home/wapush/AGV/bumperbot_ws/install/bumperbot_controller/include/include/bumperbot_controller
[1.189s] -- Up-to-date: /home/wapush/AGV/bumperbot_ws/install/bumperbot_controller/include/include/bumperbot_controller/noisy_controller.hpp
[1.189s] -- Up-to-date: /home/wapush/AGV/bumperbot_ws/install/bumperbot_controller/include/include/bumperbot_controller/simple_speed_controller.hpp
[1.190s] -- Up-to-date: /home/wapush/AGV/bumperbot_ws/install/bumperbot_controller/lib/bumperbot_controller/simple_speed_controller
[1.190s] -- Up-to-date: /home/wapush/AGV/bumperbot_ws/install/bumperbot_controller/lib/bumperbot_controller/noisy_controller
[1.190s] -- Up-to-date: /home/wapush/AGV/bumperbot_ws/install/bumperbot_controller/share/bumperbot_controller/launch
[1.191s] -- Up-to-date: /home/wapush/AGV/bumperbot_ws/install/bumperbot_controller/share/bumperbot_controller/launch/joystick_teleop.launch.py
[1.192s] -- Up-to-date: /home/wapush/AGV/bumperbot_ws/install/bumperbot_controller/share/bumperbot_controller/launch/controller.launch.py
[1.192s] -- Up-to-date: /home/wapush/AGV/bumperbot_ws/install/bumperbot_controller/share/bumperbot_controller/config
[1.193s] -- Up-to-date: /home/wapush/AGV/bumperbot_ws/install/bumperbot_controller/share/bumperbot_controller/config/joy_config.yaml
[1.193s] -- Up-to-date: /home/wapush/AGV/bumperbot_ws/install/bumperbot_controller/share/bumperbot_controller/config/joy_teleop.yaml
[1.193s] -- Up-to-date: /home/wapush/AGV/bumperbot_ws/install/bumperbot_controller/share/bumperbot_controller/config/twist_mux_locks.yaml
[1.195s] -- Up-to-date: /home/wapush/AGV/bumperbot_ws/install/bumperbot_controller/share/bumperbot_controller/config/twist_mux_topics.yaml
[1.196s] -- Up-to-date: /home/wapush/AGV/bumperbot_ws/install/bumperbot_controller/share/bumperbot_controller/config/twist_mux_joy.yaml
[1.196s] -- Up-to-date: /home/wapush/AGV/bumperbot_ws/install/bumperbot_controller/share/bumperbot_controller/config/bumperbot_controllers.yaml
[1.196s] -- Up-to-date: /home/wapush/AGV/bumperbot_ws/install/bumperbot_controller/lib/bumperbot_controller/simple_speed_controller.py
[1.196s] -- Up-to-date: /home/wapush/AGV/bumperbot_ws/install/bumperbot_controller/lib/bumperbot_controller/noisy_controller.py
[1.197s] -- Up-to-date: /home/wapush/AGV/bumperbot_ws/install/bumperbot_controller/lib/bumperbot_controller/gps_waypoint_logger.py
[1.197s] -- Installing: /home/wapush/AGV/bumperbot_ws/install/bumperbot_controller/lib/bumperbot_controller/logged_waypoint_follower.py
[1.197s] -- Up-to-date: /home/wapush/AGV/bumperbot_ws/install/bumperbot_controller/lib/bumperbot_controller/trajectory_plotter.py
[1.197s] -- Up-to-date: /home/wapush/AGV/bumperbot_ws/install/bumperbot_controller/share/ament_index/resource_index/package_run_dependencies/bumperbot_controller
[1.197s] -- Up-to-date: /home/wapush/AGV/bumperbot_ws/install/bumperbot_controller/share/ament_index/resource_index/parent_prefix_path/bumperbot_controller
[1.197s] -- Up-to-date: /home/wapush/AGV/bumperbot_ws/install/bumperbot_controller/share/bumperbot_controller/environment/ament_prefix_path.sh
[1.198s] -- Up-to-date: /home/wapush/AGV/bumperbot_ws/install/bumperbot_controller/share/bumperbot_controller/environment/ament_prefix_path.dsv
[1.199s] -- Up-to-date: /home/wapush/AGV/bumperbot_ws/install/bumperbot_controller/share/bumperbot_controller/environment/path.sh
[1.199s] -- Up-to-date: /home/wapush/AGV/bumperbot_ws/install/bumperbot_controller/share/bumperbot_controller/environment/path.dsv
[1.200s] -- Up-to-date: /home/wapush/AGV/bumperbot_ws/install/bumperbot_controller/share/bumperbot_controller/local_setup.bash
[1.200s] -- Up-to-date: /home/wapush/AGV/bumperbot_ws/install/bumperbot_controller/share/bumperbot_controller/local_setup.sh
[1.200s] -- Up-to-date: /home/wapush/AGV/bumperbot_ws/install/bumperbot_controller/share/bumperbot_controller/local_setup.zsh
[1.200s] -- Up-to-date: /home/wapush/AGV/bumperbot_ws/install/bumperbot_controller/share/bumperbot_controller/local_setup.dsv
[1.200s] -- Installing: /home/wapush/AGV/bumperbot_ws/install/bumperbot_controller/share/bumperbot_controller/package.dsv
[1.201s] -- Up-to-date: /home/wapush/AGV/bumperbot_ws/install/bumperbot_controller/share/ament_index/resource_index/packages/bumperbot_controller
[1.201s] -- Up-to-date: /home/wapush/AGV/bumperbot_ws/install/bumperbot_controller/share/bumperbot_controller/cmake/bumperbot_controllerConfig.cmake
[1.201s] -- Up-to-date: /home/wapush/AGV/bumperbot_ws/install/bumperbot_controller/share/bumperbot_controller/cmake/bumperbot_controllerConfig-version.cmake
[1.201s] -- Up-to-date: /home/wapush/AGV/bumperbot_ws/install/bumperbot_controller/share/bumperbot_controller/package.xml
[1.208s] Invoked command in '/home/wapush/AGV/bumperbot_ws/build/bumperbot_controller' returned '0': CMAKE_PREFIX_PATH=/opt/ros/humble /usr/bin/cmake --install /home/wapush/AGV/bumperbot_ws/build/bumperbot_controller
