[0.900s] Invoking command in '/root/AGV/bumperbot_ws/src/bumperbot_py_examples': PYTHONPATH=/root/AGV/build/bumperbot_py_examples/prefix_override:/usr/lib/python3/dist-packages/colcon_core/task/python/colcon_distutils_commands:/root/AGV/install/bumperbot_py_examples/lib/python3.10/site-packages:${PYTHONPATH} /usr/bin/python3 -W ignore:setup.py install is deprecated setup.py egg_info --egg-base ../../../build/bumperbot_py_examples build --build-base /root/AGV/build/bumperbot_py_examples/build install --record /root/AGV/build/bumperbot_py_examples/install.log --single-version-externally-managed install_data
[1.118s] running egg_info
[1.120s] writing ../../../build/bumperbot_py_examples/bumperbot_py_examples.egg-info/PKG-INFO
[1.120s] writing dependency_links to ../../../build/bumperbot_py_examples/bumperbot_py_examples.egg-info/dependency_links.txt
[1.121s] writing entry points to ../../../build/bumperbot_py_examples/bumperbot_py_examples.egg-info/entry_points.txt
[1.121s] writing requirements to ../../../build/bumperbot_py_examples/bumperbot_py_examples.egg-info/requires.txt
[1.121s] writing top-level names to ../../../build/bumperbot_py_examples/bumperbot_py_examples.egg-info/top_level.txt
[1.127s] reading manifest file '../../../build/bumperbot_py_examples/bumperbot_py_examples.egg-info/SOURCES.txt'
[1.129s] writing manifest file '../../../build/bumperbot_py_examples/bumperbot_py_examples.egg-info/SOURCES.txt'
[1.130s] running build
[1.130s] running build_py
[1.131s] running install
[1.132s] running install_lib
[1.134s] running install_data
[1.134s] running install_egg_info
[1.136s] removing '/root/AGV/install/bumperbot_py_examples/lib/python3.10/site-packages/bumperbot_py_examples-0.0.0-py3.10.egg-info' (and everything under it)
[1.137s] Copying ../../../build/bumperbot_py_examples/bumperbot_py_examples.egg-info to /root/AGV/install/bumperbot_py_examples/lib/python3.10/site-packages/bumperbot_py_examples-0.0.0-py3.10.egg-info
[1.138s] running install_scripts
[1.168s] Installing simple_turtulesim_kinematics script to /root/AGV/install/bumperbot_py_examples/lib/bumperbot_py_examples
[1.169s] writing list of installed files to '/root/AGV/build/bumperbot_py_examples/install.log'
[1.292s] Invoked command in '/root/AGV/bumperbot_ws/src/bumperbot_py_examples' returned '0': PYTHONPATH=/root/AGV/build/bumperbot_py_examples/prefix_override:/usr/lib/python3/dist-packages/colcon_core/task/python/colcon_distutils_commands:/root/AGV/install/bumperbot_py_examples/lib/python3.10/site-packages:${PYTHONPATH} /usr/bin/python3 -W ignore:setup.py install is deprecated setup.py egg_info --egg-base ../../../build/bumperbot_py_examples build --build-base /root/AGV/build/bumperbot_py_examples/build install --record /root/AGV/build/bumperbot_py_examples/install.log --single-version-externally-managed install_data
