[0.045s] Invoking command in '/home/wapush/AGV/bumperbot_ws/build/bumperbot_localization': CMAKE_PREFIX_PATH=${CMAKE_PREFIX_PATH}:/home/wapush/AGV/bumperbot_ws/install/bumperbot_py_examples:/opt/ros/iron /usr/bin/cmake --build /home/wapush/AGV/bumperbot_ws/build/bumperbot_localization -- -j20 -l20
[0.281s] [  0%] Built target ament_cmake_python_copy_bumperbot_localization
[0.282s] [ 50%] [32mBuilding CXX object CMakeFiles/imu_republisher.dir/src/imu_republisher.cpp.o[0m
[0.384s] running egg_info
[0.386s] writing bumperbot_localization.egg-info/PKG-INFO
[0.391s] writing dependency_links to bumperbot_localization.egg-info/dependency_links.txt
[0.391s] writing top-level names to bumperbot_localization.egg-info/top_level.txt
[0.397s] reading manifest file 'bumperbot_localization.egg-info/SOURCES.txt'
[0.400s] writing manifest file 'bumperbot_localization.egg-info/SOURCES.txt'
[0.477s] [ 50%] Built target ament_cmake_python_build_bumperbot_localization_egg
[25.745s] [100%] [32m[1mLinking CXX executable imu_republisher[0m
[26.197s] [100%] Built target imu_republisher
[26.215s] Invoked command in '/home/wapush/AGV/bumperbot_ws/build/bumperbot_localization' returned '0': CMAKE_PREFIX_PATH=${CMAKE_PREFIX_PATH}:/home/wapush/AGV/bumperbot_ws/install/bumperbot_py_examples:/opt/ros/iron /usr/bin/cmake --build /home/wapush/AGV/bumperbot_ws/build/bumperbot_localization -- -j20 -l20
[26.220s] Invoking command in '/home/wapush/AGV/bumperbot_ws/build/bumperbot_localization': CMAKE_PREFIX_PATH=${CMAKE_PREFIX_PATH}:/home/wapush/AGV/bumperbot_ws/install/bumperbot_py_examples:/opt/ros/iron /usr/bin/cmake --install /home/wapush/AGV/bumperbot_ws/build/bumperbot_localization
[26.224s] -- Install configuration: ""
[26.224s] -- Up-to-date: /home/wapush/AGV/bumperbot_ws/install/bumperbot_localization/share/bumperbot_localization/environment/pythonpath.sh
[26.224s] -- Up-to-date: /home/wapush/AGV/bumperbot_ws/install/bumperbot_localization/share/bumperbot_localization/environment/pythonpath.dsv
[26.224s] -- Up-to-date: /home/wapush/AGV/bumperbot_ws/install/bumperbot_localization/lib/python3.10/site-packages/bumperbot_localization-0.0.0-py3.10.egg-info
[26.224s] -- Installing: /home/wapush/AGV/bumperbot_ws/install/bumperbot_localization/lib/python3.10/site-packages/bumperbot_localization-0.0.0-py3.10.egg-info/PKG-INFO
[26.225s] -- Installing: /home/wapush/AGV/bumperbot_ws/install/bumperbot_localization/lib/python3.10/site-packages/bumperbot_localization-0.0.0-py3.10.egg-info/top_level.txt
[26.225s] -- Installing: /home/wapush/AGV/bumperbot_ws/install/bumperbot_localization/lib/python3.10/site-packages/bumperbot_localization-0.0.0-py3.10.egg-info/dependency_links.txt
[26.226s] -- Installing: /home/wapush/AGV/bumperbot_ws/install/bumperbot_localization/lib/python3.10/site-packages/bumperbot_localization-0.0.0-py3.10.egg-info/SOURCES.txt
[26.226s] -- Up-to-date: /home/wapush/AGV/bumperbot_ws/install/bumperbot_localization/lib/python3.10/site-packages/bumperbot_localization
[26.227s] -- Up-to-date: /home/wapush/AGV/bumperbot_ws/install/bumperbot_localization/lib/python3.10/site-packages/bumperbot_localization/kalman_filter.py
[26.227s] -- Up-to-date: /home/wapush/AGV/bumperbot_ws/install/bumperbot_localization/lib/python3.10/site-packages/bumperbot_localization/__init__.py
[26.227s] -- Up-to-date: /home/wapush/AGV/bumperbot_ws/install/bumperbot_localization/lib/python3.10/site-packages/bumperbot_localization/imu_republisher.py
[26.253s] Listing '/home/wapush/AGV/bumperbot_ws/install/bumperbot_localization/lib/python3.10/site-packages/bumperbot_localization'...
[26.257s] -- Up-to-date: /home/wapush/AGV/bumperbot_ws/install/bumperbot_localization/include/include
[26.258s] -- Up-to-date: /home/wapush/AGV/bumperbot_ws/install/bumperbot_localization/include/include/bumperbot_localization
[26.258s] -- Up-to-date: /home/wapush/AGV/bumperbot_ws/install/bumperbot_localization/include/include/bumperbot_localization/kalman_filter.hpp
[26.258s] -- Installing: /home/wapush/AGV/bumperbot_ws/install/bumperbot_localization/lib/bumperbot_localization/imu_republisher
[26.264s] -- Set runtime path of "/home/wapush/AGV/bumperbot_ws/install/bumperbot_localization/lib/bumperbot_localization/imu_republisher" to ""
[26.264s] -- Up-to-date: /home/wapush/AGV/bumperbot_ws/install/bumperbot_localization/share/bumperbot_localization/launch
[26.265s] -- Up-to-date: /home/wapush/AGV/bumperbot_ws/install/bumperbot_localization/share/bumperbot_localization/launch/local_localization.launch.py
[26.265s] -- Up-to-date: /home/wapush/AGV/bumperbot_ws/install/bumperbot_localization/share/bumperbot_localization/launch/gps_waypoint_follower.launch.py
[26.265s] -- Up-to-date: /home/wapush/AGV/bumperbot_ws/install/bumperbot_localization/share/bumperbot_localization/launch/global_localization.launch.py
[26.266s] -- Up-to-date: /home/wapush/AGV/bumperbot_ws/install/bumperbot_localization/share/bumperbot_localization/launch/dual_ekf_navsat.launch.py
[26.266s] -- Up-to-date: /home/wapush/AGV/bumperbot_ws/install/bumperbot_localization/share/bumperbot_localization/config
[26.266s] -- Up-to-date: /home/wapush/AGV/bumperbot_ws/install/bumperbot_localization/share/bumperbot_localization/config/dual_ekf_navsat_params.yaml
[26.266s] -- Up-to-date: /home/wapush/AGV/bumperbot_ws/install/bumperbot_localization/share/bumperbot_localization/config/ekf.yaml
[26.266s] -- Up-to-date: /home/wapush/AGV/bumperbot_ws/install/bumperbot_localization/share/bumperbot_localization/config/nav2_no_map_params.yaml
[26.266s] -- Up-to-date: /home/wapush/AGV/bumperbot_ws/install/bumperbot_localization/lib/bumperbot_localization/imu_republisher.py
[26.267s] -- Up-to-date: /home/wapush/AGV/bumperbot_ws/install/bumperbot_localization/share/ament_index/resource_index/package_run_dependencies/bumperbot_localization
[26.267s] -- Up-to-date: /home/wapush/AGV/bumperbot_ws/install/bumperbot_localization/share/ament_index/resource_index/parent_prefix_path/bumperbot_localization
[26.267s] -- Up-to-date: /home/wapush/AGV/bumperbot_ws/install/bumperbot_localization/share/bumperbot_localization/environment/ament_prefix_path.sh
[26.267s] -- Up-to-date: /home/wapush/AGV/bumperbot_ws/install/bumperbot_localization/share/bumperbot_localization/environment/ament_prefix_path.dsv
[26.268s] -- Up-to-date: /home/wapush/AGV/bumperbot_ws/install/bumperbot_localization/share/bumperbot_localization/environment/path.sh
[26.268s] -- Up-to-date: /home/wapush/AGV/bumperbot_ws/install/bumperbot_localization/share/bumperbot_localization/environment/path.dsv
[26.268s] -- Up-to-date: /home/wapush/AGV/bumperbot_ws/install/bumperbot_localization/share/bumperbot_localization/local_setup.bash
[26.268s] -- Up-to-date: /home/wapush/AGV/bumperbot_ws/install/bumperbot_localization/share/bumperbot_localization/local_setup.sh
[26.268s] -- Up-to-date: /home/wapush/AGV/bumperbot_ws/install/bumperbot_localization/share/bumperbot_localization/local_setup.zsh
[26.268s] -- Up-to-date: /home/wapush/AGV/bumperbot_ws/install/bumperbot_localization/share/bumperbot_localization/local_setup.dsv
[26.268s] -- Installing: /home/wapush/AGV/bumperbot_ws/install/bumperbot_localization/share/bumperbot_localization/package.dsv
[26.274s] -- Up-to-date: /home/wapush/AGV/bumperbot_ws/install/bumperbot_localization/share/ament_index/resource_index/packages/bumperbot_localization
[26.275s] -- Up-to-date: /home/wapush/AGV/bumperbot_ws/install/bumperbot_localization/share/bumperbot_localization/cmake/bumperbot_localizationConfig.cmake
[26.275s] -- Up-to-date: /home/wapush/AGV/bumperbot_ws/install/bumperbot_localization/share/bumperbot_localization/cmake/bumperbot_localizationConfig-version.cmake
[26.275s] -- Up-to-date: /home/wapush/AGV/bumperbot_ws/install/bumperbot_localization/share/bumperbot_localization/package.xml
[26.276s] Invoked command in '/home/wapush/AGV/bumperbot_ws/build/bumperbot_localization' returned '0': CMAKE_PREFIX_PATH=${CMAKE_PREFIX_PATH}:/home/wapush/AGV/bumperbot_ws/install/bumperbot_py_examples:/opt/ros/iron /usr/bin/cmake --install /home/wapush/AGV/bumperbot_ws/build/bumperbot_localization
