[0.144s] DEBUG:colcon:Command line arguments: ['/usr/bin/colcon', 'build']
[0.144s] DEBUG:colcon:Parsed command line arguments: Namespace(log_base=None, log_level=None, verb_name='build', build_base='build', install_base='install', merge_install=False, symlink_install=False, test_result_base=None, continue_on_error=False, executor='parallel', parallel_workers=8, event_handlers=None, ignore_user_meta=False, metas=['./colcon.meta'], base_paths=['.'], packages_ignore=None, packages_ignore_regex=None, paths=None, packages_up_to=None, packages_up_to_regex=None, packages_above=None, packages_above_and_dependencies=None, packages_above_depth=None, packages_select_by_dep=None, packages_skip_by_dep=None, packages_skip_up_to=None, packages_select_build_failed=False, packages_skip_build_finished=False, packages_select_test_failures=False, packages_skip_test_passed=False, packages_select=None, packages_skip=None, packages_select_regex=None, packages_skip_regex=None, packages_start=None, packages_end=None, allow_overriding=[], cmake_args=None, cmake_target=None, cmake_target_skip_unavailable=False, cmake_clean_cache=False, cmake_clean_first=False, cmake_force_configure=False, ament_cmake_args=None, catkin_cmake_args=None, catkin_skip_building_tests=False, verb_parser=<colcon_defaults.argument_parser.defaults.DefaultArgumentsDecorator object at 0x7fc7abf88520>, verb_extension=<colcon_core.verb.build.BuildVerb object at 0x7fc7ac11d0c0>, main=<bound method BuildVerb.main of <colcon_core.verb.build.BuildVerb object at 0x7fc7ac11d0c0>>)
[0.297s] Level 1:colcon.colcon_core.package_discovery:discover_packages(colcon_meta) check parameters
[0.297s] Level 1:colcon.colcon_core.package_discovery:discover_packages(recursive) check parameters
[0.297s] Level 1:colcon.colcon_core.package_discovery:discover_packages(ignore) check parameters
[0.297s] Level 1:colcon.colcon_core.package_discovery:discover_packages(path) check parameters
[0.298s] Level 1:colcon.colcon_core.package_discovery:discover_packages(colcon_meta) discover
[0.298s] Level 1:colcon.colcon_core.package_discovery:discover_packages(recursive) discover
[0.298s] INFO:colcon.colcon_core.package_discovery:Crawling recursively for packages in '/root/AGV'
[0.298s] Level 1:colcon.colcon_core.package_identification:_identify(.) by extensions ['ignore', 'ignore_ament_install']
[0.298s] Level 1:colcon.colcon_core.package_identification:_identify(.) by extension 'ignore'
[0.298s] Level 1:colcon.colcon_core.package_identification:_identify(.) by extension 'ignore_ament_install'
[0.298s] Level 1:colcon.colcon_core.package_identification:_identify(.) by extensions ['colcon_pkg']
[0.298s] Level 1:colcon.colcon_core.package_identification:_identify(.) by extension 'colcon_pkg'
[0.298s] Level 1:colcon.colcon_core.package_identification:_identify(.) by extensions ['colcon_meta']
[0.298s] Level 1:colcon.colcon_core.package_identification:_identify(.) by extension 'colcon_meta'
[0.298s] Level 1:colcon.colcon_core.package_identification:_identify(.) by extensions ['ros']
[0.298s] Level 1:colcon.colcon_core.package_identification:_identify(.) by extension 'ros'
[0.311s] Level 1:colcon.colcon_core.package_identification:_identify(.) by extensions ['cmake', 'python']
[0.311s] Level 1:colcon.colcon_core.package_identification:_identify(.) by extension 'cmake'
[0.311s] Level 1:colcon.colcon_core.package_identification:_identify(.) by extension 'python'
[0.311s] Level 1:colcon.colcon_core.package_identification:_identify(.) by extensions ['python_setup_py']
[0.311s] Level 1:colcon.colcon_core.package_identification:_identify(.) by extension 'python_setup_py'
[0.312s] Level 1:colcon.colcon_core.package_identification:_identify(build) by extensions ['ignore', 'ignore_ament_install']
[0.312s] Level 1:colcon.colcon_core.package_identification:_identify(build) by extension 'ignore'
[0.312s] Level 1:colcon.colcon_core.package_identification:_identify(build) ignored
[0.312s] Level 1:colcon.colcon_core.package_identification:_identify(bumperbot_ws) by extensions ['ignore', 'ignore_ament_install']
[0.312s] Level 1:colcon.colcon_core.package_identification:_identify(bumperbot_ws) by extension 'ignore'
[0.312s] Level 1:colcon.colcon_core.package_identification:_identify(bumperbot_ws) by extension 'ignore_ament_install'
[0.312s] Level 1:colcon.colcon_core.package_identification:_identify(bumperbot_ws) by extensions ['colcon_pkg']
[0.312s] Level 1:colcon.colcon_core.package_identification:_identify(bumperbot_ws) by extension 'colcon_pkg'
[0.312s] Level 1:colcon.colcon_core.package_identification:_identify(bumperbot_ws) by extensions ['colcon_meta']
[0.312s] Level 1:colcon.colcon_core.package_identification:_identify(bumperbot_ws) by extension 'colcon_meta'
[0.312s] Level 1:colcon.colcon_core.package_identification:_identify(bumperbot_ws) by extensions ['ros']
[0.313s] Level 1:colcon.colcon_core.package_identification:_identify(bumperbot_ws) by extension 'ros'
[0.313s] Level 1:colcon.colcon_core.package_identification:_identify(bumperbot_ws) by extensions ['cmake', 'python']
[0.313s] Level 1:colcon.colcon_core.package_identification:_identify(bumperbot_ws) by extension 'cmake'
[0.313s] Level 1:colcon.colcon_core.package_identification:_identify(bumperbot_ws) by extension 'python'
[0.313s] Level 1:colcon.colcon_core.package_identification:_identify(bumperbot_ws) by extensions ['python_setup_py']
[0.313s] Level 1:colcon.colcon_core.package_identification:_identify(bumperbot_ws) by extension 'python_setup_py'
[0.313s] Level 1:colcon.colcon_core.package_identification:_identify(bumperbot_ws/build) by extensions ['ignore', 'ignore_ament_install']
[0.313s] Level 1:colcon.colcon_core.package_identification:_identify(bumperbot_ws/build) by extension 'ignore'
[0.313s] Level 1:colcon.colcon_core.package_identification:_identify(bumperbot_ws/build) ignored
[0.313s] Level 1:colcon.colcon_core.package_identification:_identify(bumperbot_ws/install) by extensions ['ignore', 'ignore_ament_install']
[0.313s] Level 1:colcon.colcon_core.package_identification:_identify(bumperbot_ws/install) by extension 'ignore'
[0.313s] Level 1:colcon.colcon_core.package_identification:_identify(bumperbot_ws/install) ignored
[0.316s] Level 1:colcon.colcon_core.package_identification:_identify(bumperbot_ws/log) by extensions ['ignore', 'ignore_ament_install']
[0.316s] Level 1:colcon.colcon_core.package_identification:_identify(bumperbot_ws/log) by extension 'ignore'
[0.316s] Level 1:colcon.colcon_core.package_identification:_identify(bumperbot_ws/log) ignored
[0.317s] Level 1:colcon.colcon_core.package_identification:_identify(bumperbot_ws/src) by extensions ['ignore', 'ignore_ament_install']
[0.317s] Level 1:colcon.colcon_core.package_identification:_identify(bumperbot_ws/src) by extension 'ignore'
[0.317s] Level 1:colcon.colcon_core.package_identification:_identify(bumperbot_ws/src) by extension 'ignore_ament_install'
[0.317s] Level 1:colcon.colcon_core.package_identification:_identify(bumperbot_ws/src) by extensions ['colcon_pkg']
[0.317s] Level 1:colcon.colcon_core.package_identification:_identify(bumperbot_ws/src) by extension 'colcon_pkg'
[0.317s] Level 1:colcon.colcon_core.package_identification:_identify(bumperbot_ws/src) by extensions ['colcon_meta']
[0.317s] Level 1:colcon.colcon_core.package_identification:_identify(bumperbot_ws/src) by extension 'colcon_meta'
[0.317s] Level 1:colcon.colcon_core.package_identification:_identify(bumperbot_ws/src) by extensions ['ros']
[0.317s] Level 1:colcon.colcon_core.package_identification:_identify(bumperbot_ws/src) by extension 'ros'
[0.317s] Level 1:colcon.colcon_core.package_identification:_identify(bumperbot_ws/src) by extensions ['cmake', 'python']
[0.317s] Level 1:colcon.colcon_core.package_identification:_identify(bumperbot_ws/src) by extension 'cmake'
[0.317s] Level 1:colcon.colcon_core.package_identification:_identify(bumperbot_ws/src) by extension 'python'
[0.317s] Level 1:colcon.colcon_core.package_identification:_identify(bumperbot_ws/src) by extensions ['python_setup_py']
[0.317s] Level 1:colcon.colcon_core.package_identification:_identify(bumperbot_ws/src) by extension 'python_setup_py'
[0.317s] Level 1:colcon.colcon_core.package_identification:_identify(bumperbot_ws/src/build) by extensions ['ignore', 'ignore_ament_install']
[0.317s] Level 1:colcon.colcon_core.package_identification:_identify(bumperbot_ws/src/build) by extension 'ignore'
[0.317s] Level 1:colcon.colcon_core.package_identification:_identify(bumperbot_ws/src/build) ignored
[0.317s] Level 1:colcon.colcon_core.package_identification:_identify(bumperbot_ws/src/bumperbot_controller) by extensions ['ignore', 'ignore_ament_install']
[0.318s] Level 1:colcon.colcon_core.package_identification:_identify(bumperbot_ws/src/bumperbot_controller) by extension 'ignore'
[0.318s] Level 1:colcon.colcon_core.package_identification:_identify(bumperbot_ws/src/bumperbot_controller) by extension 'ignore_ament_install'
[0.318s] Level 1:colcon.colcon_core.package_identification:_identify(bumperbot_ws/src/bumperbot_controller) by extensions ['colcon_pkg']
[0.318s] Level 1:colcon.colcon_core.package_identification:_identify(bumperbot_ws/src/bumperbot_controller) by extension 'colcon_pkg'
[0.318s] Level 1:colcon.colcon_core.package_identification:_identify(bumperbot_ws/src/bumperbot_controller) by extensions ['colcon_meta']
[0.318s] Level 1:colcon.colcon_core.package_identification:_identify(bumperbot_ws/src/bumperbot_controller) by extension 'colcon_meta'
[0.318s] Level 1:colcon.colcon_core.package_identification:_identify(bumperbot_ws/src/bumperbot_controller) by extensions ['ros']
[0.318s] Level 1:colcon.colcon_core.package_identification:_identify(bumperbot_ws/src/bumperbot_controller) by extension 'ros'
[0.321s] DEBUG:colcon.colcon_core.package_identification:Package 'bumperbot_ws/src/bumperbot_controller' with type 'ros.ament_cmake' and name 'bumperbot_controller'
[0.321s] Level 1:colcon.colcon_core.package_identification:_identify(bumperbot_ws/src/bumperbot_cpp_examples) by extensions ['ignore', 'ignore_ament_install']
[0.321s] Level 1:colcon.colcon_core.package_identification:_identify(bumperbot_ws/src/bumperbot_cpp_examples) by extension 'ignore'
[0.321s] Level 1:colcon.colcon_core.package_identification:_identify(bumperbot_ws/src/bumperbot_cpp_examples) by extension 'ignore_ament_install'
[0.321s] Level 1:colcon.colcon_core.package_identification:_identify(bumperbot_ws/src/bumperbot_cpp_examples) by extensions ['colcon_pkg']
[0.321s] Level 1:colcon.colcon_core.package_identification:_identify(bumperbot_ws/src/bumperbot_cpp_examples) by extension 'colcon_pkg'
[0.321s] Level 1:colcon.colcon_core.package_identification:_identify(bumperbot_ws/src/bumperbot_cpp_examples) by extensions ['colcon_meta']
[0.321s] Level 1:colcon.colcon_core.package_identification:_identify(bumperbot_ws/src/bumperbot_cpp_examples) by extension 'colcon_meta'
[0.321s] Level 1:colcon.colcon_core.package_identification:_identify(bumperbot_ws/src/bumperbot_cpp_examples) by extensions ['ros']
[0.321s] Level 1:colcon.colcon_core.package_identification:_identify(bumperbot_ws/src/bumperbot_cpp_examples) by extension 'ros'
[0.322s] DEBUG:colcon.colcon_core.package_identification:Package 'bumperbot_ws/src/bumperbot_cpp_examples' with type 'ros.ament_cmake' and name 'bumperbot_cpp_examples'
[0.322s] Level 1:colcon.colcon_core.package_identification:_identify(bumperbot_ws/src/bumperbot_description) by extensions ['ignore', 'ignore_ament_install']
[0.322s] Level 1:colcon.colcon_core.package_identification:_identify(bumperbot_ws/src/bumperbot_description) by extension 'ignore'
[0.322s] Level 1:colcon.colcon_core.package_identification:_identify(bumperbot_ws/src/bumperbot_description) by extension 'ignore_ament_install'
[0.322s] Level 1:colcon.colcon_core.package_identification:_identify(bumperbot_ws/src/bumperbot_description) by extensions ['colcon_pkg']
[0.322s] Level 1:colcon.colcon_core.package_identification:_identify(bumperbot_ws/src/bumperbot_description) by extension 'colcon_pkg'
[0.322s] Level 1:colcon.colcon_core.package_identification:_identify(bumperbot_ws/src/bumperbot_description) by extensions ['colcon_meta']
[0.322s] Level 1:colcon.colcon_core.package_identification:_identify(bumperbot_ws/src/bumperbot_description) by extension 'colcon_meta'
[0.322s] Level 1:colcon.colcon_core.package_identification:_identify(bumperbot_ws/src/bumperbot_description) by extensions ['ros']
[0.322s] Level 1:colcon.colcon_core.package_identification:_identify(bumperbot_ws/src/bumperbot_description) by extension 'ros'
[0.323s] DEBUG:colcon.colcon_core.package_identification:Package 'bumperbot_ws/src/bumperbot_description' with type 'ros.ament_cmake' and name 'bumperbot_description'
[0.323s] Level 1:colcon.colcon_core.package_identification:_identify(bumperbot_ws/src/bumperbot_firmware) by extensions ['ignore', 'ignore_ament_install']
[0.323s] Level 1:colcon.colcon_core.package_identification:_identify(bumperbot_ws/src/bumperbot_firmware) by extension 'ignore'
[0.323s] Level 1:colcon.colcon_core.package_identification:_identify(bumperbot_ws/src/bumperbot_firmware) by extension 'ignore_ament_install'
[0.323s] Level 1:colcon.colcon_core.package_identification:_identify(bumperbot_ws/src/bumperbot_firmware) by extensions ['colcon_pkg']
[0.323s] Level 1:colcon.colcon_core.package_identification:_identify(bumperbot_ws/src/bumperbot_firmware) by extension 'colcon_pkg'
[0.323s] Level 1:colcon.colcon_core.package_identification:_identify(bumperbot_ws/src/bumperbot_firmware) by extensions ['colcon_meta']
[0.323s] Level 1:colcon.colcon_core.package_identification:_identify(bumperbot_ws/src/bumperbot_firmware) by extension 'colcon_meta'
[0.323s] Level 1:colcon.colcon_core.package_identification:_identify(bumperbot_ws/src/bumperbot_firmware) by extensions ['ros']
[0.323s] Level 1:colcon.colcon_core.package_identification:_identify(bumperbot_ws/src/bumperbot_firmware) by extension 'ros'
[0.324s] DEBUG:colcon.colcon_core.package_identification:Package 'bumperbot_ws/src/bumperbot_firmware' with type 'ros.ament_cmake' and name 'bumperbot_firmware'
[0.324s] Level 1:colcon.colcon_core.package_identification:_identify(bumperbot_ws/src/bumperbot_localization) by extensions ['ignore', 'ignore_ament_install']
[0.324s] Level 1:colcon.colcon_core.package_identification:_identify(bumperbot_ws/src/bumperbot_localization) by extension 'ignore'
[0.324s] Level 1:colcon.colcon_core.package_identification:_identify(bumperbot_ws/src/bumperbot_localization) by extension 'ignore_ament_install'
[0.324s] Level 1:colcon.colcon_core.package_identification:_identify(bumperbot_ws/src/bumperbot_localization) by extensions ['colcon_pkg']
[0.324s] Level 1:colcon.colcon_core.package_identification:_identify(bumperbot_ws/src/bumperbot_localization) by extension 'colcon_pkg'
[0.324s] Level 1:colcon.colcon_core.package_identification:_identify(bumperbot_ws/src/bumperbot_localization) by extensions ['colcon_meta']
[0.324s] Level 1:colcon.colcon_core.package_identification:_identify(bumperbot_ws/src/bumperbot_localization) by extension 'colcon_meta'
[0.324s] Level 1:colcon.colcon_core.package_identification:_identify(bumperbot_ws/src/bumperbot_localization) by extensions ['ros']
[0.324s] Level 1:colcon.colcon_core.package_identification:_identify(bumperbot_ws/src/bumperbot_localization) by extension 'ros'
[0.325s] DEBUG:colcon.colcon_core.package_identification:Package 'bumperbot_ws/src/bumperbot_localization' with type 'ros.ament_cmake' and name 'bumperbot_localization'
[0.325s] Level 1:colcon.colcon_core.package_identification:_identify(bumperbot_ws/src/bumperbot_mapping) by extensions ['ignore', 'ignore_ament_install']
[0.325s] Level 1:colcon.colcon_core.package_identification:_identify(bumperbot_ws/src/bumperbot_mapping) by extension 'ignore'
[0.325s] Level 1:colcon.colcon_core.package_identification:_identify(bumperbot_ws/src/bumperbot_mapping) by extension 'ignore_ament_install'
[0.325s] Level 1:colcon.colcon_core.package_identification:_identify(bumperbot_ws/src/bumperbot_mapping) by extensions ['colcon_pkg']
[0.325s] Level 1:colcon.colcon_core.package_identification:_identify(bumperbot_ws/src/bumperbot_mapping) by extension 'colcon_pkg'
[0.325s] Level 1:colcon.colcon_core.package_identification:_identify(bumperbot_ws/src/bumperbot_mapping) by extensions ['colcon_meta']
[0.325s] Level 1:colcon.colcon_core.package_identification:_identify(bumperbot_ws/src/bumperbot_mapping) by extension 'colcon_meta'
[0.325s] Level 1:colcon.colcon_core.package_identification:_identify(bumperbot_ws/src/bumperbot_mapping) by extensions ['ros']
[0.326s] Level 1:colcon.colcon_core.package_identification:_identify(bumperbot_ws/src/bumperbot_mapping) by extension 'ros'
[0.326s] DEBUG:colcon.colcon_core.package_identification:Package 'bumperbot_ws/src/bumperbot_mapping' with type 'ros.ament_cmake' and name 'bumperbot_mapping'
[0.326s] Level 1:colcon.colcon_core.package_identification:_identify(bumperbot_ws/src/bumperbot_py_examples) by extensions ['ignore', 'ignore_ament_install']
[0.326s] Level 1:colcon.colcon_core.package_identification:_identify(bumperbot_ws/src/bumperbot_py_examples) by extension 'ignore'
[0.326s] Level 1:colcon.colcon_core.package_identification:_identify(bumperbot_ws/src/bumperbot_py_examples) by extension 'ignore_ament_install'
[0.326s] Level 1:colcon.colcon_core.package_identification:_identify(bumperbot_ws/src/bumperbot_py_examples) by extensions ['colcon_pkg']
[0.326s] Level 1:colcon.colcon_core.package_identification:_identify(bumperbot_ws/src/bumperbot_py_examples) by extension 'colcon_pkg'
[0.326s] Level 1:colcon.colcon_core.package_identification:_identify(bumperbot_ws/src/bumperbot_py_examples) by extensions ['colcon_meta']
[0.326s] Level 1:colcon.colcon_core.package_identification:_identify(bumperbot_ws/src/bumperbot_py_examples) by extension 'colcon_meta'
[0.326s] Level 1:colcon.colcon_core.package_identification:_identify(bumperbot_ws/src/bumperbot_py_examples) by extensions ['ros']
[0.326s] Level 1:colcon.colcon_core.package_identification:_identify(bumperbot_ws/src/bumperbot_py_examples) by extension 'ros'
[0.327s] DEBUG:colcon.colcon_core.package_identification:Package 'bumperbot_ws/src/bumperbot_py_examples' with type 'ros.ament_python' and name 'bumperbot_py_examples'
[0.327s] Level 1:colcon.colcon_core.package_identification:_identify(bumperbot_ws/src/bumperbot_utils) by extensions ['ignore', 'ignore_ament_install']
[0.327s] Level 1:colcon.colcon_core.package_identification:_identify(bumperbot_ws/src/bumperbot_utils) by extension 'ignore'
[0.327s] Level 1:colcon.colcon_core.package_identification:_identify(bumperbot_ws/src/bumperbot_utils) by extension 'ignore_ament_install'
[0.327s] Level 1:colcon.colcon_core.package_identification:_identify(bumperbot_ws/src/bumperbot_utils) by extensions ['colcon_pkg']
[0.327s] Level 1:colcon.colcon_core.package_identification:_identify(bumperbot_ws/src/bumperbot_utils) by extension 'colcon_pkg'
[0.327s] Level 1:colcon.colcon_core.package_identification:_identify(bumperbot_ws/src/bumperbot_utils) by extensions ['colcon_meta']
[0.327s] Level 1:colcon.colcon_core.package_identification:_identify(bumperbot_ws/src/bumperbot_utils) by extension 'colcon_meta'
[0.327s] Level 1:colcon.colcon_core.package_identification:_identify(bumperbot_ws/src/bumperbot_utils) by extensions ['ros']
[0.327s] Level 1:colcon.colcon_core.package_identification:_identify(bumperbot_ws/src/bumperbot_utils) by extension 'ros'
[0.328s] DEBUG:colcon.colcon_core.package_identification:Package 'bumperbot_ws/src/bumperbot_utils' with type 'ros.ament_cmake' and name 'bumperbot_utils'
[0.328s] Level 1:colcon.colcon_core.package_identification:_identify(bumperbot_ws/src/install) by extensions ['ignore', 'ignore_ament_install']
[0.328s] Level 1:colcon.colcon_core.package_identification:_identify(bumperbot_ws/src/install) by extension 'ignore'
[0.328s] Level 1:colcon.colcon_core.package_identification:_identify(bumperbot_ws/src/install) ignored
[0.328s] Level 1:colcon.colcon_core.package_identification:_identify(bumperbot_ws/src/log) by extensions ['ignore', 'ignore_ament_install']
[0.329s] Level 1:colcon.colcon_core.package_identification:_identify(bumperbot_ws/src/log) by extension 'ignore'
[0.329s] Level 1:colcon.colcon_core.package_identification:_identify(bumperbot_ws/src/log) ignored
[0.329s] Level 1:colcon.colcon_core.package_identification:_identify(install) by extensions ['ignore', 'ignore_ament_install']
[0.329s] Level 1:colcon.colcon_core.package_identification:_identify(install) by extension 'ignore'
[0.329s] Level 1:colcon.colcon_core.package_identification:_identify(install) ignored
[0.329s] Level 1:colcon.colcon_core.package_identification:_identify(log) by extensions ['ignore', 'ignore_ament_install']
[0.329s] Level 1:colcon.colcon_core.package_identification:_identify(log) by extension 'ignore'
[0.329s] Level 1:colcon.colcon_core.package_identification:_identify(log) ignored
[0.329s] Level 1:colcon.colcon_core.package_discovery:discover_packages(recursive) using defaults
[0.329s] Level 1:colcon.colcon_core.package_discovery:discover_packages(ignore) discover
[0.329s] Level 1:colcon.colcon_core.package_discovery:discover_packages(ignore) using defaults
[0.329s] Level 1:colcon.colcon_core.package_discovery:discover_packages(path) discover
[0.329s] Level 1:colcon.colcon_core.package_discovery:discover_packages(path) using defaults
[0.352s] Level 1:colcon.colcon_core.package_discovery:discover_packages(prefix_path) check parameters
[0.352s] Level 1:colcon.colcon_core.package_discovery:discover_packages(prefix_path) discover
[0.354s] DEBUG:colcon.colcon_installed_package_information.package_discovery:Found 329 installed packages in /opt/ros/humble
[0.365s] Level 1:colcon.colcon_core.package_discovery:discover_packages(prefix_path) using defaults
[0.399s] Level 5:colcon.colcon_core.verb:set package 'bumperbot_controller' build argument 'cmake_args' from command line to 'None'
[0.399s] Level 5:colcon.colcon_core.verb:set package 'bumperbot_controller' build argument 'cmake_target' from command line to 'None'
[0.399s] Level 5:colcon.colcon_core.verb:set package 'bumperbot_controller' build argument 'cmake_target_skip_unavailable' from command line to 'False'
[0.399s] Level 5:colcon.colcon_core.verb:set package 'bumperbot_controller' build argument 'cmake_clean_cache' from command line to 'False'
[0.399s] Level 5:colcon.colcon_core.verb:set package 'bumperbot_controller' build argument 'cmake_clean_first' from command line to 'False'
[0.399s] Level 5:colcon.colcon_core.verb:set package 'bumperbot_controller' build argument 'cmake_force_configure' from command line to 'False'
[0.399s] Level 5:colcon.colcon_core.verb:set package 'bumperbot_controller' build argument 'ament_cmake_args' from command line to 'None'
[0.399s] Level 5:colcon.colcon_core.verb:set package 'bumperbot_controller' build argument 'catkin_cmake_args' from command line to 'None'
[0.399s] Level 5:colcon.colcon_core.verb:set package 'bumperbot_controller' build argument 'catkin_skip_building_tests' from command line to 'False'
[0.399s] DEBUG:colcon.colcon_core.verb:Building package 'bumperbot_controller' with the following arguments: {'ament_cmake_args': None, 'build_base': '/root/AGV/build/bumperbot_controller', 'catkin_cmake_args': None, 'catkin_skip_building_tests': False, 'cmake_args': None, 'cmake_clean_cache': False, 'cmake_clean_first': False, 'cmake_force_configure': False, 'cmake_target': None, 'cmake_target_skip_unavailable': False, 'install_base': '/root/AGV/install/bumperbot_controller', 'merge_install': False, 'path': '/root/AGV/bumperbot_ws/src/bumperbot_controller', 'symlink_install': False, 'test_result_base': None}
[0.399s] Level 5:colcon.colcon_core.verb:set package 'bumperbot_cpp_examples' build argument 'cmake_args' from command line to 'None'
[0.399s] Level 5:colcon.colcon_core.verb:set package 'bumperbot_cpp_examples' build argument 'cmake_target' from command line to 'None'
[0.399s] Level 5:colcon.colcon_core.verb:set package 'bumperbot_cpp_examples' build argument 'cmake_target_skip_unavailable' from command line to 'False'
[0.399s] Level 5:colcon.colcon_core.verb:set package 'bumperbot_cpp_examples' build argument 'cmake_clean_cache' from command line to 'False'
[0.399s] Level 5:colcon.colcon_core.verb:set package 'bumperbot_cpp_examples' build argument 'cmake_clean_first' from command line to 'False'
[0.400s] Level 5:colcon.colcon_core.verb:set package 'bumperbot_cpp_examples' build argument 'cmake_force_configure' from command line to 'False'
[0.400s] Level 5:colcon.colcon_core.verb:set package 'bumperbot_cpp_examples' build argument 'ament_cmake_args' from command line to 'None'
[0.400s] Level 5:colcon.colcon_core.verb:set package 'bumperbot_cpp_examples' build argument 'catkin_cmake_args' from command line to 'None'
[0.400s] Level 5:colcon.colcon_core.verb:set package 'bumperbot_cpp_examples' build argument 'catkin_skip_building_tests' from command line to 'False'
[0.400s] DEBUG:colcon.colcon_core.verb:Building package 'bumperbot_cpp_examples' with the following arguments: {'ament_cmake_args': None, 'build_base': '/root/AGV/build/bumperbot_cpp_examples', 'catkin_cmake_args': None, 'catkin_skip_building_tests': False, 'cmake_args': None, 'cmake_clean_cache': False, 'cmake_clean_first': False, 'cmake_force_configure': False, 'cmake_target': None, 'cmake_target_skip_unavailable': False, 'install_base': '/root/AGV/install/bumperbot_cpp_examples', 'merge_install': False, 'path': '/root/AGV/bumperbot_ws/src/bumperbot_cpp_examples', 'symlink_install': False, 'test_result_base': None}
[0.400s] Level 5:colcon.colcon_core.verb:set package 'bumperbot_description' build argument 'cmake_args' from command line to 'None'
[0.400s] Level 5:colcon.colcon_core.verb:set package 'bumperbot_description' build argument 'cmake_target' from command line to 'None'
[0.400s] Level 5:colcon.colcon_core.verb:set package 'bumperbot_description' build argument 'cmake_target_skip_unavailable' from command line to 'False'
[0.400s] Level 5:colcon.colcon_core.verb:set package 'bumperbot_description' build argument 'cmake_clean_cache' from command line to 'False'
[0.400s] Level 5:colcon.colcon_core.verb:set package 'bumperbot_description' build argument 'cmake_clean_first' from command line to 'False'
[0.400s] Level 5:colcon.colcon_core.verb:set package 'bumperbot_description' build argument 'cmake_force_configure' from command line to 'False'
[0.400s] Level 5:colcon.colcon_core.verb:set package 'bumperbot_description' build argument 'ament_cmake_args' from command line to 'None'
[0.400s] Level 5:colcon.colcon_core.verb:set package 'bumperbot_description' build argument 'catkin_cmake_args' from command line to 'None'
[0.400s] Level 5:colcon.colcon_core.verb:set package 'bumperbot_description' build argument 'catkin_skip_building_tests' from command line to 'False'
[0.400s] DEBUG:colcon.colcon_core.verb:Building package 'bumperbot_description' with the following arguments: {'ament_cmake_args': None, 'build_base': '/root/AGV/build/bumperbot_description', 'catkin_cmake_args': None, 'catkin_skip_building_tests': False, 'cmake_args': None, 'cmake_clean_cache': False, 'cmake_clean_first': False, 'cmake_force_configure': False, 'cmake_target': None, 'cmake_target_skip_unavailable': False, 'install_base': '/root/AGV/install/bumperbot_description', 'merge_install': False, 'path': '/root/AGV/bumperbot_ws/src/bumperbot_description', 'symlink_install': False, 'test_result_base': None}
[0.400s] Level 5:colcon.colcon_core.verb:set package 'bumperbot_firmware' build argument 'cmake_args' from command line to 'None'
[0.400s] Level 5:colcon.colcon_core.verb:set package 'bumperbot_firmware' build argument 'cmake_target' from command line to 'None'
[0.400s] Level 5:colcon.colcon_core.verb:set package 'bumperbot_firmware' build argument 'cmake_target_skip_unavailable' from command line to 'False'
[0.400s] Level 5:colcon.colcon_core.verb:set package 'bumperbot_firmware' build argument 'cmake_clean_cache' from command line to 'False'
[0.400s] Level 5:colcon.colcon_core.verb:set package 'bumperbot_firmware' build argument 'cmake_clean_first' from command line to 'False'
[0.400s] Level 5:colcon.colcon_core.verb:set package 'bumperbot_firmware' build argument 'cmake_force_configure' from command line to 'False'
[0.400s] Level 5:colcon.colcon_core.verb:set package 'bumperbot_firmware' build argument 'ament_cmake_args' from command line to 'None'
[0.400s] Level 5:colcon.colcon_core.verb:set package 'bumperbot_firmware' build argument 'catkin_cmake_args' from command line to 'None'
[0.400s] Level 5:colcon.colcon_core.verb:set package 'bumperbot_firmware' build argument 'catkin_skip_building_tests' from command line to 'False'
[0.400s] DEBUG:colcon.colcon_core.verb:Building package 'bumperbot_firmware' with the following arguments: {'ament_cmake_args': None, 'build_base': '/root/AGV/build/bumperbot_firmware', 'catkin_cmake_args': None, 'catkin_skip_building_tests': False, 'cmake_args': None, 'cmake_clean_cache': False, 'cmake_clean_first': False, 'cmake_force_configure': False, 'cmake_target': None, 'cmake_target_skip_unavailable': False, 'install_base': '/root/AGV/install/bumperbot_firmware', 'merge_install': False, 'path': '/root/AGV/bumperbot_ws/src/bumperbot_firmware', 'symlink_install': False, 'test_result_base': None}
[0.401s] Level 5:colcon.colcon_core.verb:set package 'bumperbot_localization' build argument 'cmake_args' from command line to 'None'
[0.401s] Level 5:colcon.colcon_core.verb:set package 'bumperbot_localization' build argument 'cmake_target' from command line to 'None'
[0.401s] Level 5:colcon.colcon_core.verb:set package 'bumperbot_localization' build argument 'cmake_target_skip_unavailable' from command line to 'False'
[0.401s] Level 5:colcon.colcon_core.verb:set package 'bumperbot_localization' build argument 'cmake_clean_cache' from command line to 'False'
[0.401s] Level 5:colcon.colcon_core.verb:set package 'bumperbot_localization' build argument 'cmake_clean_first' from command line to 'False'
[0.401s] Level 5:colcon.colcon_core.verb:set package 'bumperbot_localization' build argument 'cmake_force_configure' from command line to 'False'
[0.401s] Level 5:colcon.colcon_core.verb:set package 'bumperbot_localization' build argument 'ament_cmake_args' from command line to 'None'
[0.401s] Level 5:colcon.colcon_core.verb:set package 'bumperbot_localization' build argument 'catkin_cmake_args' from command line to 'None'
[0.401s] Level 5:colcon.colcon_core.verb:set package 'bumperbot_localization' build argument 'catkin_skip_building_tests' from command line to 'False'
[0.401s] DEBUG:colcon.colcon_core.verb:Building package 'bumperbot_localization' with the following arguments: {'ament_cmake_args': None, 'build_base': '/root/AGV/build/bumperbot_localization', 'catkin_cmake_args': None, 'catkin_skip_building_tests': False, 'cmake_args': None, 'cmake_clean_cache': False, 'cmake_clean_first': False, 'cmake_force_configure': False, 'cmake_target': None, 'cmake_target_skip_unavailable': False, 'install_base': '/root/AGV/install/bumperbot_localization', 'merge_install': False, 'path': '/root/AGV/bumperbot_ws/src/bumperbot_localization', 'symlink_install': False, 'test_result_base': None}
[0.401s] Level 5:colcon.colcon_core.verb:set package 'bumperbot_mapping' build argument 'cmake_args' from command line to 'None'
[0.401s] Level 5:colcon.colcon_core.verb:set package 'bumperbot_mapping' build argument 'cmake_target' from command line to 'None'
[0.401s] Level 5:colcon.colcon_core.verb:set package 'bumperbot_mapping' build argument 'cmake_target_skip_unavailable' from command line to 'False'
[0.401s] Level 5:colcon.colcon_core.verb:set package 'bumperbot_mapping' build argument 'cmake_clean_cache' from command line to 'False'
[0.401s] Level 5:colcon.colcon_core.verb:set package 'bumperbot_mapping' build argument 'cmake_clean_first' from command line to 'False'
[0.401s] Level 5:colcon.colcon_core.verb:set package 'bumperbot_mapping' build argument 'cmake_force_configure' from command line to 'False'
[0.401s] Level 5:colcon.colcon_core.verb:set package 'bumperbot_mapping' build argument 'ament_cmake_args' from command line to 'None'
[0.401s] Level 5:colcon.colcon_core.verb:set package 'bumperbot_mapping' build argument 'catkin_cmake_args' from command line to 'None'
[0.401s] Level 5:colcon.colcon_core.verb:set package 'bumperbot_mapping' build argument 'catkin_skip_building_tests' from command line to 'False'
[0.401s] DEBUG:colcon.colcon_core.verb:Building package 'bumperbot_mapping' with the following arguments: {'ament_cmake_args': None, 'build_base': '/root/AGV/build/bumperbot_mapping', 'catkin_cmake_args': None, 'catkin_skip_building_tests': False, 'cmake_args': None, 'cmake_clean_cache': False, 'cmake_clean_first': False, 'cmake_force_configure': False, 'cmake_target': None, 'cmake_target_skip_unavailable': False, 'install_base': '/root/AGV/install/bumperbot_mapping', 'merge_install': False, 'path': '/root/AGV/bumperbot_ws/src/bumperbot_mapping', 'symlink_install': False, 'test_result_base': None}
[0.402s] Level 5:colcon.colcon_core.verb:set package 'bumperbot_py_examples' build argument 'cmake_args' from command line to 'None'
[0.402s] Level 5:colcon.colcon_core.verb:set package 'bumperbot_py_examples' build argument 'cmake_target' from command line to 'None'
[0.402s] Level 5:colcon.colcon_core.verb:set package 'bumperbot_py_examples' build argument 'cmake_target_skip_unavailable' from command line to 'False'
[0.402s] Level 5:colcon.colcon_core.verb:set package 'bumperbot_py_examples' build argument 'cmake_clean_cache' from command line to 'False'
[0.402s] Level 5:colcon.colcon_core.verb:set package 'bumperbot_py_examples' build argument 'cmake_clean_first' from command line to 'False'
[0.402s] Level 5:colcon.colcon_core.verb:set package 'bumperbot_py_examples' build argument 'cmake_force_configure' from command line to 'False'
[0.402s] Level 5:colcon.colcon_core.verb:set package 'bumperbot_py_examples' build argument 'ament_cmake_args' from command line to 'None'
[0.402s] Level 5:colcon.colcon_core.verb:set package 'bumperbot_py_examples' build argument 'catkin_cmake_args' from command line to 'None'
[0.402s] Level 5:colcon.colcon_core.verb:set package 'bumperbot_py_examples' build argument 'catkin_skip_building_tests' from command line to 'False'
[0.402s] DEBUG:colcon.colcon_core.verb:Building package 'bumperbot_py_examples' with the following arguments: {'ament_cmake_args': None, 'build_base': '/root/AGV/build/bumperbot_py_examples', 'catkin_cmake_args': None, 'catkin_skip_building_tests': False, 'cmake_args': None, 'cmake_clean_cache': False, 'cmake_clean_first': False, 'cmake_force_configure': False, 'cmake_target': None, 'cmake_target_skip_unavailable': False, 'install_base': '/root/AGV/install/bumperbot_py_examples', 'merge_install': False, 'path': '/root/AGV/bumperbot_ws/src/bumperbot_py_examples', 'symlink_install': False, 'test_result_base': None}
[0.402s] Level 5:colcon.colcon_core.verb:set package 'bumperbot_utils' build argument 'cmake_args' from command line to 'None'
[0.402s] Level 5:colcon.colcon_core.verb:set package 'bumperbot_utils' build argument 'cmake_target' from command line to 'None'
[0.402s] Level 5:colcon.colcon_core.verb:set package 'bumperbot_utils' build argument 'cmake_target_skip_unavailable' from command line to 'False'
[0.402s] Level 5:colcon.colcon_core.verb:set package 'bumperbot_utils' build argument 'cmake_clean_cache' from command line to 'False'
[0.402s] Level 5:colcon.colcon_core.verb:set package 'bumperbot_utils' build argument 'cmake_clean_first' from command line to 'False'
[0.402s] Level 5:colcon.colcon_core.verb:set package 'bumperbot_utils' build argument 'cmake_force_configure' from command line to 'False'
[0.402s] Level 5:colcon.colcon_core.verb:set package 'bumperbot_utils' build argument 'ament_cmake_args' from command line to 'None'
[0.402s] Level 5:colcon.colcon_core.verb:set package 'bumperbot_utils' build argument 'catkin_cmake_args' from command line to 'None'
[0.402s] Level 5:colcon.colcon_core.verb:set package 'bumperbot_utils' build argument 'catkin_skip_building_tests' from command line to 'False'
[0.402s] DEBUG:colcon.colcon_core.verb:Building package 'bumperbot_utils' with the following arguments: {'ament_cmake_args': None, 'build_base': '/root/AGV/build/bumperbot_utils', 'catkin_cmake_args': None, 'catkin_skip_building_tests': False, 'cmake_args': None, 'cmake_clean_cache': False, 'cmake_clean_first': False, 'cmake_force_configure': False, 'cmake_target': None, 'cmake_target_skip_unavailable': False, 'install_base': '/root/AGV/install/bumperbot_utils', 'merge_install': False, 'path': '/root/AGV/bumperbot_ws/src/bumperbot_utils', 'symlink_install': False, 'test_result_base': None}
[0.402s] INFO:colcon.colcon_core.executor:Executing jobs using 'parallel' executor
[0.403s] DEBUG:colcon.colcon_parallel_executor.executor.parallel:run_until_complete
[0.404s] INFO:colcon.colcon_ros.task.ament_cmake.build:Building ROS package in '/root/AGV/bumperbot_ws/src/bumperbot_controller' with build type 'ament_cmake'
[0.404s] INFO:colcon.colcon_cmake.task.cmake.build:Building CMake package in '/root/AGV/bumperbot_ws/src/bumperbot_controller'
[0.408s] INFO:colcon.colcon_core.plugin_system:Skipping extension 'colcon_core.shell.bat': Not used on non-Windows systems
[0.409s] INFO:colcon.colcon_core.shell:Skip shell extension 'powershell' for command environment: Not usable outside of PowerShell
[0.409s] DEBUG:colcon.colcon_core.shell:Skip shell extension 'dsv' for command environment
[0.412s] INFO:colcon.colcon_ros.task.ament_cmake.build:Building ROS package in '/root/AGV/bumperbot_ws/src/bumperbot_cpp_examples' with build type 'ament_cmake'
[0.412s] INFO:colcon.colcon_cmake.task.cmake.build:Building CMake package in '/root/AGV/bumperbot_ws/src/bumperbot_cpp_examples'
[0.413s] INFO:colcon.colcon_core.shell:Skip shell extension 'powershell' for command environment: Not usable outside of PowerShell
[0.413s] DEBUG:colcon.colcon_core.shell:Skip shell extension 'dsv' for command environment
[0.415s] INFO:colcon.colcon_ros.task.ament_cmake.build:Building ROS package in '/root/AGV/bumperbot_ws/src/bumperbot_description' with build type 'ament_cmake'
[0.416s] INFO:colcon.colcon_cmake.task.cmake.build:Building CMake package in '/root/AGV/bumperbot_ws/src/bumperbot_description'
[0.416s] INFO:colcon.colcon_core.shell:Skip shell extension 'powershell' for command environment: Not usable outside of PowerShell
[0.416s] DEBUG:colcon.colcon_core.shell:Skip shell extension 'dsv' for command environment
[0.420s] INFO:colcon.colcon_ros.task.ament_cmake.build:Building ROS package in '/root/AGV/bumperbot_ws/src/bumperbot_firmware' with build type 'ament_cmake'
[0.420s] INFO:colcon.colcon_cmake.task.cmake.build:Building CMake package in '/root/AGV/bumperbot_ws/src/bumperbot_firmware'
[0.421s] INFO:colcon.colcon_core.shell:Skip shell extension 'powershell' for command environment: Not usable outside of PowerShell
[0.421s] DEBUG:colcon.colcon_core.shell:Skip shell extension 'dsv' for command environment
[0.423s] INFO:colcon.colcon_ros.task.ament_cmake.build:Building ROS package in '/root/AGV/bumperbot_ws/src/bumperbot_localization' with build type 'ament_cmake'
[0.424s] INFO:colcon.colcon_cmake.task.cmake.build:Building CMake package in '/root/AGV/bumperbot_ws/src/bumperbot_localization'
[0.424s] INFO:colcon.colcon_core.shell:Skip shell extension 'powershell' for command environment: Not usable outside of PowerShell
[0.424s] DEBUG:colcon.colcon_core.shell:Skip shell extension 'dsv' for command environment
[0.427s] INFO:colcon.colcon_ros.task.ament_cmake.build:Building ROS package in '/root/AGV/bumperbot_ws/src/bumperbot_mapping' with build type 'ament_cmake'
[0.428s] INFO:colcon.colcon_cmake.task.cmake.build:Building CMake package in '/root/AGV/bumperbot_ws/src/bumperbot_mapping'
[0.428s] INFO:colcon.colcon_core.shell:Skip shell extension 'powershell' for command environment: Not usable outside of PowerShell
[0.428s] DEBUG:colcon.colcon_core.shell:Skip shell extension 'dsv' for command environment
[0.431s] INFO:colcon.colcon_ros.task.ament_python.build:Building ROS package in '/root/AGV/bumperbot_ws/src/bumperbot_py_examples' with build type 'ament_python'
[0.432s] Level 1:colcon.colcon_core.shell:create_environment_hook('bumperbot_py_examples', 'ament_prefix_path')
[0.432s] INFO:colcon.colcon_core.shell:Creating environment hook '/root/AGV/install/bumperbot_py_examples/share/bumperbot_py_examples/hook/ament_prefix_path.ps1'
[0.433s] INFO:colcon.colcon_core.shell:Creating environment descriptor '/root/AGV/install/bumperbot_py_examples/share/bumperbot_py_examples/hook/ament_prefix_path.dsv'
[0.434s] INFO:colcon.colcon_core.shell:Creating environment hook '/root/AGV/install/bumperbot_py_examples/share/bumperbot_py_examples/hook/ament_prefix_path.sh'
[0.435s] INFO:colcon.colcon_core.shell:Skip shell extension 'powershell' for command environment: Not usable outside of PowerShell
[0.435s] DEBUG:colcon.colcon_core.shell:Skip shell extension 'dsv' for command environment
[0.438s] INFO:colcon.colcon_ros.task.ament_cmake.build:Building ROS package in '/root/AGV/bumperbot_ws/src/bumperbot_utils' with build type 'ament_cmake'
[0.438s] INFO:colcon.colcon_cmake.task.cmake.build:Building CMake package in '/root/AGV/bumperbot_ws/src/bumperbot_utils'
[0.439s] INFO:colcon.colcon_core.shell:Skip shell extension 'powershell' for command environment: Not usable outside of PowerShell
[0.439s] DEBUG:colcon.colcon_core.shell:Skip shell extension 'dsv' for command environment
[0.450s] DEBUG:colcon.colcon_core.event_handler.log_command:Invoking command in '/root/AGV/build/bumperbot_controller': CMAKE_PREFIX_PATH=/opt/ros/humble /usr/bin/cmake --build /root/AGV/build/bumperbot_controller -- -j8 -l8
[0.459s] DEBUG:colcon.colcon_core.event_handler.log_command:Invoking command in '/root/AGV/build/bumperbot_cpp_examples': CMAKE_PREFIX_PATH=/opt/ros/humble /usr/bin/cmake --build /root/AGV/build/bumperbot_cpp_examples -- -j8 -l8
[0.465s] DEBUG:colcon.colcon_core.event_handler.log_command:Invoking command in '/root/AGV/build/bumperbot_description': CMAKE_PREFIX_PATH=/opt/ros/humble /usr/bin/cmake --build /root/AGV/build/bumperbot_description -- -j8 -l8
[0.470s] DEBUG:colcon.colcon_core.event_handler.log_command:Invoking command in '/root/AGV/build/bumperbot_firmware': CMAKE_PREFIX_PATH=/opt/ros/humble /usr/bin/cmake --build /root/AGV/build/bumperbot_firmware -- -j8 -l8
[0.478s] DEBUG:colcon.colcon_core.event_handler.log_command:Invoking command in '/root/AGV/build/bumperbot_localization': CMAKE_PREFIX_PATH=/opt/ros/humble /usr/bin/cmake --build /root/AGV/build/bumperbot_localization -- -j8 -l8
[0.481s] DEBUG:colcon.colcon_core.event_handler.log_command:Invoking command in '/root/AGV/build/bumperbot_mapping': CMAKE_PREFIX_PATH=/opt/ros/humble /usr/bin/cmake --build /root/AGV/build/bumperbot_mapping -- -j8 -l8
[0.853s] INFO:colcon.colcon_core.task.python.build:Building Python package in '/root/AGV/bumperbot_ws/src/bumperbot_py_examples'
[0.854s] INFO:colcon.colcon_core.shell:Skip shell extension 'powershell' for command environment: Not usable outside of PowerShell
[0.854s] DEBUG:colcon.colcon_core.shell:Skip shell extension 'dsv' for command environment
[0.873s] DEBUG:colcon.colcon_core.event_handler.log_command:Invoking command in '/root/AGV/build/bumperbot_utils': CMAKE_PREFIX_PATH=/opt/ros/humble /usr/bin/cmake --build /root/AGV/build/bumperbot_utils -- -j8 -l8
[0.901s] DEBUG:colcon.colcon_core.event_handler.log_command:Invoked command in '/root/AGV/build/bumperbot_cpp_examples' returned '0': CMAKE_PREFIX_PATH=/opt/ros/humble /usr/bin/cmake --build /root/AGV/build/bumperbot_cpp_examples -- -j8 -l8
[0.901s] DEBUG:colcon.colcon_core.event_handler.log_command:Invoked command in '/root/AGV/build/bumperbot_mapping' returned '0': CMAKE_PREFIX_PATH=/opt/ros/humble /usr/bin/cmake --build /root/AGV/build/bumperbot_mapping -- -j8 -l8
[0.908s] DEBUG:colcon.colcon_core.event_handler.log_command:Invoked command in '/root/AGV/build/bumperbot_description' returned '0': CMAKE_PREFIX_PATH=/opt/ros/humble /usr/bin/cmake --build /root/AGV/build/bumperbot_description -- -j8 -l8
[0.970s] DEBUG:colcon.colcon_core.event_handler.log_command:Invoking command in '/root/AGV/build/bumperbot_description': CMAKE_PREFIX_PATH=/opt/ros/humble /usr/bin/cmake --install /root/AGV/build/bumperbot_description
[0.984s] DEBUG:colcon.colcon_core.event_handler.log_command:Invoking command in '/root/AGV/build/bumperbot_cpp_examples': CMAKE_PREFIX_PATH=/opt/ros/humble /usr/bin/cmake --install /root/AGV/build/bumperbot_cpp_examples
[1.001s] DEBUG:colcon.colcon_core.event_handler.log_command:Invoking command in '/root/AGV/build/bumperbot_mapping': CMAKE_PREFIX_PATH=/opt/ros/humble /usr/bin/cmake --install /root/AGV/build/bumperbot_mapping
[1.026s] Level 1:colcon.colcon_core.environment:create_environment_scripts_only(bumperbot_cpp_examples)
[1.032s] Level 1:colcon.colcon_core.environment:checking '/root/AGV/install/bumperbot_cpp_examples' for CMake module files
[1.033s] Level 1:colcon.colcon_core.environment:checking '/root/AGV/install/bumperbot_cpp_examples' for CMake config files
[1.033s] Level 1:colcon.colcon_core.shell:create_environment_hook('bumperbot_cpp_examples', 'cmake_prefix_path')
[1.034s] INFO:colcon.colcon_core.shell:Creating environment hook '/root/AGV/install/bumperbot_cpp_examples/share/bumperbot_cpp_examples/hook/cmake_prefix_path.ps1'
[1.038s] INFO:colcon.colcon_core.shell:Creating environment descriptor '/root/AGV/install/bumperbot_cpp_examples/share/bumperbot_cpp_examples/hook/cmake_prefix_path.dsv'
[1.041s] INFO:colcon.colcon_core.shell:Creating environment hook '/root/AGV/install/bumperbot_cpp_examples/share/bumperbot_cpp_examples/hook/cmake_prefix_path.sh'
[1.050s] Level 1:colcon.colcon_core.environment:checking '/root/AGV/install/bumperbot_cpp_examples/bin'
[1.051s] Level 1:colcon.colcon_core.environment:checking '/root/AGV/install/bumperbot_cpp_examples/lib/pkgconfig/bumperbot_cpp_examples.pc'
[1.051s] Level 1:colcon.colcon_core.environment:checking '/root/AGV/install/bumperbot_cpp_examples/lib/python3.10/site-packages'
[1.052s] Level 1:colcon.colcon_core.environment:checking '/root/AGV/install/bumperbot_cpp_examples/bin'
[1.052s] INFO:colcon.colcon_core.shell:Creating package script '/root/AGV/install/bumperbot_cpp_examples/share/bumperbot_cpp_examples/package.ps1'
[1.055s] INFO:colcon.colcon_core.shell:Creating package descriptor '/root/AGV/install/bumperbot_cpp_examples/share/bumperbot_cpp_examples/package.dsv'
[1.057s] INFO:colcon.colcon_core.shell:Creating package script '/root/AGV/install/bumperbot_cpp_examples/share/bumperbot_cpp_examples/package.sh'
[1.059s] INFO:colcon.colcon_core.shell:Creating package script '/root/AGV/install/bumperbot_cpp_examples/share/bumperbot_cpp_examples/package.bash'
[1.068s] INFO:colcon.colcon_core.shell:Creating package script '/root/AGV/install/bumperbot_cpp_examples/share/bumperbot_cpp_examples/package.zsh'
[1.072s] Level 1:colcon.colcon_core.environment:create_file_with_runtime_dependencies(/root/AGV/install/bumperbot_cpp_examples/share/colcon-core/packages/bumperbot_cpp_examples)
[1.077s] Level 1:colcon.colcon_core.environment:create_environment_scripts_only(bumperbot_mapping)
[1.077s] Level 1:colcon.colcon_core.environment:checking '/root/AGV/install/bumperbot_mapping' for CMake module files
[1.083s] Level 1:colcon.colcon_core.environment:checking '/root/AGV/install/bumperbot_mapping' for CMake config files
[1.090s] Level 1:colcon.colcon_core.shell:create_environment_hook('bumperbot_mapping', 'cmake_prefix_path')
[1.091s] INFO:colcon.colcon_core.shell:Creating environment hook '/root/AGV/install/bumperbot_mapping/share/bumperbot_mapping/hook/cmake_prefix_path.ps1'
[1.092s] INFO:colcon.colcon_core.shell:Creating environment descriptor '/root/AGV/install/bumperbot_mapping/share/bumperbot_mapping/hook/cmake_prefix_path.dsv'
[1.093s] INFO:colcon.colcon_core.shell:Creating environment hook '/root/AGV/install/bumperbot_mapping/share/bumperbot_mapping/hook/cmake_prefix_path.sh'
[1.099s] Level 1:colcon.colcon_core.environment:checking '/root/AGV/install/bumperbot_mapping/bin'
[1.099s] Level 1:colcon.colcon_core.environment:checking '/root/AGV/install/bumperbot_mapping/lib/pkgconfig/bumperbot_mapping.pc'
[1.099s] Level 1:colcon.colcon_core.environment:checking '/root/AGV/install/bumperbot_mapping/lib/python3.10/site-packages'
[1.100s] Level 1:colcon.colcon_core.environment:checking '/root/AGV/install/bumperbot_mapping/bin'
[1.100s] INFO:colcon.colcon_core.shell:Creating package script '/root/AGV/install/bumperbot_mapping/share/bumperbot_mapping/package.ps1'
[1.104s] INFO:colcon.colcon_core.shell:Creating package descriptor '/root/AGV/install/bumperbot_mapping/share/bumperbot_mapping/package.dsv'
[1.109s] INFO:colcon.colcon_core.shell:Creating package script '/root/AGV/install/bumperbot_mapping/share/bumperbot_mapping/package.sh'
[1.114s] INFO:colcon.colcon_core.shell:Creating package script '/root/AGV/install/bumperbot_mapping/share/bumperbot_mapping/package.bash'
[1.117s] DEBUG:colcon.colcon_core.event_handler.log_command:Invoked command in '/root/AGV/build/bumperbot_controller' returned '0': CMAKE_PREFIX_PATH=/opt/ros/humble /usr/bin/cmake --build /root/AGV/build/bumperbot_controller -- -j8 -l8
[1.121s] INFO:colcon.colcon_core.shell:Creating package script '/root/AGV/install/bumperbot_mapping/share/bumperbot_mapping/package.zsh'
[1.123s] Level 1:colcon.colcon_core.environment:create_file_with_runtime_dependencies(/root/AGV/install/bumperbot_mapping/share/colcon-core/packages/bumperbot_mapping)
[1.144s] DEBUG:colcon.colcon_core.event_handler.log_command:Invoked command in '/root/AGV/build/bumperbot_cpp_examples' returned '0': CMAKE_PREFIX_PATH=/opt/ros/humble /usr/bin/cmake --install /root/AGV/build/bumperbot_cpp_examples
[1.147s] Level 1:colcon.colcon_core.environment:create_environment_scripts_only(bumperbot_description)
[1.148s] Level 1:colcon.colcon_core.environment:checking '/root/AGV/install/bumperbot_description' for CMake module files
[1.149s] Level 1:colcon.colcon_core.environment:checking '/root/AGV/install/bumperbot_description' for CMake config files
[1.149s] Level 1:colcon.colcon_core.shell:create_environment_hook('bumperbot_description', 'cmake_prefix_path')
[1.150s] INFO:colcon.colcon_core.shell:Creating environment hook '/root/AGV/install/bumperbot_description/share/bumperbot_description/hook/cmake_prefix_path.ps1'
[1.151s] INFO:colcon.colcon_core.shell:Creating environment descriptor '/root/AGV/install/bumperbot_description/share/bumperbot_description/hook/cmake_prefix_path.dsv'
[1.152s] INFO:colcon.colcon_core.shell:Creating environment hook '/root/AGV/install/bumperbot_description/share/bumperbot_description/hook/cmake_prefix_path.sh'
[1.153s] Level 1:colcon.colcon_core.environment:checking '/root/AGV/install/bumperbot_description/bin'
[1.153s] Level 1:colcon.colcon_core.environment:checking '/root/AGV/install/bumperbot_description/lib/pkgconfig/bumperbot_description.pc'
[1.153s] Level 1:colcon.colcon_core.environment:checking '/root/AGV/install/bumperbot_description/lib/python3.10/site-packages'
[1.154s] Level 1:colcon.colcon_core.environment:checking '/root/AGV/install/bumperbot_description/bin'
[1.154s] INFO:colcon.colcon_core.shell:Creating package script '/root/AGV/install/bumperbot_description/share/bumperbot_description/package.ps1'
[1.155s] INFO:colcon.colcon_core.shell:Creating package descriptor '/root/AGV/install/bumperbot_description/share/bumperbot_description/package.dsv'
[1.156s] INFO:colcon.colcon_core.shell:Creating package script '/root/AGV/install/bumperbot_description/share/bumperbot_description/package.sh'
[1.156s] INFO:colcon.colcon_core.shell:Creating package script '/root/AGV/install/bumperbot_description/share/bumperbot_description/package.bash'
[1.157s] INFO:colcon.colcon_core.shell:Creating package script '/root/AGV/install/bumperbot_description/share/bumperbot_description/package.zsh'
[1.159s] Level 1:colcon.colcon_core.environment:create_file_with_runtime_dependencies(/root/AGV/install/bumperbot_description/share/colcon-core/packages/bumperbot_description)
[1.177s] Level 1:colcon.colcon_core.environment:create_environment_scripts_only(bumperbot_cpp_examples)
[1.178s] Level 1:colcon.colcon_core.environment:checking '/root/AGV/install/bumperbot_cpp_examples' for CMake module files
[1.178s] Level 1:colcon.colcon_core.environment:checking '/root/AGV/install/bumperbot_cpp_examples' for CMake config files
[1.178s] Level 1:colcon.colcon_core.shell:create_environment_hook('bumperbot_cpp_examples', 'cmake_prefix_path')
[1.179s] INFO:colcon.colcon_core.shell:Creating environment hook '/root/AGV/install/bumperbot_cpp_examples/share/bumperbot_cpp_examples/hook/cmake_prefix_path.ps1'
[1.179s] INFO:colcon.colcon_core.shell:Creating environment descriptor '/root/AGV/install/bumperbot_cpp_examples/share/bumperbot_cpp_examples/hook/cmake_prefix_path.dsv'
[1.180s] INFO:colcon.colcon_core.shell:Creating environment hook '/root/AGV/install/bumperbot_cpp_examples/share/bumperbot_cpp_examples/hook/cmake_prefix_path.sh'
[1.180s] Level 1:colcon.colcon_core.environment:checking '/root/AGV/install/bumperbot_cpp_examples/bin'
[1.180s] Level 1:colcon.colcon_core.environment:checking '/root/AGV/install/bumperbot_cpp_examples/lib/pkgconfig/bumperbot_cpp_examples.pc'
[1.181s] Level 1:colcon.colcon_core.environment:checking '/root/AGV/install/bumperbot_cpp_examples/lib/python3.10/site-packages'
[1.181s] Level 1:colcon.colcon_core.environment:checking '/root/AGV/install/bumperbot_cpp_examples/bin'
[1.181s] INFO:colcon.colcon_core.shell:Creating package script '/root/AGV/install/bumperbot_cpp_examples/share/bumperbot_cpp_examples/package.ps1'
[1.182s] INFO:colcon.colcon_core.shell:Creating package descriptor '/root/AGV/install/bumperbot_cpp_examples/share/bumperbot_cpp_examples/package.dsv'
[1.185s] INFO:colcon.colcon_core.shell:Creating package script '/root/AGV/install/bumperbot_cpp_examples/share/bumperbot_cpp_examples/package.sh'
[1.186s] INFO:colcon.colcon_core.shell:Creating package script '/root/AGV/install/bumperbot_cpp_examples/share/bumperbot_cpp_examples/package.bash'
[1.187s] INFO:colcon.colcon_core.shell:Creating package script '/root/AGV/install/bumperbot_cpp_examples/share/bumperbot_cpp_examples/package.zsh'
[1.188s] Level 1:colcon.colcon_core.environment:create_file_with_runtime_dependencies(/root/AGV/install/bumperbot_cpp_examples/share/colcon-core/packages/bumperbot_cpp_examples)
[1.191s] Level 1:colcon.colcon_core.environment:create_environment_scripts_only(bumperbot_mapping)
[1.192s] Level 1:colcon.colcon_core.environment:checking '/root/AGV/install/bumperbot_mapping' for CMake module files
[1.195s] Level 1:colcon.colcon_core.environment:checking '/root/AGV/install/bumperbot_mapping' for CMake config files
[1.209s] Level 1:colcon.colcon_core.shell:create_environment_hook('bumperbot_mapping', 'cmake_prefix_path')
[1.209s] INFO:colcon.colcon_core.shell:Creating environment hook '/root/AGV/install/bumperbot_mapping/share/bumperbot_mapping/hook/cmake_prefix_path.ps1'
[1.213s] INFO:colcon.colcon_core.shell:Creating environment descriptor '/root/AGV/install/bumperbot_mapping/share/bumperbot_mapping/hook/cmake_prefix_path.dsv'
[1.214s] INFO:colcon.colcon_core.shell:Creating environment hook '/root/AGV/install/bumperbot_mapping/share/bumperbot_mapping/hook/cmake_prefix_path.sh'
[1.216s] Level 1:colcon.colcon_core.environment:checking '/root/AGV/install/bumperbot_mapping/bin'
[1.216s] Level 1:colcon.colcon_core.environment:checking '/root/AGV/install/bumperbot_mapping/lib/pkgconfig/bumperbot_mapping.pc'
[1.217s] Level 1:colcon.colcon_core.environment:checking '/root/AGV/install/bumperbot_mapping/lib/python3.10/site-packages'
[1.217s] Level 1:colcon.colcon_core.environment:checking '/root/AGV/install/bumperbot_mapping/bin'
[1.217s] INFO:colcon.colcon_core.shell:Creating package script '/root/AGV/install/bumperbot_mapping/share/bumperbot_mapping/package.ps1'
[1.219s] INFO:colcon.colcon_core.shell:Creating package descriptor '/root/AGV/install/bumperbot_mapping/share/bumperbot_mapping/package.dsv'
[1.222s] INFO:colcon.colcon_core.shell:Creating package script '/root/AGV/install/bumperbot_mapping/share/bumperbot_mapping/package.sh'
[1.224s] INFO:colcon.colcon_core.shell:Creating package script '/root/AGV/install/bumperbot_mapping/share/bumperbot_mapping/package.bash'
[1.235s] INFO:colcon.colcon_core.shell:Creating package script '/root/AGV/install/bumperbot_mapping/share/bumperbot_mapping/package.zsh'
[1.240s] Level 1:colcon.colcon_core.environment:create_file_with_runtime_dependencies(/root/AGV/install/bumperbot_mapping/share/colcon-core/packages/bumperbot_mapping)
[1.245s] DEBUG:colcon.colcon_core.event_handler.log_command:Invoked command in '/root/AGV/build/bumperbot_mapping' returned '0': CMAKE_PREFIX_PATH=/opt/ros/humble /usr/bin/cmake --install /root/AGV/build/bumperbot_mapping
[1.247s] DEBUG:colcon.colcon_core.event_handler.log_command:Invoked command in '/root/AGV/build/bumperbot_firmware' returned '0': CMAKE_PREFIX_PATH=/opt/ros/humble /usr/bin/cmake --build /root/AGV/build/bumperbot_firmware -- -j8 -l8
[1.248s] DEBUG:colcon.colcon_core.event_handler.log_command:Invoked command in '/root/AGV/build/bumperbot_localization' returned '0': CMAKE_PREFIX_PATH=/opt/ros/humble /usr/bin/cmake --build /root/AGV/build/bumperbot_localization -- -j8 -l8
[1.249s] DEBUG:colcon.colcon_core.event_handler.log_command:Invoked command in '/root/AGV/build/bumperbot_description' returned '0': CMAKE_PREFIX_PATH=/opt/ros/humble /usr/bin/cmake --install /root/AGV/build/bumperbot_description
[1.251s] DEBUG:colcon.colcon_core.event_handler.log_command:Invoking command in '/root/AGV/build/bumperbot_controller': CMAKE_PREFIX_PATH=/opt/ros/humble /usr/bin/cmake --install /root/AGV/build/bumperbot_controller
[1.252s] Level 1:colcon.colcon_core.environment:create_environment_scripts_only(bumperbot_description)
[1.253s] Level 1:colcon.colcon_core.environment:checking '/root/AGV/install/bumperbot_description' for CMake module files
[1.254s] Level 1:colcon.colcon_core.environment:checking '/root/AGV/install/bumperbot_description' for CMake config files
[1.263s] Level 1:colcon.colcon_core.shell:create_environment_hook('bumperbot_description', 'cmake_prefix_path')
[1.264s] INFO:colcon.colcon_core.shell:Creating environment hook '/root/AGV/install/bumperbot_description/share/bumperbot_description/hook/cmake_prefix_path.ps1'
[1.265s] INFO:colcon.colcon_core.shell:Creating environment descriptor '/root/AGV/install/bumperbot_description/share/bumperbot_description/hook/cmake_prefix_path.dsv'
[1.266s] DEBUG:colcon.colcon_core.event_handler.log_command:Invoking command in '/root/AGV/build/bumperbot_firmware': CMAKE_PREFIX_PATH=/opt/ros/humble /usr/bin/cmake --install /root/AGV/build/bumperbot_firmware
[1.266s] INFO:colcon.colcon_core.shell:Creating environment hook '/root/AGV/install/bumperbot_description/share/bumperbot_description/hook/cmake_prefix_path.sh'
[1.266s] DEBUG:colcon.colcon_core.event_handler.log_command:Invoking command in '/root/AGV/build/bumperbot_localization': CMAKE_PREFIX_PATH=/opt/ros/humble /usr/bin/cmake --install /root/AGV/build/bumperbot_localization
[1.267s] Level 1:colcon.colcon_core.environment:checking '/root/AGV/install/bumperbot_description/bin'
[1.267s] Level 1:colcon.colcon_core.environment:checking '/root/AGV/install/bumperbot_description/lib/pkgconfig/bumperbot_description.pc'
[1.267s] Level 1:colcon.colcon_core.environment:checking '/root/AGV/install/bumperbot_description/lib/python3.10/site-packages'
[1.268s] Level 1:colcon.colcon_core.environment:checking '/root/AGV/install/bumperbot_description/bin'
[1.268s] INFO:colcon.colcon_core.shell:Creating package script '/root/AGV/install/bumperbot_description/share/bumperbot_description/package.ps1'
[1.269s] INFO:colcon.colcon_core.shell:Creating package descriptor '/root/AGV/install/bumperbot_description/share/bumperbot_description/package.dsv'
[1.270s] INFO:colcon.colcon_core.shell:Creating package script '/root/AGV/install/bumperbot_description/share/bumperbot_description/package.sh'
[1.272s] INFO:colcon.colcon_core.shell:Creating package script '/root/AGV/install/bumperbot_description/share/bumperbot_description/package.bash'
[1.272s] INFO:colcon.colcon_core.shell:Creating package script '/root/AGV/install/bumperbot_description/share/bumperbot_description/package.zsh'
[1.273s] Level 1:colcon.colcon_core.environment:create_file_with_runtime_dependencies(/root/AGV/install/bumperbot_description/share/colcon-core/packages/bumperbot_description)
[1.276s] Level 1:colcon.colcon_core.environment:create_environment_scripts_only(bumperbot_controller)
[1.277s] Level 1:colcon.colcon_core.environment:checking '/root/AGV/install/bumperbot_controller' for CMake module files
[1.278s] Level 1:colcon.colcon_core.environment:checking '/root/AGV/install/bumperbot_controller' for CMake config files
[1.279s] Level 1:colcon.colcon_core.shell:create_environment_hook('bumperbot_controller', 'cmake_prefix_path')
[1.280s] INFO:colcon.colcon_core.shell:Creating environment hook '/root/AGV/install/bumperbot_controller/share/bumperbot_controller/hook/cmake_prefix_path.ps1'
[1.281s] INFO:colcon.colcon_core.shell:Creating environment descriptor '/root/AGV/install/bumperbot_controller/share/bumperbot_controller/hook/cmake_prefix_path.dsv'
[1.282s] INFO:colcon.colcon_core.shell:Creating environment hook '/root/AGV/install/bumperbot_controller/share/bumperbot_controller/hook/cmake_prefix_path.sh'
[1.282s] Level 1:colcon.colcon_core.environment:checking '/root/AGV/install/bumperbot_controller/lib'
[1.283s] Level 1:colcon.colcon_core.environment:checking '/root/AGV/install/bumperbot_controller/bin'
[1.283s] Level 1:colcon.colcon_core.environment:checking '/root/AGV/install/bumperbot_controller/lib/pkgconfig/bumperbot_controller.pc'
[1.283s] Level 1:colcon.colcon_core.environment:checking '/root/AGV/install/bumperbot_controller/lib/python3.10/site-packages'
[1.284s] Level 1:colcon.colcon_core.environment:checking '/root/AGV/install/bumperbot_controller/bin'
[1.285s] INFO:colcon.colcon_core.shell:Creating package script '/root/AGV/install/bumperbot_controller/share/bumperbot_controller/package.ps1'
[1.289s] INFO:colcon.colcon_core.shell:Creating package descriptor '/root/AGV/install/bumperbot_controller/share/bumperbot_controller/package.dsv'
[1.293s] DEBUG:colcon.colcon_core.event_handler.log_command:Invoked command in '/root/AGV/build/bumperbot_controller' returned '0': CMAKE_PREFIX_PATH=/opt/ros/humble /usr/bin/cmake --install /root/AGV/build/bumperbot_controller
[1.293s] INFO:colcon.colcon_core.shell:Creating package script '/root/AGV/install/bumperbot_controller/share/bumperbot_controller/package.sh'
[1.295s] INFO:colcon.colcon_core.shell:Creating package script '/root/AGV/install/bumperbot_controller/share/bumperbot_controller/package.bash'
[1.296s] INFO:colcon.colcon_core.shell:Creating package script '/root/AGV/install/bumperbot_controller/share/bumperbot_controller/package.zsh'
[1.296s] Level 1:colcon.colcon_core.environment:create_file_with_runtime_dependencies(/root/AGV/install/bumperbot_controller/share/colcon-core/packages/bumperbot_controller)
[1.312s] Level 1:colcon.colcon_core.environment:create_environment_scripts_only(bumperbot_firmware)
[1.313s] Level 1:colcon.colcon_core.environment:checking '/root/AGV/install/bumperbot_firmware' for CMake module files
[1.314s] DEBUG:colcon.colcon_core.event_handler.log_command:Invoked command in '/root/AGV/build/bumperbot_firmware' returned '0': CMAKE_PREFIX_PATH=/opt/ros/humble /usr/bin/cmake --install /root/AGV/build/bumperbot_firmware
[1.317s] Level 1:colcon.colcon_core.environment:checking '/root/AGV/install/bumperbot_firmware' for CMake config files
[1.322s] Level 1:colcon.colcon_core.shell:create_environment_hook('bumperbot_firmware', 'cmake_prefix_path')
[1.323s] INFO:colcon.colcon_core.shell:Creating environment hook '/root/AGV/install/bumperbot_firmware/share/bumperbot_firmware/hook/cmake_prefix_path.ps1'
[1.324s] INFO:colcon.colcon_core.shell:Creating environment descriptor '/root/AGV/install/bumperbot_firmware/share/bumperbot_firmware/hook/cmake_prefix_path.dsv'
[1.324s] INFO:colcon.colcon_core.shell:Creating environment hook '/root/AGV/install/bumperbot_firmware/share/bumperbot_firmware/hook/cmake_prefix_path.sh'
[1.326s] Level 1:colcon.colcon_core.environment:checking '/root/AGV/install/bumperbot_firmware/lib'
[1.327s] Level 1:colcon.colcon_core.shell:create_environment_hook('bumperbot_firmware', 'ld_library_path_lib')
[1.327s] INFO:colcon.colcon_core.shell:Creating environment hook '/root/AGV/install/bumperbot_firmware/share/bumperbot_firmware/hook/ld_library_path_lib.ps1'
[1.328s] INFO:colcon.colcon_core.shell:Creating environment descriptor '/root/AGV/install/bumperbot_firmware/share/bumperbot_firmware/hook/ld_library_path_lib.dsv'
[1.328s] INFO:colcon.colcon_core.shell:Creating environment hook '/root/AGV/install/bumperbot_firmware/share/bumperbot_firmware/hook/ld_library_path_lib.sh'
[1.329s] Level 1:colcon.colcon_core.environment:checking '/root/AGV/install/bumperbot_firmware/bin'
[1.329s] Level 1:colcon.colcon_core.environment:checking '/root/AGV/install/bumperbot_firmware/lib/pkgconfig/bumperbot_firmware.pc'
[1.330s] Level 1:colcon.colcon_core.environment:checking '/root/AGV/install/bumperbot_firmware/lib/python3.10/site-packages'
[1.330s] Level 1:colcon.colcon_core.environment:checking '/root/AGV/install/bumperbot_firmware/bin'
[1.330s] INFO:colcon.colcon_core.shell:Creating package script '/root/AGV/install/bumperbot_firmware/share/bumperbot_firmware/package.ps1'
[1.331s] INFO:colcon.colcon_core.shell:Creating package descriptor '/root/AGV/install/bumperbot_firmware/share/bumperbot_firmware/package.dsv'
[1.332s] INFO:colcon.colcon_core.shell:Creating package script '/root/AGV/install/bumperbot_firmware/share/bumperbot_firmware/package.sh'
[1.332s] INFO:colcon.colcon_core.shell:Creating package script '/root/AGV/install/bumperbot_firmware/share/bumperbot_firmware/package.bash'
[1.333s] INFO:colcon.colcon_core.shell:Creating package script '/root/AGV/install/bumperbot_firmware/share/bumperbot_firmware/package.zsh'
[1.334s] Level 1:colcon.colcon_core.environment:create_file_with_runtime_dependencies(/root/AGV/install/bumperbot_firmware/share/colcon-core/packages/bumperbot_firmware)
[1.338s] Level 1:colcon.colcon_core.environment:create_environment_scripts_only(bumperbot_controller)
[1.339s] Level 1:colcon.colcon_core.environment:checking '/root/AGV/install/bumperbot_controller' for CMake module files
[1.339s] Level 1:colcon.colcon_core.environment:checking '/root/AGV/install/bumperbot_controller' for CMake config files
[1.340s] Level 1:colcon.colcon_core.shell:create_environment_hook('bumperbot_controller', 'cmake_prefix_path')
[1.340s] INFO:colcon.colcon_core.shell:Creating environment hook '/root/AGV/install/bumperbot_controller/share/bumperbot_controller/hook/cmake_prefix_path.ps1'
[1.341s] INFO:colcon.colcon_core.shell:Creating environment descriptor '/root/AGV/install/bumperbot_controller/share/bumperbot_controller/hook/cmake_prefix_path.dsv'
[1.341s] INFO:colcon.colcon_core.shell:Creating environment hook '/root/AGV/install/bumperbot_controller/share/bumperbot_controller/hook/cmake_prefix_path.sh'
[1.342s] Level 1:colcon.colcon_core.environment:checking '/root/AGV/install/bumperbot_controller/lib'
[1.342s] Level 1:colcon.colcon_core.environment:checking '/root/AGV/install/bumperbot_controller/bin'
[1.342s] Level 1:colcon.colcon_core.environment:checking '/root/AGV/install/bumperbot_controller/lib/pkgconfig/bumperbot_controller.pc'
[1.343s] Level 1:colcon.colcon_core.environment:checking '/root/AGV/install/bumperbot_controller/lib/python3.10/site-packages'
[1.343s] Level 1:colcon.colcon_core.environment:checking '/root/AGV/install/bumperbot_controller/bin'
[1.344s] INFO:colcon.colcon_core.shell:Creating package script '/root/AGV/install/bumperbot_controller/share/bumperbot_controller/package.ps1'
[1.344s] INFO:colcon.colcon_core.shell:Creating package descriptor '/root/AGV/install/bumperbot_controller/share/bumperbot_controller/package.dsv'
[1.345s] INFO:colcon.colcon_core.shell:Creating package script '/root/AGV/install/bumperbot_controller/share/bumperbot_controller/package.sh'
[1.345s] INFO:colcon.colcon_core.shell:Creating package script '/root/AGV/install/bumperbot_controller/share/bumperbot_controller/package.bash'
[1.346s] INFO:colcon.colcon_core.shell:Creating package script '/root/AGV/install/bumperbot_controller/share/bumperbot_controller/package.zsh'
[1.346s] Level 1:colcon.colcon_core.environment:create_file_with_runtime_dependencies(/root/AGV/install/bumperbot_controller/share/colcon-core/packages/bumperbot_controller)
[1.347s] Level 1:colcon.colcon_core.environment:create_environment_scripts_only(bumperbot_localization)
[1.348s] Level 1:colcon.colcon_core.environment:checking '/root/AGV/install/bumperbot_localization' for CMake module files
[1.349s] DEBUG:colcon.colcon_core.event_handler.log_command:Invoked command in '/root/AGV/build/bumperbot_localization' returned '0': CMAKE_PREFIX_PATH=/opt/ros/humble /usr/bin/cmake --install /root/AGV/build/bumperbot_localization
[1.350s] Level 1:colcon.colcon_core.environment:checking '/root/AGV/install/bumperbot_localization' for CMake config files
[1.350s] Level 1:colcon.colcon_core.shell:create_environment_hook('bumperbot_localization', 'cmake_prefix_path')
[1.350s] INFO:colcon.colcon_core.shell:Creating environment hook '/root/AGV/install/bumperbot_localization/share/bumperbot_localization/hook/cmake_prefix_path.ps1'
[1.351s] INFO:colcon.colcon_core.shell:Creating environment descriptor '/root/AGV/install/bumperbot_localization/share/bumperbot_localization/hook/cmake_prefix_path.dsv'
[1.351s] INFO:colcon.colcon_core.shell:Creating environment hook '/root/AGV/install/bumperbot_localization/share/bumperbot_localization/hook/cmake_prefix_path.sh'
[1.352s] Level 1:colcon.colcon_core.environment:checking '/root/AGV/install/bumperbot_localization/lib'
[1.352s] Level 1:colcon.colcon_core.environment:checking '/root/AGV/install/bumperbot_localization/bin'
[1.352s] Level 1:colcon.colcon_core.environment:checking '/root/AGV/install/bumperbot_localization/lib/pkgconfig/bumperbot_localization.pc'
[1.352s] Level 1:colcon.colcon_core.environment:checking '/root/AGV/install/bumperbot_localization/lib/python3.10/site-packages'
[1.352s] Level 1:colcon.colcon_core.environment:checking '/root/AGV/install/bumperbot_localization/bin'
[1.353s] INFO:colcon.colcon_core.shell:Creating package script '/root/AGV/install/bumperbot_localization/share/bumperbot_localization/package.ps1'
[1.353s] INFO:colcon.colcon_core.shell:Creating package descriptor '/root/AGV/install/bumperbot_localization/share/bumperbot_localization/package.dsv'
[1.353s] INFO:colcon.colcon_core.shell:Creating package script '/root/AGV/install/bumperbot_localization/share/bumperbot_localization/package.sh'
[1.354s] INFO:colcon.colcon_core.shell:Creating package script '/root/AGV/install/bumperbot_localization/share/bumperbot_localization/package.bash'
[1.354s] INFO:colcon.colcon_core.shell:Creating package script '/root/AGV/install/bumperbot_localization/share/bumperbot_localization/package.zsh'
[1.354s] Level 1:colcon.colcon_core.environment:create_file_with_runtime_dependencies(/root/AGV/install/bumperbot_localization/share/colcon-core/packages/bumperbot_localization)
[1.359s] DEBUG:colcon.colcon_core.event_handler.log_command:Invoked command in '/root/AGV/build/bumperbot_utils' returned '0': CMAKE_PREFIX_PATH=/opt/ros/humble /usr/bin/cmake --build /root/AGV/build/bumperbot_utils -- -j8 -l8
[1.366s] Level 1:colcon.colcon_core.environment:create_environment_scripts_only(bumperbot_firmware)
[1.367s] Level 1:colcon.colcon_core.environment:checking '/root/AGV/install/bumperbot_firmware' for CMake module files
[1.367s] Level 1:colcon.colcon_core.environment:checking '/root/AGV/install/bumperbot_firmware' for CMake config files
[1.368s] Level 1:colcon.colcon_core.shell:create_environment_hook('bumperbot_firmware', 'cmake_prefix_path')
[1.368s] INFO:colcon.colcon_core.shell:Creating environment hook '/root/AGV/install/bumperbot_firmware/share/bumperbot_firmware/hook/cmake_prefix_path.ps1'
[1.369s] INFO:colcon.colcon_core.shell:Creating environment descriptor '/root/AGV/install/bumperbot_firmware/share/bumperbot_firmware/hook/cmake_prefix_path.dsv'
[1.369s] INFO:colcon.colcon_core.shell:Creating environment hook '/root/AGV/install/bumperbot_firmware/share/bumperbot_firmware/hook/cmake_prefix_path.sh'
[1.371s] Level 1:colcon.colcon_core.environment:checking '/root/AGV/install/bumperbot_firmware/lib'
[1.371s] Level 1:colcon.colcon_core.shell:create_environment_hook('bumperbot_firmware', 'ld_library_path_lib')
[1.371s] INFO:colcon.colcon_core.shell:Creating environment hook '/root/AGV/install/bumperbot_firmware/share/bumperbot_firmware/hook/ld_library_path_lib.ps1'
[1.372s] INFO:colcon.colcon_core.shell:Creating environment descriptor '/root/AGV/install/bumperbot_firmware/share/bumperbot_firmware/hook/ld_library_path_lib.dsv'
[1.372s] INFO:colcon.colcon_core.shell:Creating environment hook '/root/AGV/install/bumperbot_firmware/share/bumperbot_firmware/hook/ld_library_path_lib.sh'
[1.373s] Level 1:colcon.colcon_core.environment:checking '/root/AGV/install/bumperbot_firmware/bin'
[1.373s] Level 1:colcon.colcon_core.environment:checking '/root/AGV/install/bumperbot_firmware/lib/pkgconfig/bumperbot_firmware.pc'
[1.373s] Level 1:colcon.colcon_core.environment:checking '/root/AGV/install/bumperbot_firmware/lib/python3.10/site-packages'
[1.373s] Level 1:colcon.colcon_core.environment:checking '/root/AGV/install/bumperbot_firmware/bin'
[1.374s] INFO:colcon.colcon_core.shell:Creating package script '/root/AGV/install/bumperbot_firmware/share/bumperbot_firmware/package.ps1'
[1.375s] INFO:colcon.colcon_core.shell:Creating package descriptor '/root/AGV/install/bumperbot_firmware/share/bumperbot_firmware/package.dsv'
[1.376s] INFO:colcon.colcon_core.shell:Creating package script '/root/AGV/install/bumperbot_firmware/share/bumperbot_firmware/package.sh'
[1.378s] INFO:colcon.colcon_core.shell:Creating package script '/root/AGV/install/bumperbot_firmware/share/bumperbot_firmware/package.bash'
[1.378s] INFO:colcon.colcon_core.shell:Creating package script '/root/AGV/install/bumperbot_firmware/share/bumperbot_firmware/package.zsh'
[1.379s] Level 1:colcon.colcon_core.environment:create_file_with_runtime_dependencies(/root/AGV/install/bumperbot_firmware/share/colcon-core/packages/bumperbot_firmware)
[1.381s] Level 1:colcon.colcon_core.environment:create_environment_scripts_only(bumperbot_localization)
[1.382s] Level 1:colcon.colcon_core.environment:checking '/root/AGV/install/bumperbot_localization' for CMake module files
[1.382s] Level 1:colcon.colcon_core.environment:checking '/root/AGV/install/bumperbot_localization' for CMake config files
[1.382s] Level 1:colcon.colcon_core.shell:create_environment_hook('bumperbot_localization', 'cmake_prefix_path')
[1.382s] INFO:colcon.colcon_core.shell:Creating environment hook '/root/AGV/install/bumperbot_localization/share/bumperbot_localization/hook/cmake_prefix_path.ps1'
[1.383s] INFO:colcon.colcon_core.shell:Creating environment descriptor '/root/AGV/install/bumperbot_localization/share/bumperbot_localization/hook/cmake_prefix_path.dsv'
[1.384s] INFO:colcon.colcon_core.shell:Creating environment hook '/root/AGV/install/bumperbot_localization/share/bumperbot_localization/hook/cmake_prefix_path.sh'
[1.384s] Level 1:colcon.colcon_core.environment:checking '/root/AGV/install/bumperbot_localization/lib'
[1.384s] Level 1:colcon.colcon_core.environment:checking '/root/AGV/install/bumperbot_localization/bin'
[1.384s] Level 1:colcon.colcon_core.environment:checking '/root/AGV/install/bumperbot_localization/lib/pkgconfig/bumperbot_localization.pc'
[1.385s] Level 1:colcon.colcon_core.environment:checking '/root/AGV/install/bumperbot_localization/lib/python3.10/site-packages'
[1.385s] Level 1:colcon.colcon_core.environment:checking '/root/AGV/install/bumperbot_localization/bin'
[1.385s] INFO:colcon.colcon_core.shell:Creating package script '/root/AGV/install/bumperbot_localization/share/bumperbot_localization/package.ps1'
[1.386s] INFO:colcon.colcon_core.shell:Creating package descriptor '/root/AGV/install/bumperbot_localization/share/bumperbot_localization/package.dsv'
[1.386s] INFO:colcon.colcon_core.shell:Creating package script '/root/AGV/install/bumperbot_localization/share/bumperbot_localization/package.sh'
[1.387s] INFO:colcon.colcon_core.shell:Creating package script '/root/AGV/install/bumperbot_localization/share/bumperbot_localization/package.bash'
[1.387s] INFO:colcon.colcon_core.shell:Creating package script '/root/AGV/install/bumperbot_localization/share/bumperbot_localization/package.zsh'
[1.387s] Level 1:colcon.colcon_core.environment:create_file_with_runtime_dependencies(/root/AGV/install/bumperbot_localization/share/colcon-core/packages/bumperbot_localization)
[1.392s] DEBUG:colcon.colcon_core.event_handler.log_command:Invoking command in '/root/AGV/build/bumperbot_utils': CMAKE_PREFIX_PATH=/opt/ros/humble /usr/bin/cmake --install /root/AGV/build/bumperbot_utils
[1.448s] Level 1:colcon.colcon_core.environment:create_environment_scripts_only(bumperbot_utils)
[1.448s] Level 1:colcon.colcon_core.environment:checking '/root/AGV/install/bumperbot_utils' for CMake module files
[1.449s] DEBUG:colcon.colcon_core.event_handler.log_command:Invoked command in '/root/AGV/build/bumperbot_utils' returned '0': CMAKE_PREFIX_PATH=/opt/ros/humble /usr/bin/cmake --install /root/AGV/build/bumperbot_utils
[1.449s] Level 1:colcon.colcon_core.environment:checking '/root/AGV/install/bumperbot_utils' for CMake config files
[1.449s] Level 1:colcon.colcon_core.shell:create_environment_hook('bumperbot_utils', 'cmake_prefix_path')
[1.450s] INFO:colcon.colcon_core.shell:Creating environment hook '/root/AGV/install/bumperbot_utils/share/bumperbot_utils/hook/cmake_prefix_path.ps1'
[1.450s] INFO:colcon.colcon_core.shell:Creating environment descriptor '/root/AGV/install/bumperbot_utils/share/bumperbot_utils/hook/cmake_prefix_path.dsv'
[1.451s] INFO:colcon.colcon_core.shell:Creating environment hook '/root/AGV/install/bumperbot_utils/share/bumperbot_utils/hook/cmake_prefix_path.sh'
[1.451s] Level 1:colcon.colcon_core.environment:checking '/root/AGV/install/bumperbot_utils/lib'
[1.451s] Level 1:colcon.colcon_core.environment:checking '/root/AGV/install/bumperbot_utils/bin'
[1.451s] Level 1:colcon.colcon_core.environment:checking '/root/AGV/install/bumperbot_utils/lib/pkgconfig/bumperbot_utils.pc'
[1.452s] Level 1:colcon.colcon_core.environment:checking '/root/AGV/install/bumperbot_utils/lib/python3.10/site-packages'
[1.452s] Level 1:colcon.colcon_core.environment:checking '/root/AGV/install/bumperbot_utils/bin'
[1.452s] INFO:colcon.colcon_core.shell:Creating package script '/root/AGV/install/bumperbot_utils/share/bumperbot_utils/package.ps1'
[1.453s] INFO:colcon.colcon_core.shell:Creating package descriptor '/root/AGV/install/bumperbot_utils/share/bumperbot_utils/package.dsv'
[1.453s] INFO:colcon.colcon_core.shell:Creating package script '/root/AGV/install/bumperbot_utils/share/bumperbot_utils/package.sh'
[1.454s] INFO:colcon.colcon_core.shell:Creating package script '/root/AGV/install/bumperbot_utils/share/bumperbot_utils/package.bash'
[1.454s] INFO:colcon.colcon_core.shell:Creating package script '/root/AGV/install/bumperbot_utils/share/bumperbot_utils/package.zsh'
[1.454s] Level 1:colcon.colcon_core.environment:create_file_with_runtime_dependencies(/root/AGV/install/bumperbot_utils/share/colcon-core/packages/bumperbot_utils)
[1.469s] DEBUG:colcon.colcon_core.event_handler.log_command:Invoking command in '/root/AGV/bumperbot_ws/src/bumperbot_py_examples': PYTHONPATH=/root/AGV/build/bumperbot_py_examples/prefix_override:/usr/lib/python3/dist-packages/colcon_core/task/python/colcon_distutils_commands:/root/AGV/install/bumperbot_py_examples/lib/python3.10/site-packages:${PYTHONPATH} /usr/bin/python3 -W ignore:setup.py install is deprecated setup.py egg_info --egg-base ../../../build/bumperbot_py_examples build --build-base /root/AGV/build/bumperbot_py_examples/build install --record /root/AGV/build/bumperbot_py_examples/install.log --single-version-externally-managed install_data
[1.477s] Level 1:colcon.colcon_core.environment:create_environment_scripts_only(bumperbot_utils)
[1.477s] Level 1:colcon.colcon_core.environment:checking '/root/AGV/install/bumperbot_utils' for CMake module files
[1.478s] Level 1:colcon.colcon_core.environment:checking '/root/AGV/install/bumperbot_utils' for CMake config files
[1.478s] Level 1:colcon.colcon_core.shell:create_environment_hook('bumperbot_utils', 'cmake_prefix_path')
[1.478s] INFO:colcon.colcon_core.shell:Creating environment hook '/root/AGV/install/bumperbot_utils/share/bumperbot_utils/hook/cmake_prefix_path.ps1'
[1.479s] INFO:colcon.colcon_core.shell:Creating environment descriptor '/root/AGV/install/bumperbot_utils/share/bumperbot_utils/hook/cmake_prefix_path.dsv'
[1.479s] INFO:colcon.colcon_core.shell:Creating environment hook '/root/AGV/install/bumperbot_utils/share/bumperbot_utils/hook/cmake_prefix_path.sh'
[1.479s] Level 1:colcon.colcon_core.environment:checking '/root/AGV/install/bumperbot_utils/lib'
[1.479s] Level 1:colcon.colcon_core.environment:checking '/root/AGV/install/bumperbot_utils/bin'
[1.479s] Level 1:colcon.colcon_core.environment:checking '/root/AGV/install/bumperbot_utils/lib/pkgconfig/bumperbot_utils.pc'
[1.480s] Level 1:colcon.colcon_core.environment:checking '/root/AGV/install/bumperbot_utils/lib/python3.10/site-packages'
[1.480s] Level 1:colcon.colcon_core.environment:checking '/root/AGV/install/bumperbot_utils/bin'
[1.480s] INFO:colcon.colcon_core.shell:Creating package script '/root/AGV/install/bumperbot_utils/share/bumperbot_utils/package.ps1'
[1.480s] INFO:colcon.colcon_core.shell:Creating package descriptor '/root/AGV/install/bumperbot_utils/share/bumperbot_utils/package.dsv'
[1.481s] INFO:colcon.colcon_core.shell:Creating package script '/root/AGV/install/bumperbot_utils/share/bumperbot_utils/package.sh'
[1.481s] INFO:colcon.colcon_core.shell:Creating package script '/root/AGV/install/bumperbot_utils/share/bumperbot_utils/package.bash'
[1.482s] INFO:colcon.colcon_core.shell:Creating package script '/root/AGV/install/bumperbot_utils/share/bumperbot_utils/package.zsh'
[1.482s] Level 1:colcon.colcon_core.environment:create_file_with_runtime_dependencies(/root/AGV/install/bumperbot_utils/share/colcon-core/packages/bumperbot_utils)
[1.712s] Level 1:colcon.colcon_core.environment:checking '/root/AGV/install/bumperbot_py_examples' for CMake module files
[1.713s] DEBUG:colcon.colcon_core.event_handler.log_command:Invoked command in '/root/AGV/bumperbot_ws/src/bumperbot_py_examples' returned '0': PYTHONPATH=/root/AGV/build/bumperbot_py_examples/prefix_override:/usr/lib/python3/dist-packages/colcon_core/task/python/colcon_distutils_commands:/root/AGV/install/bumperbot_py_examples/lib/python3.10/site-packages:${PYTHONPATH} /usr/bin/python3 -W ignore:setup.py install is deprecated setup.py egg_info --egg-base ../../../build/bumperbot_py_examples build --build-base /root/AGV/build/bumperbot_py_examples/build install --record /root/AGV/build/bumperbot_py_examples/install.log --single-version-externally-managed install_data
[1.713s] Level 1:colcon.colcon_core.environment:checking '/root/AGV/install/bumperbot_py_examples' for CMake config files
[1.714s] Level 1:colcon.colcon_core.environment:checking '/root/AGV/install/bumperbot_py_examples/lib'
[1.714s] Level 1:colcon.colcon_core.environment:checking '/root/AGV/install/bumperbot_py_examples/bin'
[1.714s] Level 1:colcon.colcon_core.environment:checking '/root/AGV/install/bumperbot_py_examples/lib/pkgconfig/bumperbot_py_examples.pc'
[1.714s] Level 1:colcon.colcon_core.environment:checking '/root/AGV/install/bumperbot_py_examples/lib/python3.10/site-packages'
[1.714s] Level 1:colcon.colcon_core.shell:create_environment_hook('bumperbot_py_examples', 'pythonpath')
[1.714s] INFO:colcon.colcon_core.shell:Creating environment hook '/root/AGV/install/bumperbot_py_examples/share/bumperbot_py_examples/hook/pythonpath.ps1'
[1.715s] INFO:colcon.colcon_core.shell:Creating environment descriptor '/root/AGV/install/bumperbot_py_examples/share/bumperbot_py_examples/hook/pythonpath.dsv'
[1.715s] INFO:colcon.colcon_core.shell:Creating environment hook '/root/AGV/install/bumperbot_py_examples/share/bumperbot_py_examples/hook/pythonpath.sh'
[1.716s] Level 1:colcon.colcon_core.environment:checking '/root/AGV/install/bumperbot_py_examples/bin'
[1.716s] Level 1:colcon.colcon_core.environment:create_environment_scripts_only(bumperbot_py_examples)
[1.716s] INFO:colcon.colcon_core.shell:Creating package script '/root/AGV/install/bumperbot_py_examples/share/bumperbot_py_examples/package.ps1'
[1.717s] INFO:colcon.colcon_core.shell:Creating package descriptor '/root/AGV/install/bumperbot_py_examples/share/bumperbot_py_examples/package.dsv'
[1.717s] INFO:colcon.colcon_core.shell:Creating package script '/root/AGV/install/bumperbot_py_examples/share/bumperbot_py_examples/package.sh'
[1.717s] INFO:colcon.colcon_core.shell:Creating package script '/root/AGV/install/bumperbot_py_examples/share/bumperbot_py_examples/package.bash'
[1.718s] INFO:colcon.colcon_core.shell:Creating package script '/root/AGV/install/bumperbot_py_examples/share/bumperbot_py_examples/package.zsh'
[1.718s] Level 1:colcon.colcon_core.environment:create_file_with_runtime_dependencies(/root/AGV/install/bumperbot_py_examples/share/colcon-core/packages/bumperbot_py_examples)
[1.718s] DEBUG:colcon.colcon_parallel_executor.executor.parallel:closing loop
[1.719s] DEBUG:colcon.colcon_parallel_executor.executor.parallel:loop closed
[1.719s] DEBUG:colcon.colcon_parallel_executor.executor.parallel:run_until_complete finished with '0'
[1.719s] DEBUG:colcon.colcon_core.event_reactor:joining thread
[1.747s] INFO:colcon.colcon_core.plugin_system:Skipping extension 'colcon_notification.desktop_notification.notify_send': Could not find 'notify-send'
[1.747s] INFO:colcon.colcon_core.plugin_system:Skipping extension 'colcon_notification.desktop_notification.terminal_notifier': Not used on non-Darwin systems
[1.747s] INFO:colcon.colcon_core.plugin_system:Skipping extension 'colcon_notification.desktop_notification.win32': Not used on non-Windows systems
[1.747s] INFO:colcon.colcon_notification.desktop_notification:Sending desktop notification using 'notify2'
[1.747s] DEBUG:colcon.colcon_notification.desktop_notification.notify2:Failed to initialize notify2: org.freedesktop.DBus.Error.FileNotFound: Failed to connect to socket /run/user/0/bus: No such file or directory
[1.748s] DEBUG:colcon.colcon_core.event_reactor:joined thread
[1.748s] INFO:colcon.colcon_core.shell:Creating prefix script '/root/AGV/install/local_setup.ps1'
[1.749s] INFO:colcon.colcon_core.shell:Creating prefix util module '/root/AGV/install/_local_setup_util_ps1.py'
[1.750s] INFO:colcon.colcon_core.shell:Creating prefix chain script '/root/AGV/install/setup.ps1'
[1.751s] INFO:colcon.colcon_core.shell:Creating prefix script '/root/AGV/install/local_setup.sh'
[1.752s] INFO:colcon.colcon_core.shell:Creating prefix util module '/root/AGV/install/_local_setup_util_sh.py'
[1.752s] INFO:colcon.colcon_core.shell:Creating prefix chain script '/root/AGV/install/setup.sh'
[1.753s] INFO:colcon.colcon_core.shell:Creating prefix script '/root/AGV/install/local_setup.bash'
[1.754s] INFO:colcon.colcon_core.shell:Creating prefix chain script '/root/AGV/install/setup.bash'
[1.754s] INFO:colcon.colcon_core.shell:Creating prefix script '/root/AGV/install/local_setup.zsh'
[1.755s] INFO:colcon.colcon_core.shell:Creating prefix chain script '/root/AGV/install/setup.zsh'
