[0.417s] Invoking command in '/root/AGV/build/bumperbot_utils': CMAKE_PREFIX_PATH=/opt/ros/humble /usr/bin/cmake --build /root/AGV/build/bumperbot_utils -- -j8 -l8
[0.509s] [ 50%] [32mBuilding CXX object CMakeFiles/safety_stop.dir/src/safety_stop.cpp.o[0m
[0.509s] [ 50%] Built target ament_cmake_python_copy_bumperbot_utils
[0.849s] running egg_info
[0.850s] creating bumperbot_utils.egg-info
[0.851s] writing bumperbot_utils.egg-info/PKG-INFO
[0.851s] writing dependency_links to bumperbot_utils.egg-info/dependency_links.txt
[0.851s] writing top-level names to bumperbot_utils.egg-info/top_level.txt
[0.851s] writing manifest file 'bumperbot_utils.egg-info/SOURCES.txt'
[0.853s] reading manifest file 'bumperbot_utils.egg-info/SOURCES.txt'
[0.854s] writing manifest file 'bumperbot_utils.egg-info/SOURCES.txt'
[0.919s] [ 50%] Built target ament_cmake_python_build_bumperbot_utils_egg
[8.070s] [100%] [32m[1mLinking CXX executable safety_stop[0m
[8.588s] [100%] Built target safety_stop
[8.598s] Invoked command in '/root/AGV/build/bumperbot_utils' returned '0': CMAKE_PREFIX_PATH=/opt/ros/humble /usr/bin/cmake --build /root/AGV/build/bumperbot_utils -- -j8 -l8
[8.618s] Invoking command in '/root/AGV/build/bumperbot_utils': CMAKE_PREFIX_PATH=/opt/ros/humble /usr/bin/cmake --install /root/AGV/build/bumperbot_utils
[8.624s] -- Install configuration: ""
[8.624s] -- Installing: /root/AGV/install/bumperbot_utils/lib/bumperbot_utils/safety_stop
[8.627s] -- Set runtime path of "/root/AGV/install/bumperbot_utils/lib/bumperbot_utils/safety_stop" to ""
[8.628s] -- Installing: /root/AGV/install/bumperbot_utils/share/bumperbot_utils/environment/pythonpath.sh
[8.629s] -- Installing: /root/AGV/install/bumperbot_utils/share/bumperbot_utils/environment/pythonpath.dsv
[8.629s] -- Installing: /root/AGV/install/bumperbot_utils/local/lib/python3.10/dist-packages/bumperbot_utils-0.0.0-py3.10.egg-info
[8.630s] -- Installing: /root/AGV/install/bumperbot_utils/local/lib/python3.10/dist-packages/bumperbot_utils-0.0.0-py3.10.egg-info/PKG-INFO
[8.630s] -- Installing: /root/AGV/install/bumperbot_utils/local/lib/python3.10/dist-packages/bumperbot_utils-0.0.0-py3.10.egg-info/top_level.txt
[8.630s] -- Installing: /root/AGV/install/bumperbot_utils/local/lib/python3.10/dist-packages/bumperbot_utils-0.0.0-py3.10.egg-info/dependency_links.txt
[8.630s] -- Installing: /root/AGV/install/bumperbot_utils/local/lib/python3.10/dist-packages/bumperbot_utils-0.0.0-py3.10.egg-info/SOURCES.txt
[8.630s] -- Installing: /root/AGV/install/bumperbot_utils/local/lib/python3.10/dist-packages/bumperbot_utils
[8.630s] -- Installing: /root/AGV/install/bumperbot_utils/local/lib/python3.10/dist-packages/bumperbot_utils/__init__.py
[8.630s] -- Installing: /root/AGV/install/bumperbot_utils/local/lib/python3.10/dist-packages/bumperbot_utils/safety_stop.py
[8.653s] Listing '/root/AGV/install/bumperbot_utils/local/lib/python3.10/dist-packages/bumperbot_utils'...
[8.653s] Compiling '/root/AGV/install/bumperbot_utils/local/lib/python3.10/dist-packages/bumperbot_utils/__init__.py'...
[8.653s] Compiling '/root/AGV/install/bumperbot_utils/local/lib/python3.10/dist-packages/bumperbot_utils/safety_stop.py'...
[8.657s] -- Installing: /root/AGV/install/bumperbot_utils/lib/bumperbot_utils/safety_stop.py
[8.657s] -- Installing: /root/AGV/install/bumperbot_utils/share/ament_index/resource_index/package_run_dependencies/bumperbot_utils
[8.658s] -- Installing: /root/AGV/install/bumperbot_utils/share/ament_index/resource_index/parent_prefix_path/bumperbot_utils
[8.659s] -- Installing: /root/AGV/install/bumperbot_utils/share/bumperbot_utils/environment/ament_prefix_path.sh
[8.659s] -- Installing: /root/AGV/install/bumperbot_utils/share/bumperbot_utils/environment/ament_prefix_path.dsv
[8.659s] -- Installing: /root/AGV/install/bumperbot_utils/share/bumperbot_utils/environment/path.sh
[8.659s] -- Installing: /root/AGV/install/bumperbot_utils/share/bumperbot_utils/environment/path.dsv
[8.660s] -- Installing: /root/AGV/install/bumperbot_utils/share/bumperbot_utils/local_setup.bash
[8.660s] -- Installing: /root/AGV/install/bumperbot_utils/share/bumperbot_utils/local_setup.sh
[8.661s] -- Installing: /root/AGV/install/bumperbot_utils/share/bumperbot_utils/local_setup.zsh
[8.661s] -- Installing: /root/AGV/install/bumperbot_utils/share/bumperbot_utils/local_setup.dsv
[8.662s] -- Installing: /root/AGV/install/bumperbot_utils/share/bumperbot_utils/package.dsv
[8.663s] -- Installing: /root/AGV/install/bumperbot_utils/share/ament_index/resource_index/packages/bumperbot_utils
[8.663s] -- Installing: /root/AGV/install/bumperbot_utils/share/bumperbot_utils/cmake/bumperbot_utilsConfig.cmake
[8.663s] -- Installing: /root/AGV/install/bumperbot_utils/share/bumperbot_utils/cmake/bumperbot_utilsConfig-version.cmake
[8.664s] -- Installing: /root/AGV/install/bumperbot_utils/share/bumperbot_utils/package.xml
[8.666s] Invoked command in '/root/AGV/build/bumperbot_utils' returned '0': CMAKE_PREFIX_PATH=/opt/ros/humble /usr/bin/cmake --install /root/AGV/build/bumperbot_utils
