[0.324s] Invoking command in '/home/wapush/AGV/bumperbot_ws/build/nav2_straightline_planner': CMAKE_PREFIX_PATH=/opt/ros/iron /usr/bin/cmake --build /home/wapush/AGV/bumperbot_ws/build/nav2_straightline_planner -- -j20 -l20
[0.485s] [ 50%] [32mBuilding CXX object CMakeFiles/nav2_straightline_planner_plugin.dir/src/straight_line_planner.cpp.o[0m
[5.371s] [100%] [32m[1mLinking CXX shared library libnav2_straightline_planner_plugin.so[0m
[6.195s] [100%] Built target nav2_straightline_planner_plugin
[6.205s] Invoked command in '/home/wapush/AGV/bumperbot_ws/build/nav2_straightline_planner' returned '0': CMAKE_PREFIX_PATH=/opt/ros/iron /usr/bin/cmake --build /home/wapush/AGV/bumperbot_ws/build/nav2_straightline_planner -- -j20 -l20
[6.206s] Invoking command in '/home/wapush/AGV/bumperbot_ws/build/nav2_straightline_planner': CMAKE_PREFIX_PATH=/opt/ros/iron /usr/bin/cmake --install /home/wapush/AGV/bumperbot_ws/build/nav2_straightline_planner
[6.212s] -- Install configuration: ""
[6.212s] -- Installing: /home/wapush/AGV/bumperbot_ws/install/nav2_straightline_planner/share/nav2_straightline_planner/global_planner_plugin.xml
[6.213s] -- Installing: /home/wapush/AGV/bumperbot_ws/install/nav2_straightline_planner/lib/libnav2_straightline_planner_plugin.so
[6.213s] -- Set runtime path of "/home/wapush/AGV/bumperbot_ws/install/nav2_straightline_planner/lib/libnav2_straightline_planner_plugin.so" to ""
[6.214s] -- Installing: /home/wapush/AGV/bumperbot_ws/install/nav2_straightline_planner/include/
[6.214s] -- Installing: /home/wapush/AGV/bumperbot_ws/install/nav2_straightline_planner/include//nav2_straightline_planner
[6.214s] -- Installing: /home/wapush/AGV/bumperbot_ws/install/nav2_straightline_planner/include//nav2_straightline_planner/straight_line_planner.hpp
[6.214s] -- Up-to-date: /home/wapush/AGV/bumperbot_ws/install/nav2_straightline_planner/share/nav2_straightline_planner/global_planner_plugin.xml
[6.214s] -- Installing: /home/wapush/AGV/bumperbot_ws/install/nav2_straightline_planner/share/nav2_straightline_planner/environment/library_path.sh
[6.214s] -- Installing: /home/wapush/AGV/bumperbot_ws/install/nav2_straightline_planner/share/nav2_straightline_planner/environment/library_path.dsv
[6.215s] -- Installing: /home/wapush/AGV/bumperbot_ws/install/nav2_straightline_planner/share/ament_index/resource_index/package_run_dependencies/nav2_straightline_planner
[6.215s] -- Installing: /home/wapush/AGV/bumperbot_ws/install/nav2_straightline_planner/share/ament_index/resource_index/parent_prefix_path/nav2_straightline_planner
[6.215s] -- Installing: /home/wapush/AGV/bumperbot_ws/install/nav2_straightline_planner/share/nav2_straightline_planner/environment/ament_prefix_path.sh
[6.215s] -- Installing: /home/wapush/AGV/bumperbot_ws/install/nav2_straightline_planner/share/nav2_straightline_planner/environment/ament_prefix_path.dsv
[6.215s] -- Installing: /home/wapush/AGV/bumperbot_ws/install/nav2_straightline_planner/share/nav2_straightline_planner/environment/path.sh
[6.215s] -- Installing: /home/wapush/AGV/bumperbot_ws/install/nav2_straightline_planner/share/nav2_straightline_planner/environment/path.dsv
[6.215s] -- Installing: /home/wapush/AGV/bumperbot_ws/install/nav2_straightline_planner/share/nav2_straightline_planner/local_setup.bash
[6.215s] -- Installing: /home/wapush/AGV/bumperbot_ws/install/nav2_straightline_planner/share/nav2_straightline_planner/local_setup.sh
[6.215s] -- Installing: /home/wapush/AGV/bumperbot_ws/install/nav2_straightline_planner/share/nav2_straightline_planner/local_setup.zsh
[6.215s] -- Installing: /home/wapush/AGV/bumperbot_ws/install/nav2_straightline_planner/share/nav2_straightline_planner/local_setup.dsv
[6.215s] -- Installing: /home/wapush/AGV/bumperbot_ws/install/nav2_straightline_planner/share/nav2_straightline_planner/package.dsv
[6.216s] -- Installing: /home/wapush/AGV/bumperbot_ws/install/nav2_straightline_planner/share/ament_index/resource_index/packages/nav2_straightline_planner
[6.216s] -- Installing: /home/wapush/AGV/bumperbot_ws/install/nav2_straightline_planner/share/ament_index/resource_index/nav2_core__pluginlib__plugin/nav2_straightline_planner
[6.216s] -- Installing: /home/wapush/AGV/bumperbot_ws/install/nav2_straightline_planner/share/nav2_straightline_planner/cmake/ament_cmake_export_include_directories-extras.cmake
[6.216s] -- Installing: /home/wapush/AGV/bumperbot_ws/install/nav2_straightline_planner/share/nav2_straightline_planner/cmake/ament_cmake_export_libraries-extras.cmake
[6.216s] -- Installing: /home/wapush/AGV/bumperbot_ws/install/nav2_straightline_planner/share/nav2_straightline_planner/cmake/ament_cmake_export_dependencies-extras.cmake
[6.216s] -- Installing: /home/wapush/AGV/bumperbot_ws/install/nav2_straightline_planner/share/nav2_straightline_planner/cmake/nav2_straightline_plannerConfig.cmake
[6.216s] -- Installing: /home/wapush/AGV/bumperbot_ws/install/nav2_straightline_planner/share/nav2_straightline_planner/cmake/nav2_straightline_plannerConfig-version.cmake
[6.217s] -- Installing: /home/wapush/AGV/bumperbot_ws/install/nav2_straightline_planner/share/nav2_straightline_planner/package.xml
[6.220s] Invoked command in '/home/wapush/AGV/bumperbot_ws/build/nav2_straightline_planner' returned '0': CMAKE_PREFIX_PATH=/opt/ros/iron /usr/bin/cmake --install /home/wapush/AGV/bumperbot_ws/build/nav2_straightline_planner
