[0.264s] Invoking command in '/home/wapush/AGV/bumperbot_ws/build/nav2_straightline_planner': CMAKE_PREFIX_PATH=/opt/ros/iron /usr/bin/cmake /home/wapush/AGV/bumperbot_ws/src/nav2_straightline_planner -DCMAKE_INSTALL_PREFIX=/home/wapush/AGV/bumperbot_ws/install/nav2_straightline_planner
[0.422s] -- The C compiler identification is GNU 11.4.0
[1.186s] -- The CXX compiler identification is GNU 11.4.0
[2.200s] -- Detecting C compiler ABI info
[2.405s] -- Detecting C compiler ABI info - done
[2.412s] -- Check for working C compiler: /usr/bin/cc - skipped
[2.412s] -- Detecting C compile features
[2.413s] -- Detecting C compile features - done
[2.418s] -- Detecting CXX compiler ABI info
[2.631s] -- Detecting CXX compiler ABI info - done
[2.638s] -- Check for working CXX compiler: /usr/bin/c++ - skipped
[2.638s] -- Detecting CXX compile features
[2.639s] -- Detecting CXX compile features - done
[2.642s] -- Found ament_cmake: 2.0.7 (/opt/ros/iron/share/ament_cmake/cmake)
[2.816s] -- Found Python3: /usr/bin/python3.10 (found version "3.10.12") found components: Interpreter 
[2.898s] -- Found rclcpp: 21.0.8 (/opt/ros/iron/share/rclcpp/cmake)
[3.144s] -- Found rosidl_generator_c: 4.0.1 (/opt/ros/iron/share/rosidl_generator_c/cmake)
[3.153s] -- Found rosidl_generator_cpp: 4.0.1 (/opt/ros/iron/share/rosidl_generator_cpp/cmake)
[3.167s] -- Using all available rosidl_typesupport_c: rosidl_typesupport_fastrtps_c;rosidl_typesupport_introspection_c
[3.183s] -- Using all available rosidl_typesupport_cpp: rosidl_typesupport_fastrtps_cpp;rosidl_typesupport_introspection_cpp
[3.325s] -- Found rmw_implementation_cmake: 7.1.0 (/opt/ros/iron/share/rmw_implementation_cmake/cmake)
[3.327s] -- Found rmw_fastrtps_cpp: 7.1.4 (/opt/ros/iron/share/rmw_fastrtps_cpp/cmake)
[5.700s] -- Found OpenSSL: /usr/lib/x86_64-linux-gnu/libcrypto.so (found version "3.0.2")  
[8.284s] -- Found FastRTPS: /opt/ros/iron/include  
[13.822s] -- Using RMW implementation 'rmw_fastrtps_cpp' as default
[14.137s] -- Found rclcpp_action: 21.0.8 (/opt/ros/iron/share/rclcpp_action/cmake)
[14.399s] -- Found rclcpp_lifecycle: 21.0.8 (/opt/ros/iron/share/rclcpp_lifecycle/cmake)
[14.550s] -- Found std_msgs: 5.0.1 (/opt/ros/iron/share/std_msgs/cmake)
[14.578s] -- Found visualization_msgs: 5.0.1 (/opt/ros/iron/share/visualization_msgs/cmake)
[14.934s] -- Found nav2_util: 1.2.10 (/opt/ros/iron/share/nav2_util/cmake)
[16.487s] -- Found eigen3_cmake_module: 0.2.2 (/opt/ros/iron/share/eigen3_cmake_module/cmake)
[16.498s] -- Found Eigen3: TRUE (found version "3.4.0") 
[16.498s] -- Ensuring Eigen3 include directory is part of orocos-kdl CMake target
[16.869s] -- Found nav2_costmap_2d: 1.2.10 (/opt/ros/iron/share/nav2_costmap_2d/cmake)
[20.171s] -- Found nav2_core: 1.2.10 (/opt/ros/iron/share/nav2_core/cmake)
[26.476s] -- Found ament_lint_auto: 0.14.4 (/opt/ros/iron/share/ament_lint_auto/cmake)
[26.559s] -- Added test 'copyright' to check source files copyright and LICENSE
[26.560s] -- Added test 'cppcheck' to perform static code analysis on C / C++ code
[26.560s] -- Configured cppcheck include dirs: /home/wapush/AGV/bumperbot_ws/src/nav2_straightline_planner/include
[26.560s] -- Configured cppcheck exclude dirs and/or files: 
[26.561s] -- Added test 'cpplint' to check C / C++ code against the Google style
[26.562s] -- Configured cpplint exclude dirs and/or files: 
[26.562s] -- Added test 'lint_cmake' to check CMake code style
[26.563s] -- Added test 'uncrustify' to check C / C++ code style
[26.563s] -- Configured uncrustify additional arguments: 
[26.564s] -- Added test 'xmllint' to check XML markup files
[26.567s] -- Configuring done
[26.711s] -- Generating done
[26.719s] -- Build files have been written to: /home/wapush/AGV/bumperbot_ws/build/nav2_straightline_planner
