[0.053s] Invoking command in '/root/AGV/build/bumperbot_firmware': CMAKE_PREFIX_PATH=/opt/ros/humble /usr/bin/cmake --build /root/AGV/build/bumperbot_firmware -- -j8 -l8
[0.438s] [ 33%] Built target simple_serial_transmitter
[0.438s] [ 50%] Built target ament_cmake_python_copy_bumperbot_firmware
[0.438s] [ 66%] Built target bumperbot_firmware
[0.438s] [100%] Built target simple_serial_receiver
[0.438s] running egg_info
[0.438s] writing bumperbot_firmware.egg-info/PKG-INFO
[0.438s] writing dependency_links to bumperbot_firmware.egg-info/dependency_links.txt
[0.439s] writing top-level names to bumperbot_firmware.egg-info/top_level.txt
[0.439s] reading manifest file 'bumperbot_firmware.egg-info/SOURCES.txt'
[0.439s] writing manifest file 'bumperbot_firmware.egg-info/SOURCES.txt'
[0.489s] [100%] Built target ament_cmake_python_build_bumperbot_firmware_egg
[0.541s] Invoked command in '/root/AGV/build/bumperbot_firmware' returned '0': CMAKE_PREFIX_PATH=/opt/ros/humble /usr/bin/cmake --build /root/AGV/build/bumperbot_firmware -- -j8 -l8
[0.789s] Invoking command in '/root/AGV/build/bumperbot_firmware': CMAKE_PREFIX_PATH=/opt/ros/humble /usr/bin/cmake --install /root/AGV/build/bumperbot_firmware
[0.793s] -- Install configuration: ""
[0.793s] -- Up-to-date: /root/AGV/install/bumperbot_firmware/share/bumperbot_firmware/environment/pythonpath.sh
[0.793s] -- Up-to-date: /root/AGV/install/bumperbot_firmware/share/bumperbot_firmware/environment/pythonpath.dsv
[0.794s] -- Up-to-date: /root/AGV/install/bumperbot_firmware/local/lib/python3.10/dist-packages/bumperbot_firmware-0.0.0-py3.10.egg-info
[0.794s] -- Installing: /root/AGV/install/bumperbot_firmware/local/lib/python3.10/dist-packages/bumperbot_firmware-0.0.0-py3.10.egg-info/PKG-INFO
[0.794s] -- Installing: /root/AGV/install/bumperbot_firmware/local/lib/python3.10/dist-packages/bumperbot_firmware-0.0.0-py3.10.egg-info/top_level.txt
[0.794s] -- Installing: /root/AGV/install/bumperbot_firmware/local/lib/python3.10/dist-packages/bumperbot_firmware-0.0.0-py3.10.egg-info/dependency_links.txt
[0.794s] -- Installing: /root/AGV/install/bumperbot_firmware/local/lib/python3.10/dist-packages/bumperbot_firmware-0.0.0-py3.10.egg-info/SOURCES.txt
[0.794s] -- Up-to-date: /root/AGV/install/bumperbot_firmware/local/lib/python3.10/dist-packages/bumperbot_firmware
[0.794s] -- Up-to-date: /root/AGV/install/bumperbot_firmware/local/lib/python3.10/dist-packages/bumperbot_firmware/simple_serial_transmitter.py
[0.794s] -- Up-to-date: /root/AGV/install/bumperbot_firmware/local/lib/python3.10/dist-packages/bumperbot_firmware/__init__.py
[0.795s] -- Up-to-date: /root/AGV/install/bumperbot_firmware/local/lib/python3.10/dist-packages/bumperbot_firmware/simple_serial_receiver.py
[0.799s] Listing '/root/AGV/install/bumperbot_firmware/local/lib/python3.10/dist-packages/bumperbot_firmware'...
[0.799s] -- Up-to-date: /root/AGV/install/bumperbot_firmware/share/bumperbot_firmware/bumperbot_interface.xml
[0.799s] -- Up-to-date: /root/AGV/install/bumperbot_firmware/lib/libbumperbot_firmware.so
[0.799s] -- Up-to-date: /root/AGV/install/bumperbot_firmware/include/include
[0.800s] -- Up-to-date: /root/AGV/install/bumperbot_firmware/include/include/bumperbot_interface.hpp
[0.800s] -- Up-to-date: /root/AGV/install/bumperbot_firmware/lib/bumperbot_firmware/simple_serial_transmitter
[0.800s] -- Up-to-date: /root/AGV/install/bumperbot_firmware/lib/bumperbot_firmware/simple_serial_receiver
[0.800s] -- Up-to-date: /root/AGV/install/bumperbot_firmware/lib/bumperbot_firmware/simple_serial_transmitter.py
[0.800s] -- Up-to-date: /root/AGV/install/bumperbot_firmware/lib/bumperbot_firmware/simple_serial_receiver.py
[0.800s] -- Up-to-date: /root/AGV/install/bumperbot_firmware/share/bumperbot_firmware/launch
[0.800s] -- Up-to-date: /root/AGV/install/bumperbot_firmware/share/bumperbot_firmware/launch/hardware_interface.launch.py
[0.800s] -- Up-to-date: /root/AGV/install/bumperbot_firmware/share/bumperbot_firmware/environment/library_path.sh
[0.801s] -- Up-to-date: /root/AGV/install/bumperbot_firmware/share/bumperbot_firmware/environment/library_path.dsv
[0.802s] -- Up-to-date: /root/AGV/install/bumperbot_firmware/share/ament_index/resource_index/package_run_dependencies/bumperbot_firmware
[0.802s] -- Up-to-date: /root/AGV/install/bumperbot_firmware/share/ament_index/resource_index/parent_prefix_path/bumperbot_firmware
[0.803s] -- Up-to-date: /root/AGV/install/bumperbot_firmware/share/bumperbot_firmware/environment/ament_prefix_path.sh
[0.803s] -- Up-to-date: /root/AGV/install/bumperbot_firmware/share/bumperbot_firmware/environment/ament_prefix_path.dsv
[0.806s] -- Up-to-date: /root/AGV/install/bumperbot_firmware/share/bumperbot_firmware/environment/path.sh
[0.806s] -- Up-to-date: /root/AGV/install/bumperbot_firmware/share/bumperbot_firmware/environment/path.dsv
[0.807s] -- Up-to-date: /root/AGV/install/bumperbot_firmware/share/bumperbot_firmware/local_setup.bash
[0.808s] -- Up-to-date: /root/AGV/install/bumperbot_firmware/share/bumperbot_firmware/local_setup.sh
[0.809s] -- Up-to-date: /root/AGV/install/bumperbot_firmware/share/bumperbot_firmware/local_setup.zsh
[0.810s] -- Up-to-date: /root/AGV/install/bumperbot_firmware/share/bumperbot_firmware/local_setup.dsv
[0.810s] -- Installing: /root/AGV/install/bumperbot_firmware/share/bumperbot_firmware/package.dsv
[0.810s] -- Up-to-date: /root/AGV/install/bumperbot_firmware/share/ament_index/resource_index/packages/bumperbot_firmware
[0.810s] -- Up-to-date: /root/AGV/install/bumperbot_firmware/share/ament_index/resource_index/hardware_interface__pluginlib__plugin/bumperbot_firmware
[0.810s] -- Up-to-date: /root/AGV/install/bumperbot_firmware/share/bumperbot_firmware/cmake/ament_cmake_export_include_directories-extras.cmake
[0.811s] -- Up-to-date: /root/AGV/install/bumperbot_firmware/share/bumperbot_firmware/cmake/ament_cmake_export_libraries-extras.cmake
[0.811s] -- Up-to-date: /root/AGV/install/bumperbot_firmware/share/bumperbot_firmware/cmake/ament_cmake_export_dependencies-extras.cmake
[0.811s] -- Up-to-date: /root/AGV/install/bumperbot_firmware/share/bumperbot_firmware/cmake/bumperbot_firmwareConfig.cmake
[0.811s] -- Up-to-date: /root/AGV/install/bumperbot_firmware/share/bumperbot_firmware/cmake/bumperbot_firmwareConfig-version.cmake
[0.811s] -- Up-to-date: /root/AGV/install/bumperbot_firmware/share/bumperbot_firmware/package.xml
[0.839s] Invoked command in '/root/AGV/build/bumperbot_firmware' returned '0': CMAKE_PREFIX_PATH=/opt/ros/humble /usr/bin/cmake --install /root/AGV/build/bumperbot_firmware
