[0.023s] Invoking command in '/home/wapush/AGV/bumperbot_ws/build/bumperbot_firmware': CMAKE_PREFIX_PATH=/opt/ros/iron /usr/bin/cmake --build /home/wapush/AGV/bumperbot_ws/build/bumperbot_firmware -- -j20 -l20
[0.199s] [35m[1mConsolidate compiler generated dependencies of target imu_serial_receiver[0m
[0.199s] [ 25%] Built target bumperbot_firmware
[0.200s] [ 25%] Built target ament_cmake_python_copy_bumperbot_firmware
[0.200s] [ 50%] Built target simple_serial_transmitter
[0.201s] [ 75%] Built target simple_serial_receiver
[0.202s] [ 87%] [32mBuilding CXX object CMakeFiles/imu_serial_receiver.dir/src/imu_serial_receiver.cpp.o[0m
[0.202s] running egg_info
[0.202s] writing bumperbot_firmware.egg-info/PKG-INFO
[0.202s] writing dependency_links to bumperbot_firmware.egg-info/dependency_links.txt
[0.202s] writing top-level names to bumperbot_firmware.egg-info/top_level.txt
[0.202s] reading manifest file 'bumperbot_firmware.egg-info/SOURCES.txt'
[0.202s] writing manifest file 'bumperbot_firmware.egg-info/SOURCES.txt'
[0.212s] [ 87%] Built target ament_cmake_python_build_bumperbot_firmware_egg
[2.871s] [100%] [32m[1mLinking CXX executable imu_serial_receiver[0m
[3.004s] [100%] Built target imu_serial_receiver
[3.009s] Invoked command in '/home/wapush/AGV/bumperbot_ws/build/bumperbot_firmware' returned '0': CMAKE_PREFIX_PATH=/opt/ros/iron /usr/bin/cmake --build /home/wapush/AGV/bumperbot_ws/build/bumperbot_firmware -- -j20 -l20
[3.010s] Invoking command in '/home/wapush/AGV/bumperbot_ws/build/bumperbot_firmware': CMAKE_PREFIX_PATH=/opt/ros/iron /usr/bin/cmake --install /home/wapush/AGV/bumperbot_ws/build/bumperbot_firmware
[3.013s] -- Install configuration: ""
[3.013s] -- Up-to-date: /home/wapush/AGV/bumperbot_ws/install/bumperbot_firmware/share/bumperbot_firmware/environment/pythonpath.sh
[3.013s] -- Up-to-date: /home/wapush/AGV/bumperbot_ws/install/bumperbot_firmware/share/bumperbot_firmware/environment/pythonpath.dsv
[3.013s] -- Up-to-date: /home/wapush/AGV/bumperbot_ws/install/bumperbot_firmware/lib/python3.10/site-packages/bumperbot_firmware-0.0.0-py3.10.egg-info
[3.013s] -- Installing: /home/wapush/AGV/bumperbot_ws/install/bumperbot_firmware/lib/python3.10/site-packages/bumperbot_firmware-0.0.0-py3.10.egg-info/PKG-INFO
[3.014s] -- Installing: /home/wapush/AGV/bumperbot_ws/install/bumperbot_firmware/lib/python3.10/site-packages/bumperbot_firmware-0.0.0-py3.10.egg-info/top_level.txt
[3.014s] -- Installing: /home/wapush/AGV/bumperbot_ws/install/bumperbot_firmware/lib/python3.10/site-packages/bumperbot_firmware-0.0.0-py3.10.egg-info/dependency_links.txt
[3.014s] -- Installing: /home/wapush/AGV/bumperbot_ws/install/bumperbot_firmware/lib/python3.10/site-packages/bumperbot_firmware-0.0.0-py3.10.egg-info/SOURCES.txt
[3.014s] -- Up-to-date: /home/wapush/AGV/bumperbot_ws/install/bumperbot_firmware/lib/python3.10/site-packages/bumperbot_firmware
[3.014s] -- Up-to-date: /home/wapush/AGV/bumperbot_ws/install/bumperbot_firmware/lib/python3.10/site-packages/bumperbot_firmware/simple_serial_transmitter.py
[3.014s] -- Up-to-date: /home/wapush/AGV/bumperbot_ws/install/bumperbot_firmware/lib/python3.10/site-packages/bumperbot_firmware/simple_serial_receiver.py
[3.014s] -- Up-to-date: /home/wapush/AGV/bumperbot_ws/install/bumperbot_firmware/lib/python3.10/site-packages/bumperbot_firmware/__init__.py
[3.030s] Listing '/home/wapush/AGV/bumperbot_ws/install/bumperbot_firmware/lib/python3.10/site-packages/bumperbot_firmware'...
[3.033s] -- Up-to-date: /home/wapush/AGV/bumperbot_ws/install/bumperbot_firmware/share/bumperbot_firmware/bumperbot_interface.xml
[3.033s] -- Up-to-date: /home/wapush/AGV/bumperbot_ws/install/bumperbot_firmware/lib/libbumperbot_firmware.so
[3.033s] -- Up-to-date: /home/wapush/AGV/bumperbot_ws/install/bumperbot_firmware/include/include
[3.033s] -- Up-to-date: /home/wapush/AGV/bumperbot_ws/install/bumperbot_firmware/include/include/bumperbot_interface.hpp
[3.033s] -- Up-to-date: /home/wapush/AGV/bumperbot_ws/install/bumperbot_firmware/include/include/bumperbot_firmware
[3.033s] -- Up-to-date: /home/wapush/AGV/bumperbot_ws/install/bumperbot_firmware/lib/bumperbot_firmware/simple_serial_transmitter
[3.033s] -- Up-to-date: /home/wapush/AGV/bumperbot_ws/install/bumperbot_firmware/lib/bumperbot_firmware/simple_serial_receiver
[3.033s] -- Installing: /home/wapush/AGV/bumperbot_ws/install/bumperbot_firmware/lib/bumperbot_firmware/imu_serial_receiver
[3.034s] -- Set runtime path of "/home/wapush/AGV/bumperbot_ws/install/bumperbot_firmware/lib/bumperbot_firmware/imu_serial_receiver" to ""
[3.034s] -- Up-to-date: /home/wapush/AGV/bumperbot_ws/install/bumperbot_firmware/lib/bumperbot_firmware/simple_serial_transmitter.py
[3.034s] -- Up-to-date: /home/wapush/AGV/bumperbot_ws/install/bumperbot_firmware/lib/bumperbot_firmware/simple_serial_receiver.py
[3.034s] -- Up-to-date: /home/wapush/AGV/bumperbot_ws/install/bumperbot_firmware/share/bumperbot_firmware/launch
[3.034s] -- Up-to-date: /home/wapush/AGV/bumperbot_ws/install/bumperbot_firmware/share/bumperbot_firmware/launch/hardware_interface.launch.py
[3.035s] -- Up-to-date: /home/wapush/AGV/bumperbot_ws/install/bumperbot_firmware/share/bumperbot_firmware/environment/library_path.sh
[3.035s] -- Up-to-date: /home/wapush/AGV/bumperbot_ws/install/bumperbot_firmware/share/bumperbot_firmware/environment/library_path.dsv
[3.035s] -- Up-to-date: /home/wapush/AGV/bumperbot_ws/install/bumperbot_firmware/share/ament_index/resource_index/package_run_dependencies/bumperbot_firmware
[3.035s] -- Up-to-date: /home/wapush/AGV/bumperbot_ws/install/bumperbot_firmware/share/ament_index/resource_index/parent_prefix_path/bumperbot_firmware
[3.035s] -- Up-to-date: /home/wapush/AGV/bumperbot_ws/install/bumperbot_firmware/share/bumperbot_firmware/environment/ament_prefix_path.sh
[3.035s] -- Up-to-date: /home/wapush/AGV/bumperbot_ws/install/bumperbot_firmware/share/bumperbot_firmware/environment/ament_prefix_path.dsv
[3.035s] -- Up-to-date: /home/wapush/AGV/bumperbot_ws/install/bumperbot_firmware/share/bumperbot_firmware/environment/path.sh
[3.035s] -- Up-to-date: /home/wapush/AGV/bumperbot_ws/install/bumperbot_firmware/share/bumperbot_firmware/environment/path.dsv
[3.035s] -- Up-to-date: /home/wapush/AGV/bumperbot_ws/install/bumperbot_firmware/share/bumperbot_firmware/local_setup.bash
[3.035s] -- Up-to-date: /home/wapush/AGV/bumperbot_ws/install/bumperbot_firmware/share/bumperbot_firmware/local_setup.sh
[3.035s] -- Up-to-date: /home/wapush/AGV/bumperbot_ws/install/bumperbot_firmware/share/bumperbot_firmware/local_setup.zsh
[3.035s] -- Up-to-date: /home/wapush/AGV/bumperbot_ws/install/bumperbot_firmware/share/bumperbot_firmware/local_setup.dsv
[3.035s] -- Installing: /home/wapush/AGV/bumperbot_ws/install/bumperbot_firmware/share/bumperbot_firmware/package.dsv
[3.035s] -- Up-to-date: /home/wapush/AGV/bumperbot_ws/install/bumperbot_firmware/share/ament_index/resource_index/packages/bumperbot_firmware
[3.035s] -- Up-to-date: /home/wapush/AGV/bumperbot_ws/install/bumperbot_firmware/share/ament_index/resource_index/hardware_interface__pluginlib__plugin/bumperbot_firmware
[3.035s] -- Up-to-date: /home/wapush/AGV/bumperbot_ws/install/bumperbot_firmware/share/bumperbot_firmware/cmake/ament_cmake_export_include_directories-extras.cmake
[3.035s] -- Up-to-date: /home/wapush/AGV/bumperbot_ws/install/bumperbot_firmware/share/bumperbot_firmware/cmake/ament_cmake_export_libraries-extras.cmake
[3.035s] -- Up-to-date: /home/wapush/AGV/bumperbot_ws/install/bumperbot_firmware/share/bumperbot_firmware/cmake/ament_cmake_export_dependencies-extras.cmake
[3.035s] -- Up-to-date: /home/wapush/AGV/bumperbot_ws/install/bumperbot_firmware/share/bumperbot_firmware/cmake/bumperbot_firmwareConfig.cmake
[3.035s] -- Up-to-date: /home/wapush/AGV/bumperbot_ws/install/bumperbot_firmware/share/bumperbot_firmware/cmake/bumperbot_firmwareConfig-version.cmake
[3.035s] -- Up-to-date: /home/wapush/AGV/bumperbot_ws/install/bumperbot_firmware/share/bumperbot_firmware/package.xml
[3.036s] Invoked command in '/home/wapush/AGV/bumperbot_ws/build/bumperbot_firmware' returned '0': CMAKE_PREFIX_PATH=/opt/ros/iron /usr/bin/cmake --install /home/wapush/AGV/bumperbot_ws/build/bumperbot_firmware
