[0.053s] Invoking command in '/root/AGV/build/bumperbot_controller': CMAKE_PREFIX_PATH=/opt/ros/humble /usr/bin/cmake --build /root/AGV/build/bumperbot_controller -- -j8 -l8
[0.586s] [100%] Built target simple_speed_controller
[0.590s] [100%] Built target ament_cmake_python_copy_bumperbot_controller
[0.644s] running egg_info
[0.644s] writing bumperbot_controller.egg-info/PKG-INFO
[0.646s] writing dependency_links to bumperbot_controller.egg-info/dependency_links.txt
[0.646s] writing top-level names to bumperbot_controller.egg-info/top_level.txt
[0.653s] reading manifest file 'bumperbot_controller.egg-info/SOURCES.txt'
[0.654s] writing manifest file 'bumperbot_controller.egg-info/SOURCES.txt'
[0.749s] [100%] Built target ament_cmake_python_build_bumperbot_controller_egg
[1.012s] Invoked command in '/root/AGV/build/bumperbot_controller' returned '0': CMAKE_PREFIX_PATH=/opt/ros/humble /usr/bin/cmake --build /root/AGV/build/bumperbot_controller -- -j8 -l8
[1.028s] Invoking command in '/root/AGV/build/bumperbot_controller': CMAKE_PREFIX_PATH=/opt/ros/humble /usr/bin/cmake --install /root/AGV/build/bumperbot_controller
[1.060s] -- Install configuration: ""
[1.061s] -- Up-to-date: /root/AGV/install/bumperbot_controller/share/bumperbot_controller/environment/pythonpath.sh
[1.061s] -- Up-to-date: /root/AGV/install/bumperbot_controller/share/bumperbot_controller/environment/pythonpath.dsv
[1.061s] -- Up-to-date: /root/AGV/install/bumperbot_controller/local/lib/python3.10/dist-packages/bumperbot_controller-0.0.0-py3.10.egg-info
[1.061s] -- Installing: /root/AGV/install/bumperbot_controller/local/lib/python3.10/dist-packages/bumperbot_controller-0.0.0-py3.10.egg-info/PKG-INFO
[1.061s] -- Installing: /root/AGV/install/bumperbot_controller/local/lib/python3.10/dist-packages/bumperbot_controller-0.0.0-py3.10.egg-info/top_level.txt
[1.061s] -- Installing: /root/AGV/install/bumperbot_controller/local/lib/python3.10/dist-packages/bumperbot_controller-0.0.0-py3.10.egg-info/dependency_links.txt
[1.064s] -- Installing: /root/AGV/install/bumperbot_controller/local/lib/python3.10/dist-packages/bumperbot_controller-0.0.0-py3.10.egg-info/SOURCES.txt
[1.064s] -- Up-to-date: /root/AGV/install/bumperbot_controller/local/lib/python3.10/dist-packages/bumperbot_controller
[1.064s] -- Up-to-date: /root/AGV/install/bumperbot_controller/local/lib/python3.10/dist-packages/bumperbot_controller/__init__.py
[1.064s] -- Up-to-date: /root/AGV/install/bumperbot_controller/local/lib/python3.10/dist-packages/bumperbot_controller/noisy_controller.py
[1.064s] -- Up-to-date: /root/AGV/install/bumperbot_controller/local/lib/python3.10/dist-packages/bumperbot_controller/simple_speed_controller.py
[1.064s] Listing '/root/AGV/install/bumperbot_controller/local/lib/python3.10/dist-packages/bumperbot_controller'...
[1.064s] -- Up-to-date: /root/AGV/install/bumperbot_controller/include/include
[1.064s] -- Up-to-date: /root/AGV/install/bumperbot_controller/include/include/bumperbot_controller
[1.064s] -- Up-to-date: /root/AGV/install/bumperbot_controller/include/include/bumperbot_controller/simple_speed_controller.hpp
[1.064s] -- Installing: /root/AGV/install/bumperbot_controller/include/include/bumperbot_controller/noisy_controller.hpp
[1.064s] -- Up-to-date: /root/AGV/install/bumperbot_controller/lib/bumperbot_controller/simple_speed_controller
[1.064s] -- Up-to-date: /root/AGV/install/bumperbot_controller/lib/bumperbot_controller/simple_speed_controller.py
[1.065s] -- Up-to-date: /root/AGV/install/bumperbot_controller/share/bumperbot_controller/config
[1.065s] -- Up-to-date: /root/AGV/install/bumperbot_controller/share/bumperbot_controller/config/twist_mux_topics.yaml
[1.065s] -- Up-to-date: /root/AGV/install/bumperbot_controller/share/bumperbot_controller/config/joy_teleop.yaml
[1.065s] -- Up-to-date: /root/AGV/install/bumperbot_controller/share/bumperbot_controller/config/twist_mux_locks.yaml
[1.065s] -- Up-to-date: /root/AGV/install/bumperbot_controller/share/bumperbot_controller/config/twist_mux_joy.yaml
[1.065s] -- Up-to-date: /root/AGV/install/bumperbot_controller/share/bumperbot_controller/config/joy_config.yaml
[1.066s] -- Up-to-date: /root/AGV/install/bumperbot_controller/share/bumperbot_controller/config/bumperbot_controllers.yaml
[1.066s] -- Up-to-date: /root/AGV/install/bumperbot_controller/share/bumperbot_controller/launch
[1.066s] -- Up-to-date: /root/AGV/install/bumperbot_controller/share/bumperbot_controller/launch/simple_controller.cpp
[1.066s] -- Up-to-date: /root/AGV/install/bumperbot_controller/share/bumperbot_controller/launch/controller.launch.py
[1.066s] -- Up-to-date: /root/AGV/install/bumperbot_controller/share/bumperbot_controller/launch/joystick_teleop.launch.py
[1.066s] -- Up-to-date: /root/AGV/install/bumperbot_controller/share/ament_index/resource_index/package_run_dependencies/bumperbot_controller
[1.066s] -- Up-to-date: /root/AGV/install/bumperbot_controller/share/ament_index/resource_index/parent_prefix_path/bumperbot_controller
[1.066s] -- Up-to-date: /root/AGV/install/bumperbot_controller/share/bumperbot_controller/environment/ament_prefix_path.sh
[1.066s] -- Up-to-date: /root/AGV/install/bumperbot_controller/share/bumperbot_controller/environment/ament_prefix_path.dsv
[1.066s] -- Up-to-date: /root/AGV/install/bumperbot_controller/share/bumperbot_controller/environment/path.sh
[1.066s] -- Up-to-date: /root/AGV/install/bumperbot_controller/share/bumperbot_controller/environment/path.dsv
[1.066s] -- Up-to-date: /root/AGV/install/bumperbot_controller/share/bumperbot_controller/local_setup.bash
[1.067s] -- Up-to-date: /root/AGV/install/bumperbot_controller/share/bumperbot_controller/local_setup.sh
[1.067s] -- Up-to-date: /root/AGV/install/bumperbot_controller/share/bumperbot_controller/local_setup.zsh
[1.067s] -- Up-to-date: /root/AGV/install/bumperbot_controller/share/bumperbot_controller/local_setup.dsv
[1.067s] -- Installing: /root/AGV/install/bumperbot_controller/share/bumperbot_controller/package.dsv
[1.067s] -- Up-to-date: /root/AGV/install/bumperbot_controller/share/ament_index/resource_index/packages/bumperbot_controller
[1.067s] -- Up-to-date: /root/AGV/install/bumperbot_controller/share/bumperbot_controller/cmake/bumperbot_controllerConfig.cmake
[1.067s] -- Up-to-date: /root/AGV/install/bumperbot_controller/share/bumperbot_controller/cmake/bumperbot_controllerConfig-version.cmake
[1.067s] -- Up-to-date: /root/AGV/install/bumperbot_controller/share/bumperbot_controller/package.xml
[1.096s] Invoked command in '/root/AGV/build/bumperbot_controller' returned '0': CMAKE_PREFIX_PATH=/opt/ros/humble /usr/bin/cmake --install /root/AGV/build/bumperbot_controller
