[0.068s] Invoking command in '/home/wapush/AGV/bumperbot_ws/build/bumperbot_firmware': CMAKE_PREFIX_PATH=/opt/ros/humble /usr/bin/cmake --build /home/wapush/AGV/bumperbot_ws/build/bumperbot_firmware -- -j20 -l20
[0.553s] [ 66%] Built target ament_cmake_python_copy_bumperbot_firmware
[0.553s] [100%] Built target simple_serial_transmitter
[0.553s] [100%] Built target simple_serial_receiver
[0.554s] [100%] Built target bumperbot_firmware
[0.554s] running egg_info
[0.555s] writing bumperbot_firmware.egg-info/PKG-INFO
[0.555s] writing dependency_links to bumperbot_firmware.egg-info/dependency_links.txt
[0.557s] writing top-level names to bumperbot_firmware.egg-info/top_level.txt
[0.560s] reading manifest file 'bumperbot_firmware.egg-info/SOURCES.txt'
[0.573s] writing manifest file 'bumperbot_firmware.egg-info/SOURCES.txt'
[0.647s] [100%] Built target ament_cmake_python_build_bumperbot_firmware_egg
[1.124s] Invoked command in '/home/wapush/AGV/bumperbot_ws/build/bumperbot_firmware' returned '0': CMAKE_PREFIX_PATH=/opt/ros/humble /usr/bin/cmake --build /home/wapush/AGV/bumperbot_ws/build/bumperbot_firmware -- -j20 -l20
[1.152s] Invoking command in '/home/wapush/AGV/bumperbot_ws/build/bumperbot_firmware': CMAKE_PREFIX_PATH=/opt/ros/humble /usr/bin/cmake --install /home/wapush/AGV/bumperbot_ws/build/bumperbot_firmware
[1.174s] -- Install configuration: ""
[1.174s] -- Up-to-date: /home/wapush/AGV/bumperbot_ws/install/bumperbot_firmware/share/bumperbot_firmware/environment/pythonpath.sh
[1.174s] -- Up-to-date: /home/wapush/AGV/bumperbot_ws/install/bumperbot_firmware/share/bumperbot_firmware/environment/pythonpath.dsv
[1.174s] -- Up-to-date: /home/wapush/AGV/bumperbot_ws/install/bumperbot_firmware/local/lib/python3.10/dist-packages/bumperbot_firmware-0.0.0-py3.10.egg-info
[1.175s] -- Installing: /home/wapush/AGV/bumperbot_ws/install/bumperbot_firmware/local/lib/python3.10/dist-packages/bumperbot_firmware-0.0.0-py3.10.egg-info/PKG-INFO
[1.175s] -- Installing: /home/wapush/AGV/bumperbot_ws/install/bumperbot_firmware/local/lib/python3.10/dist-packages/bumperbot_firmware-0.0.0-py3.10.egg-info/top_level.txt
[1.175s] -- Installing: /home/wapush/AGV/bumperbot_ws/install/bumperbot_firmware/local/lib/python3.10/dist-packages/bumperbot_firmware-0.0.0-py3.10.egg-info/dependency_links.txt
[1.175s] -- Installing: /home/wapush/AGV/bumperbot_ws/install/bumperbot_firmware/local/lib/python3.10/dist-packages/bumperbot_firmware-0.0.0-py3.10.egg-info/SOURCES.txt
[1.176s] -- Up-to-date: /home/wapush/AGV/bumperbot_ws/install/bumperbot_firmware/local/lib/python3.10/dist-packages/bumperbot_firmware
[1.176s] -- Up-to-date: /home/wapush/AGV/bumperbot_ws/install/bumperbot_firmware/local/lib/python3.10/dist-packages/bumperbot_firmware/simple_serial_transmitter.py
[1.176s] -- Up-to-date: /home/wapush/AGV/bumperbot_ws/install/bumperbot_firmware/local/lib/python3.10/dist-packages/bumperbot_firmware/simple_serial_receiver.py
[1.176s] -- Up-to-date: /home/wapush/AGV/bumperbot_ws/install/bumperbot_firmware/local/lib/python3.10/dist-packages/bumperbot_firmware/__init__.py
[1.177s] Listing '/home/wapush/AGV/bumperbot_ws/install/bumperbot_firmware/local/lib/python3.10/dist-packages/bumperbot_firmware'...
[1.178s] -- Up-to-date: /home/wapush/AGV/bumperbot_ws/install/bumperbot_firmware/share/bumperbot_firmware/bumperbot_interface.xml
[1.178s] -- Up-to-date: /home/wapush/AGV/bumperbot_ws/install/bumperbot_firmware/lib/libbumperbot_firmware.so
[1.178s] -- Up-to-date: /home/wapush/AGV/bumperbot_ws/install/bumperbot_firmware/include/include
[1.178s] -- Up-to-date: /home/wapush/AGV/bumperbot_ws/install/bumperbot_firmware/include/include/bumperbot_interface.hpp
[1.178s] -- Up-to-date: /home/wapush/AGV/bumperbot_ws/install/bumperbot_firmware/include/include/bumperbot_firmware
[1.178s] -- Up-to-date: /home/wapush/AGV/bumperbot_ws/install/bumperbot_firmware/lib/bumperbot_firmware/simple_serial_transmitter
[1.179s] -- Up-to-date: /home/wapush/AGV/bumperbot_ws/install/bumperbot_firmware/lib/bumperbot_firmware/simple_serial_receiver
[1.179s] -- Up-to-date: /home/wapush/AGV/bumperbot_ws/install/bumperbot_firmware/lib/bumperbot_firmware/simple_serial_transmitter.py
[1.179s] -- Up-to-date: /home/wapush/AGV/bumperbot_ws/install/bumperbot_firmware/lib/bumperbot_firmware/simple_serial_receiver.py
[1.179s] -- Up-to-date: /home/wapush/AGV/bumperbot_ws/install/bumperbot_firmware/share/bumperbot_firmware/launch
[1.179s] -- Up-to-date: /home/wapush/AGV/bumperbot_ws/install/bumperbot_firmware/share/bumperbot_firmware/launch/hardware_interface.launch.py
[1.180s] -- Up-to-date: /home/wapush/AGV/bumperbot_ws/install/bumperbot_firmware/share/bumperbot_firmware/environment/library_path.sh
[1.180s] -- Up-to-date: /home/wapush/AGV/bumperbot_ws/install/bumperbot_firmware/share/bumperbot_firmware/environment/library_path.dsv
[1.180s] -- Up-to-date: /home/wapush/AGV/bumperbot_ws/install/bumperbot_firmware/share/ament_index/resource_index/package_run_dependencies/bumperbot_firmware
[1.180s] -- Up-to-date: /home/wapush/AGV/bumperbot_ws/install/bumperbot_firmware/share/ament_index/resource_index/parent_prefix_path/bumperbot_firmware
[1.181s] -- Up-to-date: /home/wapush/AGV/bumperbot_ws/install/bumperbot_firmware/share/bumperbot_firmware/environment/ament_prefix_path.sh
[1.181s] -- Up-to-date: /home/wapush/AGV/bumperbot_ws/install/bumperbot_firmware/share/bumperbot_firmware/environment/ament_prefix_path.dsv
[1.182s] -- Up-to-date: /home/wapush/AGV/bumperbot_ws/install/bumperbot_firmware/share/bumperbot_firmware/environment/path.sh
[1.182s] -- Up-to-date: /home/wapush/AGV/bumperbot_ws/install/bumperbot_firmware/share/bumperbot_firmware/environment/path.dsv
[1.182s] -- Up-to-date: /home/wapush/AGV/bumperbot_ws/install/bumperbot_firmware/share/bumperbot_firmware/local_setup.bash
[1.183s] -- Up-to-date: /home/wapush/AGV/bumperbot_ws/install/bumperbot_firmware/share/bumperbot_firmware/local_setup.sh
[1.183s] -- Up-to-date: /home/wapush/AGV/bumperbot_ws/install/bumperbot_firmware/share/bumperbot_firmware/local_setup.zsh
[1.183s] -- Up-to-date: /home/wapush/AGV/bumperbot_ws/install/bumperbot_firmware/share/bumperbot_firmware/local_setup.dsv
[1.183s] -- Installing: /home/wapush/AGV/bumperbot_ws/install/bumperbot_firmware/share/bumperbot_firmware/package.dsv
[1.184s] -- Up-to-date: /home/wapush/AGV/bumperbot_ws/install/bumperbot_firmware/share/ament_index/resource_index/packages/bumperbot_firmware
[1.185s] -- Up-to-date: /home/wapush/AGV/bumperbot_ws/install/bumperbot_firmware/share/ament_index/resource_index/hardware_interface__pluginlib__plugin/bumperbot_firmware
[1.185s] -- Up-to-date: /home/wapush/AGV/bumperbot_ws/install/bumperbot_firmware/share/bumperbot_firmware/cmake/ament_cmake_export_include_directories-extras.cmake
[1.185s] -- Up-to-date: /home/wapush/AGV/bumperbot_ws/install/bumperbot_firmware/share/bumperbot_firmware/cmake/ament_cmake_export_libraries-extras.cmake
[1.186s] -- Up-to-date: /home/wapush/AGV/bumperbot_ws/install/bumperbot_firmware/share/bumperbot_firmware/cmake/ament_cmake_export_dependencies-extras.cmake
[1.186s] -- Up-to-date: /home/wapush/AGV/bumperbot_ws/install/bumperbot_firmware/share/bumperbot_firmware/cmake/bumperbot_firmwareConfig.cmake
[1.186s] -- Up-to-date: /home/wapush/AGV/bumperbot_ws/install/bumperbot_firmware/share/bumperbot_firmware/cmake/bumperbot_firmwareConfig-version.cmake
[1.187s] -- Up-to-date: /home/wapush/AGV/bumperbot_ws/install/bumperbot_firmware/share/bumperbot_firmware/package.xml
[1.193s] Invoked command in '/home/wapush/AGV/bumperbot_ws/build/bumperbot_firmware' returned '0': CMAKE_PREFIX_PATH=/opt/ros/humble /usr/bin/cmake --install /home/wapush/AGV/bumperbot_ws/build/bumperbot_firmware
