[0.050s] Invoking command in '/home/wapush/AGV/bumperbot_ws/build/bumperbot_controller': CMAKE_PREFIX_PATH=/opt/ros/iron /usr/bin/cmake --build /home/wapush/AGV/bumperbot_ws/build/bumperbot_controller -- -j20 -l20
[0.338s] [ 50%] Built target simple_speed_controller
[0.338s] [100%] Built target noisy_controller
[0.338s] [100%] Built target ament_cmake_python_copy_bumperbot_controller
[0.504s] running egg_info
[0.505s] writing bumperbot_controller.egg-info/PKG-INFO
[0.505s] writing dependency_links to bumperbot_controller.egg-info/dependency_links.txt
[0.505s] writing top-level names to bumperbot_controller.egg-info/top_level.txt
[0.516s] reading manifest file 'bumperbot_controller.egg-info/SOURCES.txt'
[0.519s] writing manifest file 'bumperbot_controller.egg-info/SOURCES.txt'
[0.611s] [100%] Built target ament_cmake_python_build_bumperbot_controller_egg
[0.643s] Invoked command in '/home/wapush/AGV/bumperbot_ws/build/bumperbot_controller' returned '0': CMAKE_PREFIX_PATH=/opt/ros/iron /usr/bin/cmake --build /home/wapush/AGV/bumperbot_ws/build/bumperbot_controller -- -j20 -l20
[0.655s] Invoking command in '/home/wapush/AGV/bumperbot_ws/build/bumperbot_controller': CMAKE_PREFIX_PATH=/opt/ros/iron /usr/bin/cmake --install /home/wapush/AGV/bumperbot_ws/build/bumperbot_controller
[0.659s] -- Install configuration: ""
[0.659s] -- Up-to-date: /home/wapush/AGV/bumperbot_ws/install/bumperbot_controller/share/bumperbot_controller/environment/pythonpath.sh
[0.659s] -- Up-to-date: /home/wapush/AGV/bumperbot_ws/install/bumperbot_controller/share/bumperbot_controller/environment/pythonpath.dsv
[0.660s] -- Up-to-date: /home/wapush/AGV/bumperbot_ws/install/bumperbot_controller/lib/python3.10/site-packages/bumperbot_controller-0.0.0-py3.10.egg-info
[0.660s] -- Installing: /home/wapush/AGV/bumperbot_ws/install/bumperbot_controller/lib/python3.10/site-packages/bumperbot_controller-0.0.0-py3.10.egg-info/PKG-INFO
[0.660s] -- Installing: /home/wapush/AGV/bumperbot_ws/install/bumperbot_controller/lib/python3.10/site-packages/bumperbot_controller-0.0.0-py3.10.egg-info/top_level.txt
[0.661s] -- Installing: /home/wapush/AGV/bumperbot_ws/install/bumperbot_controller/lib/python3.10/site-packages/bumperbot_controller-0.0.0-py3.10.egg-info/dependency_links.txt
[0.661s] -- Installing: /home/wapush/AGV/bumperbot_ws/install/bumperbot_controller/lib/python3.10/site-packages/bumperbot_controller-0.0.0-py3.10.egg-info/SOURCES.txt
[0.661s] -- Up-to-date: /home/wapush/AGV/bumperbot_ws/install/bumperbot_controller/lib/python3.10/site-packages/bumperbot_controller
[0.661s] -- Up-to-date: /home/wapush/AGV/bumperbot_ws/install/bumperbot_controller/lib/python3.10/site-packages/bumperbot_controller/noisy_controller.py
[0.661s] -- Up-to-date: /home/wapush/AGV/bumperbot_ws/install/bumperbot_controller/lib/python3.10/site-packages/bumperbot_controller/simple_speed_controller.py
[0.661s] -- Up-to-date: /home/wapush/AGV/bumperbot_ws/install/bumperbot_controller/lib/python3.10/site-packages/bumperbot_controller/gps_waypoint_logger.py
[0.662s] -- Up-to-date: /home/wapush/AGV/bumperbot_ws/install/bumperbot_controller/lib/python3.10/site-packages/bumperbot_controller/utils
[0.662s] -- Up-to-date: /home/wapush/AGV/bumperbot_ws/install/bumperbot_controller/lib/python3.10/site-packages/bumperbot_controller/utils/gps_utils.py
[0.662s] -- Up-to-date: /home/wapush/AGV/bumperbot_ws/install/bumperbot_controller/lib/python3.10/site-packages/bumperbot_controller/utils/__init__.py
[0.662s] -- Up-to-date: /home/wapush/AGV/bumperbot_ws/install/bumperbot_controller/lib/python3.10/site-packages/bumperbot_controller/trajectory_plotter.py
[0.662s] -- Up-to-date: /home/wapush/AGV/bumperbot_ws/install/bumperbot_controller/lib/python3.10/site-packages/bumperbot_controller/logged_waypoint_follower.py
[0.663s] -- Up-to-date: /home/wapush/AGV/bumperbot_ws/install/bumperbot_controller/lib/python3.10/site-packages/bumperbot_controller/__init__.py
[0.694s] Listing '/home/wapush/AGV/bumperbot_ws/install/bumperbot_controller/lib/python3.10/site-packages/bumperbot_controller'...
[0.694s] Listing '/home/wapush/AGV/bumperbot_ws/install/bumperbot_controller/lib/python3.10/site-packages/bumperbot_controller/utils'...
[0.698s] -- Up-to-date: /home/wapush/AGV/bumperbot_ws/install/bumperbot_controller/include/include
[0.698s] -- Up-to-date: /home/wapush/AGV/bumperbot_ws/install/bumperbot_controller/include/include/bumperbot_controller
[0.698s] -- Up-to-date: /home/wapush/AGV/bumperbot_ws/install/bumperbot_controller/include/include/bumperbot_controller/noisy_controller.hpp
[0.698s] -- Up-to-date: /home/wapush/AGV/bumperbot_ws/install/bumperbot_controller/include/include/bumperbot_controller/simple_speed_controller.hpp
[0.698s] -- Up-to-date: /home/wapush/AGV/bumperbot_ws/install/bumperbot_controller/lib/bumperbot_controller/simple_speed_controller
[0.699s] -- Up-to-date: /home/wapush/AGV/bumperbot_ws/install/bumperbot_controller/lib/bumperbot_controller/noisy_controller
[0.700s] -- Up-to-date: /home/wapush/AGV/bumperbot_ws/install/bumperbot_controller/share/bumperbot_controller/launch
[0.700s] -- Up-to-date: /home/wapush/AGV/bumperbot_ws/install/bumperbot_controller/share/bumperbot_controller/launch/joystick_teleop.launch.py
[0.700s] -- Up-to-date: /home/wapush/AGV/bumperbot_ws/install/bumperbot_controller/share/bumperbot_controller/launch/controller.launch.py
[0.700s] -- Up-to-date: /home/wapush/AGV/bumperbot_ws/install/bumperbot_controller/share/bumperbot_controller/config
[0.701s] -- Up-to-date: /home/wapush/AGV/bumperbot_ws/install/bumperbot_controller/share/bumperbot_controller/config/waypoints.yaml
[0.701s] -- Up-to-date: /home/wapush/AGV/bumperbot_ws/install/bumperbot_controller/share/bumperbot_controller/config/joy_config.yaml
[0.701s] -- Up-to-date: /home/wapush/AGV/bumperbot_ws/install/bumperbot_controller/share/bumperbot_controller/config/joy_teleop.yaml
[0.701s] -- Up-to-date: /home/wapush/AGV/bumperbot_ws/install/bumperbot_controller/share/bumperbot_controller/config/twist_mux_locks.yaml
[0.701s] -- Up-to-date: /home/wapush/AGV/bumperbot_ws/install/bumperbot_controller/share/bumperbot_controller/config/twist_mux_topics.yaml
[0.702s] -- Up-to-date: /home/wapush/AGV/bumperbot_ws/install/bumperbot_controller/share/bumperbot_controller/config/twist_mux_joy.yaml
[0.702s] -- Up-to-date: /home/wapush/AGV/bumperbot_ws/install/bumperbot_controller/share/bumperbot_controller/config/bumperbot_controllers.yaml
[0.702s] -- Up-to-date: /home/wapush/AGV/bumperbot_ws/install/bumperbot_controller/lib/bumperbot_controller/simple_speed_controller.py
[0.702s] -- Up-to-date: /home/wapush/AGV/bumperbot_ws/install/bumperbot_controller/lib/bumperbot_controller/noisy_controller.py
[0.702s] -- Up-to-date: /home/wapush/AGV/bumperbot_ws/install/bumperbot_controller/lib/bumperbot_controller/gps_waypoint_logger.py
[0.702s] -- Up-to-date: /home/wapush/AGV/bumperbot_ws/install/bumperbot_controller/lib/bumperbot_controller/logged_waypoint_follower.py
[0.702s] -- Up-to-date: /home/wapush/AGV/bumperbot_ws/install/bumperbot_controller/lib/bumperbot_controller/trajectory_plotter.py
[0.703s] -- Up-to-date: /home/wapush/AGV/bumperbot_ws/install/bumperbot_controller/share/ament_index/resource_index/package_run_dependencies/bumperbot_controller
[0.703s] -- Up-to-date: /home/wapush/AGV/bumperbot_ws/install/bumperbot_controller/share/ament_index/resource_index/parent_prefix_path/bumperbot_controller
[0.703s] -- Up-to-date: /home/wapush/AGV/bumperbot_ws/install/bumperbot_controller/share/bumperbot_controller/environment/ament_prefix_path.sh
[0.703s] -- Up-to-date: /home/wapush/AGV/bumperbot_ws/install/bumperbot_controller/share/bumperbot_controller/environment/ament_prefix_path.dsv
[0.703s] -- Up-to-date: /home/wapush/AGV/bumperbot_ws/install/bumperbot_controller/share/bumperbot_controller/environment/path.sh
[0.703s] -- Up-to-date: /home/wapush/AGV/bumperbot_ws/install/bumperbot_controller/share/bumperbot_controller/environment/path.dsv
[0.703s] -- Up-to-date: /home/wapush/AGV/bumperbot_ws/install/bumperbot_controller/share/bumperbot_controller/local_setup.bash
[0.703s] -- Up-to-date: /home/wapush/AGV/bumperbot_ws/install/bumperbot_controller/share/bumperbot_controller/local_setup.sh
[0.704s] -- Up-to-date: /home/wapush/AGV/bumperbot_ws/install/bumperbot_controller/share/bumperbot_controller/local_setup.zsh
[0.704s] -- Up-to-date: /home/wapush/AGV/bumperbot_ws/install/bumperbot_controller/share/bumperbot_controller/local_setup.dsv
[0.704s] -- Installing: /home/wapush/AGV/bumperbot_ws/install/bumperbot_controller/share/bumperbot_controller/package.dsv
[0.704s] -- Up-to-date: /home/wapush/AGV/bumperbot_ws/install/bumperbot_controller/share/ament_index/resource_index/packages/bumperbot_controller
[0.704s] -- Up-to-date: /home/wapush/AGV/bumperbot_ws/install/bumperbot_controller/share/bumperbot_controller/cmake/bumperbot_controllerConfig.cmake
[0.704s] -- Up-to-date: /home/wapush/AGV/bumperbot_ws/install/bumperbot_controller/share/bumperbot_controller/cmake/bumperbot_controllerConfig-version.cmake
[0.704s] -- Up-to-date: /home/wapush/AGV/bumperbot_ws/install/bumperbot_controller/share/bumperbot_controller/package.xml
[0.748s] Invoked command in '/home/wapush/AGV/bumperbot_ws/build/bumperbot_controller' returned '0': CMAKE_PREFIX_PATH=/opt/ros/iron /usr/bin/cmake --install /home/wapush/AGV/bumperbot_ws/build/bumperbot_controller
