[35m[1mConsolidate compiler generated dependencies of target imu_republisher[0m
[100%] Built target imu_republisher
[100%] Built target ament_cmake_python_copy_bumperbot_localization
running egg_info
writing bumperbot_localization.egg-info/PKG-INFO
writing dependency_links to bumperbot_localization.egg-info/dependency_links.txt
writing top-level names to bumperbot_localization.egg-info/top_level.txt
reading manifest file 'bumperbot_localization.egg-info/SOURCES.txt'
writing manifest file 'bumperbot_localization.egg-info/SOURCES.txt'
[100%] Built target ament_cmake_python_build_bumperbot_localization_egg
-- Install configuration: ""
-- Installing: /root/AGV/install/bumperbot_localization/share/bumperbot_localization/environment/pythonpath.sh
-- Installing: /root/AGV/install/bumperbot_localization/share/bumperbot_localization/environment/pythonpath.dsv
-- Installing: /root/AGV/install/bumperbot_localization/local/lib/python3.10/dist-packages/bumperbot_localization-0.0.0-py3.10.egg-info
-- Installing: /root/AGV/install/bumperbot_localization/local/lib/python3.10/dist-packages/bumperbot_localization-0.0.0-py3.10.egg-info/PKG-INFO
-- Installing: /root/AGV/install/bumperbot_localization/local/lib/python3.10/dist-packages/bumperbot_localization-0.0.0-py3.10.egg-info/top_level.txt
-- Installing: /root/AGV/install/bumperbot_localization/local/lib/python3.10/dist-packages/bumperbot_localization-0.0.0-py3.10.egg-info/dependency_links.txt
-- Installing: /root/AGV/install/bumperbot_localization/local/lib/python3.10/dist-packages/bumperbot_localization-0.0.0-py3.10.egg-info/SOURCES.txt
-- Installing: /root/AGV/install/bumperbot_localization/local/lib/python3.10/dist-packages/bumperbot_localization
-- Installing: /root/AGV/install/bumperbot_localization/local/lib/python3.10/dist-packages/bumperbot_localization/__init__.py
-- Installing: /root/AGV/install/bumperbot_localization/local/lib/python3.10/dist-packages/bumperbot_localization/imu_republisher.py
Listing '/root/AGV/install/bumperbot_localization/local/lib/python3.10/dist-packages/bumperbot_localization'...
Compiling '/root/AGV/install/bumperbot_localization/local/lib/python3.10/dist-packages/bumperbot_localization/__init__.py'...
Compiling '/root/AGV/install/bumperbot_localization/local/lib/python3.10/dist-packages/bumperbot_localization/imu_republisher.py'...
[31mCMake Error at cmake_install.cmake:70 (file):
  file INSTALL cannot find
  "/root/AGV/bumperbot_ws/src/bumperbot_localization/include": No such file
  or directory.

[0m
