[0.042s] Invoking command in '/root/AGV/build/bumperbot_localization': CMAKE_PREFIX_PATH=/opt/ros/humble /usr/bin/cmake --build /root/AGV/build/bumperbot_localization -- -j8 -l8
[0.406s] [35m[1mConsolidate compiler generated dependencies of target imu_republisher[0m
[0.406s] [100%] Built target imu_republisher
[0.406s] [100%] Built target ament_cmake_python_copy_bumperbot_localization
[0.406s] running egg_info
[0.406s] writing bumperbot_localization.egg-info/PKG-INFO
[0.407s] writing dependency_links to bumperbot_localization.egg-info/dependency_links.txt
[0.407s] writing top-level names to bumperbot_localization.egg-info/top_level.txt
[0.407s] reading manifest file 'bumperbot_localization.egg-info/SOURCES.txt'
[0.407s] writing manifest file 'bumperbot_localization.egg-info/SOURCES.txt'
[0.475s] [100%] Built target ament_cmake_python_build_bumperbot_localization_egg
[0.552s] Invoked command in '/root/AGV/build/bumperbot_localization' returned '0': CMAKE_PREFIX_PATH=/opt/ros/humble /usr/bin/cmake --build /root/AGV/build/bumperbot_localization -- -j8 -l8
[0.764s] Invoking command in '/root/AGV/build/bumperbot_localization': CMAKE_PREFIX_PATH=/opt/ros/humble /usr/bin/cmake --install /root/AGV/build/bumperbot_localization
[0.809s] -- Install configuration: ""
[0.809s] -- Installing: /root/AGV/install/bumperbot_localization/share/bumperbot_localization/environment/pythonpath.sh
[0.809s] -- Installing: /root/AGV/install/bumperbot_localization/share/bumperbot_localization/environment/pythonpath.dsv
[0.810s] -- Installing: /root/AGV/install/bumperbot_localization/local/lib/python3.10/dist-packages/bumperbot_localization-0.0.0-py3.10.egg-info
[0.810s] -- Installing: /root/AGV/install/bumperbot_localization/local/lib/python3.10/dist-packages/bumperbot_localization-0.0.0-py3.10.egg-info/PKG-INFO
[0.810s] -- Installing: /root/AGV/install/bumperbot_localization/local/lib/python3.10/dist-packages/bumperbot_localization-0.0.0-py3.10.egg-info/top_level.txt
[0.810s] -- Installing: /root/AGV/install/bumperbot_localization/local/lib/python3.10/dist-packages/bumperbot_localization-0.0.0-py3.10.egg-info/dependency_links.txt
[0.810s] -- Installing: /root/AGV/install/bumperbot_localization/local/lib/python3.10/dist-packages/bumperbot_localization-0.0.0-py3.10.egg-info/SOURCES.txt
[0.810s] -- Installing: /root/AGV/install/bumperbot_localization/local/lib/python3.10/dist-packages/bumperbot_localization
[0.810s] -- Installing: /root/AGV/install/bumperbot_localization/local/lib/python3.10/dist-packages/bumperbot_localization/__init__.py
[0.810s] -- Installing: /root/AGV/install/bumperbot_localization/local/lib/python3.10/dist-packages/bumperbot_localization/imu_republisher.py
[0.815s] Listing '/root/AGV/install/bumperbot_localization/local/lib/python3.10/dist-packages/bumperbot_localization'...
[0.816s] Compiling '/root/AGV/install/bumperbot_localization/local/lib/python3.10/dist-packages/bumperbot_localization/__init__.py'...
[0.816s] Compiling '/root/AGV/install/bumperbot_localization/local/lib/python3.10/dist-packages/bumperbot_localization/imu_republisher.py'...
[0.830s] [31mCMake Error at cmake_install.cmake:70 (file):
[0.830s]   file INSTALL cannot find
[0.830s]   "/root/AGV/bumperbot_ws/src/bumperbot_localization/include": No such file
[0.830s]   or directory.
[0.830s] 
[0.830s] [0m
[0.834s] Invoked command in '/root/AGV/build/bumperbot_localization' returned '1': CMAKE_PREFIX_PATH=/opt/ros/humble /usr/bin/cmake --install /root/AGV/build/bumperbot_localization
