[0.904s] Invoking command in '/root/AGV/bumperbot_ws/src/bumperbot_py_examples': PYTHONPATH=/root/AGV/bumperbot_ws/build/bumperbot_py_examples/prefix_override:/usr/lib/python3/dist-packages/colcon_core/task/python/colcon_distutils_commands:/root/AGV/bumperbot_ws/install/bumperbot_py_examples/lib/python3.10/site-packages:${PYTHONPATH} /usr/bin/python3 -W ignore:setup.py install is deprecated setup.py egg_info --egg-base ../../build/bumperbot_py_examples build --build-base /root/AGV/bumperbot_ws/build/bumperbot_py_examples/build install --record /root/AGV/bumperbot_ws/build/bumperbot_py_examples/install.log --single-version-externally-managed install_data
[1.796s] running egg_info
[1.796s] creating ../../build/bumperbot_py_examples/bumperbot_py_examples.egg-info
[1.796s] writing ../../build/bumperbot_py_examples/bumperbot_py_examples.egg-info/PKG-INFO
[1.796s] writing dependency_links to ../../build/bumperbot_py_examples/bumperbot_py_examples.egg-info/dependency_links.txt
[1.796s] writing entry points to ../../build/bumperbot_py_examples/bumperbot_py_examples.egg-info/entry_points.txt
[1.796s] writing requirements to ../../build/bumperbot_py_examples/bumperbot_py_examples.egg-info/requires.txt
[1.796s] writing top-level names to ../../build/bumperbot_py_examples/bumperbot_py_examples.egg-info/top_level.txt
[1.796s] writing manifest file '../../build/bumperbot_py_examples/bumperbot_py_examples.egg-info/SOURCES.txt'
[1.796s] reading manifest file '../../build/bumperbot_py_examples/bumperbot_py_examples.egg-info/SOURCES.txt'
[1.797s] writing manifest file '../../build/bumperbot_py_examples/bumperbot_py_examples.egg-info/SOURCES.txt'
[1.797s] running build
[1.797s] running build_py
[1.797s] creating /root/AGV/bumperbot_ws/build/bumperbot_py_examples/build
[1.797s] creating /root/AGV/bumperbot_ws/build/bumperbot_py_examples/build/lib
[1.797s] creating /root/AGV/bumperbot_ws/build/bumperbot_py_examples/build/lib/bumperbot_py_examples
[1.797s] copying bumperbot_py_examples/simple_publisher.py -> /root/AGV/bumperbot_ws/build/bumperbot_py_examples/build/lib/bumperbot_py_examples
[1.797s] copying bumperbot_py_examples/__init__.py -> /root/AGV/bumperbot_ws/build/bumperbot_py_examples/build/lib/bumperbot_py_examples
[1.797s] copying bumperbot_py_examples/turtlesim_kinematics.py -> /root/AGV/bumperbot_ws/build/bumperbot_py_examples/build/lib/bumperbot_py_examples
[1.797s] running install
[1.797s] running install_lib
[1.797s] creating /root/AGV/bumperbot_ws/install/bumperbot_py_examples/lib/python3.10/site-packages/bumperbot_py_examples
[1.797s] copying /root/AGV/bumperbot_ws/build/bumperbot_py_examples/build/lib/bumperbot_py_examples/simple_publisher.py -> /root/AGV/bumperbot_ws/install/bumperbot_py_examples/lib/python3.10/site-packages/bumperbot_py_examples
[1.798s] copying /root/AGV/bumperbot_ws/build/bumperbot_py_examples/build/lib/bumperbot_py_examples/__init__.py -> /root/AGV/bumperbot_ws/install/bumperbot_py_examples/lib/python3.10/site-packages/bumperbot_py_examples
[1.798s] copying /root/AGV/bumperbot_ws/build/bumperbot_py_examples/build/lib/bumperbot_py_examples/turtlesim_kinematics.py -> /root/AGV/bumperbot_ws/install/bumperbot_py_examples/lib/python3.10/site-packages/bumperbot_py_examples
[1.798s] byte-compiling /root/AGV/bumperbot_ws/install/bumperbot_py_examples/lib/python3.10/site-packages/bumperbot_py_examples/simple_publisher.py to simple_publisher.cpython-310.pyc
[1.798s] byte-compiling /root/AGV/bumperbot_ws/install/bumperbot_py_examples/lib/python3.10/site-packages/bumperbot_py_examples/__init__.py to __init__.cpython-310.pyc
[1.798s] byte-compiling /root/AGV/bumperbot_ws/install/bumperbot_py_examples/lib/python3.10/site-packages/bumperbot_py_examples/turtlesim_kinematics.py to turtlesim_kinematics.cpython-310.pyc
[1.798s] running install_data
[1.798s] creating /root/AGV/bumperbot_ws/install/bumperbot_py_examples/share/ament_index
[1.798s] creating /root/AGV/bumperbot_ws/install/bumperbot_py_examples/share/ament_index/resource_index
[1.798s] creating /root/AGV/bumperbot_ws/install/bumperbot_py_examples/share/ament_index/resource_index/packages
[1.798s] copying resource/bumperbot_py_examples -> /root/AGV/bumperbot_ws/install/bumperbot_py_examples/share/ament_index/resource_index/packages
[1.798s] copying package.xml -> /root/AGV/bumperbot_ws/install/bumperbot_py_examples/share/bumperbot_py_examples
[1.798s] running install_egg_info
[1.798s] Copying ../../build/bumperbot_py_examples/bumperbot_py_examples.egg-info to /root/AGV/bumperbot_ws/install/bumperbot_py_examples/lib/python3.10/site-packages/bumperbot_py_examples-0.0.0-py3.10.egg-info
[1.799s] running install_scripts
[1.800s] Installing simple_turtulesim_kinematics script to /root/AGV/bumperbot_ws/install/bumperbot_py_examples/lib/bumperbot_py_examples
[1.800s] writing list of installed files to '/root/AGV/bumperbot_ws/build/bumperbot_py_examples/install.log'
[1.803s] Invoked command in '/root/AGV/bumperbot_ws/src/bumperbot_py_examples' returned '0': PYTHONPATH=/root/AGV/bumperbot_ws/build/bumperbot_py_examples/prefix_override:/usr/lib/python3/dist-packages/colcon_core/task/python/colcon_distutils_commands:/root/AGV/bumperbot_ws/install/bumperbot_py_examples/lib/python3.10/site-packages:${PYTHONPATH} /usr/bin/python3 -W ignore:setup.py install is deprecated setup.py egg_info --egg-base ../../build/bumperbot_py_examples build --build-base /root/AGV/bumperbot_ws/build/bumperbot_py_examples/build install --record /root/AGV/bumperbot_ws/build/bumperbot_py_examples/install.log --single-version-externally-managed install_data
