[0.433s] Invoking command in '/root/AGV/build/bumperbot_utils': CMAKE_PREFIX_PATH=/opt/ros/humble /usr/bin/cmake --build /root/AGV/build/bumperbot_utils -- -j8 -l8
[0.544s] [100%] Built target safety_stop
[0.553s] [100%] Built target ament_cmake_python_copy_bumperbot_utils
[0.831s] running egg_info
[0.832s] writing bumperbot_utils.egg-info/PKG-INFO
[0.832s] writing dependency_links to bumperbot_utils.egg-info/dependency_links.txt
[0.833s] writing top-level names to bumperbot_utils.egg-info/top_level.txt
[0.851s] reading manifest file 'bumperbot_utils.egg-info/SOURCES.txt'
[0.854s] writing manifest file 'bumperbot_utils.egg-info/SOURCES.txt'
[0.898s] [100%] Built target ament_cmake_python_build_bumperbot_utils_egg
[0.920s] Invoked command in '/root/AGV/build/bumperbot_utils' returned '0': CMAKE_PREFIX_PATH=/opt/ros/humble /usr/bin/cmake --build /root/AGV/build/bumperbot_utils -- -j8 -l8
[0.953s] Invoking command in '/root/AGV/build/bumperbot_utils': CMAKE_PREFIX_PATH=/opt/ros/humble /usr/bin/cmake --install /root/AGV/build/bumperbot_utils
[0.960s] -- Install configuration: ""
[0.961s] -- Up-to-date: /root/AGV/install/bumperbot_utils/lib/bumperbot_utils/safety_stop
[0.961s] -- Up-to-date: /root/AGV/install/bumperbot_utils/share/bumperbot_utils/environment/pythonpath.sh
[0.961s] -- Up-to-date: /root/AGV/install/bumperbot_utils/share/bumperbot_utils/environment/pythonpath.dsv
[0.961s] -- Up-to-date: /root/AGV/install/bumperbot_utils/local/lib/python3.10/dist-packages/bumperbot_utils-0.0.0-py3.10.egg-info
[0.961s] -- Installing: /root/AGV/install/bumperbot_utils/local/lib/python3.10/dist-packages/bumperbot_utils-0.0.0-py3.10.egg-info/PKG-INFO
[0.961s] -- Installing: /root/AGV/install/bumperbot_utils/local/lib/python3.10/dist-packages/bumperbot_utils-0.0.0-py3.10.egg-info/top_level.txt
[0.962s] -- Installing: /root/AGV/install/bumperbot_utils/local/lib/python3.10/dist-packages/bumperbot_utils-0.0.0-py3.10.egg-info/dependency_links.txt
[0.962s] -- Installing: /root/AGV/install/bumperbot_utils/local/lib/python3.10/dist-packages/bumperbot_utils-0.0.0-py3.10.egg-info/SOURCES.txt
[0.962s] -- Up-to-date: /root/AGV/install/bumperbot_utils/local/lib/python3.10/dist-packages/bumperbot_utils
[0.962s] -- Up-to-date: /root/AGV/install/bumperbot_utils/local/lib/python3.10/dist-packages/bumperbot_utils/__init__.py
[0.962s] -- Up-to-date: /root/AGV/install/bumperbot_utils/local/lib/python3.10/dist-packages/bumperbot_utils/safety_stop.py
[1.001s] Listing '/root/AGV/install/bumperbot_utils/local/lib/python3.10/dist-packages/bumperbot_utils'...
[1.007s] -- Up-to-date: /root/AGV/install/bumperbot_utils/lib/bumperbot_utils/safety_stop.py
[1.007s] -- Up-to-date: /root/AGV/install/bumperbot_utils/share/ament_index/resource_index/package_run_dependencies/bumperbot_utils
[1.007s] -- Up-to-date: /root/AGV/install/bumperbot_utils/share/ament_index/resource_index/parent_prefix_path/bumperbot_utils
[1.007s] -- Up-to-date: /root/AGV/install/bumperbot_utils/share/bumperbot_utils/environment/ament_prefix_path.sh
[1.008s] -- Up-to-date: /root/AGV/install/bumperbot_utils/share/bumperbot_utils/environment/ament_prefix_path.dsv
[1.008s] -- Up-to-date: /root/AGV/install/bumperbot_utils/share/bumperbot_utils/environment/path.sh
[1.008s] -- Up-to-date: /root/AGV/install/bumperbot_utils/share/bumperbot_utils/environment/path.dsv
[1.008s] -- Up-to-date: /root/AGV/install/bumperbot_utils/share/bumperbot_utils/local_setup.bash
[1.008s] -- Up-to-date: /root/AGV/install/bumperbot_utils/share/bumperbot_utils/local_setup.sh
[1.008s] -- Up-to-date: /root/AGV/install/bumperbot_utils/share/bumperbot_utils/local_setup.zsh
[1.008s] -- Up-to-date: /root/AGV/install/bumperbot_utils/share/bumperbot_utils/local_setup.dsv
[1.008s] -- Installing: /root/AGV/install/bumperbot_utils/share/bumperbot_utils/package.dsv
[1.008s] -- Up-to-date: /root/AGV/install/bumperbot_utils/share/ament_index/resource_index/packages/bumperbot_utils
[1.008s] -- Up-to-date: /root/AGV/install/bumperbot_utils/share/bumperbot_utils/cmake/bumperbot_utilsConfig.cmake
[1.008s] -- Up-to-date: /root/AGV/install/bumperbot_utils/share/bumperbot_utils/cmake/bumperbot_utilsConfig-version.cmake
[1.008s] -- Up-to-date: /root/AGV/install/bumperbot_utils/share/bumperbot_utils/package.xml
[1.011s] Invoked command in '/root/AGV/build/bumperbot_utils' returned '0': CMAKE_PREFIX_PATH=/opt/ros/humble /usr/bin/cmake --install /root/AGV/build/bumperbot_utils
