[0.404s] Invoking command in '/home/wapush/AGV/bumperbot_ws/src/bumperbot_py_examples': PYTHONPATH=/home/wapush/AGV/bumperbot_ws/build/bumperbot_py_examples/prefix_override:/usr/lib/python3/dist-packages/colcon_core/task/python/colcon_distutils_commands:/home/wapush/AGV/bumperbot_ws/install/bumperbot_py_examples/lib/python3.10/site-packages:${PYTHONPATH} /usr/bin/python3 -W ignore:setup.py install is deprecated setup.py egg_info --egg-base ../../build/bumperbot_py_examples build --build-base /home/wapush/AGV/bumperbot_ws/build/bumperbot_py_examples/build install --record /home/wapush/AGV/bumperbot_ws/build/bumperbot_py_examples/install.log --single-version-externally-managed install_data
[0.538s] running egg_info
[0.539s] creating ../../build/bumperbot_py_examples/bumperbot_py_examples.egg-info
[0.539s] writing ../../build/bumperbot_py_examples/bumperbot_py_examples.egg-info/PKG-INFO
[0.539s] writing dependency_links to ../../build/bumperbot_py_examples/bumperbot_py_examples.egg-info/dependency_links.txt
[0.539s] writing entry points to ../../build/bumperbot_py_examples/bumperbot_py_examples.egg-info/entry_points.txt
[0.539s] writing requirements to ../../build/bumperbot_py_examples/bumperbot_py_examples.egg-info/requires.txt
[0.539s] writing top-level names to ../../build/bumperbot_py_examples/bumperbot_py_examples.egg-info/top_level.txt
[0.540s] writing manifest file '../../build/bumperbot_py_examples/bumperbot_py_examples.egg-info/SOURCES.txt'
[0.540s] reading manifest file '../../build/bumperbot_py_examples/bumperbot_py_examples.egg-info/SOURCES.txt'
[0.541s] writing manifest file '../../build/bumperbot_py_examples/bumperbot_py_examples.egg-info/SOURCES.txt'
[0.541s] running build
[0.541s] running build_py
[0.542s] creating /home/wapush/AGV/bumperbot_ws/build/bumperbot_py_examples/build
[0.542s] creating /home/wapush/AGV/bumperbot_ws/build/bumperbot_py_examples/build/lib
[0.542s] creating /home/wapush/AGV/bumperbot_ws/build/bumperbot_py_examples/build/lib/bumperbot_py_examples
[0.542s] copying bumperbot_py_examples/__init__.py -> /home/wapush/AGV/bumperbot_ws/build/bumperbot_py_examples/build/lib/bumperbot_py_examples
[0.542s] copying bumperbot_py_examples/simple_publisher.py -> /home/wapush/AGV/bumperbot_ws/build/bumperbot_py_examples/build/lib/bumperbot_py_examples
[0.542s] copying bumperbot_py_examples/turtlesim_kinematics.py -> /home/wapush/AGV/bumperbot_ws/build/bumperbot_py_examples/build/lib/bumperbot_py_examples
[0.542s] running install
[0.542s] running install_lib
[0.542s] creating /home/wapush/AGV/bumperbot_ws/install/bumperbot_py_examples/lib/python3.10/site-packages/bumperbot_py_examples
[0.542s] copying /home/wapush/AGV/bumperbot_ws/build/bumperbot_py_examples/build/lib/bumperbot_py_examples/__init__.py -> /home/wapush/AGV/bumperbot_ws/install/bumperbot_py_examples/lib/python3.10/site-packages/bumperbot_py_examples
[0.542s] copying /home/wapush/AGV/bumperbot_ws/build/bumperbot_py_examples/build/lib/bumperbot_py_examples/simple_publisher.py -> /home/wapush/AGV/bumperbot_ws/install/bumperbot_py_examples/lib/python3.10/site-packages/bumperbot_py_examples
[0.542s] copying /home/wapush/AGV/bumperbot_ws/build/bumperbot_py_examples/build/lib/bumperbot_py_examples/turtlesim_kinematics.py -> /home/wapush/AGV/bumperbot_ws/install/bumperbot_py_examples/lib/python3.10/site-packages/bumperbot_py_examples
[0.543s] byte-compiling /home/wapush/AGV/bumperbot_ws/install/bumperbot_py_examples/lib/python3.10/site-packages/bumperbot_py_examples/__init__.py to __init__.cpython-310.pyc
[0.543s] byte-compiling /home/wapush/AGV/bumperbot_ws/install/bumperbot_py_examples/lib/python3.10/site-packages/bumperbot_py_examples/simple_publisher.py to simple_publisher.cpython-310.pyc
[0.543s] byte-compiling /home/wapush/AGV/bumperbot_ws/install/bumperbot_py_examples/lib/python3.10/site-packages/bumperbot_py_examples/turtlesim_kinematics.py to turtlesim_kinematics.cpython-310.pyc
[0.543s] running install_data
[0.543s] creating /home/wapush/AGV/bumperbot_ws/install/bumperbot_py_examples/share/ament_index
[0.544s] creating /home/wapush/AGV/bumperbot_ws/install/bumperbot_py_examples/share/ament_index/resource_index
[0.544s] creating /home/wapush/AGV/bumperbot_ws/install/bumperbot_py_examples/share/ament_index/resource_index/packages
[0.544s] copying resource/bumperbot_py_examples -> /home/wapush/AGV/bumperbot_ws/install/bumperbot_py_examples/share/ament_index/resource_index/packages
[0.544s] copying package.xml -> /home/wapush/AGV/bumperbot_ws/install/bumperbot_py_examples/share/bumperbot_py_examples
[0.544s] running install_egg_info
[0.546s] Copying ../../build/bumperbot_py_examples/bumperbot_py_examples.egg-info to /home/wapush/AGV/bumperbot_ws/install/bumperbot_py_examples/lib/python3.10/site-packages/bumperbot_py_examples-0.0.0-py3.10.egg-info
[0.546s] running install_scripts
[0.562s] Installing simple_turtulesim_kinematics script to /home/wapush/AGV/bumperbot_ws/install/bumperbot_py_examples/lib/bumperbot_py_examples
[0.562s] writing list of installed files to '/home/wapush/AGV/bumperbot_ws/build/bumperbot_py_examples/install.log'
[0.585s] Invoked command in '/home/wapush/AGV/bumperbot_ws/src/bumperbot_py_examples' returned '0': PYTHONPATH=/home/wapush/AGV/bumperbot_ws/build/bumperbot_py_examples/prefix_override:/usr/lib/python3/dist-packages/colcon_core/task/python/colcon_distutils_commands:/home/wapush/AGV/bumperbot_ws/install/bumperbot_py_examples/lib/python3.10/site-packages:${PYTHONPATH} /usr/bin/python3 -W ignore:setup.py install is deprecated setup.py egg_info --egg-base ../../build/bumperbot_py_examples build --build-base /home/wapush/AGV/bumperbot_ws/build/bumperbot_py_examples/build install --record /home/wapush/AGV/bumperbot_ws/build/bumperbot_py_examples/install.log --single-version-externally-managed install_data
