[0.261s] Invoking command in '/home/wapush/AGV/bumperbot_ws/build/bumperbot_utils': CMAKE_PREFIX_PATH=/opt/ros/iron /usr/bin/cmake /home/wapush/AGV/bumperbot_ws/src/bumperbot_utils -DCMAKE_INSTALL_PREFIX=/home/wapush/AGV/bumperbot_ws/install/bumperbot_utils
[0.441s] -- The C compiler identification is GNU 11.4.0
[1.205s] -- The CXX compiler identification is GNU 11.4.0
[2.253s] -- Detecting C compiler ABI info
[2.455s] -- Detecting C compiler ABI info - done
[2.461s] -- Check for working C compiler: /usr/bin/cc - skipped
[2.462s] -- Detecting C compile features
[2.462s] -- Detecting C compile features - done
[2.466s] -- Detecting CXX compiler ABI info
[2.670s] -- Detecting CXX compiler ABI info - done
[2.677s] -- Check for working CXX compiler: /usr/bin/c++ - skipped
[2.677s] -- Detecting CXX compile features
[2.677s] -- Detecting CXX compile features - done
[2.683s] -- Found ament_cmake: 2.0.7 (/opt/ros/iron/share/ament_cmake/cmake)
[2.847s] -- Found Python3: /usr/bin/python3.10 (found version "3.10.12") found components: Interpreter 
[2.926s] -- Found rclpy: 4.1.7 (/opt/ros/iron/share/rclpy/cmake)
[2.927s] -- Found rclcpp: 21.0.8 (/opt/ros/iron/share/rclcpp/cmake)
[3.185s] -- Found rosidl_generator_c: 4.0.1 (/opt/ros/iron/share/rosidl_generator_c/cmake)
[3.195s] -- Found rosidl_generator_cpp: 4.0.1 (/opt/ros/iron/share/rosidl_generator_cpp/cmake)
[3.208s] -- Using all available rosidl_typesupport_c: rosidl_typesupport_fastrtps_c;rosidl_typesupport_introspection_c
[3.225s] -- Using all available rosidl_typesupport_cpp: rosidl_typesupport_fastrtps_cpp;rosidl_typesupport_introspection_cpp
[3.367s] -- Found rmw_implementation_cmake: 7.1.0 (/opt/ros/iron/share/rmw_implementation_cmake/cmake)
[3.369s] -- Found rmw_fastrtps_cpp: 7.1.4 (/opt/ros/iron/share/rmw_fastrtps_cpp/cmake)
[5.059s] -- Found OpenSSL: /usr/lib/x86_64-linux-gnu/libcrypto.so (found version "3.0.2")  
[6.809s] -- Found FastRTPS: /opt/ros/iron/include  
[10.717s] -- Using RMW implementation 'rmw_fastrtps_cpp' as default
[10.877s] -- Found std_msgs: 5.0.1 (/opt/ros/iron/share/std_msgs/cmake)
[10.906s] -- Found sensor_msgs: 5.0.1 (/opt/ros/iron/share/sensor_msgs/cmake)
[11.024s] -- Found twist_mux_msgs: 3.0.1 (/opt/ros/iron/share/twist_mux_msgs/cmake)
[11.208s] -- Found visualization_msgs: 5.0.1 (/opt/ros/iron/share/visualization_msgs/cmake)
[11.436s] -- Found ament_lint_auto: 0.14.4 (/opt/ros/iron/share/ament_lint_auto/cmake)
[11.520s] -- Added test 'cppcheck' to perform static code analysis on C / C++ code
[11.520s] -- Configured cppcheck include dirs: 
[11.521s] -- Configured cppcheck exclude dirs and/or files: 
[11.521s] -- Added test 'flake8' to check Python code syntax and style conventions
[11.521s] -- Configured 'flake8' exclude dirs and/or files: 
[11.522s] -- Added test 'lint_cmake' to check CMake code style
[11.522s] -- Added test 'pep257' to check Python code against some of the docstring style conventions in PEP 257
[11.523s] -- Added test 'uncrustify' to check C / C++ code style
[11.523s] -- Configured uncrustify additional arguments: 
[11.523s] -- Added test 'xmllint' to check XML markup files
[11.525s] -- Configuring done
[11.545s] -- Generating done
[11.550s] -- Build files have been written to: /home/wapush/AGV/bumperbot_ws/build/bumperbot_utils
[11.561s] Invoked command in '/home/wapush/AGV/bumperbot_ws/build/bumperbot_utils' returned '0': CMAKE_PREFIX_PATH=/opt/ros/iron /usr/bin/cmake /home/wapush/AGV/bumperbot_ws/src/bumperbot_utils -DCMAKE_INSTALL_PREFIX=/home/wapush/AGV/bumperbot_ws/install/bumperbot_utils
[11.563s] Invoking command in '/home/wapush/AGV/bumperbot_ws/build/bumperbot_utils': CMAKE_PREFIX_PATH=/opt/ros/iron /usr/bin/cmake --build /home/wapush/AGV/bumperbot_ws/build/bumperbot_utils -- -j20 -l20
[11.608s] [ 50%] [32mBuilding CXX object CMakeFiles/safety_stop.dir/src/safety_stop.cpp.o[0m
[11.629s] [ 50%] Built target ament_cmake_python_copy_bumperbot_utils
[11.841s] running egg_info
[11.842s] creating bumperbot_utils.egg-info
[11.842s] writing bumperbot_utils.egg-info/PKG-INFO
[11.842s] writing dependency_links to bumperbot_utils.egg-info/dependency_links.txt
[11.843s] writing top-level names to bumperbot_utils.egg-info/top_level.txt
[11.843s] writing manifest file 'bumperbot_utils.egg-info/SOURCES.txt'
[11.845s] reading manifest file 'bumperbot_utils.egg-info/SOURCES.txt'
[11.845s] writing manifest file 'bumperbot_utils.egg-info/SOURCES.txt'
[11.873s] [ 50%] Built target ament_cmake_python_build_bumperbot_utils_egg
[22.383s] [100%] [32m[1mLinking CXX executable safety_stop[0m
[22.847s] [100%] Built target safety_stop
[22.860s] Invoked command in '/home/wapush/AGV/bumperbot_ws/build/bumperbot_utils' returned '0': CMAKE_PREFIX_PATH=/opt/ros/iron /usr/bin/cmake --build /home/wapush/AGV/bumperbot_ws/build/bumperbot_utils -- -j20 -l20
[22.862s] Invoking command in '/home/wapush/AGV/bumperbot_ws/build/bumperbot_utils': CMAKE_PREFIX_PATH=/opt/ros/iron /usr/bin/cmake --install /home/wapush/AGV/bumperbot_ws/build/bumperbot_utils
[22.867s] -- Install configuration: ""
[22.867s] -- Installing: /home/wapush/AGV/bumperbot_ws/install/bumperbot_utils/lib/bumperbot_utils/safety_stop
[22.870s] -- Set runtime path of "/home/wapush/AGV/bumperbot_ws/install/bumperbot_utils/lib/bumperbot_utils/safety_stop" to ""
[22.871s] -- Installing: /home/wapush/AGV/bumperbot_ws/install/bumperbot_utils/share/bumperbot_utils/environment/pythonpath.sh
[22.872s] -- Installing: /home/wapush/AGV/bumperbot_ws/install/bumperbot_utils/share/bumperbot_utils/environment/pythonpath.dsv
[22.872s] -- Installing: /home/wapush/AGV/bumperbot_ws/install/bumperbot_utils/lib/python3.10/site-packages/bumperbot_utils-0.0.0-py3.10.egg-info
[22.872s] -- Installing: /home/wapush/AGV/bumperbot_ws/install/bumperbot_utils/lib/python3.10/site-packages/bumperbot_utils-0.0.0-py3.10.egg-info/PKG-INFO
[22.873s] -- Installing: /home/wapush/AGV/bumperbot_ws/install/bumperbot_utils/lib/python3.10/site-packages/bumperbot_utils-0.0.0-py3.10.egg-info/top_level.txt
[22.873s] -- Installing: /home/wapush/AGV/bumperbot_ws/install/bumperbot_utils/lib/python3.10/site-packages/bumperbot_utils-0.0.0-py3.10.egg-info/dependency_links.txt
[22.873s] -- Installing: /home/wapush/AGV/bumperbot_ws/install/bumperbot_utils/lib/python3.10/site-packages/bumperbot_utils-0.0.0-py3.10.egg-info/SOURCES.txt
[22.873s] -- Installing: /home/wapush/AGV/bumperbot_ws/install/bumperbot_utils/lib/python3.10/site-packages/bumperbot_utils
[22.873s] -- Installing: /home/wapush/AGV/bumperbot_ws/install/bumperbot_utils/lib/python3.10/site-packages/bumperbot_utils/safety_stop.py
[22.873s] -- Installing: /home/wapush/AGV/bumperbot_ws/install/bumperbot_utils/lib/python3.10/site-packages/bumperbot_utils/__init__.py
[22.901s] Listing '/home/wapush/AGV/bumperbot_ws/install/bumperbot_utils/lib/python3.10/site-packages/bumperbot_utils'...
[22.902s] Compiling '/home/wapush/AGV/bumperbot_ws/install/bumperbot_utils/lib/python3.10/site-packages/bumperbot_utils/__init__.py'...
[22.902s] Compiling '/home/wapush/AGV/bumperbot_ws/install/bumperbot_utils/lib/python3.10/site-packages/bumperbot_utils/safety_stop.py'...
[22.906s] -- Installing: /home/wapush/AGV/bumperbot_ws/install/bumperbot_utils/lib/bumperbot_utils/safety_stop.py
[22.906s] -- Installing: /home/wapush/AGV/bumperbot_ws/install/bumperbot_utils/share/ament_index/resource_index/package_run_dependencies/bumperbot_utils
[22.907s] -- Installing: /home/wapush/AGV/bumperbot_ws/install/bumperbot_utils/share/ament_index/resource_index/parent_prefix_path/bumperbot_utils
[22.907s] -- Installing: /home/wapush/AGV/bumperbot_ws/install/bumperbot_utils/share/bumperbot_utils/environment/ament_prefix_path.sh
[22.907s] -- Installing: /home/wapush/AGV/bumperbot_ws/install/bumperbot_utils/share/bumperbot_utils/environment/ament_prefix_path.dsv
[22.907s] -- Installing: /home/wapush/AGV/bumperbot_ws/install/bumperbot_utils/share/bumperbot_utils/environment/path.sh
[22.908s] -- Installing: /home/wapush/AGV/bumperbot_ws/install/bumperbot_utils/share/bumperbot_utils/environment/path.dsv
[22.908s] -- Installing: /home/wapush/AGV/bumperbot_ws/install/bumperbot_utils/share/bumperbot_utils/local_setup.bash
[22.908s] -- Installing: /home/wapush/AGV/bumperbot_ws/install/bumperbot_utils/share/bumperbot_utils/local_setup.sh
[22.908s] -- Installing: /home/wapush/AGV/bumperbot_ws/install/bumperbot_utils/share/bumperbot_utils/local_setup.zsh
[22.908s] -- Installing: /home/wapush/AGV/bumperbot_ws/install/bumperbot_utils/share/bumperbot_utils/local_setup.dsv
[22.909s] -- Installing: /home/wapush/AGV/bumperbot_ws/install/bumperbot_utils/share/bumperbot_utils/package.dsv
[22.909s] -- Installing: /home/wapush/AGV/bumperbot_ws/install/bumperbot_utils/share/ament_index/resource_index/packages/bumperbot_utils
[22.909s] -- Installing: /home/wapush/AGV/bumperbot_ws/install/bumperbot_utils/share/bumperbot_utils/cmake/bumperbot_utilsConfig.cmake
[22.909s] -- Installing: /home/wapush/AGV/bumperbot_ws/install/bumperbot_utils/share/bumperbot_utils/cmake/bumperbot_utilsConfig-version.cmake
[22.909s] -- Installing: /home/wapush/AGV/bumperbot_ws/install/bumperbot_utils/share/bumperbot_utils/package.xml
[22.911s] Invoked command in '/home/wapush/AGV/bumperbot_ws/build/bumperbot_utils' returned '0': CMAKE_PREFIX_PATH=/opt/ros/iron /usr/bin/cmake --install /home/wapush/AGV/bumperbot_ws/build/bumperbot_utils
