[0.377s] Invoking command in '/root/AGV/build/bumperbot_utils': CMAKE_PREFIX_PATH=/opt/ros/humble /usr/bin/cmake --build /root/AGV/build/bumperbot_utils -- -j8 -l8
[0.674s] [  0%] Built target ament_cmake_python_copy_bumperbot_utils
[0.674s] [100%] Built target safety_stop
[0.841s] running egg_info
[0.843s] writing bumperbot_utils.egg-info/PKG-INFO
[0.844s] writing dependency_links to bumperbot_utils.egg-info/dependency_links.txt
[0.844s] writing top-level names to bumperbot_utils.egg-info/top_level.txt
[0.851s] reading manifest file 'bumperbot_utils.egg-info/SOURCES.txt'
[0.852s] writing manifest file 'bumperbot_utils.egg-info/SOURCES.txt'
[0.922s] [100%] Built target ament_cmake_python_build_bumperbot_utils_egg
[0.947s] Invoked command in '/root/AGV/build/bumperbot_utils' returned '0': CMAKE_PREFIX_PATH=/opt/ros/humble /usr/bin/cmake --build /root/AGV/build/bumperbot_utils -- -j8 -l8
[0.981s] Invoking command in '/root/AGV/build/bumperbot_utils': CMAKE_PREFIX_PATH=/opt/ros/humble /usr/bin/cmake --install /root/AGV/build/bumperbot_utils
[0.989s] -- Install configuration: ""
[0.989s] -- Up-to-date: /root/AGV/install/bumperbot_utils/lib/bumperbot_utils/safety_stop
[0.989s] -- Up-to-date: /root/AGV/install/bumperbot_utils/share/bumperbot_utils/environment/pythonpath.sh
[0.990s] -- Up-to-date: /root/AGV/install/bumperbot_utils/share/bumperbot_utils/environment/pythonpath.dsv
[0.990s] -- Up-to-date: /root/AGV/install/bumperbot_utils/local/lib/python3.10/dist-packages/bumperbot_utils-0.0.0-py3.10.egg-info
[0.990s] -- Installing: /root/AGV/install/bumperbot_utils/local/lib/python3.10/dist-packages/bumperbot_utils-0.0.0-py3.10.egg-info/PKG-INFO
[0.990s] -- Installing: /root/AGV/install/bumperbot_utils/local/lib/python3.10/dist-packages/bumperbot_utils-0.0.0-py3.10.egg-info/top_level.txt
[0.990s] -- Installing: /root/AGV/install/bumperbot_utils/local/lib/python3.10/dist-packages/bumperbot_utils-0.0.0-py3.10.egg-info/dependency_links.txt
[0.991s] -- Installing: /root/AGV/install/bumperbot_utils/local/lib/python3.10/dist-packages/bumperbot_utils-0.0.0-py3.10.egg-info/SOURCES.txt
[0.991s] -- Up-to-date: /root/AGV/install/bumperbot_utils/local/lib/python3.10/dist-packages/bumperbot_utils
[0.991s] -- Up-to-date: /root/AGV/install/bumperbot_utils/local/lib/python3.10/dist-packages/bumperbot_utils/__init__.py
[0.991s] -- Up-to-date: /root/AGV/install/bumperbot_utils/local/lib/python3.10/dist-packages/bumperbot_utils/safety_stop.py
[1.027s] Listing '/root/AGV/install/bumperbot_utils/local/lib/python3.10/dist-packages/bumperbot_utils'...
[1.032s] -- Up-to-date: /root/AGV/install/bumperbot_utils/lib/bumperbot_utils/safety_stop.py
[1.032s] -- Up-to-date: /root/AGV/install/bumperbot_utils/share/ament_index/resource_index/package_run_dependencies/bumperbot_utils
[1.033s] -- Up-to-date: /root/AGV/install/bumperbot_utils/share/ament_index/resource_index/parent_prefix_path/bumperbot_utils
[1.033s] -- Up-to-date: /root/AGV/install/bumperbot_utils/share/bumperbot_utils/environment/ament_prefix_path.sh
[1.033s] -- Up-to-date: /root/AGV/install/bumperbot_utils/share/bumperbot_utils/environment/ament_prefix_path.dsv
[1.033s] -- Up-to-date: /root/AGV/install/bumperbot_utils/share/bumperbot_utils/environment/path.sh
[1.033s] -- Up-to-date: /root/AGV/install/bumperbot_utils/share/bumperbot_utils/environment/path.dsv
[1.033s] -- Up-to-date: /root/AGV/install/bumperbot_utils/share/bumperbot_utils/local_setup.bash
[1.034s] -- Up-to-date: /root/AGV/install/bumperbot_utils/share/bumperbot_utils/local_setup.sh
[1.034s] -- Up-to-date: /root/AGV/install/bumperbot_utils/share/bumperbot_utils/local_setup.zsh
[1.034s] -- Up-to-date: /root/AGV/install/bumperbot_utils/share/bumperbot_utils/local_setup.dsv
[1.034s] -- Installing: /root/AGV/install/bumperbot_utils/share/bumperbot_utils/package.dsv
[1.035s] -- Up-to-date: /root/AGV/install/bumperbot_utils/share/ament_index/resource_index/packages/bumperbot_utils
[1.035s] -- Up-to-date: /root/AGV/install/bumperbot_utils/share/bumperbot_utils/cmake/bumperbot_utilsConfig.cmake
[1.036s] -- Up-to-date: /root/AGV/install/bumperbot_utils/share/bumperbot_utils/cmake/bumperbot_utilsConfig-version.cmake
[1.037s] -- Up-to-date: /root/AGV/install/bumperbot_utils/share/bumperbot_utils/package.xml
[1.037s] Invoked command in '/root/AGV/build/bumperbot_utils' returned '0': CMAKE_PREFIX_PATH=/opt/ros/humble /usr/bin/cmake --install /root/AGV/build/bumperbot_utils
