[0.035s] Invoking command in '/home/wapush/AGV/bumperbot_ws/build/bumperbot_localization': CMAKE_PREFIX_PATH=/opt/ros/iron /usr/bin/cmake /home/wapush/AGV/bumperbot_ws/src/bumperbot_localization -DCMAKE_INSTALL_PREFIX=/home/wapush/AGV/bumperbot_ws/install/bumperbot_localization
[0.285s] -- The C compiler identification is GNU 11.4.0
[0.812s] -- The CXX compiler identification is GNU 11.4.0
[1.784s] -- Detecting C compiler ABI info
[2.032s] -- Detecting C compiler ABI info - done
[2.037s] -- Check for working C compiler: /usr/bin/cc - skipped
[2.038s] -- Detecting C compile features
[2.038s] -- Detecting C compile features - done
[2.041s] -- Detecting CXX compiler ABI info
[2.240s] -- Detecting CXX compiler ABI info - done
[2.253s] -- Check for working CXX compiler: /usr/bin/c++ - skipped
[2.253s] -- Detecting CXX compile features
[2.254s] -- Detecting CXX compile features - done
[2.285s] -- Found ament_cmake: 2.0.7 (/opt/ros/iron/share/ament_cmake/cmake)
[2.459s] -- Found Python3: /usr/bin/python3.10 (found version "3.10.12") found components: Interpreter 
[2.595s] -- Found rclcpp: 21.0.8 (/opt/ros/iron/share/rclcpp/cmake)
[2.831s] -- Found rosidl_generator_c: 4.0.1 (/opt/ros/iron/share/rosidl_generator_c/cmake)
[2.847s] -- Found rosidl_generator_cpp: 4.0.1 (/opt/ros/iron/share/rosidl_generator_cpp/cmake)
[2.875s] -- Using all available rosidl_typesupport_c: rosidl_typesupport_fastrtps_c;rosidl_typesupport_introspection_c
[2.905s] -- Using all available rosidl_typesupport_cpp: rosidl_typesupport_fastrtps_cpp;rosidl_typesupport_introspection_cpp
[3.074s] -- Found rmw_implementation_cmake: 7.1.0 (/opt/ros/iron/share/rmw_implementation_cmake/cmake)
[3.079s] -- Found rmw_fastrtps_cpp: 7.1.4 (/opt/ros/iron/share/rmw_fastrtps_cpp/cmake)
[4.676s] -- Found OpenSSL: /usr/lib/x86_64-linux-gnu/libcrypto.so (found version "3.0.2")  
[6.422s] -- Found FastRTPS: /opt/ros/iron/include  
[9.685s] -- Using RMW implementation 'rmw_fastrtps_cpp' as default
[9.823s] -- Found rclpy: 4.1.7 (/opt/ros/iron/share/rclpy/cmake)
[9.825s] -- Found nav_msgs: 5.0.1 (/opt/ros/iron/share/nav_msgs/cmake)
[10.023s] -- Found sensor_msgs: 5.0.1 (/opt/ros/iron/share/sensor_msgs/cmake)
[10.223s] -- Configuring done
[10.235s] -- Generating done
[10.239s] -- Build files have been written to: /home/wapush/AGV/bumperbot_ws/build/bumperbot_localization
[10.248s] Invoked command in '/home/wapush/AGV/bumperbot_ws/build/bumperbot_localization' returned '0': CMAKE_PREFIX_PATH=/opt/ros/iron /usr/bin/cmake /home/wapush/AGV/bumperbot_ws/src/bumperbot_localization -DCMAKE_INSTALL_PREFIX=/home/wapush/AGV/bumperbot_ws/install/bumperbot_localization
[10.249s] Invoking command in '/home/wapush/AGV/bumperbot_ws/build/bumperbot_localization': CMAKE_PREFIX_PATH=/opt/ros/iron /usr/bin/cmake --build /home/wapush/AGV/bumperbot_ws/build/bumperbot_localization -- -j20 -l20
[10.288s] [ 50%] [32mBuilding CXX object CMakeFiles/imu_republisher.dir/src/imu_republisher.cpp.o[0m
[10.294s] [ 50%] Built target ament_cmake_python_copy_bumperbot_localization
[10.482s] running egg_info
[10.483s] creating bumperbot_localization.egg-info
[10.483s] writing bumperbot_localization.egg-info/PKG-INFO
[10.483s] writing dependency_links to bumperbot_localization.egg-info/dependency_links.txt
[10.483s] writing top-level names to bumperbot_localization.egg-info/top_level.txt
[10.483s] writing manifest file 'bumperbot_localization.egg-info/SOURCES.txt'
[10.485s] reading manifest file 'bumperbot_localization.egg-info/SOURCES.txt'
[10.486s] writing manifest file 'bumperbot_localization.egg-info/SOURCES.txt'
[10.508s] [ 50%] Built target ament_cmake_python_build_bumperbot_localization_egg
[20.657s] [100%] [32m[1mLinking CXX executable imu_republisher[0m
[21.371s] [100%] Built target imu_republisher
[21.381s] Invoked command in '/home/wapush/AGV/bumperbot_ws/build/bumperbot_localization' returned '0': CMAKE_PREFIX_PATH=/opt/ros/iron /usr/bin/cmake --build /home/wapush/AGV/bumperbot_ws/build/bumperbot_localization -- -j20 -l20
[21.385s] Invoking command in '/home/wapush/AGV/bumperbot_ws/build/bumperbot_localization': CMAKE_PREFIX_PATH=/opt/ros/iron /usr/bin/cmake --install /home/wapush/AGV/bumperbot_ws/build/bumperbot_localization
[21.389s] -- Install configuration: ""
[21.390s] -- Installing: /home/wapush/AGV/bumperbot_ws/install/bumperbot_localization/share/bumperbot_localization/environment/pythonpath.sh
[21.390s] -- Installing: /home/wapush/AGV/bumperbot_ws/install/bumperbot_localization/share/bumperbot_localization/environment/pythonpath.dsv
[21.391s] -- Installing: /home/wapush/AGV/bumperbot_ws/install/bumperbot_localization/lib/python3.10/site-packages/bumperbot_localization-0.0.0-py3.10.egg-info
[21.391s] -- Installing: /home/wapush/AGV/bumperbot_ws/install/bumperbot_localization/lib/python3.10/site-packages/bumperbot_localization-0.0.0-py3.10.egg-info/PKG-INFO
[21.391s] -- Installing: /home/wapush/AGV/bumperbot_ws/install/bumperbot_localization/lib/python3.10/site-packages/bumperbot_localization-0.0.0-py3.10.egg-info/top_level.txt
[21.391s] -- Installing: /home/wapush/AGV/bumperbot_ws/install/bumperbot_localization/lib/python3.10/site-packages/bumperbot_localization-0.0.0-py3.10.egg-info/dependency_links.txt
[21.391s] -- Installing: /home/wapush/AGV/bumperbot_ws/install/bumperbot_localization/lib/python3.10/site-packages/bumperbot_localization-0.0.0-py3.10.egg-info/SOURCES.txt
[21.391s] -- Installing: /home/wapush/AGV/bumperbot_ws/install/bumperbot_localization/lib/python3.10/site-packages/bumperbot_localization
[21.391s] -- Installing: /home/wapush/AGV/bumperbot_ws/install/bumperbot_localization/lib/python3.10/site-packages/bumperbot_localization/kalman_filter.py
[21.391s] -- Installing: /home/wapush/AGV/bumperbot_ws/install/bumperbot_localization/lib/python3.10/site-packages/bumperbot_localization/__init__.py
[21.391s] -- Installing: /home/wapush/AGV/bumperbot_ws/install/bumperbot_localization/lib/python3.10/site-packages/bumperbot_localization/imu_republisher.py
[21.445s] Listing '/home/wapush/AGV/bumperbot_ws/install/bumperbot_localization/lib/python3.10/site-packages/bumperbot_localization'...
[21.446s] Compiling '/home/wapush/AGV/bumperbot_ws/install/bumperbot_localization/lib/python3.10/site-packages/bumperbot_localization/__init__.py'...
[21.446s] Compiling '/home/wapush/AGV/bumperbot_ws/install/bumperbot_localization/lib/python3.10/site-packages/bumperbot_localization/imu_republisher.py'...
[21.446s] Compiling '/home/wapush/AGV/bumperbot_ws/install/bumperbot_localization/lib/python3.10/site-packages/bumperbot_localization/kalman_filter.py'...
[21.451s] -- Installing: /home/wapush/AGV/bumperbot_ws/install/bumperbot_localization/include/include
[21.451s] -- Installing: /home/wapush/AGV/bumperbot_ws/install/bumperbot_localization/include/include/bumperbot_localization
[21.451s] -- Installing: /home/wapush/AGV/bumperbot_ws/install/bumperbot_localization/include/include/bumperbot_localization/kalman_filter.hpp
[21.452s] -- Installing: /home/wapush/AGV/bumperbot_ws/install/bumperbot_localization/lib/bumperbot_localization/imu_republisher
[21.455s] -- Set runtime path of "/home/wapush/AGV/bumperbot_ws/install/bumperbot_localization/lib/bumperbot_localization/imu_republisher" to ""
[21.456s] -- Installing: /home/wapush/AGV/bumperbot_ws/install/bumperbot_localization/share/bumperbot_localization/launch
[21.456s] -- Installing: /home/wapush/AGV/bumperbot_ws/install/bumperbot_localization/share/bumperbot_localization/launch/local_localization.launch.py
[21.456s] -- Installing: /home/wapush/AGV/bumperbot_ws/install/bumperbot_localization/share/bumperbot_localization/launch/gps_waypoint_follower.launch.py
[21.456s] -- Installing: /home/wapush/AGV/bumperbot_ws/install/bumperbot_localization/share/bumperbot_localization/launch/global_localization.launch.py
[21.456s] -- Installing: /home/wapush/AGV/bumperbot_ws/install/bumperbot_localization/share/bumperbot_localization/launch/dual_ekf_navsat.launch.py
[21.456s] -- Installing: /home/wapush/AGV/bumperbot_ws/install/bumperbot_localization/share/bumperbot_localization/config
[21.456s] -- Installing: /home/wapush/AGV/bumperbot_ws/install/bumperbot_localization/share/bumperbot_localization/config/dual_ekf_navsat_params.yaml
[21.456s] -- Installing: /home/wapush/AGV/bumperbot_ws/install/bumperbot_localization/share/bumperbot_localization/config/ekf.yaml
[21.457s] -- Installing: /home/wapush/AGV/bumperbot_ws/install/bumperbot_localization/share/bumperbot_localization/config/nav2_no_map_params.yaml
[21.457s] -- Installing: /home/wapush/AGV/bumperbot_ws/install/bumperbot_localization/lib/bumperbot_localization/imu_republisher.py
[21.458s] -- Installing: /home/wapush/AGV/bumperbot_ws/install/bumperbot_localization/share/ament_index/resource_index/package_run_dependencies/bumperbot_localization
[21.459s] -- Installing: /home/wapush/AGV/bumperbot_ws/install/bumperbot_localization/share/ament_index/resource_index/parent_prefix_path/bumperbot_localization
[21.459s] -- Installing: /home/wapush/AGV/bumperbot_ws/install/bumperbot_localization/share/bumperbot_localization/environment/ament_prefix_path.sh
[21.459s] -- Installing: /home/wapush/AGV/bumperbot_ws/install/bumperbot_localization/share/bumperbot_localization/environment/ament_prefix_path.dsv
[21.460s] -- Installing: /home/wapush/AGV/bumperbot_ws/install/bumperbot_localization/share/bumperbot_localization/environment/path.sh
[21.460s] -- Installing: /home/wapush/AGV/bumperbot_ws/install/bumperbot_localization/share/bumperbot_localization/environment/path.dsv
[21.460s] -- Installing: /home/wapush/AGV/bumperbot_ws/install/bumperbot_localization/share/bumperbot_localization/local_setup.bash
[21.460s] -- Installing: /home/wapush/AGV/bumperbot_ws/install/bumperbot_localization/share/bumperbot_localization/local_setup.sh
[21.460s] -- Installing: /home/wapush/AGV/bumperbot_ws/install/bumperbot_localization/share/bumperbot_localization/local_setup.zsh
[21.460s] -- Installing: /home/wapush/AGV/bumperbot_ws/install/bumperbot_localization/share/bumperbot_localization/local_setup.dsv
[21.460s] -- Installing: /home/wapush/AGV/bumperbot_ws/install/bumperbot_localization/share/bumperbot_localization/package.dsv
[21.461s] -- Installing: /home/wapush/AGV/bumperbot_ws/install/bumperbot_localization/share/ament_index/resource_index/packages/bumperbot_localization
[21.462s] -- Installing: /home/wapush/AGV/bumperbot_ws/install/bumperbot_localization/share/bumperbot_localization/cmake/bumperbot_localizationConfig.cmake
[21.462s] -- Installing: /home/wapush/AGV/bumperbot_ws/install/bumperbot_localization/share/bumperbot_localization/cmake/bumperbot_localizationConfig-version.cmake
[21.462s] -- Installing: /home/wapush/AGV/bumperbot_ws/install/bumperbot_localization/share/bumperbot_localization/package.xml
[21.464s] Invoked command in '/home/wapush/AGV/bumperbot_ws/build/bumperbot_localization' returned '0': CMAKE_PREFIX_PATH=/opt/ros/iron /usr/bin/cmake --install /home/wapush/AGV/bumperbot_ws/build/bumperbot_localization
