[0.037s] Invoking command in '/home/wapush/AGV/bumperbot_ws/build/bumperbot_controller': CMAKE_PREFIX_PATH=/opt/ros/humble /usr/bin/cmake --build /home/wapush/AGV/bumperbot_ws/build/bumperbot_controller -- -j20 -l20
[0.236s] [ 25%] Built target ament_cmake_python_copy_bumperbot_controller
[0.237s] [ 50%] Built target noisy_controller
[0.237s] [100%] Built target simple_speed_controller
[0.255s] running egg_info
[0.256s] writing bumperbot_controller.egg-info/PKG-INFO
[0.256s] writing dependency_links to bumperbot_controller.egg-info/dependency_links.txt
[0.257s] writing top-level names to bumperbot_controller.egg-info/top_level.txt
[0.258s] reading manifest file 'bumperbot_controller.egg-info/SOURCES.txt'
[0.259s] writing manifest file 'bumperbot_controller.egg-info/SOURCES.txt'
[0.351s] [100%] Built target ament_cmake_python_build_bumperbot_controller_egg
[0.430s] Invoked command in '/home/wapush/AGV/bumperbot_ws/build/bumperbot_controller' returned '0': CMAKE_PREFIX_PATH=/opt/ros/humble /usr/bin/cmake --build /home/wapush/AGV/bumperbot_ws/build/bumperbot_controller -- -j20 -l20
[0.455s] Invoking command in '/home/wapush/AGV/bumperbot_ws/build/bumperbot_controller': CMAKE_PREFIX_PATH=/opt/ros/humble /usr/bin/cmake --install /home/wapush/AGV/bumperbot_ws/build/bumperbot_controller
[0.470s] -- Install configuration: ""
[0.470s] -- Up-to-date: /home/wapush/AGV/bumperbot_ws/install/bumperbot_controller/share/bumperbot_controller/environment/pythonpath.sh
[0.470s] -- Up-to-date: /home/wapush/AGV/bumperbot_ws/install/bumperbot_controller/share/bumperbot_controller/environment/pythonpath.dsv
[0.470s] -- Up-to-date: /home/wapush/AGV/bumperbot_ws/install/bumperbot_controller/local/lib/python3.10/dist-packages/bumperbot_controller-0.0.0-py3.10.egg-info
[0.470s] -- Installing: /home/wapush/AGV/bumperbot_ws/install/bumperbot_controller/local/lib/python3.10/dist-packages/bumperbot_controller-0.0.0-py3.10.egg-info/PKG-INFO
[0.470s] -- Installing: /home/wapush/AGV/bumperbot_ws/install/bumperbot_controller/local/lib/python3.10/dist-packages/bumperbot_controller-0.0.0-py3.10.egg-info/top_level.txt
[0.470s] -- Installing: /home/wapush/AGV/bumperbot_ws/install/bumperbot_controller/local/lib/python3.10/dist-packages/bumperbot_controller-0.0.0-py3.10.egg-info/dependency_links.txt
[0.470s] -- Installing: /home/wapush/AGV/bumperbot_ws/install/bumperbot_controller/local/lib/python3.10/dist-packages/bumperbot_controller-0.0.0-py3.10.egg-info/SOURCES.txt
[0.470s] -- Up-to-date: /home/wapush/AGV/bumperbot_ws/install/bumperbot_controller/local/lib/python3.10/dist-packages/bumperbot_controller
[0.470s] -- Up-to-date: /home/wapush/AGV/bumperbot_ws/install/bumperbot_controller/local/lib/python3.10/dist-packages/bumperbot_controller/noisy_controller.py
[0.470s] -- Up-to-date: /home/wapush/AGV/bumperbot_ws/install/bumperbot_controller/local/lib/python3.10/dist-packages/bumperbot_controller/simple_speed_controller.py
[0.470s] -- Up-to-date: /home/wapush/AGV/bumperbot_ws/install/bumperbot_controller/local/lib/python3.10/dist-packages/bumperbot_controller/__init__.py
[0.491s] Listing '/home/wapush/AGV/bumperbot_ws/install/bumperbot_controller/local/lib/python3.10/dist-packages/bumperbot_controller'...
[0.496s] -- Up-to-date: /home/wapush/AGV/bumperbot_ws/install/bumperbot_controller/include/include
[0.496s] -- Up-to-date: /home/wapush/AGV/bumperbot_ws/install/bumperbot_controller/include/include/bumperbot_controller
[0.497s] -- Up-to-date: /home/wapush/AGV/bumperbot_ws/install/bumperbot_controller/include/include/bumperbot_controller/noisy_controller.hpp
[0.497s] -- Up-to-date: /home/wapush/AGV/bumperbot_ws/install/bumperbot_controller/include/include/bumperbot_controller/simple_speed_controller.hpp
[0.498s] -- Up-to-date: /home/wapush/AGV/bumperbot_ws/install/bumperbot_controller/lib/bumperbot_controller/simple_speed_controller
[0.498s] -- Up-to-date: /home/wapush/AGV/bumperbot_ws/install/bumperbot_controller/lib/bumperbot_controller/noisy_controller
[0.498s] -- Up-to-date: /home/wapush/AGV/bumperbot_ws/install/bumperbot_controller/share/bumperbot_controller/launch
[0.498s] -- Up-to-date: /home/wapush/AGV/bumperbot_ws/install/bumperbot_controller/share/bumperbot_controller/launch/joystick_teleop.launch.py
[0.498s] -- Up-to-date: /home/wapush/AGV/bumperbot_ws/install/bumperbot_controller/share/bumperbot_controller/launch/controller.launch.py
[0.498s] -- Up-to-date: /home/wapush/AGV/bumperbot_ws/install/bumperbot_controller/share/bumperbot_controller/config
[0.498s] -- Up-to-date: /home/wapush/AGV/bumperbot_ws/install/bumperbot_controller/share/bumperbot_controller/config/joy_config.yaml
[0.498s] -- Up-to-date: /home/wapush/AGV/bumperbot_ws/install/bumperbot_controller/share/bumperbot_controller/config/joy_teleop.yaml
[0.498s] -- Up-to-date: /home/wapush/AGV/bumperbot_ws/install/bumperbot_controller/share/bumperbot_controller/config/twist_mux_locks.yaml
[0.499s] -- Up-to-date: /home/wapush/AGV/bumperbot_ws/install/bumperbot_controller/share/bumperbot_controller/config/twist_mux_topics.yaml
[0.499s] -- Up-to-date: /home/wapush/AGV/bumperbot_ws/install/bumperbot_controller/share/bumperbot_controller/config/twist_mux_joy.yaml
[0.499s] -- Up-to-date: /home/wapush/AGV/bumperbot_ws/install/bumperbot_controller/share/bumperbot_controller/config/bumperbot_controllers.yaml
[0.499s] -- Up-to-date: /home/wapush/AGV/bumperbot_ws/install/bumperbot_controller/lib/bumperbot_controller/simple_speed_controller.py
[0.499s] -- Up-to-date: /home/wapush/AGV/bumperbot_ws/install/bumperbot_controller/lib/bumperbot_controller/noisy_controller.py
[0.499s] -- Up-to-date: /home/wapush/AGV/bumperbot_ws/install/bumperbot_controller/share/ament_index/resource_index/package_run_dependencies/bumperbot_controller
[0.499s] -- Up-to-date: /home/wapush/AGV/bumperbot_ws/install/bumperbot_controller/share/ament_index/resource_index/parent_prefix_path/bumperbot_controller
[0.499s] -- Up-to-date: /home/wapush/AGV/bumperbot_ws/install/bumperbot_controller/share/bumperbot_controller/environment/ament_prefix_path.sh
[0.500s] -- Up-to-date: /home/wapush/AGV/bumperbot_ws/install/bumperbot_controller/share/bumperbot_controller/environment/ament_prefix_path.dsv
[0.500s] -- Up-to-date: /home/wapush/AGV/bumperbot_ws/install/bumperbot_controller/share/bumperbot_controller/environment/path.sh
[0.500s] -- Up-to-date: /home/wapush/AGV/bumperbot_ws/install/bumperbot_controller/share/bumperbot_controller/environment/path.dsv
[0.500s] -- Up-to-date: /home/wapush/AGV/bumperbot_ws/install/bumperbot_controller/share/bumperbot_controller/local_setup.bash
[0.500s] -- Up-to-date: /home/wapush/AGV/bumperbot_ws/install/bumperbot_controller/share/bumperbot_controller/local_setup.sh
[0.500s] -- Up-to-date: /home/wapush/AGV/bumperbot_ws/install/bumperbot_controller/share/bumperbot_controller/local_setup.zsh
[0.501s] -- Up-to-date: /home/wapush/AGV/bumperbot_ws/install/bumperbot_controller/share/bumperbot_controller/local_setup.dsv
[0.501s] -- Installing: /home/wapush/AGV/bumperbot_ws/install/bumperbot_controller/share/bumperbot_controller/package.dsv
[0.501s] -- Up-to-date: /home/wapush/AGV/bumperbot_ws/install/bumperbot_controller/share/ament_index/resource_index/packages/bumperbot_controller
[0.501s] -- Up-to-date: /home/wapush/AGV/bumperbot_ws/install/bumperbot_controller/share/bumperbot_controller/cmake/bumperbot_controllerConfig.cmake
[0.501s] -- Up-to-date: /home/wapush/AGV/bumperbot_ws/install/bumperbot_controller/share/bumperbot_controller/cmake/bumperbot_controllerConfig-version.cmake
[0.501s] -- Up-to-date: /home/wapush/AGV/bumperbot_ws/install/bumperbot_controller/share/bumperbot_controller/package.xml
[0.519s] Invoked command in '/home/wapush/AGV/bumperbot_ws/build/bumperbot_controller' returned '0': CMAKE_PREFIX_PATH=/opt/ros/humble /usr/bin/cmake --install /home/wapush/AGV/bumperbot_ws/build/bumperbot_controller
