[0.030s] Invoking command in '/home/wapush/AGV/bumperbot_ws/build/bumperbot_localization': CMAKE_PREFIX_PATH=/opt/ros/iron /usr/bin/cmake --build /home/wapush/AGV/bumperbot_ws/build/bumperbot_localization -- -j20 -l20
[0.220s] [  0%] Built target ament_cmake_python_copy_bumperbot_localization
[0.221s] [ 50%] [32m[1mLinking CXX executable imu_republisher[0m
[0.497s] running egg_info
[0.500s] writing bumperbot_localization.egg-info/PKG-INFO
[0.502s] writing dependency_links to bumperbot_localization.egg-info/dependency_links.txt
[0.502s] writing top-level names to bumperbot_localization.egg-info/top_level.txt
[0.506s] reading manifest file 'bumperbot_localization.egg-info/SOURCES.txt'
[0.506s] writing manifest file 'bumperbot_localization.egg-info/SOURCES.txt'
[0.552s] [ 50%] Built target ament_cmake_python_build_bumperbot_localization_egg
[0.757s] [100%] Built target imu_republisher
[0.767s] Invoked command in '/home/wapush/AGV/bumperbot_ws/build/bumperbot_localization' returned '0': CMAKE_PREFIX_PATH=/opt/ros/iron /usr/bin/cmake --build /home/wapush/AGV/bumperbot_ws/build/bumperbot_localization -- -j20 -l20
[0.770s] Invoking command in '/home/wapush/AGV/bumperbot_ws/build/bumperbot_localization': CMAKE_PREFIX_PATH=/opt/ros/iron /usr/bin/cmake --install /home/wapush/AGV/bumperbot_ws/build/bumperbot_localization
[0.777s] -- Install configuration: ""
[0.778s] -- Up-to-date: /home/wapush/AGV/bumperbot_ws/install/bumperbot_localization/share/bumperbot_localization/environment/pythonpath.sh
[0.778s] -- Up-to-date: /home/wapush/AGV/bumperbot_ws/install/bumperbot_localization/share/bumperbot_localization/environment/pythonpath.dsv
[0.778s] -- Up-to-date: /home/wapush/AGV/bumperbot_ws/install/bumperbot_localization/lib/python3.10/site-packages/bumperbot_localization-0.0.0-py3.10.egg-info
[0.778s] -- Installing: /home/wapush/AGV/bumperbot_ws/install/bumperbot_localization/lib/python3.10/site-packages/bumperbot_localization-0.0.0-py3.10.egg-info/PKG-INFO
[0.778s] -- Installing: /home/wapush/AGV/bumperbot_ws/install/bumperbot_localization/lib/python3.10/site-packages/bumperbot_localization-0.0.0-py3.10.egg-info/top_level.txt
[0.778s] -- Installing: /home/wapush/AGV/bumperbot_ws/install/bumperbot_localization/lib/python3.10/site-packages/bumperbot_localization-0.0.0-py3.10.egg-info/dependency_links.txt
[0.778s] -- Installing: /home/wapush/AGV/bumperbot_ws/install/bumperbot_localization/lib/python3.10/site-packages/bumperbot_localization-0.0.0-py3.10.egg-info/SOURCES.txt
[0.779s] -- Up-to-date: /home/wapush/AGV/bumperbot_ws/install/bumperbot_localization/lib/python3.10/site-packages/bumperbot_localization
[0.779s] -- Up-to-date: /home/wapush/AGV/bumperbot_ws/install/bumperbot_localization/lib/python3.10/site-packages/bumperbot_localization/kalman_filter.py
[0.779s] -- Up-to-date: /home/wapush/AGV/bumperbot_ws/install/bumperbot_localization/lib/python3.10/site-packages/bumperbot_localization/__init__.py
[0.779s] -- Up-to-date: /home/wapush/AGV/bumperbot_ws/install/bumperbot_localization/lib/python3.10/site-packages/bumperbot_localization/imu_republisher.py
[0.802s] Listing '/home/wapush/AGV/bumperbot_ws/install/bumperbot_localization/lib/python3.10/site-packages/bumperbot_localization'...
[0.807s] -- Up-to-date: /home/wapush/AGV/bumperbot_ws/install/bumperbot_localization/include/include
[0.807s] -- Up-to-date: /home/wapush/AGV/bumperbot_ws/install/bumperbot_localization/include/include/bumperbot_localization
[0.807s] -- Up-to-date: /home/wapush/AGV/bumperbot_ws/install/bumperbot_localization/include/include/bumperbot_localization/kalman_filter.hpp
[0.808s] -- Installing: /home/wapush/AGV/bumperbot_ws/install/bumperbot_localization/lib/bumperbot_localization/imu_republisher
[0.813s] -- Set runtime path of "/home/wapush/AGV/bumperbot_ws/install/bumperbot_localization/lib/bumperbot_localization/imu_republisher" to ""
[0.813s] -- Up-to-date: /home/wapush/AGV/bumperbot_ws/install/bumperbot_localization/share/bumperbot_localization/launch
[0.814s] -- Up-to-date: /home/wapush/AGV/bumperbot_ws/install/bumperbot_localization/share/bumperbot_localization/launch/local_localization.launch.py
[0.814s] -- Up-to-date: /home/wapush/AGV/bumperbot_ws/install/bumperbot_localization/share/bumperbot_localization/launch/gps_waypoint_follower.launch.py
[0.814s] -- Up-to-date: /home/wapush/AGV/bumperbot_ws/install/bumperbot_localization/share/bumperbot_localization/launch/global_localization.launch.py
[0.816s] -- Up-to-date: /home/wapush/AGV/bumperbot_ws/install/bumperbot_localization/share/bumperbot_localization/launch/dual_ekf_navsat.launch.py
[0.817s] -- Up-to-date: /home/wapush/AGV/bumperbot_ws/install/bumperbot_localization/share/bumperbot_localization/config
[0.818s] -- Up-to-date: /home/wapush/AGV/bumperbot_ws/install/bumperbot_localization/share/bumperbot_localization/config/dual_ekf_navsat_params.yaml
[0.818s] -- Up-to-date: /home/wapush/AGV/bumperbot_ws/install/bumperbot_localization/share/bumperbot_localization/config/ekf.yaml
[0.818s] -- Up-to-date: /home/wapush/AGV/bumperbot_ws/install/bumperbot_localization/share/bumperbot_localization/config/nav2_no_map_params.yaml
[0.818s] -- Up-to-date: /home/wapush/AGV/bumperbot_ws/install/bumperbot_localization/lib/bumperbot_localization/imu_republisher.py
[0.819s] -- Up-to-date: /home/wapush/AGV/bumperbot_ws/install/bumperbot_localization/share/ament_index/resource_index/package_run_dependencies/bumperbot_localization
[0.819s] -- Up-to-date: /home/wapush/AGV/bumperbot_ws/install/bumperbot_localization/share/ament_index/resource_index/parent_prefix_path/bumperbot_localization
[0.819s] -- Up-to-date: /home/wapush/AGV/bumperbot_ws/install/bumperbot_localization/share/bumperbot_localization/environment/ament_prefix_path.sh
[0.819s] -- Up-to-date: /home/wapush/AGV/bumperbot_ws/install/bumperbot_localization/share/bumperbot_localization/environment/ament_prefix_path.dsv
[0.819s] -- Up-to-date: /home/wapush/AGV/bumperbot_ws/install/bumperbot_localization/share/bumperbot_localization/environment/path.sh
[0.819s] -- Up-to-date: /home/wapush/AGV/bumperbot_ws/install/bumperbot_localization/share/bumperbot_localization/environment/path.dsv
[0.819s] -- Up-to-date: /home/wapush/AGV/bumperbot_ws/install/bumperbot_localization/share/bumperbot_localization/local_setup.bash
[0.819s] -- Up-to-date: /home/wapush/AGV/bumperbot_ws/install/bumperbot_localization/share/bumperbot_localization/local_setup.sh
[0.819s] -- Up-to-date: /home/wapush/AGV/bumperbot_ws/install/bumperbot_localization/share/bumperbot_localization/local_setup.zsh
[0.819s] -- Up-to-date: /home/wapush/AGV/bumperbot_ws/install/bumperbot_localization/share/bumperbot_localization/local_setup.dsv
[0.819s] -- Installing: /home/wapush/AGV/bumperbot_ws/install/bumperbot_localization/share/bumperbot_localization/package.dsv
[0.819s] -- Up-to-date: /home/wapush/AGV/bumperbot_ws/install/bumperbot_localization/share/ament_index/resource_index/packages/bumperbot_localization
[0.820s] -- Up-to-date: /home/wapush/AGV/bumperbot_ws/install/bumperbot_localization/share/bumperbot_localization/cmake/bumperbot_localizationConfig.cmake
[0.821s] -- Up-to-date: /home/wapush/AGV/bumperbot_ws/install/bumperbot_localization/share/bumperbot_localization/cmake/bumperbot_localizationConfig-version.cmake
[0.821s] -- Up-to-date: /home/wapush/AGV/bumperbot_ws/install/bumperbot_localization/share/bumperbot_localization/package.xml
[0.821s] Invoked command in '/home/wapush/AGV/bumperbot_ws/build/bumperbot_localization' returned '0': CMAKE_PREFIX_PATH=/opt/ros/iron /usr/bin/cmake --install /home/wapush/AGV/bumperbot_ws/build/bumperbot_localization
