[0.372s] Invoking command in '/root/AGV/build/bumperbot_utils': CMAKE_PREFIX_PATH=/opt/ros/humble /usr/bin/cmake --build /root/AGV/build/bumperbot_utils -- -j8 -l8
[0.465s] [100%] Built target safety_stop
[0.469s] [100%] Built target ament_cmake_python_copy_bumperbot_utils
[0.806s] running egg_info
[0.806s] writing bumperbot_utils.egg-info/PKG-INFO
[0.807s] writing dependency_links to bumperbot_utils.egg-info/dependency_links.txt
[0.807s] writing top-level names to bumperbot_utils.egg-info/top_level.txt
[0.809s] reading manifest file 'bumperbot_utils.egg-info/SOURCES.txt'
[0.812s] writing manifest file 'bumperbot_utils.egg-info/SOURCES.txt'
[0.814s] [100%] Built target ament_cmake_python_build_bumperbot_utils_egg
[0.852s] Invoked command in '/root/AGV/build/bumperbot_utils' returned '0': CMAKE_PREFIX_PATH=/opt/ros/humble /usr/bin/cmake --build /root/AGV/build/bumperbot_utils -- -j8 -l8
[0.903s] Invoking command in '/root/AGV/build/bumperbot_utils': CMAKE_PREFIX_PATH=/opt/ros/humble /usr/bin/cmake --install /root/AGV/build/bumperbot_utils
[0.907s] -- Install configuration: ""
[0.907s] -- Up-to-date: /root/AGV/install/bumperbot_utils/lib/bumperbot_utils/safety_stop
[0.907s] -- Up-to-date: /root/AGV/install/bumperbot_utils/share/bumperbot_utils/environment/pythonpath.sh
[0.907s] -- Up-to-date: /root/AGV/install/bumperbot_utils/share/bumperbot_utils/environment/pythonpath.dsv
[0.907s] -- Up-to-date: /root/AGV/install/bumperbot_utils/local/lib/python3.10/dist-packages/bumperbot_utils-0.0.0-py3.10.egg-info
[0.907s] -- Installing: /root/AGV/install/bumperbot_utils/local/lib/python3.10/dist-packages/bumperbot_utils-0.0.0-py3.10.egg-info/PKG-INFO
[0.907s] -- Installing: /root/AGV/install/bumperbot_utils/local/lib/python3.10/dist-packages/bumperbot_utils-0.0.0-py3.10.egg-info/top_level.txt
[0.908s] -- Installing: /root/AGV/install/bumperbot_utils/local/lib/python3.10/dist-packages/bumperbot_utils-0.0.0-py3.10.egg-info/dependency_links.txt
[0.908s] -- Installing: /root/AGV/install/bumperbot_utils/local/lib/python3.10/dist-packages/bumperbot_utils-0.0.0-py3.10.egg-info/SOURCES.txt
[0.908s] -- Up-to-date: /root/AGV/install/bumperbot_utils/local/lib/python3.10/dist-packages/bumperbot_utils
[0.908s] -- Up-to-date: /root/AGV/install/bumperbot_utils/local/lib/python3.10/dist-packages/bumperbot_utils/__init__.py
[0.908s] -- Up-to-date: /root/AGV/install/bumperbot_utils/local/lib/python3.10/dist-packages/bumperbot_utils/safety_stop.py
[0.937s] Listing '/root/AGV/install/bumperbot_utils/local/lib/python3.10/dist-packages/bumperbot_utils'...
[0.942s] -- Up-to-date: /root/AGV/install/bumperbot_utils/lib/bumperbot_utils/safety_stop.py
[0.942s] -- Up-to-date: /root/AGV/install/bumperbot_utils/share/ament_index/resource_index/package_run_dependencies/bumperbot_utils
[0.943s] -- Up-to-date: /root/AGV/install/bumperbot_utils/share/ament_index/resource_index/parent_prefix_path/bumperbot_utils
[0.943s] -- Up-to-date: /root/AGV/install/bumperbot_utils/share/bumperbot_utils/environment/ament_prefix_path.sh
[0.943s] -- Up-to-date: /root/AGV/install/bumperbot_utils/share/bumperbot_utils/environment/ament_prefix_path.dsv
[0.943s] -- Up-to-date: /root/AGV/install/bumperbot_utils/share/bumperbot_utils/environment/path.sh
[0.944s] -- Up-to-date: /root/AGV/install/bumperbot_utils/share/bumperbot_utils/environment/path.dsv
[0.944s] -- Up-to-date: /root/AGV/install/bumperbot_utils/share/bumperbot_utils/local_setup.bash
[0.944s] -- Up-to-date: /root/AGV/install/bumperbot_utils/share/bumperbot_utils/local_setup.sh
[0.944s] -- Up-to-date: /root/AGV/install/bumperbot_utils/share/bumperbot_utils/local_setup.zsh
[0.944s] -- Up-to-date: /root/AGV/install/bumperbot_utils/share/bumperbot_utils/local_setup.dsv
[0.944s] -- Installing: /root/AGV/install/bumperbot_utils/share/bumperbot_utils/package.dsv
[0.944s] -- Up-to-date: /root/AGV/install/bumperbot_utils/share/ament_index/resource_index/packages/bumperbot_utils
[0.944s] -- Up-to-date: /root/AGV/install/bumperbot_utils/share/bumperbot_utils/cmake/bumperbot_utilsConfig.cmake
[0.944s] -- Up-to-date: /root/AGV/install/bumperbot_utils/share/bumperbot_utils/cmake/bumperbot_utilsConfig-version.cmake
[0.944s] -- Up-to-date: /root/AGV/install/bumperbot_utils/share/bumperbot_utils/package.xml
[0.946s] Invoked command in '/root/AGV/build/bumperbot_utils' returned '0': CMAKE_PREFIX_PATH=/opt/ros/humble /usr/bin/cmake --install /root/AGV/build/bumperbot_utils
