[0.182s] Invoking command in '/home/wapush/AGV/bumperbot_ws/build/nav2_straightline_planner': CMAKE_PREFIX_PATH=/opt/ros/iron:/opt/ros/humble /usr/bin/cmake /home/wapush/AGV/bumperbot_ws/src/nav2_straightline_planner -DCMAKE_INSTALL_PREFIX=/home/wapush/AGV/bumperbot_ws/install/nav2_straightline_planner
[0.335s] -- The C compiler identification is GNU 11.4.0
[1.391s] -- The CXX compiler identification is GNU 11.4.0
[2.099s] -- Detecting C compiler ABI info
[2.256s] -- Detecting C compiler ABI info - done
[2.260s] -- Check for working C compiler: /usr/bin/cc - skipped
[2.260s] -- Detecting C compile features
[2.261s] -- Detecting C compile features - done
[2.262s] -- Detecting CXX compiler ABI info
[2.416s] -- Detecting CXX compiler ABI info - done
[2.420s] -- Check for working CXX compiler: /usr/bin/c++ - skipped
[2.420s] -- Detecting CXX compile features
[2.420s] -- Detecting CXX compile features - done
[2.421s] -- Found ament_cmake: 2.0.7 (/opt/ros/iron/share/ament_cmake/cmake)
[2.530s] -- Found Python3: /usr/bin/python3.10 (found version "3.10.12") found components: Interpreter 
[2.592s] -- Found rclcpp: 21.0.8 (/opt/ros/iron/share/rclcpp/cmake)
[2.816s] -- Found rosidl_generator_c: 4.0.1 (/opt/ros/iron/share/rosidl_generator_c/cmake)
[2.823s] -- Found rosidl_generator_cpp: 4.0.1 (/opt/ros/iron/share/rosidl_generator_cpp/cmake)
[2.832s] -- Using all available rosidl_typesupport_c: rosidl_typesupport_fastrtps_c;rosidl_typesupport_introspection_c
[2.842s] -- Using all available rosidl_typesupport_cpp: rosidl_typesupport_fastrtps_cpp;rosidl_typesupport_introspection_cpp
[2.935s] -- Found rmw_implementation_cmake: 7.1.0 (/opt/ros/iron/share/rmw_implementation_cmake/cmake)
[2.937s] -- Found rmw_fastrtps_cpp: 7.1.4 (/opt/ros/iron/share/rmw_fastrtps_cpp/cmake)
[4.803s] -- Found OpenSSL: /usr/lib/x86_64-linux-gnu/libcrypto.so (found version "3.0.2")  
[6.059s] -- Found FastRTPS: /opt/ros/iron/include  
[8.245s] -- Using RMW implementation 'rmw_fastrtps_cpp' as default
[8.349s] -- Found rclcpp_action: 21.0.8 (/opt/ros/iron/share/rclcpp_action/cmake)
[8.429s] -- Found rclcpp_lifecycle: 21.0.8 (/opt/ros/iron/share/rclcpp_lifecycle/cmake)
[8.492s] -- Found std_msgs: 5.0.1 (/opt/ros/iron/share/std_msgs/cmake)
[8.511s] -- Found visualization_msgs: 5.0.1 (/opt/ros/iron/share/visualization_msgs/cmake)
[8.709s] -- Found nav2_util: 1.2.10 (/opt/ros/iron/share/nav2_util/cmake)
[9.367s] -- Found eigen3_cmake_module: 0.2.2 (/opt/ros/iron/share/eigen3_cmake_module/cmake)
[9.369s] -- Found Eigen3: TRUE (found version "3.4.0") 
[9.369s] -- Ensuring Eigen3 include directory is part of orocos-kdl CMake target
[9.490s] -- Found nav2_costmap_2d: 1.2.10 (/opt/ros/iron/share/nav2_costmap_2d/cmake)
[12.442s] -- Found nav2_core: 1.2.10 (/opt/ros/iron/share/nav2_core/cmake)
[17.657s] -- Found ament_lint_auto: 0.14.4 (/opt/ros/iron/share/ament_lint_auto/cmake)
[17.711s] -- Added test 'copyright' to check source files copyright and LICENSE
[17.712s] -- Added test 'cppcheck' to perform static code analysis on C / C++ code
[17.712s] -- Configured cppcheck include dirs: /home/wapush/AGV/bumperbot_ws/src/nav2_straightline_planner/include
[17.712s] -- Configured cppcheck exclude dirs and/or files: 
[17.713s] -- Added test 'cpplint' to check C / C++ code against the Google style
[17.713s] -- Configured cpplint exclude dirs and/or files: 
[17.713s] -- Added test 'lint_cmake' to check CMake code style
[17.714s] -- Added test 'uncrustify' to check C / C++ code style
[17.714s] -- Configured uncrustify additional arguments: 
[17.714s] -- Added test 'xmllint' to check XML markup files
[17.716s] -- Configuring done
[17.761s] -- Generating done
[17.766s] -- Build files have been written to: /home/wapush/AGV/bumperbot_ws/build/nav2_straightline_planner
[17.774s] Invoked command in '/home/wapush/AGV/bumperbot_ws/build/nav2_straightline_planner' returned '0': CMAKE_PREFIX_PATH=/opt/ros/iron:/opt/ros/humble /usr/bin/cmake /home/wapush/AGV/bumperbot_ws/src/nav2_straightline_planner -DCMAKE_INSTALL_PREFIX=/home/wapush/AGV/bumperbot_ws/install/nav2_straightline_planner
[17.776s] Invoking command in '/home/wapush/AGV/bumperbot_ws/build/nav2_straightline_planner': CMAKE_PREFIX_PATH=/opt/ros/iron:/opt/ros/humble /usr/bin/cmake --build /home/wapush/AGV/bumperbot_ws/build/nav2_straightline_planner -- -j20 -l20
[17.804s] [ 50%] [32mBuilding CXX object CMakeFiles/nav2_straightline_planner_plugin.dir/src/straight_line_planner.cpp.o[0m
[20.770s] [100%] [32m[1mLinking CXX shared library libnav2_straightline_planner_plugin.so[0m
[21.126s] [100%] Built target nav2_straightline_planner_plugin
[21.131s] Invoked command in '/home/wapush/AGV/bumperbot_ws/build/nav2_straightline_planner' returned '0': CMAKE_PREFIX_PATH=/opt/ros/iron:/opt/ros/humble /usr/bin/cmake --build /home/wapush/AGV/bumperbot_ws/build/nav2_straightline_planner -- -j20 -l20
[21.132s] Invoking command in '/home/wapush/AGV/bumperbot_ws/build/nav2_straightline_planner': CMAKE_PREFIX_PATH=/opt/ros/iron:/opt/ros/humble /usr/bin/cmake --install /home/wapush/AGV/bumperbot_ws/build/nav2_straightline_planner
[21.135s] -- Install configuration: ""
[21.135s] -- Installing: /home/wapush/AGV/bumperbot_ws/install/nav2_straightline_planner/share/nav2_straightline_planner/global_planner_plugin.xml
[21.135s] -- Installing: /home/wapush/AGV/bumperbot_ws/install/nav2_straightline_planner/lib/libnav2_straightline_planner_plugin.so
[21.136s] -- Set runtime path of "/home/wapush/AGV/bumperbot_ws/install/nav2_straightline_planner/lib/libnav2_straightline_planner_plugin.so" to ""
[21.136s] -- Installing: /home/wapush/AGV/bumperbot_ws/install/nav2_straightline_planner/include/
[21.136s] -- Installing: /home/wapush/AGV/bumperbot_ws/install/nav2_straightline_planner/include//nav2_straightline_planner
[21.136s] -- Installing: /home/wapush/AGV/bumperbot_ws/install/nav2_straightline_planner/include//nav2_straightline_planner/straight_line_planner.hpp
[21.136s] -- Up-to-date: /home/wapush/AGV/bumperbot_ws/install/nav2_straightline_planner/share/nav2_straightline_planner/global_planner_plugin.xml
[21.136s] -- Installing: /home/wapush/AGV/bumperbot_ws/install/nav2_straightline_planner/share/nav2_straightline_planner/environment/library_path.sh
[21.136s] -- Installing: /home/wapush/AGV/bumperbot_ws/install/nav2_straightline_planner/share/nav2_straightline_planner/environment/library_path.dsv
[21.136s] -- Installing: /home/wapush/AGV/bumperbot_ws/install/nav2_straightline_planner/share/ament_index/resource_index/package_run_dependencies/nav2_straightline_planner
[21.137s] -- Installing: /home/wapush/AGV/bumperbot_ws/install/nav2_straightline_planner/share/ament_index/resource_index/parent_prefix_path/nav2_straightline_planner
[21.137s] -- Installing: /home/wapush/AGV/bumperbot_ws/install/nav2_straightline_planner/share/nav2_straightline_planner/environment/ament_prefix_path.sh
[21.137s] -- Installing: /home/wapush/AGV/bumperbot_ws/install/nav2_straightline_planner/share/nav2_straightline_planner/environment/ament_prefix_path.dsv
[21.137s] -- Installing: /home/wapush/AGV/bumperbot_ws/install/nav2_straightline_planner/share/nav2_straightline_planner/environment/path.sh
[21.137s] -- Installing: /home/wapush/AGV/bumperbot_ws/install/nav2_straightline_planner/share/nav2_straightline_planner/environment/path.dsv
[21.137s] -- Installing: /home/wapush/AGV/bumperbot_ws/install/nav2_straightline_planner/share/nav2_straightline_planner/local_setup.bash
[21.137s] -- Installing: /home/wapush/AGV/bumperbot_ws/install/nav2_straightline_planner/share/nav2_straightline_planner/local_setup.sh
[21.137s] -- Installing: /home/wapush/AGV/bumperbot_ws/install/nav2_straightline_planner/share/nav2_straightline_planner/local_setup.zsh
[21.137s] -- Installing: /home/wapush/AGV/bumperbot_ws/install/nav2_straightline_planner/share/nav2_straightline_planner/local_setup.dsv
[21.137s] -- Installing: /home/wapush/AGV/bumperbot_ws/install/nav2_straightline_planner/share/nav2_straightline_planner/package.dsv
[21.137s] -- Installing: /home/wapush/AGV/bumperbot_ws/install/nav2_straightline_planner/share/ament_index/resource_index/packages/nav2_straightline_planner
[21.137s] -- Installing: /home/wapush/AGV/bumperbot_ws/install/nav2_straightline_planner/share/ament_index/resource_index/nav2_core__pluginlib__plugin/nav2_straightline_planner
[21.138s] -- Installing: /home/wapush/AGV/bumperbot_ws/install/nav2_straightline_planner/share/nav2_straightline_planner/cmake/ament_cmake_export_include_directories-extras.cmake
[21.138s] -- Installing: /home/wapush/AGV/bumperbot_ws/install/nav2_straightline_planner/share/nav2_straightline_planner/cmake/ament_cmake_export_libraries-extras.cmake
[21.138s] -- Installing: /home/wapush/AGV/bumperbot_ws/install/nav2_straightline_planner/share/nav2_straightline_planner/cmake/ament_cmake_export_dependencies-extras.cmake
[21.138s] -- Installing: /home/wapush/AGV/bumperbot_ws/install/nav2_straightline_planner/share/nav2_straightline_planner/cmake/nav2_straightline_plannerConfig.cmake
[21.138s] -- Installing: /home/wapush/AGV/bumperbot_ws/install/nav2_straightline_planner/share/nav2_straightline_planner/cmake/nav2_straightline_plannerConfig-version.cmake
[21.138s] -- Installing: /home/wapush/AGV/bumperbot_ws/install/nav2_straightline_planner/share/nav2_straightline_planner/package.xml
[21.139s] Invoked command in '/home/wapush/AGV/bumperbot_ws/build/nav2_straightline_planner' returned '0': CMAKE_PREFIX_PATH=/opt/ros/iron:/opt/ros/humble /usr/bin/cmake --install /home/wapush/AGV/bumperbot_ws/build/nav2_straightline_planner
