[0.033s] Invoking command in '/root/AGV/build/bumperbot_controller': CMAKE_PREFIX_PATH=/opt/ros/humble /usr/bin/cmake --build /root/AGV/build/bumperbot_controller -- -j8 -l8
[0.410s] [35m[1mConsolidate compiler generated dependencies of target simple_speed_controller[0m
[0.412s] [  0%] Built target ament_cmake_python_copy_bumperbot_controller
[0.412s] [100%] Built target simple_speed_controller
[0.412s] running egg_info
[0.412s] writing bumperbot_controller.egg-info/PKG-INFO
[0.412s] writing dependency_links to bumperbot_controller.egg-info/dependency_links.txt
[0.412s] writing top-level names to bumperbot_controller.egg-info/top_level.txt
[0.412s] reading manifest file 'bumperbot_controller.egg-info/SOURCES.txt'
[0.412s] writing manifest file 'bumperbot_controller.egg-info/SOURCES.txt'
[0.441s] [100%] Built target ament_cmake_python_build_bumperbot_controller_egg
[0.488s] Invoked command in '/root/AGV/build/bumperbot_controller' returned '0': CMAKE_PREFIX_PATH=/opt/ros/humble /usr/bin/cmake --build /root/AGV/build/bumperbot_controller -- -j8 -l8
[0.622s] Invoking command in '/root/AGV/build/bumperbot_controller': CMAKE_PREFIX_PATH=/opt/ros/humble /usr/bin/cmake --install /root/AGV/build/bumperbot_controller
[0.732s] -- Install configuration: ""
[0.732s] -- Installing: /root/AGV/install/bumperbot_controller/share/bumperbot_controller/environment/pythonpath.sh
[0.732s] -- Installing: /root/AGV/install/bumperbot_controller/share/bumperbot_controller/environment/pythonpath.dsv
[0.732s] -- Installing: /root/AGV/install/bumperbot_controller/local/lib/python3.10/dist-packages/bumperbot_controller-0.0.0-py3.10.egg-info
[0.733s] -- Installing: /root/AGV/install/bumperbot_controller/local/lib/python3.10/dist-packages/bumperbot_controller-0.0.0-py3.10.egg-info/PKG-INFO
[0.733s] -- Installing: /root/AGV/install/bumperbot_controller/local/lib/python3.10/dist-packages/bumperbot_controller-0.0.0-py3.10.egg-info/top_level.txt
[0.733s] -- Installing: /root/AGV/install/bumperbot_controller/local/lib/python3.10/dist-packages/bumperbot_controller-0.0.0-py3.10.egg-info/dependency_links.txt
[0.733s] -- Installing: /root/AGV/install/bumperbot_controller/local/lib/python3.10/dist-packages/bumperbot_controller-0.0.0-py3.10.egg-info/SOURCES.txt
[0.733s] -- Installing: /root/AGV/install/bumperbot_controller/local/lib/python3.10/dist-packages/bumperbot_controller
[0.734s] -- Installing: /root/AGV/install/bumperbot_controller/local/lib/python3.10/dist-packages/bumperbot_controller/__init__.py
[0.734s] -- Installing: /root/AGV/install/bumperbot_controller/local/lib/python3.10/dist-packages/bumperbot_controller/simple_speed_controller.py
[0.734s] Listing '/root/AGV/install/bumperbot_controller/local/lib/python3.10/dist-packages/bumperbot_controller'...
[0.734s] Compiling '/root/AGV/install/bumperbot_controller/local/lib/python3.10/dist-packages/bumperbot_controller/__init__.py'...
[0.734s] Compiling '/root/AGV/install/bumperbot_controller/local/lib/python3.10/dist-packages/bumperbot_controller/simple_speed_controller.py'...
[0.735s] -- Installing: /root/AGV/install/bumperbot_controller/include/include
[0.735s] -- Installing: /root/AGV/install/bumperbot_controller/include/include/bumperbot_controller
[0.735s] -- Installing: /root/AGV/install/bumperbot_controller/include/include/bumperbot_controller/simple_speed_controller.hpp
[0.739s] -- Installing: /root/AGV/install/bumperbot_controller/lib/bumperbot_controller/simple_speed_controller
[0.739s] -- Set runtime path of "/root/AGV/install/bumperbot_controller/lib/bumperbot_controller/simple_speed_controller" to ""
[0.740s] -- Installing: /root/AGV/install/bumperbot_controller/lib/bumperbot_controller/simple_speed_controller.py
[0.740s] -- Installing: /root/AGV/install/bumperbot_controller/share/bumperbot_controller/config
[0.740s] -- Installing: /root/AGV/install/bumperbot_controller/share/bumperbot_controller/config/twist_mux_topics.yaml
[0.740s] -- Installing: /root/AGV/install/bumperbot_controller/share/bumperbot_controller/config/joy_teleop.yaml
[0.740s] -- Installing: /root/AGV/install/bumperbot_controller/share/bumperbot_controller/config/twist_mux_locks.yaml
[0.741s] -- Installing: /root/AGV/install/bumperbot_controller/share/bumperbot_controller/config/twist_mux_joy.yaml
[0.741s] -- Installing: /root/AGV/install/bumperbot_controller/share/bumperbot_controller/config/joy_config.yaml
[0.741s] -- Installing: /root/AGV/install/bumperbot_controller/share/bumperbot_controller/config/bumperbot_controllers.yaml
[0.741s] -- Installing: /root/AGV/install/bumperbot_controller/share/bumperbot_controller/launch
[0.742s] -- Installing: /root/AGV/install/bumperbot_controller/share/bumperbot_controller/launch/controller.launch.py
[0.742s] -- Installing: /root/AGV/install/bumperbot_controller/share/bumperbot_controller/launch/joystick_teleop.launch.py
[0.742s] -- Installing: /root/AGV/install/bumperbot_controller/share/ament_index/resource_index/package_run_dependencies/bumperbot_controller
[0.742s] -- Installing: /root/AGV/install/bumperbot_controller/share/ament_index/resource_index/parent_prefix_path/bumperbot_controller
[0.743s] -- Installing: /root/AGV/install/bumperbot_controller/share/bumperbot_controller/environment/ament_prefix_path.sh
[0.744s] -- Installing: /root/AGV/install/bumperbot_controller/share/bumperbot_controller/environment/ament_prefix_path.dsv
[0.744s] -- Installing: /root/AGV/install/bumperbot_controller/share/bumperbot_controller/environment/path.sh
[0.744s] -- Installing: /root/AGV/install/bumperbot_controller/share/bumperbot_controller/environment/path.dsv
[0.745s] -- Installing: /root/AGV/install/bumperbot_controller/share/bumperbot_controller/local_setup.bash
[0.745s] -- Installing: /root/AGV/install/bumperbot_controller/share/bumperbot_controller/local_setup.sh
[0.745s] -- Installing: /root/AGV/install/bumperbot_controller/share/bumperbot_controller/local_setup.zsh
[0.745s] -- Installing: /root/AGV/install/bumperbot_controller/share/bumperbot_controller/local_setup.dsv
[0.748s] -- Installing: /root/AGV/install/bumperbot_controller/share/bumperbot_controller/package.dsv
[0.748s] -- Installing: /root/AGV/install/bumperbot_controller/share/ament_index/resource_index/packages/bumperbot_controller
[0.748s] -- Installing: /root/AGV/install/bumperbot_controller/share/bumperbot_controller/cmake/bumperbot_controllerConfig.cmake
[0.749s] -- Installing: /root/AGV/install/bumperbot_controller/share/bumperbot_controller/cmake/bumperbot_controllerConfig-version.cmake
[0.749s] -- Installing: /root/AGV/install/bumperbot_controller/share/bumperbot_controller/package.xml
[0.778s] Invoked command in '/root/AGV/build/bumperbot_controller' returned '0': CMAKE_PREFIX_PATH=/opt/ros/humble /usr/bin/cmake --install /root/AGV/build/bumperbot_controller
